/*---------------------------------------------------------------------------*\
| =========                 |                                                 |
| \\      /  F ield         | OpenFOAM: The Open Source CFD Toolbox           |
|  \\    /   O peration     | Version:  2112                                  |
|   \\  /    A nd           | Website:  www.openfoam.com                      |
|    \\/     M anipulation  |                                                 |
\*---------------------------------------------------------------------------*/
Build  : _14aeaf8dab-20211220 OPENFOAM=2112 version=v2112
Arch   : "LSB;label=32;scalar=64"
Exec   : blockMesh
Date   : Jul 02 2025
Time   : 14:20:37
Host   : cr2cn116
PID    : 195855
I/O    : uncollated
Case   : /mnt/beegfs/home/nataliadenton.denton/CFD_IRP_McLaren_2024-2025/src/Openfoam/AeroSUVNDC
nProcs : 1
trapFpe: Floating point exception trapping enabled (FOAM_SIGFPE).
fileModificationChecking : Monitoring run-time modified files using timeStampMaster (fileModificationSkew 5, maxFileModificationPolls 20)
allowSystemOperations : Allowing user-supplied system call operations

// * * * * * * * * * * * * * * * * * * * * * * * * * * * * * * * * * * * * * //
Create time

--> FOAM Warning : 
    From static Foam::IOstreamOption::compressionType Foam::IOstreamOption::compressionEnum(const Foam::word&, Foam::IOstreamOption::compressionType)
    in file db/IOstreams/IOstreams/IOstreamOption.C at line 115
    Unknown compression specifier 'uncompressed', using compression off
Creating block mesh from "system/blockMeshDict"
Creating block edges
No non-planar block faces defined
Creating topology blocks

Creating topology patches - from boundary section

Creating block mesh topology

Check topology

	Basic statistics
		Number of internal faces : 0
		Number of boundary faces : 6
		Number of defined boundary faces : 6
		Number of undefined boundary faces : 0
	Checking patch -> block consistency

Creating block offsets
Creating merge list (topological search)...
Deleting polyMesh directory "constant/polyMesh"

Creating polyMesh from blockMesh
Creating patches
Creating cells
Creating points with scale (1 1 1)
    Block 0 cell size :
        i : 0.249784 .. 0.249784
        j : 0.245719 .. 0.245719
        k : 0.244587 .. 0.244587


There are no merge patch pairs

Writing polyMesh with 0 cellZones
----------------
Mesh Information
----------------
  boundingBox: (-23.933 -6.14298 -0.0239946) (50.0031 6.14298 5.6015)
  nPoints: 363528
  nCells: 340400
  nFaces: 1043958
  nInternalFaces: 998442
----------------
Patches
----------------
  patch 0 (start: 998442 size: 1150) name: inlet
  patch 1 (start: 999592 size: 1150) name: outlet
  patch 2 (start: 1000742 size: 14800) name: bottom
  patch 3 (start: 1015542 size: 14800) name: top
  patch 4 (start: 1030342 size: 6808) name: front
  patch 5 (start: 1037150 size: 6808) name: back

End

