/*---------------------------------------------------------------------------*\
| =========                 |                                                 |
| \\      /  F ield         | OpenFOAM: The Open Source CFD Toolbox           |
|  \\    /   O peration     | Version:  2112                                  |
|   \\  /    A nd           | Website:  www.openfoam.com                      |
|    \\/     M anipulation  |                                                 |
\*---------------------------------------------------------------------------*/
Build  : _14aeaf8dab-20211220 OPENFOAM=2112 version=v2112
Arch   : "LSB;label=32;scalar=64"
Exec   : snappyHexMesh -overwrite
Date   : Jul 02 2025
Time   : 14:20:40
Host   : cr2cn116
PID    : 195859
I/O    : uncollated
Case   : /mnt/beegfs/home/nataliadenton.denton/CFD_IRP_McLaren_2024-2025/src/Openfoam/AeroSUVNDC
nProcs : 1
trapFpe: Floating point exception trapping enabled (FOAM_SIGFPE).
fileModificationChecking : Monitoring run-time modified files using timeStampMaster (fileModificationSkew 5, maxFileModificationPolls 20)
allowSystemOperations : Allowing user-supplied system call operations

// * * * * * * * * * * * * * * * * * * * * * * * * * * * * * * * * * * * * * //
Create time

--> FOAM Warning : 
    From static Foam::IOstreamOption::compressionType Foam::IOstreamOption::compressionEnum(const Foam::word&, Foam::IOstreamOption::compressionType)
    in file db/IOstreams/IOstreams/IOstreamOption.C at line 115
    Unknown compression specifier 'uncompressed', using compression off
Create mesh for time = 0

Read mesh in = 1.4 s

Overall mesh bounding box  : (-23.933 -6.14298 -0.0239946) (50.0031 6.14298 5.6015)
Relative tolerance         : 1e-06
Absolute matching distance : 7.51608e-05

Reading refinement surfaces.
Read refinement surfaces in = 4.84 s

Reading refinement shells.
Refinement level 2 for all cells inside refinementBox
Refinement level 3 for all cells inside refinementBox2
Refinement level 4 for all cells inside refinmentBoxWheelsFront
Refinement level 4 for all cells inside refinmentBoxWheelsRear
Read refinement shells in = 0 s

Setting refinement level of surface to be consistent with shells.
For geometry Geometry detected 0 uncached triangles out of 2292452
Checked shell refinement in = 10.78 s

Reading features.
Read features in = 0 s


Determining initial surface intersections
-----------------------------------------

Edge intersection testing:
    Number of edges             : 1043958
    Number of edges to retest   : 0
    Number of intersected edges : 0
Edge intersection testing:
    Number of edges             : 1043958
    Number of edges to retest   : 1043958
    Number of intersected edges : 681
Calculated surface intersections in = 0.95 s

Initial mesh : cells:340400  faces:1043958  points:363528
Cells per refinement level:
    0	340400

Adding patches for surface regions
----------------------------------

Patch Type                Region                        
----- ----                ------                        
Geometry:

6     wall                Geometry                      

Added patches in = 0.01 s

Edge intersection testing:
    Number of edges             : 1043958
    Number of edges to retest   : 0
    Number of intersected edges : 681
Decomposition method none [1]

Refinement phase
----------------

Found point (0 0 0) in cell 7199 on processor 0

Surface refinement iteration 0
------------------------------

Marked for refinement due to surface intersection          : 806 cells.
Marked for refinement due to curvature/regions             : 0 cells.
Determined cells to refine in = 0.3 s
Selected for refinement : 806 cells (out of 340400)
Edge intersection testing:
    Number of edges             : 1062510
    Number of edges to retest   : 23206
    Number of intersected edges : 2552
Refined mesh in = 0.82 s
After refinement surface refinement iteration 0 : cells:346042  faces:1062510  points:370800
Cells per refinement level:
    0	339594
    1	6448

Surface refinement iteration 1
------------------------------

Marked for refinement due to surface intersection          : 3394 cells.
Marked for refinement due to curvature/regions             : 0 cells.
Determined cells to refine in = 0.04 s
Selected for refinement : 3608 cells (out of 346042)
Edge intersection testing:
    Number of edges             : 1144569
    Number of edges to retest   : 103971
    Number of intersected edges : 11045
Refined mesh in = 0.88 s
After refinement surface refinement iteration 1 : cells:371298  faces:1144569  points:402319
Cells per refinement level:
    0	339354
    1	5000
    2	26944

Surface refinement iteration 2
------------------------------

Marked for refinement due to surface intersection          : 15060 cells.
Marked for refinement due to curvature/regions             : 0 cells.
Determined cells to refine in = 0.06 s
Selected for refinement : 16098 cells (out of 371298)
Edge intersection testing:
    Number of edges             : 1512441
    Number of edges to retest   : 464365
    Number of intersected edges : 44589
Refined mesh in = 1.53 s
After refinement surface refinement iteration 2 : cells:483984  faces:1512441  points:544457
Cells per refinement level:
    0	339266
    1	4594
    2	20924
    3	119200

Surface refinement iteration 3
------------------------------

Marked for refinement due to surface intersection          : 62758 cells.
Marked for refinement due to curvature/regions             : 0 cells.
Determined cells to refine in = 0.13 s
Selected for refinement : 68300 cells (out of 483984)
Edge intersection testing:
    Number of edges             : 3071544
    Number of edges to retest   : 1981489
    Number of intersected edges : 177401
Refined mesh in = 4.47 s
After refinement surface refinement iteration 3 : cells:962084  faces:3071544  points:1147301
Cells per refinement level:
    0	339224
    1	4290
    2	20460
    3	101838
    4	496272

Surface refinement iteration 4
------------------------------

Marked for refinement due to surface intersection          : 2912 cells.
Marked for refinement due to curvature/regions             : 0 cells.
Determined cells to refine in = 0.86 s
Selected for refinement : 3212 cells (out of 962084)
Edge intersection testing:
    Number of edges             : 3138951
    Number of edges to retest   : 213093
    Number of intersected edges : 180106
Refined mesh in = 2.95 s
After refinement surface refinement iteration 4 : cells:984568  faces:3138951  points:1169498
Cells per refinement level:
    0	339218
    1	4290
    2	20598
    3	100894
    4	519568

Surface refinement iteration 5
------------------------------

Marked for refinement due to surface intersection          : 136 cells.
Marked for refinement due to curvature/regions             : 0 cells.
Determined cells to refine in = 0.84 s
Selected for refinement : 174 cells (out of 984568)
Edge intersection testing:
    Number of edges             : 3142491
    Number of edges to retest   : 16524
    Number of intersected edges : 180114
Refined mesh in = 2.66 s
After refinement surface refinement iteration 5 : cells:985786  faces:3142491  points:1170582
Cells per refinement level:
    0	339218
    1	4286
    2	20596
    3	101030
    4	520656

Surface refinement iteration 6
------------------------------

Marked for refinement due to surface intersection          : 0 cells.
Marked for refinement due to curvature/regions             : 0 cells.
Determined cells to refine in = 0.81 s
Selected for refinement : 0 cells (out of 985786)
Stopping refining since too few cells selected.


Removing mesh beyond surface intersections
------------------------------------------

Setting cellZones according to locationsInMesh:
Location : (0 0 0)
    cellZone : none

For cellZone none found point (0 0 0) in global region 0 out of 10 regions.
Keeping all cells containing inside points
Selected for keeping : 985786 cells.
Edge intersection testing:
    Number of edges             : 3142491
    Number of edges to retest   : 0
    Number of intersected edges : 180114
Setting cellZones according to locationsInMesh:
Location : (0 0 0)
    cellZone : none

For cellZone none found point (0 0 0) in global region 0 out of 10 regions.
Keeping all cells containing inside points
Selected for keeping : 852542 cells.
Edge intersection testing:
    Number of edges             : 2762115
    Number of edges to retest   : 154818
    Number of intersected edges : 180114

Shell refinement iteration 0
----------------------------

Marked for refinement due to distance to explicit features : 0 cells.
Marked for refinement due to refinement shells             : 95760 cells.
Determined cells to refine in = 6.96 s
Selected for internal refinement : 95760 cells (out of 852542)
Edge intersection testing:
    Number of edges             : 4776927
    Number of edges to retest   : 3087520
    Number of intersected edges : 180120
Refined mesh in = 6.19 s
After refinement shell refinement iteration 0 : cells:1522862  faces:4776927  points:1729717
Cells per refinement level:
    0	319760
    1	154928
    2	24064
    3	105776
    4	918334

Shell refinement iteration 1
----------------------------

Marked for refinement due to distance to explicit features : 0 cells.
Marked for refinement due to refinement shells             : 284736 cells.
Determined cells to refine in = 0.75 s
Selected for internal refinement : 290031 cells (out of 1522862)
Edge intersection testing:
    Number of edges             : 10912983
    Number of edges to retest   : 7664760
    Number of intersected edges : 180120
Refined mesh in = 13.24 s
After refinement shell refinement iteration 1 : cells:3553079  faces:10912983  points:3805876
Cells per refinement level:
    0	314465
    1	42360
    2	1239456
    3	192256
    4	1764542

Shell refinement iteration 2
----------------------------

Marked for refinement due to distance to explicit features : 0 cells.
Marked for refinement due to refinement shells             : 330136 cells.
Determined cells to refine in = 1.11 s
Selected for internal refinement : 334285 cells (out of 3553079)
Edge intersection testing:
    Number of edges             : 17967114
    Number of edges to retest   : 8976787
    Number of intersected edges : 180120
Refined mesh in = 20.35 s
After refinement shell refinement iteration 2 : cells:5893074  faces:17967114  points:6180105
Cells per refinement level:
    0	311402
    1	55864
    2	1195906
    3	1055984
    4	3273918

Shell refinement iteration 3
----------------------------

Marked for refinement due to distance to explicit features : 0 cells.
Marked for refinement due to refinement shells             : 1021056 cells.
Determined cells to refine in = 1.58 s
Selected for internal refinement : 1039368 cells (out of 5893074)
Edge intersection testing:
    Number of edges             : 39866583
    Number of edges to retest   : 25773160
    Number of intersected edges : 180120
Refined mesh in = 47.76 s
After refinement shell refinement iteration 3 : cells:13168650  faces:39866583  points:13528548
Cells per refinement level:
    0	311384
    1	56008
    2	1177612
    3	181280
    4	11442366

Shell refinement iteration 4
----------------------------

Marked for refinement due to distance to explicit features : 0 cells.
Marked for refinement due to refinement shells             : 41954 cells.
Determined cells to refine in = 2.49 s
Selected for internal refinement : 52750 cells (out of 13168650)
Edge intersection testing:
    Number of edges             : 40977990
    Number of edges to retest   : 2112562
    Number of intersected edges : 180120
Refined mesh in = 39.65 s
After refinement shell refinement iteration 4 : cells:13537900  faces:40977990  points:13901457
Cells per refinement level:
    0	311384
    1	56008
    2	1166816
    3	225694
    4	11777998

Shell refinement iteration 5
----------------------------

Marked for refinement due to distance to explicit features : 0 cells.
Marked for refinement due to refinement shells             : 0 cells.
Determined cells to refine in = 2.66 s
Selected for internal refinement : 0 cells (out of 13537900)
Stopping refining since too few cells selected.


Dangling coarse cells refinement iteration 0
--------------------------------------------

Determined cells to refine in = 0.35 s
Selected for refinement : 0 cells (out of 13537900)
Stopping refining since too few cells selected.


Dangling coarse cells refinement iteration 0
--------------------------------------------

Determined cells to refine in = 0.35 s
Selected for refinement : 0 cells (out of 13537900)
Stopping refining since too few cells selected.


Refinement transition refinement iteration 0
--------------------------------------------

Determined cells to refine in = 0.4 s
Selected for refinement : 0 cells (out of 13537900)
Stopping refining since too few cells selected.


Splitting mesh at surface intersections
---------------------------------------

Introducing baffles for 180120 faces that are intersected by the surface.

Setting cellZones according to locationsInMesh:
Location : (0 0 0)
    cellZone : none

For cellZone none found point (0 0 0) in global region 0 out of 10 regions.
Edge intersection testing:
    Number of edges             : 41157730
    Number of edges to retest   : 1139380
    Number of intersected edges : 359860
Created baffles in = 32.63 s


After introducing baffles : cells:13537900  faces:41157730  points:13901457
Cells per refinement level:
    0	311384
    1	56008
    2	1166816
    3	225694
    4	11777998

Introducing baffles to block off problem cells
----------------------------------------------

markFacesOnProblemCells : marked 311213 additional internal faces to be converted into baffles.
Analyzed problem cells in = 28.21 s


Introducing baffles to delete problem cells.

Edge intersection testing:
    Number of edges             : 41468943
    Number of edges to retest   : 994159
    Number of intersected edges : 359860
Created baffles in = 25.47 s


After introducing baffles : cells:13537900  faces:41468943  points:13901457
Cells per refinement level:
    0	311384
    1	56008
    2	1166816
    3	225694
    4	11777998
Setting cellZones according to locationsInMesh:
Location : (0 0 0)
    cellZone : none

For cellZone none found point (0 0 0) in global region 0 out of 150514 regions.
Edge intersection testing:
    Number of edges             : 41468943
    Number of edges to retest   : 1337127
    Number of intersected edges : 359860

Remove unreachable sections of mesh
-----------------------------------

Keeping all cells containing points 1((0 0 0))
Selected for keeping : 13344144 cells.
Edge intersection testing:
    Number of edges             : 40396042
    Number of edges to retest   : 0
    Number of intersected edges : 176096
Split mesh in = 62.33 s


After subsetting : cells:13344144  faces:40396042  points:13707933
Cells per refinement level:
    0	311384
    1	56008
    2	1166816
    3	225694
    4	11584242

Introducing zones for interfaces
--------------------------------

Setting cellZones according to locationsInMesh:
Location : (0 0 0)
    cellZone : none

For cellZone none found point (0 0 0) in global region 0 out of 1 regions.
Setting faceZones according to neighbouring cellZones:

Edge intersection testing:
    Number of edges             : 40396042
    Number of edges to retest   : 0
    Number of intersected edges : 176096

Handling cells with snap problems
---------------------------------

Introducing baffles for 176096 faces that are intersected by the surface.

Setting cellZones according to locationsInMesh:
Location : (0 0 0)
    cellZone : none

For cellZone none found point (0 0 0) in global region 0 out of 1 regions.
Edge intersection testing:
    Number of edges             : 40396042
    Number of edges to retest   : 574884
    Number of intersected edges : 176096
Created baffles in = 58.72 s


After introducing baffles : cells:13344144  faces:40396042  points:13707933
Cells per refinement level:
    0	311384
    1	56008
    2	1166816
    3	225694
    4	11584242

Introducing baffles to block off problem cells
----------------------------------------------

markFacesOnProblemCells : marked 0 additional internal faces to be converted into baffles.
Analyzed problem cells in = 27.62 s


Introducing baffles to delete problem cells.

Created baffles in = 5.31 s


After introducing baffles : cells:13344144  faces:40396042  points:13707933
Cells per refinement level:
    0	311384
    1	56008
    2	1166816
    3	225694
    4	11584242
Setting cellZones according to locationsInMesh:
Location : (0 0 0)
    cellZone : none

For cellZone none found point (0 0 0) in global region 0 out of 1 regions.
Edge intersection testing:
    Number of edges             : 40396042
    Number of edges to retest   : 574884
    Number of intersected edges : 176096

Remove unreachable sections of mesh
-----------------------------------

Split mesh in = 41.24 s


After subsetting : cells:13344144  faces:40396042  points:13707933
Cells per refinement level:
    0	311384
    1	56008
    2	1166816
    3	225694
    4	11584242

Merge free-standing baffles
---------------------------

freeStandingBaffles : detected 178 free-standing baffles out of 180

freeStandingBaffles : detected 38 planar (within 30 degrees) free-standing baffles out of 178

Detected free-standing baffles : 38
Edge intersection testing:
    Number of edges             : 40396004
    Number of edges to retest   : 38
    Number of intersected edges : 176058

Introducing baffles to block off problem cells
----------------------------------------------

markFacesOnProblemCells : marked 0 additional internal faces to be converted into baffles.
Analyzed problem cells in = 52.55 s


Introducing baffles to delete problem cells.

Created baffles in = 5 s


After introducing baffles : cells:13344144  faces:40396004  points:13707933
Cells per refinement level:
    0	311384
    1	56008
    2	1166816
    3	225694
    4	11584242

Remove unreachable sections of mesh
-----------------------------------

Merged free-standing baffles in = 9.6 s


dupNonManifoldPoints : Found : 166 non-manifold points (out of 13707933)
Edge intersection testing:
    Number of edges             : 40396004
    Number of edges to retest   : 0
    Number of intersected edges : 176058
Detected unsplittable baffles : 0

Merge refined boundary faces
----------------------------

Merging 0 sets of faces.

No faces merged ...

Merging all points on surface that
- are used by only two boundary faces and
- make an angle with a cosine of more than 0.707107.

No straight edges simplified and no points removed ...
Refined mesh : cells:13344144  faces:40396004  points:13708099
Cells per refinement level:
    0	311384
    1	56008
    2	1166816
    3	225694
    4	11584242
Writing mesh to time constant
Wrote mesh in = 75.65 s.
Mesh refined in = 584.44 s.

Morphing phase
--------------

Duplicating 0 points on faceZones of type boundary
Constructing mesh displacer ...
Using mesh parameters 
{
    maxNonOrtho     65;
    maxBoundarySkewness 20;
    maxInternalSkewness 4;
    maxConcave      80;
    minVol          1e-13;
    minTetQuality   1e-09;
    minArea         -1;
    minTwist        0.02;
    minDeterminant  0.001;
    minFaceWeight   0.02;
    minVolRatio     0.01;
    minTriangleTwist -1;
    nSmoothScale    4;
    errorReduction  0.75;
    relaxed
    {
        maxNonOrtho     65;
        maxBoundarySkewness 20;
        maxInternalSkewness 4;
        maxConcave      80;
        minVol          1e-13;
        minTetQuality   1e-09;
    }
}


Checking initial mesh ...
Checking faces in error :
    non-orthogonality > 65  degrees                        : 0
    faces with face pyramid volume < 1e-13                 : 0
    faces with face-decomposition tet quality < 1e-09      : 0
    faces with concavity > 80  degrees                     : 0
    faces with skewness > 4   (internal) or 20  (boundary) : 0
    faces with interpolation weights (0..1)  < 0.02        : 0
    faces with volume ratio of neighbour cells < 0.01      : 0
    faces with face twist < 0.02                           : 0
    faces on cells with determinant < 0.001                : 0
Detected 0 illegal faces (concave, zero area or negative cell pyramid volume)
Checked initial mesh in = 37.85 s


Smoothing patch points ...
Smoothing iteration 0
Found 332 non-manifold point(s).

Scaling iteration 0
Moving mesh using displacement scaling : min:1  max:1
Checking faces in error :
    non-orthogonality > 65  degrees                        : 0
    faces with face pyramid volume < 1e-13                 : 0
    faces with face-decomposition tet quality < 1e-09      : 0
    faces with concavity > 80  degrees                     : 0
    faces with skewness > 4   (internal) or 20  (boundary) : 0
    faces with interpolation weights (0..1)  < 0.02        : 0
    faces with volume ratio of neighbour cells < 0.01      : 0
    faces with face twist < 0.02                           : 0
    faces on cells with determinant < 0.001                : 0
Successfully moved mesh

Smoothing iteration 1
Found 0 non-manifold point(s).

Scaling iteration 0
Moving mesh using displacement scaling : min:1  max:1
Checking faces in error :
    non-orthogonality > 65  degrees                        : 0
    faces with face pyramid volume < 1e-13                 : 0
    faces with face-decomposition tet quality < 1e-09      : 0
    faces with concavity > 80  degrees                     : 0
    faces with skewness > 4   (internal) or 20  (boundary) : 0
    faces with interpolation weights (0..1)  < 0.02        : 0
    faces with volume ratio of neighbour cells < 0.01      : 0
    faces with face twist < 0.02                           : 0
    faces on cells with determinant < 0.001                : 0
Successfully moved mesh

Smoothing iteration 2
Found 0 non-manifold point(s).

Scaling iteration 0
Moving mesh using displacement scaling : min:1  max:1
Checking faces in error :
    non-orthogonality > 65  degrees                        : 0
    faces with face pyramid volume < 1e-13                 : 0
    faces with face-decomposition tet quality < 1e-09      : 0
    faces with concavity > 80  degrees                     : 0
    faces with skewness > 4   (internal) or 20  (boundary) : 0
    faces with interpolation weights (0..1)  < 0.02        : 0
    faces with volume ratio of neighbour cells < 0.01      : 0
    faces with face twist < 0.02                           : 0
    faces on cells with determinant < 0.001                : 0
Successfully moved mesh

Patch points smoothed in = 156.61 s



Morph iteration 0
-----------------
Calculating patchDisplacement as distance to nearest surface point ...
    non-zone points : attract to nearest of all non-zone surfaces
    zone points     : attract to zone surface only

Wanted displacement : average:0.0028437 min:1.63082e-09 max:0.0140789
Calculated surface displacement in = 0.7 s


Detecting near surfaces ...
Overriding nearest with intersection of close gaps at 76 out of 177390 points.
--> FOAM Warning : Displacement (-0.00111619 -0.000520466 0.000998747) at mesh point 366281 coord (-0.702745 -0.614103 0.343863) points through the surrounding patch faces
Smoothing displacement ...
Iteration 0
Iteration 10
Iteration 20
Displacement smoothed in = 80.83 s


Moving mesh ...

Iteration 0
Moving mesh using displacement scaling : min:1  max:1
Checking faces in error :
    non-orthogonality > 65  degrees                        : 0
    faces with face pyramid volume < 1e-13                 : 28
    faces with face-decomposition tet quality < 1e-09      : 210
    faces with concavity > 80  degrees                     : 2
    faces with skewness > 4   (internal) or 20  (boundary) : 0
    faces with interpolation weights (0..1)  < 0.02        : 0
    faces with volume ratio of neighbour cells < 0.01      : 0
    faces with face twist < 0.02                           : 18
    faces on cells with determinant < 0.001                : 0

Iteration 1
Moving mesh using displacement scaling : min:0.75  max:1
Checking faces in error :
    non-orthogonality > 65  degrees                        : 0
    faces with face pyramid volume < 1e-13                 : 0
    faces with face-decomposition tet quality < 1e-09      : 4
    faces with concavity > 80  degrees                     : 0
    faces with skewness > 4   (internal) or 20  (boundary) : 0
    faces with interpolation weights (0..1)  < 0.02        : 0
    faces with volume ratio of neighbour cells < 0.01      : 0
    faces with face twist < 0.02                           : 4
    faces on cells with determinant < 0.001                : 0

Iteration 2
Moving mesh using displacement scaling : min:0.5625  max:1
Checking faces in error :
    non-orthogonality > 65  degrees                        : 0
    faces with face pyramid volume < 1e-13                 : 0
    faces with face-decomposition tet quality < 1e-09      : 0
    faces with concavity > 80  degrees                     : 0
    faces with skewness > 4   (internal) or 20  (boundary) : 0
    faces with interpolation weights (0..1)  < 0.02        : 0
    faces with volume ratio of neighbour cells < 0.01      : 0
    faces with face twist < 0.02                           : 2
    faces on cells with determinant < 0.001                : 0

Iteration 3
Moving mesh using displacement scaling : min:0.421875  max:1
Checking faces in error :
    non-orthogonality > 65  degrees                        : 0
    faces with face pyramid volume < 1e-13                 : 0
    faces with face-decomposition tet quality < 1e-09      : 0
    faces with concavity > 80  degrees                     : 0
    faces with skewness > 4   (internal) or 20  (boundary) : 0
    faces with interpolation weights (0..1)  < 0.02        : 0
    faces with volume ratio of neighbour cells < 0.01      : 0
    faces with face twist < 0.02                           : 0
    faces on cells with determinant < 0.001                : 0
Successfully moved mesh
Moved mesh in = 102.35 s


Repatching faces according to nearest surface ...
Repatched 0 faces in = 2.11 s


Edge intersection testing:
    Number of edges             : 40396004
    Number of edges to retest   : 1305998
    Number of intersected edges : 175558
Merging 34452 sets of faces.

Edge intersection testing:
    Number of edges             : 40352536
    Number of edges to retest   : 138580
    Number of intersected edges : 132618

Undo iteration 0
----------------
Checking faces in error :
    non-orthogonality > 65  degrees                        : 0
    faces with face pyramid volume < 1e-13                 : 0
    faces with face-decomposition tet quality < 1e-09      : 0
    faces with concavity > 80  degrees                     : 0
    faces with skewness > 4   (internal) or 20  (boundary) : 0
    faces with interpolation weights (0..1)  < 0.02        : 0
    faces with volume ratio of neighbour cells < 0.01      : 0
    faces with face twist < 0.02                           : 0
    faces on cells with determinant < 0.001                : 0

Merging all points on surface that
- are used by only two boundary faces and
- make an angle with a cosine of more than 0.866025.

Removing 24652 straight edge points ...

Edge intersection testing:
    Number of edges             : 40352536
    Number of edges to retest   : 124134
    Number of intersected edges : 132542

Undo iteration 0
----------------
Checking faces in error :
    non-orthogonality > 65  degrees                        : 0
    faces with face pyramid volume < 1e-13                 : 0
    faces with face-decomposition tet quality < 1e-09      : 0
    faces with concavity > 80  degrees                     : 0
    faces with skewness > 4   (internal) or 20  (boundary) : 0
    faces with interpolation weights (0..1)  < 0.02        : 0
    faces with volume ratio of neighbour cells < 0.01      : 0
    faces with face twist < 0.02                           : 0
    faces on cells with determinant < 0.001                : 0
Snapped mesh : cells:13344144  faces:40352536  points:13674431
Cells per refinement level:
    0	311384
    1	56008
    2	1166816
    3	225694
    4	11584242
Writing mesh to time constant
Wrote mesh in = 200.52 s.
Mesh snapped in = 580.97 s.
Layer specification as
- final layer thickness ('finalLayerThickness')
- expansion ratio ('expansionRatio')

Shrinking and layer addition phase
----------------------------------

Using mesh parameters 
{
    maxNonOrtho     65;
    maxBoundarySkewness 20;
    maxInternalSkewness 4;
    maxConcave      80;
    minVol          1e-13;
    minTetQuality   1e-09;
    minArea         -1;
    minTwist        0.02;
    minDeterminant  0.001;
    minFaceWeight   0.02;
    minVolRatio     0.01;
    minTriangleTwist -1;
    nSmoothScale    4;
    errorReduction  0.75;
    relaxed
    {
        maxNonOrtho     65;
        maxBoundarySkewness 20;
        maxInternalSkewness 4;
        maxConcave      80;
        minVol          1e-13;
        minTetQuality   1e-09;
    }
}



Merging all faces of a cell
---------------------------
    - which are on the same patch
    - which make an angle < 180 degrees (cos:-1)
    - as long as the resulting face doesn't become concave by more than 90 degrees
      (0=straight, 180=fully concave)

Merging 1566 sets of faces.

Edge intersection testing:
    Number of edges             : 40350658
    Number of edges to retest   : 6715
    Number of intersected edges : 130366

Undo iteration 0
----------------
Checking faces in error :
    non-orthogonality > 65  degrees                        : 0
    faces with face pyramid volume < 1e-13                 : 0
    faces with face-decomposition tet quality < 1e-09      : 10
    faces with concavity > 80  degrees                     : 20
    faces with skewness > 4   (internal) or 20  (boundary) : 0
    faces with interpolation weights (0..1)  < 0.02        : 0
    faces with volume ratio of neighbour cells < 0.01      : 0
    faces with face twist < 0.02                           : 0
    faces on cells with determinant < 0.001                : 0
Masters that need to be restored:30
Edge intersection testing:
    Number of edges             : 40350688
    Number of edges to retest   : 178
    Number of intersected edges : 130400


Undo iteration 1
----------------
Checking faces in error :
    non-orthogonality > 65  degrees                        : 0
    faces with face pyramid volume < 1e-13                 : 0
    faces with face-decomposition tet quality < 1e-09      : 0
    faces with concavity > 80  degrees                     : 0
    faces with skewness > 4   (internal) or 20  (boundary) : 0
    faces with interpolation weights (0..1)  < 0.02        : 0
    faces with volume ratio of neighbour cells < 0.01      : 0
    faces with face twist < 0.02                           : 0
    faces on cells with determinant < 0.001                : 0

Merging all points on surface that
- are used by only two boundary faces and
- make an angle with a cosine of more than -1.

Removing 1361 straight edge points ...

Edge intersection testing:
    Number of edges             : 40350688
    Number of edges to retest   : 7673
    Number of intersected edges : 130210

Undo iteration 0
----------------
Checking faces in error :
    non-orthogonality > 65  degrees                        : 0
    faces with face pyramid volume < 1e-13                 : 0
    faces with face-decomposition tet quality < 1e-09      : 10
    faces with concavity > 80  degrees                     : 0
    faces with skewness > 4   (internal) or 20  (boundary) : 0
    faces with interpolation weights (0..1)  < 0.02        : 0
    faces with volume ratio of neighbour cells < 0.01      : 0
    faces with face twist < 0.02                           : 0
    faces on cells with determinant < 0.001                : 0
Detected 0 error faces on boundaries that have been merged. These will be restored to their original faces.

Detected 10 error faces in mesh. Restoring neighbours of faces in error.

Edge intersection testing:
    Number of edges             : 40350688
    Number of edges to retest   : 324
    Number of intersected edges : 130210

Checking mesh manifoldness ...

Checking initial mesh ...
Checking faces in error :
    non-orthogonality > 65  degrees                        : 0
    faces with face pyramid volume < 1e-13                 : 0
    faces with face-decomposition tet quality < 1e-09      : 0
    faces with concavity > 80  degrees                     : 0
    faces with skewness > 4   (internal) or 20  (boundary) : 0
    faces with interpolation weights (0..1)  < 0.02        : 0
    faces with volume ratio of neighbour cells < 0.01      : 0
    faces with face twist < 0.02                           : 0
    faces on cells with determinant < 0.001                : 0
Detected 0 illegal faces (concave, zero area or negative cell pyramid volume)
Duplicating 0 points on faceZones of type boundary

Handling points with inconsistent layer specification ...
dupNonManifoldPoints : Found : 0 non-manifold points (out of 13672770)

Adding in total 0 inter-processor patches to handle extrusion of non-manifold processor boundaries.

Handling points with inconsistent layer specification ...

Handling non-manifold points ...

Checking patch manifoldness ...
Outside of local patch is multiply connected across edges or points at 0 points.
Set displacement to zero for all 0 non-manifold points

Handling feature edges (angle < 180) ...

Handling cells with warped patch faces ...
Set displacement to zero on 182 warped faces since layer would be > 0.5 of the size of the bounding box.

patch    faces    layers avg thickness[m]
                         near-wall overall
-----    -----    ------ --------- -------
Geometry 132022   15     0.000389  0.0256  

Selecting externalDisplacementMeshMover displacementMedialAxis
displacementMedialAxis : Calculating distance to Medial Axis ...
fieldSmoother : Smoothing normals ...
    Iteration 0   residual 0.0215355
displacementMedialAxis : Inserting points on patch inlet if angle to nearest layer patch > 90 degrees.
displacementMedialAxis : Inserting points on patch outlet if angle to nearest layer patch > 90 degrees.
displacementMedialAxis : Inserting all points on patch bottom
displacementMedialAxis : Inserting points on patch top if angle to nearest layer patch > 90 degrees.
displacementMedialAxis : Inserting points on patch front if angle to nearest layer patch > 90 degrees.
displacementMedialAxis : Inserting points on patch back if angle to nearest layer patch > 90 degrees.
fieldSmoother : Smoothing normals in interior ...
    Iteration 0   residual 0.0243762

Layer addition iteration 0
--------------------------

Determining displacement for added points according to pointNormal ...
Detected 0 points with point normal pointing through faces.
Reset displacement at 0 points to average of surrounding points.

displacementMedialAxis : Smoothing using Medial Axis ...
displacementMedialAxis : Reducing layer thickness at 30966 nodes where thickness to medial axis distance is large 
displacementMedialAxis : Removing isolated regions ...
- if partially extruded faces make angle < 90
- if exclusively surrounded by non-extruded faces
displacementMedialAxis : Number of isolated points extrusion stopped : 144
fieldSmoother : Smoothing field ...
    Iteration 0   residual 0.000123362
displacementMedialAxis : Moving mesh ...
displacementMedialAxis : Iteration 0
Moving mesh using displacement scaling : min:1  max:1
Checking faces in error :
    non-orthogonality > 65  degrees                        : 898
    faces with face pyramid volume < 1e-13                 : 366
    faces with face-decomposition tet quality < 1e-09      : 451
    faces with concavity > 80  degrees                     : 7
    faces with skewness > 4   (internal) or 20  (boundary) : 0
    faces with interpolation weights (0..1)  < 0.02        : 0
    faces with volume ratio of neighbour cells < 0.01      : 4
    faces with face twist < 0.02                           : 4
    faces on cells with determinant < 0.001                : 58
displacementMedialAxis : Iteration 1
Moving mesh using displacement scaling : min:0.75  max:1
Checking faces in error :
    non-orthogonality > 65  degrees                        : 222
    faces with face pyramid volume < 1e-13                 : 294
    faces with face-decomposition tet quality < 1e-09      : 257
    faces with concavity > 80  degrees                     : 5
    faces with skewness > 4   (internal) or 20  (boundary) : 0
    faces with interpolation weights (0..1)  < 0.02        : 4
    faces with volume ratio of neighbour cells < 0.01      : 0
    faces with face twist < 0.02                           : 8
    faces on cells with determinant < 0.001                : 114
displacementMedialAxis : Iteration 2
Moving mesh using displacement scaling : min:0.5625  max:1
Checking faces in error :
    non-orthogonality > 65  degrees                        : 13
    faces with face pyramid volume < 1e-13                 : 0
    faces with face-decomposition tet quality < 1e-09      : 154
    faces with concavity > 80  degrees                     : 7
    faces with skewness > 4   (internal) or 20  (boundary) : 0
    faces with interpolation weights (0..1)  < 0.02        : 0
    faces with volume ratio of neighbour cells < 0.01      : 0
    faces with face twist < 0.02                           : 6
    faces on cells with determinant < 0.001                : 48
displacementMedialAxis : Iteration 3
displacementMedialAxis : Displacement scaling for error reduction set to 0.
Moving mesh using displacement scaling : min:0.421875  max:1
Checking faces in error :
    non-orthogonality > 65  degrees                        : 0
    faces with face pyramid volume < 1e-13                 : 0
    faces with face-decomposition tet quality < 1e-09      : 133
    faces with concavity > 80  degrees                     : 6
    faces with skewness > 4   (internal) or 20  (boundary) : 0
    faces with interpolation weights (0..1)  < 0.02        : 0
    faces with volume ratio of neighbour cells < 0.01      : 0
    faces with face twist < 0.02                           : 0
    faces on cells with determinant < 0.001                : 0
displacementMedialAxis : Iteration 4
Moving mesh using displacement scaling : min:0  max:1
Checking faces in error :
    non-orthogonality > 65  degrees                        : 2
    faces with face pyramid volume < 1e-13                 : 8
    faces with face-decomposition tet quality < 1e-09      : 70
    faces with concavity > 80  degrees                     : 2
    faces with skewness > 4   (internal) or 20  (boundary) : 0
    faces with interpolation weights (0..1)  < 0.02        : 0
    faces with volume ratio of neighbour cells < 0.01      : 0
    faces with face twist < 0.02                           : 1
    faces on cells with determinant < 0.001                : 4
displacementMedialAxis : Iteration 5
Moving mesh using displacement scaling : min:0  max:1
Checking faces in error :
    non-orthogonality > 65  degrees                        : 0
    faces with face pyramid volume < 1e-13                 : 0
    faces with face-decomposition tet quality < 1e-09      : 24
    faces with concavity > 80  degrees                     : 0
    faces with skewness > 4   (internal) or 20  (boundary) : 0
    faces with interpolation weights (0..1)  < 0.02        : 0
    faces with volume ratio of neighbour cells < 0.01      : 0
    faces with face twist < 0.02                           : 0
    faces on cells with determinant < 0.001                : 0
displacementMedialAxis : Finished moving mesh ...
truncateDisplacement : Unextruded 6 faces due to non-consecutive vertices being extruded.
truncateDisplacement : Unextruded 10 faces due to stringed edges with inconsistent extrusion.
truncateDisplacement : Unextruded 0 faces due to non-consecutive vertices being extruded.
truncateDisplacement : Unextruded 0 faces due to stringed edges with inconsistent extrusion.

Setting up information for layer truncation ...
Detected 0 baffles across faceZones of type internal


Checking mesh with layer ...
Checking faces in error :
    non-orthogonality > 65  degrees                        : 32
    faces with face pyramid volume < 1e-13                 : 22
    faces with face-decomposition tet quality < 1e-09      : 54340
    faces with concavity > 80  degrees                     : 0
    faces with skewness > 4   (internal) or 20  (boundary) : 0
    faces with interpolation weights (0..1)  < 0.02        : 0
    faces with volume ratio of neighbour cells < 0.01      : 0
    faces with face twist < 0.02                           : 18
    faces on cells with determinant < 0.001                : 437
Detected 54849 illegal faces (concave, zero area or negative cell pyramid volume)
Extruding 117337 out of 132022 faces (88.8769%). Removed extrusion at 9379 faces.
Added 1571811 out of 1980330 cells (79.3712%).


Layer addition iteration 1
--------------------------

Determining displacement for added points according to pointNormal ...
Detected 0 points with point normal pointing through faces.
Reset displacement at 0 points to average of surrounding points.

displacementMedialAxis : Smoothing using Medial Axis ...
displacementMedialAxis : Reducing layer thickness at 18304 nodes where thickness to medial axis distance is large 
displacementMedialAxis : Removing isolated regions ...
- if partially extruded faces make angle < 90
- if exclusively surrounded by non-extruded faces
displacementMedialAxis : Number of isolated points extrusion stopped : 2106
fieldSmoother : Smoothing field ...
    Iteration 0   residual 0.000349794
displacementMedialAxis : Moving mesh ...
displacementMedialAxis : Iteration 0
Moving mesh using displacement scaling : min:1  max:1
Checking faces in error :
    non-orthogonality > 65  degrees                        : 542
    faces with face pyramid volume < 1e-13                 : 80
    faces with face-decomposition tet quality < 1e-09      : 2307
    faces with concavity > 80  degrees                     : 8
    faces with skewness > 4   (internal) or 20  (boundary) : 0
    faces with interpolation weights (0..1)  < 0.02        : 0
    faces with volume ratio of neighbour cells < 0.01      : 0
    faces with face twist < 0.02                           : 6
    faces on cells with determinant < 0.001                : 16
displacementMedialAxis : Iteration 1
Moving mesh using displacement scaling : min:0.75  max:1
Checking faces in error :
    non-orthogonality > 65  degrees                        : 43
    faces with face pyramid volume < 1e-13                 : 26
    faces with face-decomposition tet quality < 1e-09      : 267
    faces with concavity > 80  degrees                     : 0
    faces with skewness > 4   (internal) or 20  (boundary) : 0
    faces with interpolation weights (0..1)  < 0.02        : 0
    faces with volume ratio of neighbour cells < 0.01      : 0
    faces with face twist < 0.02                           : 0
    faces on cells with determinant < 0.001                : 50
displacementMedialAxis : Iteration 2
Moving mesh using displacement scaling : min:0.5625  max:1
Checking faces in error :
    non-orthogonality > 65  degrees                        : 0
    faces with face pyramid volume < 1e-13                 : 0
    faces with face-decomposition tet quality < 1e-09      : 164
    faces with concavity > 80  degrees                     : 0
    faces with skewness > 4   (internal) or 20  (boundary) : 0
    faces with interpolation weights (0..1)  < 0.02        : 0
    faces with volume ratio of neighbour cells < 0.01      : 0
    faces with face twist < 0.02                           : 2
    faces on cells with determinant < 0.001                : 0
displacementMedialAxis : Iteration 3
displacementMedialAxis : Displacement scaling for error reduction set to 0.
Moving mesh using displacement scaling : min:0.421875  max:1
Checking faces in error :
    non-orthogonality > 65  degrees                        : 0
    faces with face pyramid volume < 1e-13                 : 0
    faces with face-decomposition tet quality < 1e-09      : 128
    faces with concavity > 80  degrees                     : 0
    faces with skewness > 4   (internal) or 20  (boundary) : 0
    faces with interpolation weights (0..1)  < 0.02        : 0
    faces with volume ratio of neighbour cells < 0.01      : 0
    faces with face twist < 0.02                           : 0
    faces on cells with determinant < 0.001                : 0
displacementMedialAxis : Iteration 4
Moving mesh using displacement scaling : min:0  max:1
Checking faces in error :
    non-orthogonality > 65  degrees                        : 2
    faces with face pyramid volume < 1e-13                 : 0
    faces with face-decomposition tet quality < 1e-09      : 52
    faces with concavity > 80  degrees                     : 0
    faces with skewness > 4   (internal) or 20  (boundary) : 0
    faces with interpolation weights (0..1)  < 0.02        : 0
    faces with volume ratio of neighbour cells < 0.01      : 0
    faces with face twist < 0.02                           : 0
    faces on cells with determinant < 0.001                : 4
displacementMedialAxis : Iteration 5
Moving mesh using displacement scaling : min:0  max:1
Checking faces in error :
    non-orthogonality > 65  degrees                        : 4
    faces with face pyramid volume < 1e-13                 : 0
    faces with face-decomposition tet quality < 1e-09      : 38
    faces with concavity > 80  degrees                     : 0
    faces with skewness > 4   (internal) or 20  (boundary) : 0
    faces with interpolation weights (0..1)  < 0.02        : 0
    faces with volume ratio of neighbour cells < 0.01      : 0
    faces with face twist < 0.02                           : 2
    faces on cells with determinant < 0.001                : 4
displacementMedialAxis : Finished moving mesh ...
truncateDisplacement : Unextruded 27 faces due to non-consecutive vertices being extruded.
truncateDisplacement : Unextruded 0 faces due to stringed edges with inconsistent extrusion.
truncateDisplacement : Unextruded 0 faces due to non-consecutive vertices being extruded.
truncateDisplacement : Unextruded 0 faces due to stringed edges with inconsistent extrusion.

Setting up information for layer truncation ...
Detected 0 baffles across faceZones of type internal


Checking mesh with layer ...
Checking faces in error :
    non-orthogonality > 65  degrees                        : 18
    faces with face pyramid volume < 1e-13                 : 0
    faces with face-decomposition tet quality < 1e-09      : 689
    faces with concavity > 80  degrees                     : 0
    faces with skewness > 4   (internal) or 20  (boundary) : 0
    faces with interpolation weights (0..1)  < 0.02        : 6
    faces with volume ratio of neighbour cells < 0.01      : 7
    faces with face twist < 0.02                           : 7
    faces on cells with determinant < 0.001                : 2
Detected 729 illegal faces (concave, zero area or negative cell pyramid volume)
Extruding 112808 out of 132022 faces (85.4464%). Removed extrusion at 648 faces.
Added 776179 out of 1980330 cells (39.1944%).


Layer addition iteration 2
--------------------------

Determining displacement for added points according to pointNormal ...
Detected 0 points with point normal pointing through faces.
Reset displacement at 0 points to average of surrounding points.

displacementMedialAxis : Smoothing using Medial Axis ...
displacementMedialAxis : Reducing layer thickness at 16917 nodes where thickness to medial axis distance is large 
displacementMedialAxis : Removing isolated regions ...
- if partially extruded faces make angle < 90
- if exclusively surrounded by non-extruded faces
displacementMedialAxis : Number of isolated points extrusion stopped : 419
fieldSmoother : Smoothing field ...
    Iteration 0   residual 0.000349032
displacementMedialAxis : Moving mesh ...
displacementMedialAxis : Iteration 0
Moving mesh using displacement scaling : min:1  max:1
Checking faces in error :
    non-orthogonality > 65  degrees                        : 477
    faces with face pyramid volume < 1e-13                 : 74
    faces with face-decomposition tet quality < 1e-09      : 2095
    faces with concavity > 80  degrees                     : 8
    faces with skewness > 4   (internal) or 20  (boundary) : 0
    faces with interpolation weights (0..1)  < 0.02        : 0
    faces with volume ratio of neighbour cells < 0.01      : 0
    faces with face twist < 0.02                           : 4
    faces on cells with determinant < 0.001                : 10
displacementMedialAxis : Iteration 1
Moving mesh using displacement scaling : min:0.75  max:1
Checking faces in error :
    non-orthogonality > 65  degrees                        : 41
    faces with face pyramid volume < 1e-13                 : 24
    faces with face-decomposition tet quality < 1e-09      : 161
    faces with concavity > 80  degrees                     : 0
    faces with skewness > 4   (internal) or 20  (boundary) : 0
    faces with interpolation weights (0..1)  < 0.02        : 0
    faces with volume ratio of neighbour cells < 0.01      : 0
    faces with face twist < 0.02                           : 0
    faces on cells with determinant < 0.001                : 50
displacementMedialAxis : Iteration 2
Moving mesh using displacement scaling : min:0.5625  max:1
Checking faces in error :
    non-orthogonality > 65  degrees                        : 0
    faces with face pyramid volume < 1e-13                 : 0
    faces with face-decomposition tet quality < 1e-09      : 56
    faces with concavity > 80  degrees                     : 0
    faces with skewness > 4   (internal) or 20  (boundary) : 0
    faces with interpolation weights (0..1)  < 0.02        : 0
    faces with volume ratio of neighbour cells < 0.01      : 0
    faces with face twist < 0.02                           : 0
    faces on cells with determinant < 0.001                : 0
displacementMedialAxis : Iteration 3
displacementMedialAxis : Displacement scaling for error reduction set to 0.
Moving mesh using displacement scaling : min:0.421875  max:1
Checking faces in error :
    non-orthogonality > 65  degrees                        : 0
    faces with face pyramid volume < 1e-13                 : 0
    faces with face-decomposition tet quality < 1e-09      : 26
    faces with concavity > 80  degrees                     : 0
    faces with skewness > 4   (internal) or 20  (boundary) : 0
    faces with interpolation weights (0..1)  < 0.02        : 0
    faces with volume ratio of neighbour cells < 0.01      : 0
    faces with face twist < 0.02                           : 0
    faces on cells with determinant < 0.001                : 0
displacementMedialAxis : Iteration 4
Moving mesh using displacement scaling : min:0  max:1
Checking faces in error :
    non-orthogonality > 65  degrees                        : 0
    faces with face pyramid volume < 1e-13                 : 0
    faces with face-decomposition tet quality < 1e-09      : 8
    faces with concavity > 80  degrees                     : 0
    faces with skewness > 4   (internal) or 20  (boundary) : 0
    faces with interpolation weights (0..1)  < 0.02        : 0
    faces with volume ratio of neighbour cells < 0.01      : 0
    faces with face twist < 0.02                           : 0
    faces on cells with determinant < 0.001                : 0
displacementMedialAxis : Iteration 5
Moving mesh using displacement scaling : min:0  max:1
Checking faces in error :
    non-orthogonality > 65  degrees                        : 0
    faces with face pyramid volume < 1e-13                 : 0
    faces with face-decomposition tet quality < 1e-09      : 4
    faces with concavity > 80  degrees                     : 0
    faces with skewness > 4   (internal) or 20  (boundary) : 0
    faces with interpolation weights (0..1)  < 0.02        : 0
    faces with volume ratio of neighbour cells < 0.01      : 0
    faces with face twist < 0.02                           : 0
    faces on cells with determinant < 0.001                : 0
displacementMedialAxis : Finished moving mesh ...
truncateDisplacement : Unextruded 4 faces due to non-consecutive vertices being extruded.
truncateDisplacement : Unextruded 0 faces due to stringed edges with inconsistent extrusion.
truncateDisplacement : Unextruded 0 faces due to non-consecutive vertices being extruded.
truncateDisplacement : Unextruded 0 faces due to stringed edges with inconsistent extrusion.

Setting up information for layer truncation ...
Detected 0 baffles across faceZones of type internal


Checking mesh with layer ...
Checking faces in error :
    non-orthogonality > 65  degrees                        : 3
    faces with face pyramid volume < 1e-13                 : 0
    faces with face-decomposition tet quality < 1e-09      : 225
    faces with concavity > 80  degrees                     : 0
    faces with skewness > 4   (internal) or 20  (boundary) : 0
    faces with interpolation weights (0..1)  < 0.02        : 0
    faces with volume ratio of neighbour cells < 0.01      : 4
    faces with face twist < 0.02                           : 0
    faces on cells with determinant < 0.001                : 0
Detected 232 illegal faces (concave, zero area or negative cell pyramid volume)
Extruding 111835 out of 132022 faces (84.7094%). Removed extrusion at 223 faces.
Added 762006 out of 1980330 cells (38.4787%).


Layer addition iteration 3
--------------------------

Determining displacement for added points according to pointNormal ...
Detected 0 points with point normal pointing through faces.
Reset displacement at 0 points to average of surrounding points.

displacementMedialAxis : Smoothing using Medial Axis ...
displacementMedialAxis : Reducing layer thickness at 16711 nodes where thickness to medial axis distance is large 
displacementMedialAxis : Removing isolated regions ...
- if partially extruded faces make angle < 90
- if exclusively surrounded by non-extruded faces
displacementMedialAxis : Number of isolated points extrusion stopped : 157
fieldSmoother : Smoothing field ...
    Iteration 0   residual 0.00034627
displacementMedialAxis : Moving mesh ...
displacementMedialAxis : Iteration 0
Moving mesh using displacement scaling : min:1  max:1
Checking faces in error :
    non-orthogonality > 65  degrees                        : 442
    faces with face pyramid volume < 1e-13                 : 74
    faces with face-decomposition tet quality < 1e-09      : 2018
    faces with concavity > 80  degrees                     : 7
    faces with skewness > 4   (internal) or 20  (boundary) : 0
    faces with interpolation weights (0..1)  < 0.02        : 0
    faces with volume ratio of neighbour cells < 0.01      : 0
    faces with face twist < 0.02                           : 4
    faces on cells with determinant < 0.001                : 16
displacementMedialAxis : Iteration 1
Moving mesh using displacement scaling : min:0.75  max:1
Checking faces in error :
    non-orthogonality > 65  degrees                        : 41
    faces with face pyramid volume < 1e-13                 : 24
    faces with face-decomposition tet quality < 1e-09      : 125
    faces with concavity > 80  degrees                     : 0
    faces with skewness > 4   (internal) or 20  (boundary) : 0
    faces with interpolation weights (0..1)  < 0.02        : 0
    faces with volume ratio of neighbour cells < 0.01      : 0
    faces with face twist < 0.02                           : 0
    faces on cells with determinant < 0.001                : 42
displacementMedialAxis : Iteration 2
Moving mesh using displacement scaling : min:0.5625  max:1
Checking faces in error :
    non-orthogonality > 65  degrees                        : 0
    faces with face pyramid volume < 1e-13                 : 0
    faces with face-decomposition tet quality < 1e-09      : 36
    faces with concavity > 80  degrees                     : 0
    faces with skewness > 4   (internal) or 20  (boundary) : 0
    faces with interpolation weights (0..1)  < 0.02        : 0
    faces with volume ratio of neighbour cells < 0.01      : 0
    faces with face twist < 0.02                           : 0
    faces on cells with determinant < 0.001                : 0
displacementMedialAxis : Iteration 3
displacementMedialAxis : Displacement scaling for error reduction set to 0.
Moving mesh using displacement scaling : min:0.421875  max:1
Checking faces in error :
    non-orthogonality > 65  degrees                        : 0
    faces with face pyramid volume < 1e-13                 : 0
    faces with face-decomposition tet quality < 1e-09      : 6
    faces with concavity > 80  degrees                     : 0
    faces with skewness > 4   (internal) or 20  (boundary) : 0
    faces with interpolation weights (0..1)  < 0.02        : 0
    faces with volume ratio of neighbour cells < 0.01      : 0
    faces with face twist < 0.02                           : 0
    faces on cells with determinant < 0.001                : 0
displacementMedialAxis : Iteration 4
Moving mesh using displacement scaling : min:0  max:1
Checking faces in error :
    non-orthogonality > 65  degrees                        : 0
    faces with face pyramid volume < 1e-13                 : 0
    faces with face-decomposition tet quality < 1e-09      : 0
    faces with concavity > 80  degrees                     : 0
    faces with skewness > 4   (internal) or 20  (boundary) : 0
    faces with interpolation weights (0..1)  < 0.02        : 0
    faces with volume ratio of neighbour cells < 0.01      : 0
    faces with face twist < 0.02                           : 0
    faces on cells with determinant < 0.001                : 0
displacementMedialAxis : Successfully moved mesh
displacementMedialAxis : Finished moving mesh ...
truncateDisplacement : Unextruded 4 faces due to non-consecutive vertices being extruded.
truncateDisplacement : Unextruded 0 faces due to stringed edges with inconsistent extrusion.
truncateDisplacement : Unextruded 0 faces due to non-consecutive vertices being extruded.
truncateDisplacement : Unextruded 0 faces due to stringed edges with inconsistent extrusion.

Setting up information for layer truncation ...
Detected 0 baffles across faceZones of type internal


Checking mesh with layer ...
Checking faces in error :
    non-orthogonality > 65  degrees                        : 1
    faces with face pyramid volume < 1e-13                 : 0
    faces with face-decomposition tet quality < 1e-09      : 142
    faces with concavity > 80  degrees                     : 0
    faces with skewness > 4   (internal) or 20  (boundary) : 0
    faces with interpolation weights (0..1)  < 0.02        : 0
    faces with volume ratio of neighbour cells < 0.01      : 0
    faces with face twist < 0.02                           : 0
    faces on cells with determinant < 0.001                : 0
Detected 143 illegal faces (concave, zero area or negative cell pyramid volume)
Extruding 111444 out of 132022 faces (84.4132%). Removed extrusion at 136 faces.
Added 760252 out of 1980330 cells (38.3902%).


Layer addition iteration 4
--------------------------

Determining displacement for added points according to pointNormal ...
Detected 0 points with point normal pointing through faces.
Reset displacement at 0 points to average of surrounding points.

displacementMedialAxis : Smoothing using Medial Axis ...
displacementMedialAxis : Reducing layer thickness at 16660 nodes where thickness to medial axis distance is large 
displacementMedialAxis : Removing isolated regions ...
- if partially extruded faces make angle < 90
- if exclusively surrounded by non-extruded faces
displacementMedialAxis : Number of isolated points extrusion stopped : 68
fieldSmoother : Smoothing field ...
    Iteration 0   residual 0.000345184
displacementMedialAxis : Moving mesh ...
displacementMedialAxis : Iteration 0
Moving mesh using displacement scaling : min:1  max:1
Checking faces in error :
    non-orthogonality > 65  degrees                        : 446
    faces with face pyramid volume < 1e-13                 : 75
    faces with face-decomposition tet quality < 1e-09      : 2065
    faces with concavity > 80  degrees                     : 8
    faces with skewness > 4   (internal) or 20  (boundary) : 0
    faces with interpolation weights (0..1)  < 0.02        : 0
    faces with volume ratio of neighbour cells < 0.01      : 0
    faces with face twist < 0.02                           : 4
    faces on cells with determinant < 0.001                : 16
displacementMedialAxis : Iteration 1
Moving mesh using displacement scaling : min:0.75  max:1
Checking faces in error :
    non-orthogonality > 65  degrees                        : 41
    faces with face pyramid volume < 1e-13                 : 24
    faces with face-decomposition tet quality < 1e-09      : 124
    faces with concavity > 80  degrees                     : 0
    faces with skewness > 4   (internal) or 20  (boundary) : 0
    faces with interpolation weights (0..1)  < 0.02        : 0
    faces with volume ratio of neighbour cells < 0.01      : 0
    faces with face twist < 0.02                           : 0
    faces on cells with determinant < 0.001                : 42
displacementMedialAxis : Iteration 2
Moving mesh using displacement scaling : min:0.5625  max:1
Checking faces in error :
    non-orthogonality > 65  degrees                        : 0
    faces with face pyramid volume < 1e-13                 : 0
    faces with face-decomposition tet quality < 1e-09      : 30
    faces with concavity > 80  degrees                     : 0
    faces with skewness > 4   (internal) or 20  (boundary) : 0
    faces with interpolation weights (0..1)  < 0.02        : 0
    faces with volume ratio of neighbour cells < 0.01      : 0
    faces with face twist < 0.02                           : 0
    faces on cells with determinant < 0.001                : 0
displacementMedialAxis : Iteration 3
displacementMedialAxis : Displacement scaling for error reduction set to 0.
Moving mesh using displacement scaling : min:0.421875  max:1
Checking faces in error :
    non-orthogonality > 65  degrees                        : 0
    faces with face pyramid volume < 1e-13                 : 0
    faces with face-decomposition tet quality < 1e-09      : 8
    faces with concavity > 80  degrees                     : 0
    faces with skewness > 4   (internal) or 20  (boundary) : 0
    faces with interpolation weights (0..1)  < 0.02        : 0
    faces with volume ratio of neighbour cells < 0.01      : 0
    faces with face twist < 0.02                           : 0
    faces on cells with determinant < 0.001                : 0
displacementMedialAxis : Iteration 4
Moving mesh using displacement scaling : min:0  max:1
Checking faces in error :
    non-orthogonality > 65  degrees                        : 0
    faces with face pyramid volume < 1e-13                 : 0
    faces with face-decomposition tet quality < 1e-09      : 0
    faces with concavity > 80  degrees                     : 0
    faces with skewness > 4   (internal) or 20  (boundary) : 0
    faces with interpolation weights (0..1)  < 0.02        : 0
    faces with volume ratio of neighbour cells < 0.01      : 0
    faces with face twist < 0.02                           : 0
    faces on cells with determinant < 0.001                : 0
displacementMedialAxis : Successfully moved mesh
displacementMedialAxis : Finished moving mesh ...
truncateDisplacement : Unextruded 0 faces due to non-consecutive vertices being extruded.
truncateDisplacement : Unextruded 0 faces due to stringed edges with inconsistent extrusion.

Setting up information for layer truncation ...
Detected 0 baffles across faceZones of type internal


Checking mesh with layer ...
Checking faces in error :
    non-orthogonality > 65  degrees                        : 0
    faces with face pyramid volume < 1e-13                 : 0
    faces with face-decomposition tet quality < 1e-09      : 65
    faces with concavity > 80  degrees                     : 0
    faces with skewness > 4   (internal) or 20  (boundary) : 0
    faces with interpolation weights (0..1)  < 0.02        : 0
    faces with volume ratio of neighbour cells < 0.01      : 0
    faces with face twist < 0.02                           : 0
    faces on cells with determinant < 0.001                : 0
Detected 65 illegal faces (concave, zero area or negative cell pyramid volume)
Extruding 111269 out of 132022 faces (84.2807%). Removed extrusion at 62 faces.
Added 759148 out of 1980330 cells (38.3344%).


Layer addition iteration 5
--------------------------

Determining displacement for added points according to pointNormal ...
Detected 0 points with point normal pointing through faces.
Reset displacement at 0 points to average of surrounding points.

displacementMedialAxis : Smoothing using Medial Axis ...
displacementMedialAxis : Reducing layer thickness at 16652 nodes where thickness to medial axis distance is large 
displacementMedialAxis : Removing isolated regions ...
- if partially extruded faces make angle < 90
- if exclusively surrounded by non-extruded faces
displacementMedialAxis : Number of isolated points extrusion stopped : 41
fieldSmoother : Smoothing field ...
    Iteration 0   residual 0.000345495
displacementMedialAxis : Moving mesh ...
displacementMedialAxis : Iteration 0
Moving mesh using displacement scaling : min:1  max:1
Checking faces in error :
    non-orthogonality > 65  degrees                        : 457
    faces with face pyramid volume < 1e-13                 : 74
    faces with face-decomposition tet quality < 1e-09      : 2170
    faces with concavity > 80  degrees                     : 8
    faces with skewness > 4   (internal) or 20  (boundary) : 0
    faces with interpolation weights (0..1)  < 0.02        : 0
    faces with volume ratio of neighbour cells < 0.01      : 0
    faces with face twist < 0.02                           : 5
    faces on cells with determinant < 0.001                : 20
displacementMedialAxis : Iteration 1
Moving mesh using displacement scaling : min:0.75  max:1
Checking faces in error :
    non-orthogonality > 65  degrees                        : 41
    faces with face pyramid volume < 1e-13                 : 24
    faces with face-decomposition tet quality < 1e-09      : 108
    faces with concavity > 80  degrees                     : 0
    faces with skewness > 4   (internal) or 20  (boundary) : 0
    faces with interpolation weights (0..1)  < 0.02        : 0
    faces with volume ratio of neighbour cells < 0.01      : 0
    faces with face twist < 0.02                           : 0
    faces on cells with determinant < 0.001                : 42
displacementMedialAxis : Iteration 2
Moving mesh using displacement scaling : min:0.5625  max:1
Checking faces in error :
    non-orthogonality > 65  degrees                        : 0
    faces with face pyramid volume < 1e-13                 : 0
    faces with face-decomposition tet quality < 1e-09      : 24
    faces with concavity > 80  degrees                     : 0
    faces with skewness > 4   (internal) or 20  (boundary) : 0
    faces with interpolation weights (0..1)  < 0.02        : 0
    faces with volume ratio of neighbour cells < 0.01      : 0
    faces with face twist < 0.02                           : 0
    faces on cells with determinant < 0.001                : 0
displacementMedialAxis : Iteration 3
displacementMedialAxis : Displacement scaling for error reduction set to 0.
Moving mesh using displacement scaling : min:0.421875  max:1
Checking faces in error :
    non-orthogonality > 65  degrees                        : 0
    faces with face pyramid volume < 1e-13                 : 0
    faces with face-decomposition tet quality < 1e-09      : 2
    faces with concavity > 80  degrees                     : 0
    faces with skewness > 4   (internal) or 20  (boundary) : 0
    faces with interpolation weights (0..1)  < 0.02        : 0
    faces with volume ratio of neighbour cells < 0.01      : 0
    faces with face twist < 0.02                           : 0
    faces on cells with determinant < 0.001                : 0
displacementMedialAxis : Iteration 4
Moving mesh using displacement scaling : min:0  max:1
Checking faces in error :
    non-orthogonality > 65  degrees                        : 0
    faces with face pyramid volume < 1e-13                 : 0
    faces with face-decomposition tet quality < 1e-09      : 0
    faces with concavity > 80  degrees                     : 0
    faces with skewness > 4   (internal) or 20  (boundary) : 0
    faces with interpolation weights (0..1)  < 0.02        : 0
    faces with volume ratio of neighbour cells < 0.01      : 0
    faces with face twist < 0.02                           : 0
    faces on cells with determinant < 0.001                : 0
displacementMedialAxis : Successfully moved mesh
displacementMedialAxis : Finished moving mesh ...
truncateDisplacement : Unextruded 2 faces due to non-consecutive vertices being extruded.
truncateDisplacement : Unextruded 0 faces due to stringed edges with inconsistent extrusion.
truncateDisplacement : Unextruded 0 faces due to non-consecutive vertices being extruded.
truncateDisplacement : Unextruded 0 faces due to stringed edges with inconsistent extrusion.

Setting up information for layer truncation ...
Detected 0 baffles across faceZones of type internal


Checking mesh with layer ...
Checking faces in error :
    non-orthogonality > 65  degrees                        : 0
    faces with face pyramid volume < 1e-13                 : 0
    faces with face-decomposition tet quality < 1e-09      : 48
    faces with concavity > 80  degrees                     : 0
    faces with skewness > 4   (internal) or 20  (boundary) : 0
    faces with interpolation weights (0..1)  < 0.02        : 0
    faces with volume ratio of neighbour cells < 0.01      : 0
    faces with face twist < 0.02                           : 0
    faces on cells with determinant < 0.001                : 0
Detected 48 illegal faces (concave, zero area or negative cell pyramid volume)
Extruding 111143 out of 132022 faces (84.1852%). Removed extrusion at 48 faces.
Added 757764 out of 1980330 cells (38.2645%).


Layer addition iteration 6
--------------------------

Determining displacement for added points according to pointNormal ...
Detected 0 points with point normal pointing through faces.
Reset displacement at 0 points to average of surrounding points.

displacementMedialAxis : Smoothing using Medial Axis ...
displacementMedialAxis : Reducing layer thickness at 16652 nodes where thickness to medial axis distance is large 
displacementMedialAxis : Removing isolated regions ...
- if partially extruded faces make angle < 90
- if exclusively surrounded by non-extruded faces
displacementMedialAxis : Number of isolated points extrusion stopped : 36
fieldSmoother : Smoothing field ...
    Iteration 0   residual 0.00034494
displacementMedialAxis : Moving mesh ...
displacementMedialAxis : Iteration 0
Moving mesh using displacement scaling : min:1  max:1
Checking faces in error :
    non-orthogonality > 65  degrees                        : 446
    faces with face pyramid volume < 1e-13                 : 75
    faces with face-decomposition tet quality < 1e-09      : 2143
    faces with concavity > 80  degrees                     : 8
    faces with skewness > 4   (internal) or 20  (boundary) : 0
    faces with interpolation weights (0..1)  < 0.02        : 0
    faces with volume ratio of neighbour cells < 0.01      : 0
    faces with face twist < 0.02                           : 7
    faces on cells with determinant < 0.001                : 16
displacementMedialAxis : Iteration 1
Moving mesh using displacement scaling : min:0.75  max:1
Checking faces in error :
    non-orthogonality > 65  degrees                        : 41
    faces with face pyramid volume < 1e-13                 : 24
    faces with face-decomposition tet quality < 1e-09      : 115
    faces with concavity > 80  degrees                     : 0
    faces with skewness > 4   (internal) or 20  (boundary) : 0
    faces with interpolation weights (0..1)  < 0.02        : 0
    faces with volume ratio of neighbour cells < 0.01      : 0
    faces with face twist < 0.02                           : 0
    faces on cells with determinant < 0.001                : 42
displacementMedialAxis : Iteration 2
Moving mesh using displacement scaling : min:0.5625  max:1
Checking faces in error :
    non-orthogonality > 65  degrees                        : 0
    faces with face pyramid volume < 1e-13                 : 0
    faces with face-decomposition tet quality < 1e-09      : 35
    faces with concavity > 80  degrees                     : 0
    faces with skewness > 4   (internal) or 20  (boundary) : 0
    faces with interpolation weights (0..1)  < 0.02        : 0
    faces with volume ratio of neighbour cells < 0.01      : 0
    faces with face twist < 0.02                           : 0
    faces on cells with determinant < 0.001                : 0
displacementMedialAxis : Iteration 3
displacementMedialAxis : Displacement scaling for error reduction set to 0.
Moving mesh using displacement scaling : min:0.421875  max:1
Checking faces in error :
    non-orthogonality > 65  degrees                        : 0
    faces with face pyramid volume < 1e-13                 : 0
    faces with face-decomposition tet quality < 1e-09      : 8
    faces with concavity > 80  degrees                     : 0
    faces with skewness > 4   (internal) or 20  (boundary) : 0
    faces with interpolation weights (0..1)  < 0.02        : 0
    faces with volume ratio of neighbour cells < 0.01      : 0
    faces with face twist < 0.02                           : 0
    faces on cells with determinant < 0.001                : 0
displacementMedialAxis : Iteration 4
Moving mesh using displacement scaling : min:0  max:1
Checking faces in error :
    non-orthogonality > 65  degrees                        : 0
    faces with face pyramid volume < 1e-13                 : 0
    faces with face-decomposition tet quality < 1e-09      : 2
    faces with concavity > 80  degrees                     : 0
    faces with skewness > 4   (internal) or 20  (boundary) : 0
    faces with interpolation weights (0..1)  < 0.02        : 0
    faces with volume ratio of neighbour cells < 0.01      : 0
    faces with face twist < 0.02                           : 0
    faces on cells with determinant < 0.001                : 0
displacementMedialAxis : Iteration 5
Moving mesh using displacement scaling : min:0  max:1
Checking faces in error :
    non-orthogonality > 65  degrees                        : 0
    faces with face pyramid volume < 1e-13                 : 0
    faces with face-decomposition tet quality < 1e-09      : 0
    faces with concavity > 80  degrees                     : 0
    faces with skewness > 4   (internal) or 20  (boundary) : 0
    faces with interpolation weights (0..1)  < 0.02        : 0
    faces with volume ratio of neighbour cells < 0.01      : 0
    faces with face twist < 0.02                           : 0
    faces on cells with determinant < 0.001                : 0
displacementMedialAxis : Successfully moved mesh
displacementMedialAxis : Finished moving mesh ...
truncateDisplacement : Unextruded 0 faces due to non-consecutive vertices being extruded.
truncateDisplacement : Unextruded 0 faces due to stringed edges with inconsistent extrusion.

Setting up information for layer truncation ...
Detected 0 baffles across faceZones of type internal


Checking mesh with layer ...
Checking faces in error :
    non-orthogonality > 65  degrees                        : 0
    faces with face pyramid volume < 1e-13                 : 0
    faces with face-decomposition tet quality < 1e-09      : 36
    faces with concavity > 80  degrees                     : 0
    faces with skewness > 4   (internal) or 20  (boundary) : 0
    faces with interpolation weights (0..1)  < 0.02        : 0
    faces with volume ratio of neighbour cells < 0.01      : 0
    faces with face twist < 0.02                           : 0
    faces on cells with determinant < 0.001                : 0
Detected 36 illegal faces (concave, zero area or negative cell pyramid volume)
Extruding 111039 out of 132022 faces (84.1064%). Removed extrusion at 36 faces.
Added 757114 out of 1980330 cells (38.2317%).


Layer addition iteration 7
--------------------------

Determining displacement for added points according to pointNormal ...
Detected 0 points with point normal pointing through faces.
Reset displacement at 0 points to average of surrounding points.

displacementMedialAxis : Smoothing using Medial Axis ...
displacementMedialAxis : Reducing layer thickness at 16648 nodes where thickness to medial axis distance is large 
displacementMedialAxis : Removing isolated regions ...
- if partially extruded faces make angle < 90
- if exclusively surrounded by non-extruded faces
displacementMedialAxis : Number of isolated points extrusion stopped : 44
fieldSmoother : Smoothing field ...
    Iteration 0   residual 0.000343632
displacementMedialAxis : Moving mesh ...
displacementMedialAxis : Iteration 0
Moving mesh using displacement scaling : min:1  max:1
Checking faces in error :
    non-orthogonality > 65  degrees                        : 445
    faces with face pyramid volume < 1e-13                 : 75
    faces with face-decomposition tet quality < 1e-09      : 2062
    faces with concavity > 80  degrees                     : 8
    faces with skewness > 4   (internal) or 20  (boundary) : 0
    faces with interpolation weights (0..1)  < 0.02        : 0
    faces with volume ratio of neighbour cells < 0.01      : 0
    faces with face twist < 0.02                           : 7
    faces on cells with determinant < 0.001                : 16
displacementMedialAxis : Iteration 1
Moving mesh using displacement scaling : min:0.75  max:1
Checking faces in error :
    non-orthogonality > 65  degrees                        : 41
    faces with face pyramid volume < 1e-13                 : 24
    faces with face-decomposition tet quality < 1e-09      : 105
    faces with concavity > 80  degrees                     : 0
    faces with skewness > 4   (internal) or 20  (boundary) : 0
    faces with interpolation weights (0..1)  < 0.02        : 0
    faces with volume ratio of neighbour cells < 0.01      : 0
    faces with face twist < 0.02                           : 0
    faces on cells with determinant < 0.001                : 42
displacementMedialAxis : Iteration 2
Moving mesh using displacement scaling : min:0.5625  max:1
Checking faces in error :
    non-orthogonality > 65  degrees                        : 0
    faces with face pyramid volume < 1e-13                 : 0
    faces with face-decomposition tet quality < 1e-09      : 25
    faces with concavity > 80  degrees                     : 0
    faces with skewness > 4   (internal) or 20  (boundary) : 0
    faces with interpolation weights (0..1)  < 0.02        : 0
    faces with volume ratio of neighbour cells < 0.01      : 0
    faces with face twist < 0.02                           : 0
    faces on cells with determinant < 0.001                : 0
displacementMedialAxis : Iteration 3
displacementMedialAxis : Displacement scaling for error reduction set to 0.
Moving mesh using displacement scaling : min:0.421875  max:1
Checking faces in error :
    non-orthogonality > 65  degrees                        : 0
    faces with face pyramid volume < 1e-13                 : 0
    faces with face-decomposition tet quality < 1e-09      : 2
    faces with concavity > 80  degrees                     : 0
    faces with skewness > 4   (internal) or 20  (boundary) : 0
    faces with interpolation weights (0..1)  < 0.02        : 0
    faces with volume ratio of neighbour cells < 0.01      : 0
    faces with face twist < 0.02                           : 0
    faces on cells with determinant < 0.001                : 0
displacementMedialAxis : Iteration 4
Moving mesh using displacement scaling : min:0  max:1
Checking faces in error :
    non-orthogonality > 65  degrees                        : 0
    faces with face pyramid volume < 1e-13                 : 0
    faces with face-decomposition tet quality < 1e-09      : 2
    faces with concavity > 80  degrees                     : 0
    faces with skewness > 4   (internal) or 20  (boundary) : 0
    faces with interpolation weights (0..1)  < 0.02        : 0
    faces with volume ratio of neighbour cells < 0.01      : 0
    faces with face twist < 0.02                           : 0
    faces on cells with determinant < 0.001                : 0
displacementMedialAxis : Iteration 5
Moving mesh using displacement scaling : min:0  max:1
Checking faces in error :
    non-orthogonality > 65  degrees                        : 0
    faces with face pyramid volume < 1e-13                 : 0
    faces with face-decomposition tet quality < 1e-09      : 2
    faces with concavity > 80  degrees                     : 0
    faces with skewness > 4   (internal) or 20  (boundary) : 0
    faces with interpolation weights (0..1)  < 0.02        : 0
    faces with volume ratio of neighbour cells < 0.01      : 0
    faces with face twist < 0.02                           : 0
    faces on cells with determinant < 0.001                : 0
displacementMedialAxis : Finished moving mesh ...
truncateDisplacement : Unextruded 0 faces due to non-consecutive vertices being extruded.
truncateDisplacement : Unextruded 0 faces due to stringed edges with inconsistent extrusion.

Setting up information for layer truncation ...
Detected 0 baffles across faceZones of type internal


Checking mesh with layer ...
Checking faces in error :
    non-orthogonality > 65  degrees                        : 0
    faces with face pyramid volume < 1e-13                 : 0
    faces with face-decomposition tet quality < 1e-09      : 14
    faces with concavity > 80  degrees                     : 0
    faces with skewness > 4   (internal) or 20  (boundary) : 0
    faces with interpolation weights (0..1)  < 0.02        : 0
    faces with volume ratio of neighbour cells < 0.01      : 0
    faces with face twist < 0.02                           : 0
    faces on cells with determinant < 0.001                : 0
Detected 14 illegal faces (concave, zero area or negative cell pyramid volume)
Extruding 110949 out of 132022 faces (84.0383%). Removed extrusion at 12 faces.
Added 756606 out of 1980330 cells (38.2061%).


Layer addition iteration 8
--------------------------

Determining displacement for added points according to pointNormal ...
Detected 0 points with point normal pointing through faces.
Reset displacement at 0 points to average of surrounding points.

displacementMedialAxis : Smoothing using Medial Axis ...
displacementMedialAxis : Reducing layer thickness at 16648 nodes where thickness to medial axis distance is large 
displacementMedialAxis : Removing isolated regions ...
- if partially extruded faces make angle < 90
- if exclusively surrounded by non-extruded faces
displacementMedialAxis : Number of isolated points extrusion stopped : 12
fieldSmoother : Smoothing field ...
    Iteration 0   residual 0.000343448
displacementMedialAxis : Moving mesh ...
displacementMedialAxis : Iteration 0
Moving mesh using displacement scaling : min:1  max:1
Checking faces in error :
    non-orthogonality > 65  degrees                        : 446
    faces with face pyramid volume < 1e-13                 : 75
    faces with face-decomposition tet quality < 1e-09      : 2056
    faces with concavity > 80  degrees                     : 8
    faces with skewness > 4   (internal) or 20  (boundary) : 0
    faces with interpolation weights (0..1)  < 0.02        : 0
    faces with volume ratio of neighbour cells < 0.01      : 0
    faces with face twist < 0.02                           : 7
    faces on cells with determinant < 0.001                : 16
displacementMedialAxis : Iteration 1
Moving mesh using displacement scaling : min:0.75  max:1
Checking faces in error :
    non-orthogonality > 65  degrees                        : 41
    faces with face pyramid volume < 1e-13                 : 24
    faces with face-decomposition tet quality < 1e-09      : 107
    faces with concavity > 80  degrees                     : 0
    faces with skewness > 4   (internal) or 20  (boundary) : 0
    faces with interpolation weights (0..1)  < 0.02        : 0
    faces with volume ratio of neighbour cells < 0.01      : 0
    faces with face twist < 0.02                           : 0
    faces on cells with determinant < 0.001                : 42
displacementMedialAxis : Iteration 2
Moving mesh using displacement scaling : min:0.5625  max:1
Checking faces in error :
    non-orthogonality > 65  degrees                        : 0
    faces with face pyramid volume < 1e-13                 : 0
    faces with face-decomposition tet quality < 1e-09      : 27
    faces with concavity > 80  degrees                     : 0
    faces with skewness > 4   (internal) or 20  (boundary) : 0
    faces with interpolation weights (0..1)  < 0.02        : 0
    faces with volume ratio of neighbour cells < 0.01      : 0
    faces with face twist < 0.02                           : 0
    faces on cells with determinant < 0.001                : 0
displacementMedialAxis : Iteration 3
displacementMedialAxis : Displacement scaling for error reduction set to 0.
Moving mesh using displacement scaling : min:0.421875  max:1
Checking faces in error :
    non-orthogonality > 65  degrees                        : 0
    faces with face pyramid volume < 1e-13                 : 0
    faces with face-decomposition tet quality < 1e-09      : 6
    faces with concavity > 80  degrees                     : 0
    faces with skewness > 4   (internal) or 20  (boundary) : 0
    faces with interpolation weights (0..1)  < 0.02        : 0
    faces with volume ratio of neighbour cells < 0.01      : 0
    faces with face twist < 0.02                           : 0
    faces on cells with determinant < 0.001                : 0
displacementMedialAxis : Iteration 4
Moving mesh using displacement scaling : min:0  max:1
Checking faces in error :
    non-orthogonality > 65  degrees                        : 0
    faces with face pyramid volume < 1e-13                 : 0
    faces with face-decomposition tet quality < 1e-09      : 6
    faces with concavity > 80  degrees                     : 0
    faces with skewness > 4   (internal) or 20  (boundary) : 0
    faces with interpolation weights (0..1)  < 0.02        : 0
    faces with volume ratio of neighbour cells < 0.01      : 0
    faces with face twist < 0.02                           : 0
    faces on cells with determinant < 0.001                : 0
displacementMedialAxis : Iteration 5
Moving mesh using displacement scaling : min:0  max:1
Checking faces in error :
    non-orthogonality > 65  degrees                        : 0
    faces with face pyramid volume < 1e-13                 : 0
    faces with face-decomposition tet quality < 1e-09      : 2
    faces with concavity > 80  degrees                     : 0
    faces with skewness > 4   (internal) or 20  (boundary) : 0
    faces with interpolation weights (0..1)  < 0.02        : 0
    faces with volume ratio of neighbour cells < 0.01      : 0
    faces with face twist < 0.02                           : 0
    faces on cells with determinant < 0.001                : 0
displacementMedialAxis : Finished moving mesh ...
truncateDisplacement : Unextruded 0 faces due to non-consecutive vertices being extruded.
truncateDisplacement : Unextruded 0 faces due to stringed edges with inconsistent extrusion.

Setting up information for layer truncation ...
Detected 0 baffles across faceZones of type internal


Checking mesh with layer ...
Checking faces in error :
    non-orthogonality > 65  degrees                        : 0
    faces with face pyramid volume < 1e-13                 : 0
    faces with face-decomposition tet quality < 1e-09      : 20
    faces with concavity > 80  degrees                     : 0
    faces with skewness > 4   (internal) or 20  (boundary) : 0
    faces with interpolation weights (0..1)  < 0.02        : 0
    faces with volume ratio of neighbour cells < 0.01      : 0
    faces with face twist < 0.02                           : 0
    faces on cells with determinant < 0.001                : 0
Detected 20 illegal faces (concave, zero area or negative cell pyramid volume)
Extruding 110909 out of 132022 faces (84.008%). Removed extrusion at 18 faces.
Added 756386 out of 1980330 cells (38.1949%).


Layer addition iteration 9
--------------------------

Determining displacement for added points according to pointNormal ...
Detected 0 points with point normal pointing through faces.
Reset displacement at 0 points to average of surrounding points.

displacementMedialAxis : Smoothing using Medial Axis ...
displacementMedialAxis : Reducing layer thickness at 16648 nodes where thickness to medial axis distance is large 
displacementMedialAxis : Removing isolated regions ...
- if partially extruded faces make angle < 90
- if exclusively surrounded by non-extruded faces
displacementMedialAxis : Number of isolated points extrusion stopped : 10
fieldSmoother : Smoothing field ...
    Iteration 0   residual 0.00034363
displacementMedialAxis : Moving mesh ...
displacementMedialAxis : Iteration 0
Moving mesh using displacement scaling : min:1  max:1
Checking faces in error :
    non-orthogonality > 65  degrees                        : 444
    faces with face pyramid volume < 1e-13                 : 75
    faces with face-decomposition tet quality < 1e-09      : 2047
    faces with concavity > 80  degrees                     : 8
    faces with skewness > 4   (internal) or 20  (boundary) : 0
    faces with interpolation weights (0..1)  < 0.02        : 0
    faces with volume ratio of neighbour cells < 0.01      : 0
    faces with face twist < 0.02                           : 7
    faces on cells with determinant < 0.001                : 16
displacementMedialAxis : Iteration 1
Moving mesh using displacement scaling : min:0.75  max:1
