/*---------------------------------------------------------------------------*\
| =========                 |                                                 |
| \\      /  F ield         | OpenFOAM: The Open Source CFD Toolbox           |
|  \\    /   O peration     | Version:  2112                                  |
|   \\  /    A nd           | Website:  www.openfoam.com                      |
|    \\/     M anipulation  |                                                 |
\*---------------------------------------------------------------------------*/
Build  : _14aeaf8dab-20211220 OPENFOAM=2112 version=v2112
Arch   : "LSB;label=32;scalar=64"
Exec   : blockMesh
Date   : Jul 01 2025
Time   : 12:05:37
Host   : cr2cn93
PID    : 400016
I/O    : uncollated
Case   : /mnt/beegfs/home/nataliadenton.denton/CFD_IRP_McLaren_2024-2025/src/Openfoam/AeroSUV_mergedGeom_case_coarse
nProcs : 1
trapFpe: Floating point exception trapping enabled (FOAM_SIGFPE).
fileModificationChecking : Monitoring run-time modified files using timeStampMaster (fileModificationSkew 5, maxFileModificationPolls 20)
allowSystemOperations : Allowing user-supplied system call operations

// * * * * * * * * * * * * * * * * * * * * * * * * * * * * * * * * * * * * * //
Create time

--> FOAM Warning : 
    From static Foam::IOstreamOption::compressionType Foam::IOstreamOption::compressionEnum(const Foam::word&, Foam::IOstreamOption::compressionType)
    in file db/IOstreams/IOstreams/IOstreamOption.C at line 115
    Unknown compression specifier 'uncompressed', using compression off
Creating block mesh from "system/blockMeshDict"
Creating block edges
No non-planar block faces defined
Creating topology blocks

Creating topology patches - from boundary section

Creating block mesh topology

Check topology

	Basic statistics
		Number of internal faces : 0
		Number of boundary faces : 6
		Number of defined boundary faces : 6
		Number of undefined boundary faces : 0
	Checking patch -> block consistency

Creating block offsets
Creating merge list (topological search)...
Deleting polyMesh directory "constant/polyMesh"

Creating polyMesh from blockMesh
Creating patches
Creating cells
Creating points with scale (1 1 1)
    Block 0 cell size :
        i : 0.299337 .. 0.299337
        j : 0.299658 .. 0.299658
        k : 0.296079 .. 0.296079


There are no merge patch pairs

Writing polyMesh with 0 cellZones
----------------
Mesh Information
----------------
  boundingBox: (-23.933 -6.14298 -0.0239946) (50.0031 6.14298 5.6015)
  nPoints: 208320
  nCells: 192413
  nFaces: 592838
  nInternalFaces: 561640
----------------
Patches
----------------
  patch 0 (start: 561640 size: 779) name: inlet
  patch 1 (start: 562419 size: 779) name: outlet
  patch 2 (start: 563198 size: 10127) name: bottom
  patch 3 (start: 573325 size: 10127) name: top
  patch 4 (start: 583452 size: 4693) name: front
  patch 5 (start: 588145 size: 4693) name: back

End

