/*---------------------------------------------------------------------------*\
| =========                 |                                                 |
| \\      /  F ield         | OpenFOAM: The Open Source CFD Toolbox           |
|  \\    /   O peration     | Version:  2112                                  |
|   \\  /    A nd           | Website:  www.openfoam.com                      |
|    \\/     M anipulation  |                                                 |
\*---------------------------------------------------------------------------*/
Build  : _14aeaf8dab-20211220 OPENFOAM=2112 version=v2112
Arch   : "LSB;label=32;scalar=64"
Exec   : snappyHexMesh -overwrite
Date   : Jul 01 2025
Time   : 12:05:46
Host   : cr2cn93
PID    : 400024
I/O    : uncollated
Case   : /mnt/beegfs/home/nataliadenton.denton/CFD_IRP_McLaren_2024-2025/src/Openfoam/AeroSUV_mergedGeom_case_coarse
nProcs : 1
trapFpe: Floating point exception trapping enabled (FOAM_SIGFPE).
fileModificationChecking : Monitoring run-time modified files using timeStampMaster (fileModificationSkew 5, maxFileModificationPolls 20)
allowSystemOperations : Allowing user-supplied system call operations

// * * * * * * * * * * * * * * * * * * * * * * * * * * * * * * * * * * * * * //
Create time

--> FOAM Warning : 
    From static Foam::IOstreamOption::compressionType Foam::IOstreamOption::compressionEnum(const Foam::word&, Foam::IOstreamOption::compressionType)
    in file db/IOstreams/IOstreams/IOstreamOption.C at line 115
    Unknown compression specifier 'uncompressed', using compression off
Create mesh for time = 0

Read mesh in = 0.82 s

Overall mesh bounding box  : (-23.933 -6.14298 -0.0239946) (50.0031 6.14298 5.6015)
Relative tolerance         : 1e-06
Absolute matching distance : 7.51608e-05

Reading refinement surfaces.
Read refinement surfaces in = 5.17 s

Reading refinement shells.
Refinement level 2 for all cells inside refinementBox
Refinement level 3 for all cells inside refinementBox2
Refinement level 4 for all cells inside refinmentBoxWheelsFront
Refinement level 4 for all cells inside refinmentBoxWheelsRear
Read refinement shells in = 0 s

Setting refinement level of surface to be consistent with shells.
For geometry Geometry detected 0 uncached triangles out of 2292452
Checked shell refinement in = 10.89 s

Reading features.
Read features in = 0 s


Determining initial surface intersections
-----------------------------------------

Edge intersection testing:
    Number of edges             : 592838
    Number of edges to retest   : 0
    Number of intersected edges : 0
Edge intersection testing:
    Number of edges             : 592838
    Number of edges to retest   : 592838
    Number of intersected edges : 436
Calculated surface intersections in = 0.56 s

Initial mesh : cells:192413  faces:592838  points:208320
Cells per refinement level:
    0	192413

Adding patches for surface regions
----------------------------------

Patch Type                Region                        
----- ----                ------                        
Geometry:

6     wall                Geometry                      

Added patches in = 0.01 s

Edge intersection testing:
    Number of edges             : 592838
    Number of edges to retest   : 0
    Number of intersected edges : 436
Decomposition method none [1]

Refinement phase
----------------

Found point (0 0 0) in cell 5019 on processor 0

Surface refinement iteration 0
------------------------------

Marked for refinement due to surface intersection          : 512 cells.
Marked for refinement due to curvature/regions             : 0 cells.
Determined cells to refine in = 0.17 s
Selected for refinement : 512 cells (out of 192413)
Edge intersection testing:
    Number of edges             : 604649
    Number of edges to retest   : 14746
    Number of intersected edges : 1868
Refined mesh in = 0.48 s
After refinement surface refinement iteration 0 : cells:195997  faces:604649  points:212974
Cells per refinement level:
    0	191901
    1	4096

Surface refinement iteration 1
------------------------------

Marked for refinement due to surface intersection          : 2310 cells.
Marked for refinement due to curvature/regions             : 0 cells.
Determined cells to refine in = 0.02 s
Selected for refinement : 2484 cells (out of 195997)
Edge intersection testing:
    Number of edges             : 661265
    Number of edges to retest   : 71306
    Number of intersected edges : 7451
Refined mesh in = 0.51 s
After refinement surface refinement iteration 1 : cells:213385  faces:661265  points:234807
Cells per refinement level:
    0	191709
    1	3340
    2	18336

Surface refinement iteration 2
------------------------------

Marked for refinement due to surface intersection          : 10198 cells.
Marked for refinement due to curvature/regions             : 0 cells.
Determined cells to refine in = 0.03 s
Selected for refinement : 10899 cells (out of 213385)
Edge intersection testing:
    Number of edges             : 908966
    Number of edges to retest   : 311973
    Number of intersected edges : 30486
Refined mesh in = 0.96 s
After refinement surface refinement iteration 2 : cells:289678  faces:908966  points:329782
Cells per refinement level:
    0	191648
    1	3058
    2	14428
    3	80544

Surface refinement iteration 3
------------------------------

Marked for refinement due to surface intersection          : 42918 cells.
Marked for refinement due to curvature/regions             : 0 cells.
Determined cells to refine in = 0.08 s
Selected for refinement : 45645 cells (out of 289678)
Edge intersection testing:
    Number of edges             : 1952192
    Number of edges to retest   : 1329741
    Number of intersected edges : 122655
Refined mesh in = 2.9 s
After refinement surface refinement iteration 3 : cells:609193  faces:1952192  points:733695
Cells per refinement level:
    0	191621
    1	2988
    2	13820
    3	61276
    4	339488

Surface refinement iteration 4
------------------------------

Marked for refinement due to surface intersection          : 1716 cells.
Marked for refinement due to curvature/regions             : 0 cells.
Determined cells to refine in = 0.62 s
Selected for refinement : 1843 cells (out of 609193)
Edge intersection testing:
    Number of edges             : 1990955
    Number of edges to retest   : 134467
    Number of intersected edges : 123803
Refined mesh in = 1.83 s
After refinement surface refinement iteration 4 : cells:622094  faces:1990955  points:746495
Cells per refinement level:
    0	191616
    1	3008
    2	13876
    3	60394
    4	353200

Surface refinement iteration 5
------------------------------

Marked for refinement due to surface intersection          : 72 cells.
Marked for refinement due to curvature/regions             : 0 cells.
Determined cells to refine in = 0.6 s
Selected for refinement : 80 cells (out of 622094)
Edge intersection testing:
    Number of edges             : 1992605
    Number of edges to retest   : 7796
    Number of intersected edges : 123815
Refined mesh in = 1.69 s
After refinement surface refinement iteration 5 : cells:622654  faces:1992605  points:747001
Cells per refinement level:
    0	191616
    1	3006
    2	13886
    3	60370
    4	353776

Surface refinement iteration 6
------------------------------

Marked for refinement due to surface intersection          : 0 cells.
Marked for refinement due to curvature/regions             : 0 cells.
Determined cells to refine in = 0.58 s
Selected for refinement : 0 cells (out of 622654)
Stopping refining since too few cells selected.


Removing mesh beyond surface intersections
------------------------------------------

Setting cellZones according to locationsInMesh:
Location : (0 0 0)
    cellZone : none

For cellZone none found point (0 0 0) in global region 0 out of 10 regions.
Keeping all cells containing inside points
Selected for keeping : 622654 cells.
Edge intersection testing:
    Number of edges             : 1992605
    Number of edges to retest   : 0
    Number of intersected edges : 123815
Setting cellZones according to locationsInMesh:
Location : (0 0 0)
    cellZone : none

For cellZone none found point (0 0 0) in global region 0 out of 10 regions.
Keeping all cells containing inside points
Selected for keeping : 536188 cells.
Edge intersection testing:
    Number of edges             : 1746258
    Number of edges to retest   : 103100
    Number of intersected edges : 123815

Shell refinement iteration 0
----------------------------

Marked for refinement due to distance to explicit features : 0 cells.
Marked for refinement due to refinement shells             : 57291 cells.
Determined cells to refine in = 4.55 s
Selected for internal refinement : 57291 cells (out of 536188)
Edge intersection testing:
    Number of edges             : 2950542
    Number of edges to retest   : 1906917
    Number of intersected edges : 123827
Refined mesh in = 3.79 s
After refinement shell refinement iteration 0 : cells:937225  faces:2950542  points:1075089
Cells per refinement level:
    0	181181
    1	83208
    2	18944
    3	67904
    4	585988

Shell refinement iteration 1
----------------------------

Marked for refinement due to distance to explicit features : 0 cells.
Marked for refinement due to refinement shells             : 168776 cells.
Determined cells to refine in = 0.49 s
Selected for internal refinement : 172391 cells (out of 937225)
Edge intersection testing:
    Number of edges             : 6604302
    Number of edges to retest   : 4608684
    Number of intersected edges : 123827
Refined mesh in = 7.93 s
After refinement shell refinement iteration 1 : cells:2143962  faces:6604302  points:2315686
Cells per refinement level:
    0	177566
    1	28920
    2	666944
    3	141312
    4	1129220

Shell refinement iteration 2
----------------------------

Marked for refinement due to distance to explicit features : 0 cells.
Marked for refinement due to refinement shells             : 216316 cells.
Determined cells to refine in = 0.7 s
Selected for internal refinement : 219180 cells (out of 2143962)
Edge intersection testing:
    Number of edges             : 11234196
    Number of edges to retest   : 5882095
    Number of intersected edges : 123827
Refined mesh in = 12.76 s
After refinement shell refinement iteration 2 : cells:3678222  faces:11234196  points:3877138
Cells per refinement level:
    0	175450
    1	38488
    2	657432
    3	547136
    4	2259716

Shell refinement iteration 3
----------------------------

Marked for refinement due to distance to explicit features : 0 cells.
Marked for refinement due to refinement shells             : 537200 cells.
Determined cells to refine in = 0.95 s
Selected for internal refinement : 549740 cells (out of 3678222)
Edge intersection testing:
    Number of edges             : 22824927
    Number of edges to retest   : 13749711
    Number of intersected edges : 123827
Refined mesh in = 26.73 s
After refinement shell refinement iteration 3 : cells:7526402  faces:22824927  points:7771614
Cells per refinement level:
    0	175450
    1	38488
    2	644892
    3	110256
    4	6557316

Shell refinement iteration 4
----------------------------

Marked for refinement due to distance to explicit features : 0 cells.
Marked for refinement due to refinement shells             : 0 cells.
Determined cells to refine in = 1.52 s
Selected for internal refinement : 2 cells (out of 7526402)
Stopping refining since too few cells selected.


Dangling coarse cells refinement iteration 0
--------------------------------------------

Determined cells to refine in = 0.19 s
Selected for refinement : 0 cells (out of 7526402)
Stopping refining since too few cells selected.


Dangling coarse cells refinement iteration 0
--------------------------------------------

Determined cells to refine in = 0.19 s
Selected for refinement : 0 cells (out of 7526402)
Stopping refining since too few cells selected.


Refinement transition refinement iteration 0
--------------------------------------------

Determined cells to refine in = 0.22 s
Selected for refinement : 0 cells (out of 7526402)
Stopping refining since too few cells selected.


Splitting mesh at surface intersections
---------------------------------------

Introducing baffles for 123827 faces that are intersected by the surface.

Setting cellZones according to locationsInMesh:
Location : (0 0 0)
    cellZone : none

For cellZone none found point (0 0 0) in global region 0 out of 10 regions.
Edge intersection testing:
    Number of edges             : 22948508
    Number of edges to retest   : 780335
    Number of intersected edges : 247408
Created baffles in = 19.34 s


After introducing baffles : cells:7526402  faces:22948508  points:7771614
Cells per refinement level:
    0	175450
    1	38488
    2	644892
    3	110256
    4	6557316

Introducing baffles to block off problem cells
----------------------------------------------

markFacesOnProblemCells : marked 211402 additional internal faces to be converted into baffles.
Analyzed problem cells in = 15.53 s


Introducing baffles to delete problem cells.

Edge intersection testing:
    Number of edges             : 23159910
    Number of edges to retest   : 680218
    Number of intersected edges : 247408
Created baffles in = 14.35 s


After introducing baffles : cells:7526402  faces:23159910  points:7771614
Cells per refinement level:
    0	175450
    1	38488
    2	644892
    3	110256
    4	6557316
Setting cellZones according to locationsInMesh:
Location : (0 0 0)
    cellZone : none

For cellZone none found point (0 0 0) in global region 0 out of 102211 regions.
Edge intersection testing:
    Number of edges             : 23159910
    Number of edges to retest   : 915025
    Number of intersected edges : 247408

Remove unreachable sections of mesh
-----------------------------------

Keeping all cells containing points 1((0 0 0))
Selected for keeping : 7395392 cells.
Edge intersection testing:
    Number of edges             : 22433719
    Number of edges to retest   : 0
    Number of intersected edges : 119480
Split mesh in = 34.97 s


After subsetting : cells:7395392  faces:22433719  points:7643029
Cells per refinement level:
    0	175450
    1	38488
    2	644892
    3	110256
    4	6426306

Introducing zones for interfaces
--------------------------------

Setting cellZones according to locationsInMesh:
Location : (0 0 0)
    cellZone : none

For cellZone none found point (0 0 0) in global region 0 out of 1 regions.
Setting faceZones according to neighbouring cellZones:

Edge intersection testing:
    Number of edges             : 22433719
    Number of edges to retest   : 0
    Number of intersected edges : 119480

Handling cells with snap problems
---------------------------------

Introducing baffles for 119480 faces that are intersected by the surface.

Setting cellZones according to locationsInMesh:
Location : (0 0 0)
    cellZone : none

For cellZone none found point (0 0 0) in global region 0 out of 1 regions.
Edge intersection testing:
    Number of edges             : 22433719
    Number of edges to retest   : 392669
    Number of intersected edges : 119480
Created baffles in = 32.99 s


After introducing baffles : cells:7395392  faces:22433719  points:7643029
Cells per refinement level:
    0	175450
    1	38488
    2	644892
    3	110256
    4	6426306

Introducing baffles to block off problem cells
----------------------------------------------

markFacesOnProblemCells : marked 0 additional internal faces to be converted into baffles.
Analyzed problem cells in = 15.18 s


Introducing baffles to delete problem cells.

Created baffles in = 2.59 s


After introducing baffles : cells:7395392  faces:22433719  points:7643029
Cells per refinement level:
    0	175450
    1	38488
    2	644892
    3	110256
    4	6426306
Setting cellZones according to locationsInMesh:
Location : (0 0 0)
    cellZone : none

For cellZone none found point (0 0 0) in global region 0 out of 1 regions.
Edge intersection testing:
    Number of edges             : 22433719
    Number of edges to retest   : 392669
    Number of intersected edges : 119480

Remove unreachable sections of mesh
-----------------------------------

Split mesh in = 22.83 s


After subsetting : cells:7395392  faces:22433719  points:7643029
Cells per refinement level:
    0	175450
    1	38488
    2	644892
    3	110256
    4	6426306

Merge free-standing baffles
---------------------------

freeStandingBaffles : detected 181 free-standing baffles out of 185

freeStandingBaffles : detected 25 planar (within 30 degrees) free-standing baffles out of 181

Detected free-standing baffles : 25
Edge intersection testing:
    Number of edges             : 22433694
    Number of edges to retest   : 25
    Number of intersected edges : 119455

Introducing baffles to block off problem cells
----------------------------------------------

markFacesOnProblemCells : marked 0 additional internal faces to be converted into baffles.
Analyzed problem cells in = 29.06 s


Introducing baffles to delete problem cells.

Created baffles in = 1.83 s


After introducing baffles : cells:7395392  faces:22433694  points:7643029
Cells per refinement level:
    0	175450
    1	38488
    2	644892
    3	110256
    4	6426306

Remove unreachable sections of mesh
-----------------------------------

Merged free-standing baffles in = 5.48 s


dupNonManifoldPoints : Found : 200 non-manifold points (out of 7643029)
Edge intersection testing:
    Number of edges             : 22433694
    Number of edges to retest   : 0
    Number of intersected edges : 119455
Detected unsplittable baffles : 2
Edge intersection testing:
    Number of edges             : 22433692
    Number of edges to retest   : 2
    Number of intersected edges : 119453
Merged free-standing baffles in = 26.62 s.

Merge refined boundary faces
----------------------------

Merging 0 sets of faces.

No faces merged ...

Merging all points on surface that
- are used by only two boundary faces and
- make an angle with a cosine of more than 0.707107.

No straight edges simplified and no points removed ...
Refined mesh : cells:7395392  faces:22433692  points:7643229
Cells per refinement level:
    0	175450
    1	38488
    2	644892
    3	110256
    4	6426306
Writing mesh to time constant
Wrote mesh in = 30.27 s.
Mesh refined in = 321.49 s.

Morphing phase
--------------

Duplicating 0 points on faceZones of type boundary
Constructing mesh displacer ...
Using mesh parameters 
{
    maxNonOrtho     65;
    maxBoundarySkewness 20;
    maxInternalSkewness 4;
    maxConcave      80;
    minVol          1e-13;
    minTetQuality   1e-09;
    minArea         -1;
    minTwist        0.02;
    minDeterminant  0.001;
    minFaceWeight   0.02;
    minVolRatio     0.01;
    minTriangleTwist -1;
    nSmoothScale    4;
    errorReduction  0.75;
    relaxed
    {
        maxNonOrtho     65;
        maxBoundarySkewness 20;
        maxInternalSkewness 4;
        maxConcave      80;
        minVol          1e-13;
        minTetQuality   1e-09;
    }
}


Checking initial mesh ...
Checking faces in error :
    non-orthogonality > 65  degrees                        : 0
    faces with face pyramid volume < 1e-13                 : 0
    faces with face-decomposition tet quality < 1e-09      : 0
    faces with concavity > 80  degrees                     : 0
    faces with skewness > 4   (internal) or 20  (boundary) : 0
    faces with interpolation weights (0..1)  < 0.02        : 0
    faces with volume ratio of neighbour cells < 0.01      : 0
    faces with face twist < 0.02                           : 0
    faces on cells with determinant < 0.001                : 0
Detected 0 illegal faces (concave, zero area or negative cell pyramid volume)
Checked initial mesh in = 21.17 s


Smoothing patch points ...
Smoothing iteration 0
Found 400 non-manifold point(s).

Scaling iteration 0
Moving mesh using displacement scaling : min:1  max:1
Checking faces in error :
    non-orthogonality > 65  degrees                        : 0
    faces with face pyramid volume < 1e-13                 : 0
    faces with face-decomposition tet quality < 1e-09      : 0
    faces with concavity > 80  degrees                     : 0
    faces with skewness > 4   (internal) or 20  (boundary) : 0
    faces with interpolation weights (0..1)  < 0.02        : 0
    faces with volume ratio of neighbour cells < 0.01      : 0
    faces with face twist < 0.02                           : 0
    faces on cells with determinant < 0.001                : 0
Successfully moved mesh

Smoothing iteration 1
Found 0 non-manifold point(s).

Scaling iteration 0
Moving mesh using displacement scaling : min:1  max:1
Checking faces in error :
    non-orthogonality > 65  degrees                        : 0
    faces with face pyramid volume < 1e-13                 : 0
    faces with face-decomposition tet quality < 1e-09      : 0
    faces with concavity > 80  degrees                     : 0
    faces with skewness > 4   (internal) or 20  (boundary) : 0
    faces with interpolation weights (0..1)  < 0.02        : 0
    faces with volume ratio of neighbour cells < 0.01      : 0
    faces with face twist < 0.02                           : 0
    faces on cells with determinant < 0.001                : 0
Successfully moved mesh

Smoothing iteration 2
Found 0 non-manifold point(s).

Scaling iteration 0
Moving mesh using displacement scaling : min:1  max:1
Checking faces in error :
    non-orthogonality > 65  degrees                        : 0
    faces with face pyramid volume < 1e-13                 : 0
    faces with face-decomposition tet quality < 1e-09      : 0
    faces with concavity > 80  degrees                     : 0
    faces with skewness > 4   (internal) or 20  (boundary) : 0
    faces with interpolation weights (0..1)  < 0.02        : 0
    faces with volume ratio of neighbour cells < 0.01      : 0
    faces with face twist < 0.02                           : 0
    faces on cells with determinant < 0.001                : 0
Successfully moved mesh

Patch points smoothed in = 87.61 s



Morph iteration 0
-----------------
Calculating patchDisplacement as distance to nearest surface point ...
    non-zone points : attract to nearest of all non-zone surfaces
    zone points     : attract to zone surface only

Wanted displacement : average:0.00337655 min:1.18815e-07 max:0.0169996
Calculated surface displacement in = 0.54 s


Detecting near surfaces ...
Overriding nearest with intersection of close gaps at 62 out of 121284 points.
--> FOAM Warning : Displacement (-0.000133747 0.000239959 -2.11411e-05) at mesh point 439026 coord (2.42063 0.748531 0.28914) points through the surrounding patch faces
Smoothing displacement ...
Iteration 0
Iteration 10
Iteration 20
Displacement smoothed in = 42.08 s


Moving mesh ...

Iteration 0
Moving mesh using displacement scaling : min:1  max:1
Checking faces in error :
    non-orthogonality > 65  degrees                        : 0
    faces with face pyramid volume < 1e-13                 : 30
    faces with face-decomposition tet quality < 1e-09      : 130
    faces with concavity > 80  degrees                     : 0
    faces with skewness > 4   (internal) or 20  (boundary) : 0
    faces with interpolation weights (0..1)  < 0.02        : 0
    faces with volume ratio of neighbour cells < 0.01      : 0
    faces with face twist < 0.02                           : 14
    faces on cells with determinant < 0.001                : 0

Iteration 1
Moving mesh using displacement scaling : min:0.75  max:1
Checking faces in error :
    non-orthogonality > 65  degrees                        : 0
    faces with face pyramid volume < 1e-13                 : 0
    faces with face-decomposition tet quality < 1e-09      : 18
    faces with concavity > 80  degrees                     : 0
    faces with skewness > 4   (internal) or 20  (boundary) : 0
    faces with interpolation weights (0..1)  < 0.02        : 0
    faces with volume ratio of neighbour cells < 0.01      : 0
    faces with face twist < 0.02                           : 6
    faces on cells with determinant < 0.001                : 0

Iteration 2
Moving mesh using displacement scaling : min:0.5625  max:1
Checking faces in error :
    non-orthogonality > 65  degrees                        : 0
    faces with face pyramid volume < 1e-13                 : 0
    faces with face-decomposition tet quality < 1e-09      : 0
    faces with concavity > 80  degrees                     : 0
    faces with skewness > 4   (internal) or 20  (boundary) : 0
    faces with interpolation weights (0..1)  < 0.02        : 0
    faces with volume ratio of neighbour cells < 0.01      : 0
    faces with face twist < 0.02                           : 0
    faces on cells with determinant < 0.001                : 0
Successfully moved mesh
Moved mesh in = 47.68 s


Repatching faces according to nearest surface ...
Repatched 0 faces in = 1.37 s


Edge intersection testing:
    Number of edges             : 22433692
    Number of edges to retest   : 891361
    Number of intersected edges : 119296
Merging 23148 sets of faces.

Edge intersection testing:
    Number of edges             : 22404470
    Number of edges to retest   : 93178
    Number of intersected edges : 90820

Undo iteration 0
----------------
Checking faces in error :
    non-orthogonality > 65  degrees                        : 0
    faces with face pyramid volume < 1e-13                 : 0
    faces with face-decomposition tet quality < 1e-09      : 0
    faces with concavity > 80  degrees                     : 0
    faces with skewness > 4   (internal) or 20  (boundary) : 0
    faces with interpolation weights (0..1)  < 0.02        : 0
    faces with volume ratio of neighbour cells < 0.01      : 0
    faces with face twist < 0.02                           : 0
    faces on cells with determinant < 0.001                : 0

Merging all points on surface that
- are used by only two boundary faces and
- make an angle with a cosine of more than 0.866025.

Removing 16526 straight edge points ...

Edge intersection testing:
    Number of edges             : 22404470
    Number of edges to retest   : 83438
    Number of intersected edges : 90814

Undo iteration 0
----------------
Checking faces in error :
    non-orthogonality > 65  degrees                        : 0
    faces with face pyramid volume < 1e-13                 : 0
    faces with face-decomposition tet quality < 1e-09      : 0
    faces with concavity > 80  degrees                     : 0
    faces with skewness > 4   (internal) or 20  (boundary) : 0
    faces with interpolation weights (0..1)  < 0.02        : 0
    faces with volume ratio of neighbour cells < 0.01      : 0
    faces with face twist < 0.02                           : 0
    faces on cells with determinant < 0.001                : 0
Snapped mesh : cells:7395392  faces:22404470  points:7620629
Cells per refinement level:
    0	175450
    1	38488
    2	644892
    3	110256
    4	6426306
Writing mesh to time constant
Wrote mesh in = 112.26 s.
Mesh snapped in = 312.71 s.
Layer specification as
- final layer thickness ('finalLayerThickness')
- expansion ratio ('expansionRatio')

Shrinking and layer addition phase
----------------------------------

Using mesh parameters 
{
    maxNonOrtho     65;
    maxBoundarySkewness 20;
    maxInternalSkewness 4;
    maxConcave      80;
    minVol          1e-13;
    minTetQuality   1e-09;
    minArea         -1;
    minTwist        0.02;
    minDeterminant  0.001;
    minFaceWeight   0.02;
    minVolRatio     0.01;
    minTriangleTwist -1;
    nSmoothScale    4;
    errorReduction  0.75;
    relaxed
    {
        maxNonOrtho     65;
        maxBoundarySkewness 20;
        maxInternalSkewness 4;
        maxConcave      80;
        minVol          1e-13;
        minTetQuality   1e-09;
    }
}



Merging all faces of a cell
---------------------------
    - which are on the same patch
    - which make an angle < 180 degrees (cos:-1)
    - as long as the resulting face doesn't become concave by more than 90 degrees
      (0=straight, 180=fully concave)

Merging 1226 sets of faces.

Edge intersection testing:
    Number of edges             : 22402962
    Number of edges to retest   : 5214
    Number of intersected edges : 89172

Undo iteration 0
----------------
Checking faces in error :
    non-orthogonality > 65  degrees                        : 0
    faces with face pyramid volume < 1e-13                 : 0
    faces with face-decomposition tet quality < 1e-09      : 2
    faces with concavity > 80  degrees                     : 2
    faces with skewness > 4   (internal) or 20  (boundary) : 0
    faces with interpolation weights (0..1)  < 0.02        : 0
    faces with volume ratio of neighbour cells < 0.01      : 0
    faces with face twist < 0.02                           : 0
    faces on cells with determinant < 0.001                : 0
Masters that need to be restored:4
Edge intersection testing:
    Number of edges             : 22402966
    Number of edges to retest   : 24
    Number of intersected edges : 89176


Undo iteration 1
----------------
Checking faces in error :
    non-orthogonality > 65  degrees                        : 0
    faces with face pyramid volume < 1e-13                 : 0
