/*---------------------------------------------------------------------------*\
| =========                 |                                                 |
| \\      /  F ield         | OpenFOAM: The Open Source CFD Toolbox           |
|  \\    /   O peration     | Version:  2112                                  |
|   \\  /    A nd           | Website:  www.openfoam.com                      |
|    \\/     M anipulation  |                                                 |
\*---------------------------------------------------------------------------*/
Build  : _14aeaf8dab-20211220 OPENFOAM=2112 version=v2112
Arch   : "LSB;label=32;scalar=64"
Exec   : checkMesh
Date   : Aug 03 2025
Time   : 19:15:13
Host   : cr2cn119
PID    : 2528045
I/O    : uncollated
Case   : /mnt/beegfs/home/nataliadenton.denton/CFD_IRP_McLaren_2024-2025/src/Openfoam/AeroSUV
nProcs : 1
trapFpe: Floating point exception trapping enabled (FOAM_SIGFPE).
fileModificationChecking : Monitoring run-time modified files using timeStampMaster (fileModificationSkew 5, maxFileModificationPolls 20)
allowSystemOperations : Allowing user-supplied system call operations

// * * * * * * * * * * * * * * * * * * * * * * * * * * * * * * * * * * * * * //
Create time

--> FOAM Warning : 
    From static Foam::IOstreamOption::compressionType Foam::IOstreamOption::compressionEnum(const Foam::word&, Foam::IOstreamOption::compressionType)
    in file db/IOstreams/IOstreams/IOstreamOption.C at line 115
    Unknown compression specifier 'uncompressed', using compression off
Create mesh for time = 0

Time = 0

Mesh stats
    points:           5169473
    faces:            14975582
    internal faces:   14730931
    cells:            4907931
    faces per cell:   6.05276
    boundary patches: 7
    point zones:      0
    face zones:       0
    cell zones:       0

Overall number of cells of each type:
    hexahedra:     4726114
    prisms:        15434
    wedges:        0
    pyramids:      0
    tet wedges:    433
    tetrahedra:    22
    polyhedra:     165928
    Breakdown of polyhedra by number of faces:
        faces   number of cells
            4   10530
            5   6610
            6   13692
            7   51822
            8   14881
            9   63422
           10   1167
           11   230
           12   2382
           13   36
           14   37
           15   993
           16   6
           17   4
           18   116

Checking topology...
    Boundary definition OK.
    Cell to face addressing OK.
    Point usage OK.
    Upper triangular ordering OK.
    Face vertices OK.
    Number of regions: 1 (OK).

Checking patch topology for multiply connected surfaces...
                   Patch    Faces   Points                  Surface topology
                   inlet     1400     1479  ok (non-closed singly connected)
                  outlet     1400     1479  ok (non-closed singly connected)
                  bottom    97896    99150  ok (non-closed singly connected)
                     top    14800    15147  ok (non-closed singly connected)
                   front     8288     8613  ok (non-closed singly connected)
                    back     8288     8613  ok (non-closed singly connected)
                Geometry   112579   122454  ok (non-closed singly connected)

Checking faceZone topology for multiply connected surfaces...
    No faceZones found.

Checking basic cellZone addressing...
    No cellZones found.

Checking geometry...
    Overall domain bounding box (-23.933 -6.14298 -0.0239946) (50.0031 6.14298 5.6015)
    Mesh has 3 geometric (non-empty/wedge) directions (1 1 1)
    Mesh has 3 solution (non-empty) directions (1 1 1)
    Boundary openness (1.43985e-16 3.4976e-15 3.43282e-13) OK.
    Max cell openness = 5.38276e-16 OK.
    Max aspect ratio = 35.1802 OK.
    Minimum face area = 3.19937e-06. Maximum face area = 0.0674944.  Face area magnitudes OK.
    Min volume = 2.60374e-08. Max volume = 0.0158791.  Total volume = 5102.34.  Cell volumes OK.
    Mesh non-orthogonality Max: 64.739 average: 5.43509
    Non-orthogonality check OK.
    Face pyramids OK.
 ***Max skewness = 8.19136, 20 highly skew faces detected which may impair the quality of the results
  <<Writing 20 skew faces to set skewFaces
    Coupled point location match (average 0) OK.

Failed 1 mesh checks.

End

