/*---------------------------------------------------------------------------*\
| =========                 |                                                 |
| \\      /  F ield         | OpenFOAM: The Open Source CFD Toolbox           |
|  \\    /   O peration     | Version:  2112                                  |
|   \\  /    A nd           | Website:  www.openfoam.com                      |
|    \\/     M anipulation  |                                                 |
\*---------------------------------------------------------------------------*/
Build  : _14aeaf8dab-20211220 OPENFOAM=2112 version=v2112
Arch   : "LSB;label=32;scalar=64"
Exec   : blockMesh
Date   : Aug 04 2025
Time   : 16:05:53
Host   : cr2cn119
PID    : 2558385
I/O    : uncollated
Case   : /mnt/beegfs/home/nataliadenton.denton/CFD_IRP_McLaren_2024-2025/src/Openfoam/unitCubecoarse
nProcs : 1
trapFpe: Floating point exception trapping enabled (FOAM_SIGFPE).
fileModificationChecking : Monitoring run-time modified files using timeStampMaster (fileModificationSkew 5, maxFileModificationPolls 20)
allowSystemOperations : Allowing user-supplied system call operations

// * * * * * * * * * * * * * * * * * * * * * * * * * * * * * * * * * * * * * //
Create time

--> FOAM Warning : 
    From static Foam::IOstreamOption::compressionType Foam::IOstreamOption::compressionEnum(const Foam::word&, Foam::IOstreamOption::compressionType)
    in file db/IOstreams/IOstreams/IOstreamOption.C at line 115
    Unknown compression specifier 'uncompressed', using compression off
Creating block mesh from "system/blockMeshDict"
Creating block edges
No non-planar block faces defined
Creating topology blocks

Creating topology patches - from boundary section

Creating block mesh topology

Check topology

	Basic statistics
		Number of internal faces : 0
		Number of boundary faces : 6
		Number of defined boundary faces : 6
		Number of undefined boundary faces : 0
	Checking patch -> block consistency

Creating block offsets
Creating merge list (topological search)...
Deleting polyMesh directory "constant/polyMesh"

Creating polyMesh from blockMesh
Creating patches
Creating cells
Creating points with scale (1 1 1)
    Block 0 cell size :
        i : 0.347826 .. 0.347826
        j : 0.333333 .. 0.333333
        k : 0.35 .. 0.35


There are no merge patch pairs

Writing polyMesh with 0 cellZones
----------------
Mesh Information
----------------
  boundingBox: (-5 -2.5 0) (11 3.5 3.5)
  nPoints: 9823
  nCells: 8280
  nFaces: 26308
  nInternalFaces: 23372
----------------
Patches
----------------
  patch 0 (start: 23372 size: 180) name: inlet
  patch 1 (start: 23552 size: 180) name: outlet
  patch 2 (start: 23732 size: 828) name: bottom
  patch 3 (start: 24560 size: 828) name: top
  patch 4 (start: 25388 size: 460) name: front
  patch 5 (start: 25848 size: 460) name: back

End

