/*---------------------------------------------------------------------------*\
| =========                 |                                                 |
| \\      /  F ield         | OpenFOAM: The Open Source CFD Toolbox           |
|  \\    /   O peration     | Version:  2112                                  |
|   \\  /    A nd           | Website:  www.openfoam.com                      |
|    \\/     M anipulation  |                                                 |
\*---------------------------------------------------------------------------*/
Build  : _14aeaf8dab-20211220 OPENFOAM=2112 version=v2112
Arch   : "LSB;label=32;scalar=64"
Exec   : checkMesh
Date   : Aug 04 2025
Time   : 16:06:21
Host   : cr2cn119
PID    : 2558457
I/O    : uncollated
Case   : /mnt/beegfs/home/nataliadenton.denton/CFD_IRP_McLaren_2024-2025/src/Openfoam/unitCubecoarse
nProcs : 1
trapFpe: Floating point exception trapping enabled (FOAM_SIGFPE).
fileModificationChecking : Monitoring run-time modified files using timeStampMaster (fileModificationSkew 5, maxFileModificationPolls 20)
allowSystemOperations : Allowing user-supplied system call operations

// * * * * * * * * * * * * * * * * * * * * * * * * * * * * * * * * * * * * * //
Create time

--> FOAM Warning : 
    From static Foam::IOstreamOption::compressionType Foam::IOstreamOption::compressionEnum(const Foam::word&, Foam::IOstreamOption::compressionType)
    in file db/IOstreams/IOstreams/IOstreamOption.C at line 115
    Unknown compression specifier 'uncompressed', using compression off
Create mesh for time = 0

Time = 0

Mesh stats
    points:           133059
    faces:            362973
    internal faces:   351575
    cells:            115163
    faces per cell:   6.20467
    boundary patches: 7
    point zones:      0
    face zones:       0
    cell zones:       0

Overall number of cells of each type:
    hexahedra:     102968
    prisms:        0
    wedges:        0
    pyramids:      0
    tet wedges:    0
    tetrahedra:    0
    polyhedra:     12195
    Breakdown of polyhedra by number of faces:
        faces   number of cells
            6   2039
            7   3904
            8   872
            9   4813
           10   12
           12   520
           15   35

Checking topology...
    Boundary definition OK.
    Cell to face addressing OK.
    Point usage OK.
    Upper triangular ordering OK.
    Face vertices OK.
    Number of regions: 1 (OK).

Checking patch topology for multiply connected surfaces...
                   Patch    Faces   Points                  Surface topology
                   inlet      180      209  ok (non-closed singly connected)
                  outlet      180      209  ok (non-closed singly connected)
                  bottom     3960     4295  ok (non-closed singly connected)
                     top      828      893  ok (non-closed singly connected)
                   front      460      517  ok (non-closed singly connected)
                    back      460      517  ok (non-closed singly connected)
                Geometry     5330     5617  ok (non-closed singly connected)

Checking faceZone topology for multiply connected surfaces...
    No faceZones found.

Checking basic cellZone addressing...
    No cellZones found.

Checking geometry...
    Overall domain bounding box (-5 -2.5 0) (11 3.5 3.5)
    Mesh has 3 geometric (non-empty/wedge) directions (1 1 1)
    Mesh has 3 solution (non-empty) directions (1 1 1)
    Boundary openness (1.28913e-17 -3.98758e-16 -8.79044e-15) OK.
    Max cell openness = 5.04372e-16 OK.
    Max aspect ratio = 28.5834 OK.
    Minimum face area = 1.83387e-05. Maximum face area = 0.123441.  Face area magnitudes OK.
    Min volume = 3.98341e-07. Max volume = 0.0413342.  Total volume = 335.  Cell volumes OK.
    Mesh non-orthogonality Max: 60.5448 average: 8.26686
    Non-orthogonality check OK.
    Face pyramids OK.
    Max skewness = 1.8433 OK.
    Coupled point location match (average 0) OK.

Mesh OK.

End

