/*---------------------------------------------------------------------------*\
| =========                 |                                                 |
| \\      /  F ield         | OpenFOAM: The Open Source CFD Toolbox           |
|  \\    /   O peration     | Version:  2112                                  |
|   \\  /    A nd           | Website:  www.openfoam.com                      |
|    \\/     M anipulation  |                                                 |
\*---------------------------------------------------------------------------*/
Build  : _14aeaf8dab-20211220 OPENFOAM=2112 version=v2112
Arch   : "LSB;label=32;scalar=64"
Exec   : snappyHexMesh -overwrite
Date   : Aug 04 2025
Time   : 16:05:55
Host   : cr2cn119
PID    : 2558389
I/O    : uncollated
Case   : /mnt/beegfs/home/nataliadenton.denton/CFD_IRP_McLaren_2024-2025/src/Openfoam/unitCubecoarse
nProcs : 1
trapFpe: Floating point exception trapping enabled (FOAM_SIGFPE).
fileModificationChecking : Monitoring run-time modified files using timeStampMaster (fileModificationSkew 5, maxFileModificationPolls 20)
allowSystemOperations : Allowing user-supplied system call operations

// * * * * * * * * * * * * * * * * * * * * * * * * * * * * * * * * * * * * * //
Create time

--> FOAM Warning : 
    From static Foam::IOstreamOption::compressionType Foam::IOstreamOption::compressionEnum(const Foam::word&, Foam::IOstreamOption::compressionType)
    in file db/IOstreams/IOstreams/IOstreamOption.C at line 115
    Unknown compression specifier 'uncompressed', using compression off
Create mesh for time = 0

Read mesh in = 0.05 s

Overall mesh bounding box  : (-5 -2.5 0) (11 3.5 3.5)
Relative tolerance         : 1e-06
Absolute matching distance : 1.74428e-05

Reading refinement surfaces.
Read refinement surfaces in = 0 s

Reading refinement shells.
Refinement level 2 for all cells inside refinementBox
Refinement level 3 for all cells inside refinementBox2
Read refinement shells in = 0 s

Setting refinement level of surface to be consistent with shells.
For geometry Geometry detected 0 uncached triangles out of 12
Checked shell refinement in = 0 s

Reading features.
Read features in = 0 s


Determining initial surface intersections
-----------------------------------------

Edge intersection testing:
    Number of edges             : 26308
    Number of edges to retest   : 0
    Number of intersected edges : 0
Edge intersection testing:
    Number of edges             : 26308
    Number of edges to retest   : 26308
    Number of intersected edges : 78
Calculated surface intersections in = 0.04 s

Initial mesh : cells:8280  faces:26308  points:9823
Cells per refinement level:
    0	8280

Adding patches for surface regions
----------------------------------

Patch Type                Region                        
----- ----                ------                        
Geometry:

6     wall                Geometry                      

Added patches in = 0 s

Edge intersection testing:
    Number of edges             : 26308
    Number of edges to retest   : 0
    Number of intersected edges : 78
Decomposition method none [1]

Refinement phase
----------------

Found point (5 0 0) in cell 350 on processor 0

Surface refinement iteration 0
------------------------------

Marked for refinement due to surface intersection          : 81 cells.
Marked for refinement due to curvature/regions             : 0 cells.
Determined cells to refine in = 0.01 s
Selected for refinement : 81 cells (out of 8280)
Edge intersection testing:
    Number of edges             : 28198
    Number of edges to retest   : 2471
    Number of intersected edges : 244
Refined mesh in = 0.04 s
After refinement surface refinement iteration 0 : cells:8847  faces:28198  points:10594
Cells per refinement level:
    0	8199
    1	648

Surface refinement iteration 1
------------------------------

Marked for refinement due to surface intersection          : 328 cells.
Marked for refinement due to curvature/regions             : 0 cells.
Determined cells to refine in = 0 s
Selected for refinement : 343 cells (out of 8847)
Edge intersection testing:
    Number of edges             : 36043
    Number of edges to retest   : 9904
    Number of intersected edges : 949
Refined mesh in = 0.04 s
After refinement surface refinement iteration 1 : cells:11248  faces:36043  points:13650
Cells per refinement level:
    0	8175
    1	521
    2	2552

Surface refinement iteration 2
------------------------------

Marked for refinement due to surface intersection          : 1396 cells.
Marked for refinement due to curvature/regions             : 0 cells.
Determined cells to refine in = 0 s
Selected for refinement : 1464 cells (out of 11248)
Edge intersection testing:
    Number of edges             : 69163
    Number of edges to retest   : 41742
    Number of intersected edges : 3153
Refined mesh in = 0.11 s
After refinement surface refinement iteration 2 : cells:21496  faces:69163  points:26288
Cells per refinement level:
    0	8164
    1	521
    2	1891
    3	10920

Surface refinement iteration 3
------------------------------

Marked for refinement due to surface intersection          : 121 cells.
Marked for refinement due to curvature/regions             : 356 cells.
Determined cells to refine in = 0.01 s
Selected for refinement : 531 cells (out of 21496)
Edge intersection testing:
    Number of edges             : 82225
    Number of edges to retest   : 21427
    Number of intersected edges : 4598
Refined mesh in = 0.11 s
After refinement surface refinement iteration 3 : cells:25213  faces:82225  points:32152
Cells per refinement level:
    0	8157
    1	559
    2	1885
    3	11764
    4	2848

Surface refinement iteration 4
------------------------------

Marked for refinement due to surface intersection          : 5 cells.
Marked for refinement due to curvature/regions             : 64 cells.
Determined cells to refine in = 0.01 s
Selected for refinement : 79 cells (out of 25213)
Edge intersection testing:
    Number of edges             : 84175
    Number of edges to retest   : 4291
    Number of intersected edges : 4940
Refined mesh in = 0.09 s
After refinement surface refinement iteration 4 : cells:25766  faces:84175  points:33020
Cells per refinement level:
    0	8156
    1	564
    2	1898
    3	11788
    4	3360

Surface refinement iteration 5
------------------------------

Marked for refinement due to surface intersection          : 0 cells.
Marked for refinement due to curvature/regions             : 0 cells.
Determined cells to refine in = 0.02 s
Selected for refinement : 0 cells (out of 25766)
Stopping refining since too few cells selected.


Removing mesh beyond surface intersections
------------------------------------------

Setting cellZones according to locationsInMesh:
Location : (5 0 0)
    cellZone : none

For cellZone none found point (5 0 0) in global region 0 out of 2 regions.
Keeping all cells containing inside points
Selected for keeping : 25766 cells.
Edge intersection testing:
    Number of edges             : 84175
    Number of edges to retest   : 0
    Number of intersected edges : 4940
Setting cellZones according to locationsInMesh:
Location : (5 0 0)
    cellZone : none

For cellZone none found point (5 0 0) in global region 0 out of 2 regions.
Keeping all cells containing inside points
Selected for keeping : 21315 cells.
Edge intersection testing:
    Number of edges             : 72342
    Number of edges to retest   : 4864
    Number of intersected edges : 4940

Shell refinement iteration 0
----------------------------

Marked for refinement due to distance to explicit features : 0 cells.
Marked for refinement due to refinement shells             : 2149 cells.
Determined cells to refine in = 0.2 s
Selected for internal refinement : 3026 cells (out of 21315)
Edge intersection testing:
    Number of edges             : 138915
    Number of edges to retest   : 102439
    Number of intersected edges : 5705
Refined mesh in = 0.23 s
After refinement shell refinement iteration 0 : cells:42497  faces:138915  points:53843
Cells per refinement level:
    0	7693
    1	3704
    2	4368
    3	17628
    4	9104

Shell refinement iteration 1
----------------------------

Marked for refinement due to distance to explicit features : 0 cells.
Marked for refinement due to refinement shells             : 3996 cells.
Determined cells to refine in = 0.02 s
Selected for internal refinement : 5024 cells (out of 42497)
Edge intersection testing:
    Number of edges             : 247974
    Number of edges to retest   : 153450
    Number of intersected edges : 6116
Refined mesh in = 0.37 s
After refinement shell refinement iteration 1 : cells:77665  faces:247974  points:92588
Cells per refinement level:
    0	7371
    1	3292
    2	27264
    3	24986
    4	14752

Shell refinement iteration 2
----------------------------

Marked for refinement due to distance to explicit features : 0 cells.
Marked for refinement due to refinement shells             : 916 cells.
Determined cells to refine in = 0.06 s
Selected for internal refinement : 1161 cells (out of 77665)
Edge intersection testing:
    Number of edges             : 272892
    Number of edges to retest   : 47089
    Number of intersected edges : 6194
Refined mesh in = 0.32 s
After refinement shell refinement iteration 2 : cells:85792  faces:272892  points:101252
Cells per refinement level:
    0	7227
    1	4104
    2	29408
    3	29493
    4	15560

Shell refinement iteration 3
----------------------------

Marked for refinement due to distance to explicit features : 0 cells.
Marked for refinement due to refinement shells             : 0 cells.
Determined cells to refine in = 0.05 s
Selected for internal refinement : 79 cells (out of 85792)
Edge intersection testing:
    Number of edges             : 274623
    Number of edges to retest   : 5264
    Number of intersected edges : 6218
Refined mesh in = 0.3 s
After refinement shell refinement iteration 3 : cells:86345  faces:274623  points:101877
Cells per refinement level:
    0	7192
    1	4384
    2	29408
    3	29449
    4	15912

Shell refinement iteration 4
----------------------------

Marked for refinement due to distance to explicit features : 0 cells.
Marked for refinement due to refinement shells             : 0 cells.
Determined cells to refine in = 0.05 s
Selected for internal refinement : 44 cells (out of 86345)
Edge intersection testing:
    Number of edges             : 275619
    Number of edges to retest   : 2704
    Number of intersected edges : 6242
Refined mesh in = 0.29 s
After refinement shell refinement iteration 4 : cells:86653  faces:275619  points:102257
Cells per refinement level:
    0	7192
    1	4384
    2	29408
    3	29405
    4	16264

Shell refinement iteration 5
----------------------------

Marked for refinement due to distance to explicit features : 0 cells.
Marked for refinement due to refinement shells             : 0 cells.
Determined cells to refine in = 0.05 s
Selected for internal refinement : 44 cells (out of 86653)
Edge intersection testing:
    Number of edges             : 276615
    Number of edges to retest   : 2704
    Number of intersected edges : 6266
Refined mesh in = 0.27 s
After refinement shell refinement iteration 5 : cells:86961  faces:276615  points:102637
Cells per refinement level:
    0	7192
    1	4384
    2	29408
    3	29361
    4	16616

Shell refinement iteration 6
----------------------------

Marked for refinement due to distance to explicit features : 0 cells.
Marked for refinement due to refinement shells             : 0 cells.
Determined cells to refine in = 0.04 s
Selected for internal refinement : 44 cells (out of 86961)
Edge intersection testing:
    Number of edges             : 277611
    Number of edges to retest   : 2704
    Number of intersected edges : 6290
Refined mesh in = 0.26 s
After refinement shell refinement iteration 6 : cells:87269  faces:277611  points:103017
Cells per refinement level:
    0	7192
    1	4384
    2	29408
    3	29317
    4	16968

Shell refinement iteration 7
----------------------------

Marked for refinement due to distance to explicit features : 0 cells.
Marked for refinement due to refinement shells             : 0 cells.
Determined cells to refine in = 0.04 s
Selected for internal refinement : 44 cells (out of 87269)
Edge intersection testing:
    Number of edges             : 278607
    Number of edges to retest   : 2704
    Number of intersected edges : 6314
Refined mesh in = 0.29 s
After refinement shell refinement iteration 7 : cells:87577  faces:278607  points:103397
Cells per refinement level:
    0	7192
    1	4384
    2	29408
    3	29273
    4	17320

Shell refinement iteration 8
----------------------------

Marked for refinement due to distance to explicit features : 0 cells.
Marked for refinement due to refinement shells             : 0 cells.
Determined cells to refine in = 0.06 s
Selected for internal refinement : 44 cells (out of 87577)
Edge intersection testing:
    Number of edges             : 279603
    Number of edges to retest   : 2704
    Number of intersected edges : 6338
Refined mesh in = 0.38 s
After refinement shell refinement iteration 8 : cells:87885  faces:279603  points:103777
Cells per refinement level:
    0	7192
    1	4384
    2	29408
    3	29229
    4	17672

Shell refinement iteration 9
----------------------------

Marked for refinement due to distance to explicit features : 0 cells.
Marked for refinement due to refinement shells             : 0 cells.
Determined cells to refine in = 0.06 s
Selected for internal refinement : 44 cells (out of 87885)
Edge intersection testing:
    Number of edges             : 280599
    Number of edges to retest   : 2704
    Number of intersected edges : 6362
Refined mesh in = 0.29 s
After refinement shell refinement iteration 9 : cells:88193  faces:280599  points:104157
Cells per refinement level:
    0	7192
    1	4384
    2	29408
    3	29185
    4	18024

Shell refinement iteration 10
----------------------------

Marked for refinement due to distance to explicit features : 0 cells.
Marked for refinement due to refinement shells             : 0 cells.
Determined cells to refine in = 0.05 s
Selected for internal refinement : 44 cells (out of 88193)
Edge intersection testing:
    Number of edges             : 281595
    Number of edges to retest   : 2608
    Number of intersected edges : 6386
Refined mesh in = 0.28 s
After refinement shell refinement iteration 10 : cells:88501  faces:281595  points:104537
Cells per refinement level:
    0	7192
    1	4384
    2	29408
    3	29141
    4	18376

Shell refinement iteration 11
----------------------------

Marked for refinement due to distance to explicit features : 0 cells.
Marked for refinement due to refinement shells             : 0 cells.
Determined cells to refine in = 0.04 s
Selected for internal refinement : 30 cells (out of 88501)
Edge intersection testing:
    Number of edges             : 282231
    Number of edges to retest   : 1962
    Number of intersected edges : 6398
Refined mesh in = 0.3 s
After refinement shell refinement iteration 11 : cells:88711  faces:282231  points:104745
Cells per refinement level:
    0	7192
    1	4384
    2	29408
    3	29111
    4	18616

Shell refinement iteration 12
----------------------------

Marked for refinement due to distance to explicit features : 0 cells.
Marked for refinement due to refinement shells             : 0 cells.
Determined cells to refine in = 0.05 s
Selected for internal refinement : 8 cells (out of 88711)
Stopping refining since too few cells selected.


Dangling coarse cells refinement iteration 0
--------------------------------------------

Determined cells to refine in = 0.01 s
Selected for refinement : 0 cells (out of 88711)
Stopping refining since too few cells selected.


Dangling coarse cells refinement iteration 0
--------------------------------------------

Determined cells to refine in = 0.01 s
Selected for refinement : 0 cells (out of 88711)
Stopping refining since too few cells selected.


Refinement transition refinement iteration 0
--------------------------------------------

Determined cells to refine in = 0 s
Selected for refinement : 0 cells (out of 88711)
Stopping refining since too few cells selected.


Splitting mesh at surface intersections
---------------------------------------

Introducing baffles for 6398 faces that are intersected by the surface.

Setting cellZones according to locationsInMesh:
Location : (5 0 0)
    cellZone : none

For cellZone none found point (5 0 0) in global region 0 out of 2 regions.
Edge intersection testing:
    Number of edges             : 287561
    Number of edges to retest   : 47289
    Number of intersected edges : 11728
Created baffles in = 0.41 s


After introducing baffles : cells:88711  faces:287561  points:104745
Cells per refinement level:
    0	7192
    1	4384
    2	29408
    3	29111
    4	18616

Introducing baffles to block off problem cells
----------------------------------------------

markFacesOnProblemCells : marked 9927 additional internal faces to be converted into baffles.
Analyzed problem cells in = 0.24 s


Introducing baffles to delete problem cells.

Edge intersection testing:
    Number of edges             : 297488
    Number of edges to retest   : 37218
    Number of intersected edges : 11728
Created baffles in = 0.22 s


After introducing baffles : cells:88711  faces:297488  points:104745
Cells per refinement level:
    0	7192
    1	4384
    2	29408
    3	29111
    4	18616
Setting cellZones according to locationsInMesh:
Location : (5 0 0)
    cellZone : none

For cellZone none found point (5 0 0) in global region 0 out of 3909 regions.
Edge intersection testing:
    Number of edges             : 297488
    Number of edges to retest   : 56292
    Number of intersected edges : 11728

Remove unreachable sections of mesh
-----------------------------------

Keeping all cells containing points 1((5 0 0))
Selected for keeping : 80921 cells.
Edge intersection testing:
    Number of edges             : 257138
    Number of edges to retest   : 0
    Number of intersected edges : 5330
Split mesh in = 0.72 s


After subsetting : cells:80921  faces:257138  points:95749
Cells per refinement level:
    0	7192
    1	4384
    2	29408
    3	26889
    4	13048

Introducing zones for interfaces
--------------------------------

Setting cellZones according to locationsInMesh:
Location : (5 0 0)
    cellZone : none

For cellZone none found point (5 0 0) in global region 0 out of 1 regions.
Setting faceZones according to neighbouring cellZones:

Edge intersection testing:
    Number of edges             : 257138
    Number of edges to retest   : 0
    Number of intersected edges : 5330

Handling cells with snap problems
---------------------------------

Introducing baffles for 5330 faces that are intersected by the surface.

Setting cellZones according to locationsInMesh:
Location : (5 0 0)
    cellZone : none

For cellZone none found point (5 0 0) in global region 0 out of 1 regions.
Edge intersection testing:
    Number of edges             : 257138
    Number of edges to retest   : 22746
    Number of intersected edges : 5330
Created baffles in = 0.67 s


After introducing baffles : cells:80921  faces:257138  points:95749
Cells per refinement level:
    0	7192
    1	4384
    2	29408
    3	26889
    4	13048

Introducing baffles to block off problem cells
----------------------------------------------

markFacesOnProblemCells : marked 0 additional internal faces to be converted into baffles.
Analyzed problem cells in = 0.19 s


Introducing baffles to delete problem cells.

Created baffles in = 0.03 s


After introducing baffles : cells:80921  faces:257138  points:95749
Cells per refinement level:
    0	7192
    1	4384
    2	29408
    3	26889
    4	13048
Setting cellZones according to locationsInMesh:
Location : (5 0 0)
    cellZone : none

For cellZone none found point (5 0 0) in global region 0 out of 1 regions.
Edge intersection testing:
    Number of edges             : 257138
    Number of edges to retest   : 22746
    Number of intersected edges : 5330

Remove unreachable sections of mesh
-----------------------------------

Split mesh in = 0.37 s


After subsetting : cells:80921  faces:257138  points:95749
Cells per refinement level:
    0	7192
    1	4384
    2	29408
    3	26889
    4	13048

Merge free-standing baffles
---------------------------

freeStandingBaffles : detected 0 free-standing baffles out of 0

Detected free-standing baffles : 0
Merged free-standing baffles in = 0.07 s


dupNonManifoldPoints : Found : 0 non-manifold points (out of 95749)
Detected unsplittable baffles : 0

Merge refined boundary faces
----------------------------

Merging 0 sets of faces.

No faces merged ...

Merging all points on surface that
- are used by only two boundary faces and
- make an angle with a cosine of more than 0.707107.

No straight edges simplified and no points removed ...
Refined mesh : cells:80921  faces:257138  points:95749
Cells per refinement level:
    0	7192
    1	4384
    2	29408
    3	26889
    4	13048
Writing mesh to time constant
Wrote mesh in = 0.55 s.
Mesh refined in = 8.27 s.

Morphing phase
--------------

Duplicating 0 points on faceZones of type boundary
Constructing mesh displacer ...
Using mesh parameters 
{
    maxNonOrtho     65;
    maxBoundarySkewness 20;
    maxInternalSkewness 4;
    maxConcave      80;
    minVol          1e-13;
    minTetQuality   1e-09;
    minArea         -1;
    minTwist        0.02;
    minDeterminant  0.001;
    minFaceWeight   0.02;
    minVolRatio     0.01;
    minTriangleTwist -1;
    nSmoothScale    4;
    errorReduction  0.75;
    relaxed
    {
        maxNonOrtho     65;
        maxBoundarySkewness 20;
        maxInternalSkewness 4;
        maxConcave      80;
        minVol          1e-13;
        minTetQuality   1e-09;
    }
}


Checking initial mesh ...
Checking faces in error :
    non-orthogonality > 65  degrees                        : 0
    faces with face pyramid volume < 1e-13                 : 0
    faces with face-decomposition tet quality < 1e-09      : 0
    faces with concavity > 80  degrees                     : 0
    faces with skewness > 4   (internal) or 20  (boundary) : 0
    faces with interpolation weights (0..1)  < 0.02        : 0
    faces with volume ratio of neighbour cells < 0.01      : 0
    faces with face twist < 0.02                           : 0
    faces on cells with determinant < 0.001                : 0
Detected 0 illegal faces (concave, zero area or negative cell pyramid volume)
Checked initial mesh in = 0.34 s


Smoothing patch points ...
Smoothing iteration 0
Found 0 non-manifold point(s).

Scaling iteration 0
Moving mesh using displacement scaling : min:1  max:1
Checking faces in error :
    non-orthogonality > 65  degrees                        : 0
    faces with face pyramid volume < 1e-13                 : 0
    faces with face-decomposition tet quality < 1e-09      : 0
    faces with concavity > 80  degrees                     : 0
    faces with skewness > 4   (internal) or 20  (boundary) : 0
    faces with interpolation weights (0..1)  < 0.02        : 0
    faces with volume ratio of neighbour cells < 0.01      : 0
    faces with face twist < 0.02                           : 0
    faces on cells with determinant < 0.001                : 0
Successfully moved mesh

Smoothing iteration 1
Found 0 non-manifold point(s).

Scaling iteration 0
Moving mesh using displacement scaling : min:1  max:1
Checking faces in error :
    non-orthogonality > 65  degrees                        : 0
    faces with face pyramid volume < 1e-13                 : 0
    faces with face-decomposition tet quality < 1e-09      : 0
    faces with concavity > 80  degrees                     : 0
    faces with skewness > 4   (internal) or 20  (boundary) : 0
    faces with interpolation weights (0..1)  < 0.02        : 0
    faces with volume ratio of neighbour cells < 0.01      : 0
    faces with face twist < 0.02                           : 0
    faces on cells with determinant < 0.001                : 0
Successfully moved mesh

Smoothing iteration 2
Found 0 non-manifold point(s).

Scaling iteration 0
Moving mesh using displacement scaling : min:1  max:1
Checking faces in error :
    non-orthogonality > 65  degrees                        : 0
    faces with face pyramid volume < 1e-13                 : 0
    faces with face-decomposition tet quality < 1e-09      : 0
    faces with concavity > 80  degrees                     : 0
    faces with skewness > 4   (internal) or 20  (boundary) : 0
    faces with interpolation weights (0..1)  < 0.02        : 0
    faces with volume ratio of neighbour cells < 0.01      : 0
    faces with face twist < 0.02                           : 0
    faces on cells with determinant < 0.001                : 0
Successfully moved mesh

Patch points smoothed in = 1.36 s



Morph iteration 0
-----------------
Calculating patchDisplacement as distance to nearest surface point ...
    non-zone points : attract to nearest of all non-zone surfaces
    zone points     : attract to zone surface only

Wanted displacement : average:0.00447486 min:0 max:0.0118945
Calculated surface displacement in = 0 s


Detecting near surfaces ...
Overriding nearest with intersection of close gaps at 0 out of 5617 points.
--> FOAM Warning : Displacement (0 -0.00593416 0) at mesh point 20557 coord (0.993808 0.00593416 0.0219033) points through the surrounding patch faces
Smoothing displacement ...
Iteration 0
Iteration 10
Iteration 20
Displacement smoothed in = 0.25 s


Moving mesh ...

Iteration 0
Moving mesh using displacement scaling : min:1  max:1
Checking faces in error :
    non-orthogonality > 65  degrees                        : 0
    faces with face pyramid volume < 1e-13                 : 0
    faces with face-decomposition tet quality < 1e-09      : 0
    faces with concavity > 80  degrees                     : 0
    faces with skewness > 4   (internal) or 20  (boundary) : 0
    faces with interpolation weights (0..1)  < 0.02        : 0
    faces with volume ratio of neighbour cells < 0.01      : 0
    faces with face twist < 0.02                           : 0
    faces on cells with determinant < 0.001                : 0
Successfully moved mesh
Moved mesh in = 0.43 s


Repatching faces according to nearest surface ...
Repatched 0 faces in = 0.04 s


Edge intersection testing:
    Number of edges             : 257138
    Number of edges to retest   : 45905
    Number of intersected edges : 5330
Merging 0 sets of faces.

No faces merged ...

Merging all points on surface that
- are used by only two boundary faces and
- make an angle with a cosine of more than 0.866025.

No straight edges simplified and no points removed ...
Snapped mesh : cells:80921  faces:257138  points:95749
Cells per refinement level:
    0	7192
    1	4384
    2	29408
    3	26889
    4	13048
Writing mesh to time constant
Wrote mesh in = 0.68 s.
Mesh snapped in = 3.1 s.
Layer specification as
- final layer thickness ('finalLayerThickness')
- expansion ratio ('expansionRatio')

Shrinking and layer addition phase
----------------------------------

Using mesh parameters 
{
    maxNonOrtho     65;
    maxBoundarySkewness 20;
    maxInternalSkewness 4;
    maxConcave      80;
    minVol          1e-13;
    minTetQuality   1e-09;
    minArea         -1;
    minTwist        0.02;
    minDeterminant  0.001;
    minFaceWeight   0.02;
    minVolRatio     0.01;
    minTriangleTwist -1;
    nSmoothScale    4;
    errorReduction  0.75;
    relaxed
    {
        maxNonOrtho     65;
        maxBoundarySkewness 20;
        maxInternalSkewness 4;
        maxConcave      80;
        minVol          1e-13;
        minTetQuality   1e-09;
    }
}



Merging all faces of a cell
---------------------------
    - which are on the same patch
    - which make an angle < 180 degrees (cos:-1)
    - as long as the resulting face doesn't become concave by more than 90 degrees
      (0=straight, 180=fully concave)

Merging 0 sets of faces.

No faces merged ...

Merging all points on surface that
- are used by only two boundary faces and
- make an angle with a cosine of more than -1.

No straight edges simplified and no points removed ...

Checking mesh manifoldness ...

Checking initial mesh ...
Checking faces in error :
    non-orthogonality > 65  degrees                        : 0
    faces with face pyramid volume < 1e-13                 : 0
    faces with face-decomposition tet quality < 1e-09      : 0
    faces with concavity > 80  degrees                     : 0
    faces with skewness > 4   (internal) or 20  (boundary) : 0
    faces with interpolation weights (0..1)  < 0.02        : 0
    faces with volume ratio of neighbour cells < 0.01      : 0
    faces with face twist < 0.02                           : 0
    faces on cells with determinant < 0.001                : 0
Detected 0 illegal faces (concave, zero area or negative cell pyramid volume)
Duplicating 0 points on faceZones of type boundary

Handling points with inconsistent layer specification ...
dupNonManifoldPoints : Found : 0 non-manifold points (out of 95749)

Adding in total 0 inter-processor patches to handle extrusion of non-manifold processor boundaries.

Handling points with inconsistent layer specification ...

Handling non-manifold points ...

Checking patch manifoldness ...
Outside of local patch is multiply connected across edges or points at 0 points.
Set displacement to zero for all 0 non-manifold points

Handling feature edges (angle < 180) ...

Handling cells with warped patch faces ...
Set displacement to zero on 0 warped faces since layer would be > 0.5 of the size of the bounding box.

patch    faces    layers avg thickness[m]
                         near-wall overall
-----    -----    ------ --------- -------
Geometry 5330     10     0.00157   0.0407  

Selecting externalDisplacementMeshMover displacementMedialAxis
displacementMedialAxis : Calculating distance to Medial Axis ...
fieldSmoother : Smoothing normals ...
    Iteration 0   residual 0.0339424
displacementMedialAxis : Inserting points on patch inlet if angle to nearest layer patch > 90 degrees.
displacementMedialAxis : Inserting points on patch outlet if angle to nearest layer patch > 90 degrees.
displacementMedialAxis : Inserting all points on patch bottom
displacementMedialAxis : Inserting points on patch top if angle to nearest layer patch > 90 degrees.
displacementMedialAxis : Inserting points on patch front if angle to nearest layer patch > 90 degrees.
displacementMedialAxis : Inserting points on patch back if angle to nearest layer patch > 90 degrees.
fieldSmoother : Smoothing normals in interior ...
    Iteration 0   residual 0.0416984

Layer addition iteration 0
--------------------------

Determining displacement for added points according to pointNormal ...
Detected 0 points with point normal pointing through faces.
Reset displacement at 0 points to average of surrounding points.

displacementMedialAxis : Smoothing using Medial Axis ...
displacementMedialAxis : Reducing layer thickness at 0 nodes where thickness to medial axis distance is large 
displacementMedialAxis : Removing isolated regions ...
- if partially extruded faces make angle < 90
- if exclusively surrounded by non-extruded faces
displacementMedialAxis : Number of isolated points extrusion stopped : 0
fieldSmoother : Smoothing field ...
    Iteration 0   residual 0.000349376
displacementMedialAxis : Moving mesh ...
displacementMedialAxis : Iteration 0
Moving mesh using displacement scaling : min:1  max:1
Checking faces in error :
    non-orthogonality > 65  degrees                        : 0
    faces with face pyramid volume < 1e-13                 : 0
    faces with face-decomposition tet quality < 1e-09      : 0
    faces with concavity > 80  degrees                     : 0
    faces with skewness > 4   (internal) or 20  (boundary) : 0
    faces with interpolation weights (0..1)  < 0.02        : 0
    faces with volume ratio of neighbour cells < 0.01      : 0
    faces with face twist < 0.02                           : 0
    faces on cells with determinant < 0.001                : 0
displacementMedialAxis : Successfully moved mesh
displacementMedialAxis : Finished moving mesh ...
truncateDisplacement : Unextruded 0 faces due to non-consecutive vertices being extruded.
truncateDisplacement : Unextruded 0 faces due to stringed edges with inconsistent extrusion.

Setting up information for layer truncation ...
Detected 0 baffles across faceZones of type internal


Checking mesh with layer ...
Checking faces in error :
    non-orthogonality > 65  degrees                        : 0
    faces with face pyramid volume < 1e-13                 : 0
    faces with face-decomposition tet quality < 1e-09      : 20
    faces with concavity > 80  degrees                     : 0
    faces with skewness > 4   (internal) or 20  (boundary) : 0
    faces with interpolation weights (0..1)  < 0.02        : 0
    faces with volume ratio of neighbour cells < 0.01      : 0
    faces with face twist < 0.02                           : 0
    faces on cells with determinant < 0.001                : 0
Detected 20 illegal faces (concave, zero area or negative cell pyramid volume)
Extruding 5326 out of 5330 faces (99.925%). Removed extrusion at 4 faces.
Added 45850 out of 53300 cells (86.0225%).


Layer addition iteration 1
--------------------------

Determining displacement for added points according to pointNormal ...
Detected 0 points with point normal pointing through faces.
Reset displacement at 0 points to average of surrounding points.

displacementMedialAxis : Smoothing using Medial Axis ...
displacementMedialAxis : Reducing layer thickness at 0 nodes where thickness to medial axis distance is large 
displacementMedialAxis : Removing isolated regions ...
- if partially extruded faces make angle < 90
- if exclusively surrounded by non-extruded faces
displacementMedialAxis : Number of isolated points extrusion stopped : 0
fieldSmoother : Smoothing field ...
    Iteration 0   residual 0.000370321
displacementMedialAxis : Moving mesh ...
displacementMedialAxis : Iteration 0
Moving mesh using displacement scaling : min:1  max:1
Checking faces in error :
    non-orthogonality > 65  degrees                        : 0
    faces with face pyramid volume < 1e-13                 : 0
    faces with face-decomposition tet quality < 1e-09      : 0
    faces with concavity > 80  degrees                     : 0
    faces with skewness > 4   (internal) or 20  (boundary) : 0
    faces with interpolation weights (0..1)  < 0.02        : 0
    faces with volume ratio of neighbour cells < 0.01      : 0
    faces with face twist < 0.02                           : 0
    faces on cells with determinant < 0.001                : 0
displacementMedialAxis : Successfully moved mesh
displacementMedialAxis : Finished moving mesh ...
truncateDisplacement : Unextruded 0 faces due to non-consecutive vertices being extruded.
truncateDisplacement : Unextruded 0 faces due to stringed edges with inconsistent extrusion.

Setting up information for layer truncation ...
Detected 0 baffles across faceZones of type internal


Checking mesh with layer ...
Checking faces in error :
    non-orthogonality > 65  degrees                        : 0
    faces with face pyramid volume < 1e-13                 : 0
    faces with face-decomposition tet quality < 1e-09      : 8
    faces with concavity > 80  degrees                     : 0
    faces with skewness > 4   (internal) or 20  (boundary) : 0
    faces with interpolation weights (0..1)  < 0.02        : 0
    faces with volume ratio of neighbour cells < 0.01      : 0
    faces with face twist < 0.02                           : 0
    faces on cells with determinant < 0.001                : 0
Detected 8 illegal faces (concave, zero area or negative cell pyramid volume)
Extruding 5318 out of 5330 faces (99.7749%). Removed extrusion at 8 faces.
Added 41390 out of 53300 cells (77.6548%).


Layer addition iteration 2
--------------------------

Determining displacement for added points according to pointNormal ...
Detected 0 points with point normal pointing through faces.
Reset displacement at 0 points to average of surrounding points.

displacementMedialAxis : Smoothing using Medial Axis ...
displacementMedialAxis : Reducing layer thickness at 0 nodes where thickness to medial axis distance is large 
displacementMedialAxis : Removing isolated regions ...
- if partially extruded faces make angle < 90
- if exclusively surrounded by non-extruded faces
displacementMedialAxis : Number of isolated points extrusion stopped : 0
fieldSmoother : Smoothing field ...
    Iteration 0   residual 0.000431432
displacementMedialAxis : Moving mesh ...
displacementMedialAxis : Iteration 0
Moving mesh using displacement scaling : min:1  max:1
Checking faces in error :
    non-orthogonality > 65  degrees                        : 0
    faces with face pyramid volume < 1e-13                 : 0
    faces with face-decomposition tet quality < 1e-09      : 0
    faces with concavity > 80  degrees                     : 0
    faces with skewness > 4   (internal) or 20  (boundary) : 0
    faces with interpolation weights (0..1)  < 0.02        : 0
    faces with volume ratio of neighbour cells < 0.01      : 0
    faces with face twist < 0.02                           : 0
    faces on cells with determinant < 0.001                : 0
displacementMedialAxis : Successfully moved mesh
displacementMedialAxis : Finished moving mesh ...
truncateDisplacement : Unextruded 0 faces due to non-consecutive vertices being extruded.
truncateDisplacement : Unextruded 0 faces due to stringed edges with inconsistent extrusion.

Setting up information for layer truncation ...
Detected 0 baffles across faceZones of type internal


Checking mesh with layer ...
Checking faces in error :
    non-orthogonality > 65  degrees                        : 0
    faces with face pyramid volume < 1e-13                 : 0
    faces with face-decomposition tet quality < 1e-09      : 0
    faces with concavity > 80  degrees                     : 0
    faces with skewness > 4   (internal) or 20  (boundary) : 0
    faces with interpolation weights (0..1)  < 0.02        : 0
    faces with volume ratio of neighbour cells < 0.01      : 0
    faces with face twist < 0.02                           : 0
    faces on cells with determinant < 0.001                : 0
Detected 0 illegal faces (concave, zero area or negative cell pyramid volume)
Extruding 5318 out of 5330 faces (99.7749%). Removed extrusion at 0 faces.
Added 34242 out of 53300 cells (64.2439%).
Edge intersection testing:
    Number of edges             : 362973
    Number of edges to retest   : 0
    Number of intersected edges : 39572

patch    faces    layers   overall thickness
                           [m]       [%]
-----    -----    ------   ---       ---
Geometry 5330     6.42     0.037     89.7    

Layer mesh : cells:115163  faces:362973  points:133059
Cells per refinement level:
    0	7192
    1	4384
    2	29408
    3	40835
    4	33344
Writing mesh to time constant
Wrote mesh in = 6.07 s.
Layers added in = 6.07 s.
Checking final mesh ...
Checking faces in error :
    non-orthogonality > 65  degrees                        : 0
    faces with face pyramid volume < 1e-13                 : 0
    faces with face-decomposition tet quality < 1e-09      : 0
    faces with concavity > 80  degrees                     : 0
    faces with skewness > 4   (internal) or 20  (boundary) : 0
    faces with interpolation weights (0..1)  < 0.02        : 0
    faces with volume ratio of neighbour cells < 0.01      : 0
    faces with face twist < 0.02                           : 0
    faces on cells with determinant < 0.001                : 0
Finished meshing without any errors
Finished meshing in = 18.03 s.
End

