/*---------------------------------------------------------------------------*\
| =========                 |                                                 |
| \\      /  F ield         | OpenFOAM: The Open Source CFD Toolbox           |
|  \\    /   O peration     | Version:  2112                                  |
|   \\  /    A nd           | Website:  www.openfoam.com                      |
|    \\/     M anipulation  |                                                 |
\*---------------------------------------------------------------------------*/
Build  : _14aeaf8dab-20211220 OPENFOAM=2112 version=v2112
Arch   : "LSB;label=32;scalar=64"
Exec   : snappyHexMesh -overwrite
Date   : Jul 02 2025
Time   : 14:26:16
Host   : cr2cn66
PID    : 387202
I/O    : uncollated
Case   : /mnt/beegfs/home/nataliadenton.denton/CFD_IRP_McLaren_2024-2025/src/Openfoam/AeroSUVDC
nProcs : 1
trapFpe: Floating point exception trapping enabled (FOAM_SIGFPE).
fileModificationChecking : Monitoring run-time modified files using timeStampMaster (fileModificationSkew 5, maxFileModificationPolls 20)
allowSystemOperations : Allowing user-supplied system call operations

// * * * * * * * * * * * * * * * * * * * * * * * * * * * * * * * * * * * * * //
Create time

--> FOAM Warning : 
    From static Foam::IOstreamOption::compressionType Foam::IOstreamOption::compressionEnum(const Foam::word&, Foam::IOstreamOption::compressionType)
    in file db/IOstreams/IOstreams/IOstreamOption.C at line 115
    Unknown compression specifier 'uncompressed', using compression off
Create mesh for time = 0

Read mesh in = 1.48 s

Overall mesh bounding box  : (-23.9681 -6.14298 -0.0239946) (50.0615 6.14298 5.6015)
Relative tolerance         : 1e-06
Absolute matching distance : 7.52526e-05

Reading refinement surfaces.
Read refinement surfaces in = 6.5 s

Reading refinement shells.
Refinement level 2 for all cells inside refinementBox
Refinement level 3 for all cells inside refinementBox2
Refinement level 4 for all cells inside refinmentBoxWheelsFront
Refinement level 4 for all cells inside refinmentBoxWheelsRear
Read refinement shells in = 0 s

Setting refinement level of surface to be consistent with shells.
For geometry Geometry detected 0 uncached triangles out of 2858464
Checked shell refinement in = 13.66 s

Reading features.
Read features in = 0 s


Determining initial surface intersections
-----------------------------------------

Edge intersection testing:
    Number of edges             : 1047481
    Number of edges to retest   : 0
    Number of intersected edges : 0
Edge intersection testing:
    Number of edges             : 1047481
    Number of edges to retest   : 1047481
    Number of intersected edges : 741
Calculated surface intersections in = 0.95 s

Initial mesh : cells:341550  faces:1047481  points:364752
Cells per refinement level:
    0	341550

Adding patches for surface regions
----------------------------------

Patch Type                Region                        
----- ----                ------                        
Geometry:

6     wall                Geometry                      

Added patches in = 0.02 s

Edge intersection testing:
    Number of edges             : 1047481
    Number of edges to retest   : 0
    Number of intersected edges : 741
Decomposition method none [1]

Refinement phase
----------------

Found point (0 0 0) in cell 7224 on processor 0

Surface refinement iteration 0
------------------------------

Marked for refinement due to surface intersection          : 818 cells.
Marked for refinement due to curvature/regions             : 0 cells.
Determined cells to refine in = 0.3 s
Selected for refinement : 818 cells (out of 341550)
Edge intersection testing:
    Number of edges             : 1066342
    Number of edges to retest   : 23551
    Number of intersected edges : 2982
Refined mesh in = 0.78 s
After refinement surface refinement iteration 0 : cells:347276  faces:1066342  points:372158
Cells per refinement level:
    0	340732
    1	6544

Surface refinement iteration 1
------------------------------

Marked for refinement due to surface intersection          : 3535 cells.
Marked for refinement due to curvature/regions             : 0 cells.
Determined cells to refine in = 0.03 s
Selected for refinement : 3760 cells (out of 347276)
Edge intersection testing:
    Number of edges             : 1151779
    Number of edges to retest   : 107870
    Number of intersected edges : 13085
Refined mesh in = 0.89 s
After refinement surface refinement iteration 1 : cells:373596  faces:1151779  points:404926
Cells per refinement level:
    0	340471
    1	5133
    2	27992

Surface refinement iteration 2
------------------------------

Marked for refinement due to surface intersection          : 16470 cells.
Marked for refinement due to curvature/regions             : 0 cells.
Determined cells to refine in = 0.06 s
Selected for refinement : 17668 cells (out of 373596)
Edge intersection testing:
    Number of edges             : 1555054
    Number of edges to retest   : 504688
    Number of intersected edges : 54345
Refined mesh in = 1.63 s
After refinement surface refinement iteration 2 : cells:497272  faces:1555054  points:560360
Cells per refinement level:
    0	340358
    1	4704
    2	22434
    3	129776

Surface refinement iteration 3
------------------------------

Marked for refinement due to surface intersection          : 71168 cells.
Marked for refinement due to curvature/regions             : 0 cells.
Determined cells to refine in = 0.15 s
Selected for refinement : 76665 cells (out of 497272)
Edge intersection testing:
    Number of edges             : 3304423
    Number of edges to retest   : 2218276
    Number of intersected edges : 216873
Refined mesh in = 5 s
After refinement surface refinement iteration 3 : cells:1033927  faces:3304423  points:1236064
Cells per refinement level:
    0	340315
    1	4474
    2	21029
    3	107701
    4	560408

Surface refinement iteration 4
------------------------------

Marked for refinement due to surface intersection          : 4701 cells.
Marked for refinement due to curvature/regions             : 0 cells.
Determined cells to refine in = 1.06 s
Selected for refinement : 5222 cells (out of 1033927)
Edge intersection testing:
    Number of edges             : 3414247
    Number of edges to retest   : 334027
    Number of intersected edges : 221286
Refined mesh in = 3.33 s
After refinement surface refinement iteration 4 : cells:1070481  faces:3414247  points:1272548
Cells per refinement level:
    0	340303
    1	4493
    2	21191
    3	106654
    4	597840

Surface refinement iteration 5
------------------------------

Marked for refinement due to surface intersection          : 242 cells.
Marked for refinement due to curvature/regions             : 0 cells.
Determined cells to refine in = 1.06 s
Selected for refinement : 309 cells (out of 1070481)
Edge intersection testing:
    Number of edges             : 3420652
    Number of edges to retest   : 28113
    Number of intersected edges : 221341
Refined mesh in = 3 s
After refinement surface refinement iteration 5 : cells:1072644  faces:3420652  points:1274612
Cells per refinement level:
    0	340301
    1	4507
    2	21144
    3	106916
    4	599776

Surface refinement iteration 6
------------------------------

Marked for refinement due to surface intersection          : 5 cells.
Marked for refinement due to curvature/regions             : 0 cells.
Determined cells to refine in = 1.02 s
Selected for refinement : 7 cells (out of 1072644)
Stopping refining since too few cells selected.


Removing mesh beyond surface intersections
------------------------------------------

Setting cellZones according to locationsInMesh:
Location : (0 0 0)
    cellZone : none

For cellZone none found point (0 0 0) in global region 0 out of 40 regions.
Keeping all cells containing inside points
Selected for keeping : 1072644 cells.
Edge intersection testing:
    Number of edges             : 3420652
    Number of edges to retest   : 0
    Number of intersected edges : 221341
Setting cellZones according to locationsInMesh:
Location : (0 0 0)
    cellZone : none

For cellZone none found point (0 0 0) in global region 0 out of 40 regions.
Keeping all cells containing inside points
Selected for keeping : 923289 cells.
Edge intersection testing:
    Number of edges             : 2998815
    Number of edges to retest   : 184198
    Number of intersected edges : 221341

Shell refinement iteration 0
----------------------------

Marked for refinement due to distance to explicit features : 0 cells.
Marked for refinement due to refinement shells             : 98801 cells.
Determined cells to refine in = 7.98 s
Selected for internal refinement : 98801 cells (out of 923289)
Edge intersection testing:
    Number of edges             : 5071422
    Number of edges to retest   : 3227819
    Number of intersected edges : 221350
Refined mesh in = 6.68 s
After refinement shell refinement iteration 0 : cells:1614896  faces:5071422  points:1839217
Cells per refinement level:
    0	320750
    1	155968
    2	26184
    3	106672
    4	1005322

Shell refinement iteration 1
----------------------------

Marked for refinement due to distance to explicit features : 0 cells.
Marked for refinement due to refinement shells             : 288760 cells.
Determined cells to refine in = 0.84 s
Selected for internal refinement : 294093 cells (out of 1614896)
Edge intersection testing:
    Number of edges             : 11292837
    Number of edges to retest   : 7776248
    Number of intersected edges : 221350
Refined mesh in = 13.66 s
After refinement shell refinement iteration 1 : cells:3673547  faces:11292837  points:3943925
Cells per refinement level:
    0	315417
    1	42664
    2	1247808
    3	208960
    4	1858698

Shell refinement iteration 2
----------------------------

Marked for refinement due to distance to explicit features : 0 cells.
Marked for refinement due to refinement shells             : 345568 cells.
Determined cells to refine in = 1.53 s
Selected for internal refinement : 349671 cells (out of 3673547)
Edge intersection testing:
    Number of edges             : 18670080
    Number of edges to retest   : 9365009
    Number of intersected edges : 221350
Refined mesh in = 22.16 s
After refinement shell refinement iteration 2 : cells:6121244  faces:18670080  points:6425869
Cells per refinement level:
    0	312514
    1	55488
    2	1199760
    3	1053824
    4	3499658

Shell refinement iteration 3
----------------------------

Marked for refinement due to distance to explicit features : 0 cells.
Marked for refinement due to refinement shells             : 1012196 cells.
Determined cells to refine in = 1.69 s
Selected for internal refinement : 1030442 cells (out of 6121244)
Edge intersection testing:
    Number of edges             : 40380789
    Number of edges to retest   : 25584604
    Number of intersected edges : 221350
Refined mesh in = 47.58 s
After refinement shell refinement iteration 3 : cells:13334338  faces:40380789  points:13710509
Cells per refinement level:
    0	312514
    1	55488
    2	1181514
    3	187596
    4	11597226

Shell refinement iteration 4
----------------------------

Marked for refinement due to distance to explicit features : 0 cells.
Marked for refinement due to refinement shells             : 35966 cells.
Determined cells to refine in = 2.73 s
Selected for internal refinement : 45224 cells (out of 13334338)
Edge intersection testing:
    Number of edges             : 41333379
    Number of edges to retest   : 1816482
    Number of intersected edges : 221350
Refined mesh in = 39.09 s
After refinement shell refinement iteration 4 : cells:13650906  faces:41333379  points:14029963
Cells per refinement level:
    0	312514
    1	55488
    2	1172256
    3	225694
    4	11884954

Shell refinement iteration 5
----------------------------

Marked for refinement due to distance to explicit features : 0 cells.
Marked for refinement due to refinement shells             : 0 cells.
Determined cells to refine in = 2.69 s
Selected for internal refinement : 0 cells (out of 13650906)
Stopping refining since too few cells selected.


Dangling coarse cells refinement iteration 0
--------------------------------------------

Determined cells to refine in = 0.34 s
Selected for refinement : 0 cells (out of 13650906)
Stopping refining since too few cells selected.


Dangling coarse cells refinement iteration 0
--------------------------------------------

Determined cells to refine in = 0.35 s
Selected for refinement : 0 cells (out of 13650906)
Stopping refining since too few cells selected.


Refinement transition refinement iteration 0
--------------------------------------------

Determined cells to refine in = 0.42 s
Selected for refinement : 0 cells (out of 13650906)
Stopping refining since too few cells selected.


Splitting mesh at surface intersections
---------------------------------------

Introducing baffles for 221350 faces that are intersected by the surface.

Setting cellZones according to locationsInMesh:
Location : (0 0 0)
    cellZone : none

For cellZone none found point (0 0 0) in global region 0 out of 79 regions.
Edge intersection testing:
    Number of edges             : 41554361
    Number of edges to retest   : 1359189
    Number of intersected edges : 442332
Created baffles in = 33.2 s


After introducing baffles : cells:13650906  faces:41554361  points:14029963
Cells per refinement level:
    0	312514
    1	55488
    2	1172256
    3	225694
    4	11884954

Introducing baffles to block off problem cells
----------------------------------------------

markFacesOnProblemCells : marked 378762 additional internal faces to be converted into baffles.
Analyzed problem cells in = 28.6 s


Introducing baffles to delete problem cells.

Edge intersection testing:
    Number of edges             : 41933123
    Number of edges to retest   : 1221217
    Number of intersected edges : 442332
Created baffles in = 24.05 s


After introducing baffles : cells:13650906  faces:41933123  points:14029963
Cells per refinement level:
    0	312514
    1	55488
    2	1172256
    3	225694
    4	11884954
Setting cellZones according to locationsInMesh:
Location : (0 0 0)
    cellZone : none

For cellZone none found point (0 0 0) in global region 0 out of 184459 regions.
Edge intersection testing:
    Number of edges             : 41933123
    Number of edges to retest   : 1601365
    Number of intersected edges : 442332

Remove unreachable sections of mesh
-----------------------------------

Keeping all cells containing points 1((0 0 0))
Selected for keeping : 13411341 cells.
Edge intersection testing:
    Number of edges             : 40610764
    Number of edges to retest   : 0
    Number of intersected edges : 200621
Split mesh in = 61.8 s


After subsetting : cells:13411341  faces:40610764  points:13787656
Cells per refinement level:
    0	312514
    1	55488
    2	1172256
    3	225694
    4	11645389

Introducing zones for interfaces
--------------------------------

Setting cellZones according to locationsInMesh:
Location : (0 0 0)
    cellZone : none

For cellZone none found point (0 0 0) in global region 0 out of 1 regions.
Setting faceZones according to neighbouring cellZones:

Edge intersection testing:
    Number of edges             : 40610764
    Number of edges to retest   : 0
    Number of intersected edges : 200621

Handling cells with snap problems
---------------------------------

Introducing baffles for 200621 faces that are intersected by the surface.

Setting cellZones according to locationsInMesh:
Location : (0 0 0)
    cellZone : none

For cellZone none found point (0 0 0) in global region 0 out of 1 regions.
Edge intersection testing:
    Number of edges             : 40610764
    Number of edges to retest   : 645171
    Number of intersected edges : 200621
Created baffles in = 58.06 s


After introducing baffles : cells:13411341  faces:40610764  points:13787656
Cells per refinement level:
    0	312514
    1	55488
    2	1172256
    3	225694
    4	11645389

Introducing baffles to block off problem cells
----------------------------------------------

markFacesOnProblemCells : marked 34 additional internal faces to be converted into baffles.
Analyzed problem cells in = 27.83 s


Introducing baffles to delete problem cells.

Edge intersection testing:
    Number of edges             : 40610798
    Number of edges to retest   : 188
    Number of intersected edges : 200621
Created baffles in = 19.89 s


After introducing baffles : cells:13411341  faces:40610798  points:13787656
Cells per refinement level:
    0	312514
    1	55488
    2	1172256
    3	225694
    4	11645389
Setting cellZones according to locationsInMesh:
Location : (0 0 0)
    cellZone : none

For cellZone none found point (0 0 0) in global region 0 out of 17 regions.
Edge intersection testing:
    Number of edges             : 40610798
    Number of edges to retest   : 645201
    Number of intersected edges : 200621

Remove unreachable sections of mesh
-----------------------------------

Keeping all cells containing points 1((0 0 0))
Selected for keeping : 13411325 cells.
Edge intersection testing:
    Number of edges             : 40610702
    Number of edges to retest   : 0
    Number of intersected edges : 200597
Split mesh in = 55.5 s


After subsetting : cells:13411325  faces:40610702  points:13787624
Cells per refinement level:
    0	312514
    1	55488
    2	1172256
    3	225694
    4	11645373

Merge free-standing baffles
---------------------------

freeStandingBaffles : detected 285 free-standing baffles out of 327

freeStandingBaffles : detected 60 planar (within 30 degrees) free-standing baffles out of 285

Detected free-standing baffles : 60
Edge intersection testing:
    Number of edges             : 40610642
    Number of edges to retest   : 60
    Number of intersected edges : 200537

Introducing baffles to block off problem cells
----------------------------------------------

markFacesOnProblemCells : marked 0 additional internal faces to be converted into baffles.
Analyzed problem cells in = 52.39 s


Introducing baffles to delete problem cells.

Created baffles in = 3.01 s


After introducing baffles : cells:13411325  faces:40610642  points:13787624
Cells per refinement level:
    0	312514
    1	55488
    2	1172256
    3	225694
    4	11645373

Remove unreachable sections of mesh
-----------------------------------

Merged free-standing baffles in = 9.7 s


dupNonManifoldPoints : Found : 342 non-manifold points (out of 13787624)
Edge intersection testing:
    Number of edges             : 40610642
    Number of edges to retest   : 0
    Number of intersected edges : 200537
Detected unsplittable baffles : 0

Merge refined boundary faces
----------------------------

Merging 0 sets of faces.

No faces merged ...

Merging all points on surface that
- are used by only two boundary faces and
- make an angle with a cosine of more than 0.707107.

No straight edges simplified and no points removed ...
Refined mesh : cells:13411325  faces:40610642  points:13787966
Cells per refinement level:
    0	312514
    1	55488
    2	1172256
    3	225694
    4	11645373
Writing mesh to time constant
Wrote mesh in = 78.57 s.
Mesh refined in = 618.58 s.

Morphing phase
--------------

Duplicating 0 points on faceZones of type boundary
Constructing mesh displacer ...
Using mesh parameters 
{
    maxNonOrtho     65;
    maxBoundarySkewness 20;
    maxInternalSkewness 4;
    maxConcave      80;
    minVol          1e-13;
    minTetQuality   1e-09;
    minArea         -1;
    minTwist        0.02;
    minDeterminant  0.001;
    minFaceWeight   0.02;
    minVolRatio     0.01;
    minTriangleTwist -1;
    nSmoothScale    4;
    errorReduction  0.75;
    relaxed
    {
        maxNonOrtho     65;
        maxBoundarySkewness 20;
        maxInternalSkewness 4;
        maxConcave      80;
        minVol          1e-13;
        minTetQuality   1e-09;
    }
}


Checking initial mesh ...
Checking faces in error :
    non-orthogonality > 65  degrees                        : 0
    faces with face pyramid volume < 1e-13                 : 0
    faces with face-decomposition tet quality < 1e-09      : 0
    faces with concavity > 80  degrees                     : 0
    faces with skewness > 4   (internal) or 20  (boundary) : 0
    faces with interpolation weights (0..1)  < 0.02        : 0
    faces with volume ratio of neighbour cells < 0.01      : 0
    faces with face twist < 0.02                           : 0
    faces on cells with determinant < 0.001                : 0
Detected 0 illegal faces (concave, zero area or negative cell pyramid volume)
Checked initial mesh in = 42.73 s


Smoothing patch points ...
Smoothing iteration 0
Found 684 non-manifold point(s).

Scaling iteration 0
Moving mesh using displacement scaling : min:1  max:1
Checking faces in error :
    non-orthogonality > 65  degrees                        : 0
    faces with face pyramid volume < 1e-13                 : 0
    faces with face-decomposition tet quality < 1e-09      : 0
    faces with concavity > 80  degrees                     : 0
    faces with skewness > 4   (internal) or 20  (boundary) : 0
    faces with interpolation weights (0..1)  < 0.02        : 0
    faces with volume ratio of neighbour cells < 0.01      : 0
    faces with face twist < 0.02                           : 0
    faces on cells with determinant < 0.001                : 0
Successfully moved mesh

Smoothing iteration 1
Found 0 non-manifold point(s).

Scaling iteration 0
Moving mesh using displacement scaling : min:1  max:1
Checking faces in error :
    non-orthogonality > 65  degrees                        : 0
    faces with face pyramid volume < 1e-13                 : 0
    faces with face-decomposition tet quality < 1e-09      : 0
    faces with concavity > 80  degrees                     : 0
    faces with skewness > 4   (internal) or 20  (boundary) : 0
    faces with interpolation weights (0..1)  < 0.02        : 0
    faces with volume ratio of neighbour cells < 0.01      : 0
    faces with face twist < 0.02                           : 0
    faces on cells with determinant < 0.001                : 0
Successfully moved mesh

Smoothing iteration 2
Found 0 non-manifold point(s).

Scaling iteration 0
Moving mesh using displacement scaling : min:1  max:1
Checking faces in error :
    non-orthogonality > 65  degrees                        : 0
    faces with face pyramid volume < 1e-13                 : 0
    faces with face-decomposition tet quality < 1e-09      : 0
    faces with concavity > 80  degrees                     : 0
    faces with skewness > 4   (internal) or 20  (boundary) : 0
    faces with interpolation weights (0..1)  < 0.02        : 0
    faces with volume ratio of neighbour cells < 0.01      : 0
    faces with face twist < 0.02                           : 0
    faces on cells with determinant < 0.001                : 0
Successfully moved mesh

Patch points smoothed in = 158.87 s



Morph iteration 0
-----------------
Calculating patchDisplacement as distance to nearest surface point ...
    non-zone points : attract to nearest of all non-zone surfaces
    zone points     : attract to zone surface only

Wanted displacement : average:0.00275311 min:2.40087e-07 max:0.0153686
Calculated surface displacement in = 1.13 s


Detecting near surfaces ...
Overriding nearest with intersection of close gaps at 664 out of 203047 points.
--> FOAM Warning : Displacement (-0.00741957 0.0058398 0.00285675) at mesh point 374854 coord (3.5137 0.36914 0.343332) points through the surrounding patch faces
Smoothing displacement ...
Iteration 0
Iteration 10
Iteration 20
Displacement smoothed in = 83.84 s


Moving mesh ...

Iteration 0
Moving mesh using displacement scaling : min:1  max:1
Checking faces in error :
    non-orthogonality > 65  degrees                        : 0
    faces with face pyramid volume < 1e-13                 : 80
    faces with face-decomposition tet quality < 1e-09      : 432
    faces with concavity > 80  degrees                     : 2
    faces with skewness > 4   (internal) or 20  (boundary) : 0
    faces with interpolation weights (0..1)  < 0.02        : 0
    faces with volume ratio of neighbour cells < 0.01      : 0
    faces with face twist < 0.02                           : 22
    faces on cells with determinant < 0.001                : 0

Iteration 1
Moving mesh using displacement scaling : min:0.75  max:1
Checking faces in error :
    non-orthogonality > 65  degrees                        : 0
    faces with face pyramid volume < 1e-13                 : 0
    faces with face-decomposition tet quality < 1e-09      : 22
    faces with concavity > 80  degrees                     : 0
    faces with skewness > 4   (internal) or 20  (boundary) : 0
    faces with interpolation weights (0..1)  < 0.02        : 0
    faces with volume ratio of neighbour cells < 0.01      : 0
    faces with face twist < 0.02                           : 2
    faces on cells with determinant < 0.001                : 0

Iteration 2
Moving mesh using displacement scaling : min:0.5625  max:1
Checking faces in error :
    non-orthogonality > 65  degrees                        : 0
    faces with face pyramid volume < 1e-13                 : 0
    faces with face-decomposition tet quality < 1e-09      : 6
    faces with concavity > 80  degrees                     : 0
    faces with skewness > 4   (internal) or 20  (boundary) : 0
    faces with interpolation weights (0..1)  < 0.02        : 0
    faces with volume ratio of neighbour cells < 0.01      : 0
    faces with face twist < 0.02                           : 0
    faces on cells with determinant < 0.001                : 0

Iteration 3
Moving mesh using displacement scaling : min:0.421875  max:1
Checking faces in error :
    non-orthogonality > 65  degrees                        : 0
    faces with face pyramid volume < 1e-13                 : 0
    faces with face-decomposition tet quality < 1e-09      : 0
    faces with concavity > 80  degrees                     : 0
    faces with skewness > 4   (internal) or 20  (boundary) : 0
    faces with interpolation weights (0..1)  < 0.02        : 0
    faces with volume ratio of neighbour cells < 0.01      : 0
    faces with face twist < 0.02                           : 0
    faces on cells with determinant < 0.001                : 0
Successfully moved mesh
Moved mesh in = 103.5 s


Repatching faces according to nearest surface ...
Repatched 0 faces in = 2.5 s


Edge intersection testing:
    Number of edges             : 40610642
    Number of edges to retest   : 1377735
    Number of intersected edges : 199188
Merging 39998 sets of faces.

Edge intersection testing:
    Number of edges             : 40560298
    Number of edges to retest   : 161491
    Number of intersected edges : 149445

Undo iteration 0
----------------
Checking faces in error :
    non-orthogonality > 65  degrees                        : 0
    faces with face pyramid volume < 1e-13                 : 0
    faces with face-decomposition tet quality < 1e-09      : 0
    faces with concavity > 80  degrees                     : 0
    faces with skewness > 4   (internal) or 20  (boundary) : 0
    faces with interpolation weights (0..1)  < 0.02        : 0
    faces with volume ratio of neighbour cells < 0.01      : 0
    faces with face twist < 0.02                           : 0
    faces on cells with determinant < 0.001                : 0

Merging all points on surface that
- are used by only two boundary faces and
- make an angle with a cosine of more than 0.866025.

Removing 28254 straight edge points ...

Edge intersection testing:
    Number of edges             : 40560298
    Number of edges to retest   : 143708
    Number of intersected edges : 149202

Undo iteration 0
----------------
Checking faces in error :
    non-orthogonality > 65  degrees                        : 0
    faces with face pyramid volume < 1e-13                 : 0
    faces with face-decomposition tet quality < 1e-09      : 1
    faces with concavity > 80  degrees                     : 0
    faces with skewness > 4   (internal) or 20  (boundary) : 0
    faces with interpolation weights (0..1)  < 0.02        : 0
    faces with volume ratio of neighbour cells < 0.01      : 0
    faces with face twist < 0.02                           : 0
    faces on cells with determinant < 0.001                : 0
Detected 0 error faces on boundaries that have been merged. These will be restored to their original faces.

Detected 1 error faces in mesh. Restoring neighbours of faces in error.

Edge intersection testing:
    Number of edges             : 40560298
    Number of edges to retest   : 34
    Number of intersected edges : 149202
Snapped mesh : cells:13411325  faces:40560298  points:13749367
Cells per refinement level:
    0	312514
    1	55488
    2	1172256
    3	225694
    4	11645373
Writing mesh to time constant
Wrote mesh in = 220.52 s.
Mesh snapped in = 613.09 s.
Layer specification as
- final layer thickness ('finalLayerThickness')
- expansion ratio ('expansionRatio')

Shrinking and layer addition phase
----------------------------------

Using mesh parameters 
{
    maxNonOrtho     65;
    maxBoundarySkewness 20;
    maxInternalSkewness 4;
    maxConcave      80;
    minVol          1e-13;
    minTetQuality   1e-09;
    minArea         -1;
    minTwist        0.02;
    minDeterminant  0.001;
    minFaceWeight   0.02;
    minVolRatio     0.01;
    minTriangleTwist -1;
    nSmoothScale    4;
    errorReduction  0.75;
    relaxed
    {
        maxNonOrtho     65;
        maxBoundarySkewness 20;
        maxInternalSkewness 4;
        maxConcave      80;
        minVol          1e-13;
        minTetQuality   1e-09;
    }
}



Merging all faces of a cell
---------------------------
    - which are on the same patch
    - which make an angle < 180 degrees (cos:-1)
    - as long as the resulting face doesn't become concave by more than 90 degrees
      (0=straight, 180=fully concave)

Merging 4720 sets of faces.

Edge intersection testing:
    Number of edges             : 40554702
    Number of edges to retest   : 19169
    Number of intersected edges : 142719

Undo iteration 0
----------------
Checking faces in error :
    non-orthogonality > 65  degrees                        : 0
    faces with face pyramid volume < 1e-13                 : 0
    faces with face-decomposition tet quality < 1e-09      : 29
    faces with concavity > 80  degrees                     : 63
    faces with skewness > 4   (internal) or 20  (boundary) : 0
    faces with interpolation weights (0..1)  < 0.02        : 0
    faces with volume ratio of neighbour cells < 0.01      : 0
    faces with face twist < 0.02                           : 1
    faces on cells with determinant < 0.001                : 0
Masters that need to be restored:95
Edge intersection testing:
    Number of edges             : 40554804
    Number of edges to retest   : 542
    Number of intersected edges : 142817


Undo iteration 1
----------------
Checking faces in error :
    non-orthogonality > 65  degrees                        : 0
    faces with face pyramid volume < 1e-13                 : 0
    faces with face-decomposition tet quality < 1e-09      : 0
    faces with concavity > 80  degrees                     : 0
    faces with skewness > 4   (internal) or 20  (boundary) : 0
    faces with interpolation weights (0..1)  < 0.02        : 0
    faces with volume ratio of neighbour cells < 0.01      : 0
    faces with face twist < 0.02                           : 0
    faces on cells with determinant < 0.001                : 0

Merging all points on surface that
- are used by only two boundary faces and
- make an angle with a cosine of more than -1.

Removing 4137 straight edge points ...

Edge intersection testing:
    Number of edges             : 40554804
    Number of edges to retest   : 21160
    Number of intersected edges : 142340

Undo iteration 0
----------------
Checking faces in error :
    non-orthogonality > 65  degrees                        : 0
    faces with face pyramid volume < 1e-13                 : 0
    faces with face-decomposition tet quality < 1e-09      : 5
    faces with concavity > 80  degrees                     : 0
    faces with skewness > 4   (internal) or 20  (boundary) : 0
    faces with interpolation weights (0..1)  < 0.02        : 0
    faces with volume ratio of neighbour cells < 0.01      : 0
    faces with face twist < 0.02                           : 0
    faces on cells with determinant < 0.001                : 0
Detected 0 error faces on boundaries that have been merged. These will be restored to their original faces.

Detected 5 error faces in mesh. Restoring neighbours of faces in error.

Edge intersection testing:
    Number of edges             : 40554804
    Number of edges to retest   : 168
    Number of intersected edges : 142340

Checking mesh manifoldness ...
Outside of mesh is multiply connected across edges or points.
This is not a fatal error but might cause some unexpected behaviour.


Checking initial mesh ...
Checking faces in error :
    non-orthogonality > 65  degrees                        : 0
    faces with face pyramid volume < 1e-13                 : 0
    faces with face-decomposition tet quality < 1e-09      : 0
    faces with concavity > 80  degrees                     : 0
    faces with skewness > 4   (internal) or 20  (boundary) : 0
    faces with interpolation weights (0..1)  < 0.02        : 0
    faces with volume ratio of neighbour cells < 0.01      : 0
    faces with face twist < 0.02                           : 0
    faces on cells with determinant < 0.001                : 0
Detected 0 illegal faces (concave, zero area or negative cell pyramid volume)
Duplicating 0 points on faceZones of type boundary

Handling points with inconsistent layer specification ...
dupNonManifoldPoints : Found : 0 non-manifold points (out of 13744361)

Adding in total 0 inter-processor patches to handle extrusion of non-manifold processor boundaries.

Handling points with inconsistent layer specification ...

Handling non-manifold points ...

Checking patch manifoldness ...
Outside of local patch is multiply connected across edges or points at 0 points.
Set displacement to zero for all 0 non-manifold points

Handling feature edges (angle < 180) ...

Handling cells with warped patch faces ...
Set displacement to zero on 615 warped faces since layer would be > 0.5 of the size of the bounding box.

patch    faces    layers avg thickness[m]
                         near-wall overall
-----    -----    ------ --------- -------
Geometry 147196   15     0.000445  0.0253  

Selecting externalDisplacementMeshMover displacementMedialAxis
displacementMedialAxis : Calculating distance to Medial Axis ...
fieldSmoother : Smoothing normals ...
    Iteration 0   residual 0.0384685
displacementMedialAxis : Inserting points on patch inlet if angle to nearest layer patch > 90 degrees.
displacementMedialAxis : Inserting points on patch outlet if angle to nearest layer patch > 90 degrees.
displacementMedialAxis : Inserting all points on patch bottom
displacementMedialAxis : Inserting points on patch top if angle to nearest layer patch > 90 degrees.
displacementMedialAxis : Inserting points on patch front if angle to nearest layer patch > 90 degrees.
displacementMedialAxis : Inserting points on patch back if angle to nearest layer patch > 90 degrees.
fieldSmoother : Smoothing normals in interior ...
    Iteration 0   residual 0.0266781

Layer addition iteration 0
--------------------------

Determining displacement for added points according to pointNormal ...
Detected 19 points with point normal pointing through faces.
Reset displacement at 19 points to average of surrounding points.

displacementMedialAxis : Smoothing using Medial Axis ...
displacementMedialAxis : Reducing layer thickness at 50213 nodes where thickness to medial axis distance is large 
displacementMedialAxis : Removing isolated regions ...
- if partially extruded faces make angle < 90
- if exclusively surrounded by non-extruded faces
displacementMedialAxis : Number of isolated points extrusion stopped : 501
fieldSmoother : Smoothing field ...
    Iteration 0   residual 0.000203159
displacementMedialAxis : Moving mesh ...
displacementMedialAxis : Iteration 0
Moving mesh using displacement scaling : min:1  max:1
Checking faces in error :
    non-orthogonality > 65  degrees                        : 1972
    faces with face pyramid volume < 1e-13                 : 664
    faces with face-decomposition tet quality < 1e-09      : 1145
    faces with concavity > 80  degrees                     : 6
    faces with skewness > 4   (internal) or 20  (boundary) : 5
    faces with interpolation weights (0..1)  < 0.02        : 12
    faces with volume ratio of neighbour cells < 0.01      : 4
    faces with face twist < 0.02                           : 21
    faces on cells with determinant < 0.001                : 259
displacementMedialAxis : Iteration 1
Moving mesh using displacement scaling : min:0.75  max:1
Checking faces in error :
    non-orthogonality > 65  degrees                        : 359
    faces with face pyramid volume < 1e-13                 : 348
    faces with face-decomposition tet quality < 1e-09      : 509
    faces with concavity > 80  degrees                     : 4
    faces with skewness > 4   (internal) or 20  (boundary) : 0
    faces with interpolation weights (0..1)  < 0.02        : 15
    faces with volume ratio of neighbour cells < 0.01      : 0
    faces with face twist < 0.02                           : 9
    faces on cells with determinant < 0.001                : 140
displacementMedialAxis : Iteration 2
Moving mesh using displacement scaling : min:0.5625  max:1
Checking faces in error :
    non-orthogonality > 65  degrees                        : 54
    faces with face pyramid volume < 1e-13                 : 4
    faces with face-decomposition tet quality < 1e-09      : 309
    faces with concavity > 80  degrees                     : 6
    faces with skewness > 4   (internal) or 20  (boundary) : 0
    faces with interpolation weights (0..1)  < 0.02        : 0
    faces with volume ratio of neighbour cells < 0.01      : 0
    faces with face twist < 0.02                           : 4
    faces on cells with determinant < 0.001                : 66
displacementMedialAxis : Iteration 3
displacementMedialAxis : Displacement scaling for error reduction set to 0.
Moving mesh using displacement scaling : min:0.421875  max:1
Checking faces in error :
    non-orthogonality > 65  degrees                        : 8
    faces with face pyramid volume < 1e-13                 : 1
    faces with face-decomposition tet quality < 1e-09      : 266
    faces with concavity > 80  degrees                     : 0
    faces with skewness > 4   (internal) or 20  (boundary) : 0
    faces with interpolation weights (0..1)  < 0.02        : 0
    faces with volume ratio of neighbour cells < 0.01      : 0
    faces with face twist < 0.02                           : 0
    faces on cells with determinant < 0.001                : 11
displacementMedialAxis : Iteration 4
Moving mesh using displacement scaling : min:0  max:1
Checking faces in error :
    non-orthogonality > 65  degrees                        : 12
    faces with face pyramid volume < 1e-13                 : 6
    faces with face-decomposition tet quality < 1e-09      : 133
    faces with concavity > 80  degrees                     : 0
    faces with skewness > 4   (internal) or 20  (boundary) : 0
    faces with interpolation weights (0..1)  < 0.02        : 0
    faces with volume ratio of neighbour cells < 0.01      : 0
    faces with face twist < 0.02                           : 2
    faces on cells with determinant < 0.001                : 2
displacementMedialAxis : Iteration 5
Moving mesh using displacement scaling : min:0  max:1
Checking faces in error :
    non-orthogonality > 65  degrees                        : 8
    faces with face pyramid volume < 1e-13                 : 2
    faces with face-decomposition tet quality < 1e-09      : 52
    faces with concavity > 80  degrees                     : 2
    faces with skewness > 4   (internal) or 20  (boundary) : 0
    faces with interpolation weights (0..1)  < 0.02        : 0
    faces with volume ratio of neighbour cells < 0.01      : 0
    faces with face twist < 0.02                           : 0
    faces on cells with determinant < 0.001                : 4
displacementMedialAxis : Finished moving mesh ...
truncateDisplacement : Unextruded 20 faces due to non-consecutive vertices being extruded.
truncateDisplacement : Unextruded 10 faces due to stringed edges with inconsistent extrusion.
truncateDisplacement : Unextruded 0 faces due to non-consecutive vertices being extruded.
truncateDisplacement : Unextruded 0 faces due to stringed edges with inconsistent extrusion.

Setting up information for layer truncation ...
Detected 0 baffles across faceZones of type internal


Checking mesh with layer ...
Checking faces in error :
    non-orthogonality > 65  degrees                        : 35
    faces with face pyramid volume < 1e-13                 : 15
    faces with face-decomposition tet quality < 1e-09      : 52136
    faces with concavity > 80  degrees                     : 0
    faces with skewness > 4   (internal) or 20  (boundary) : 83
    faces with interpolation weights (0..1)  < 0.02        : 2
    faces with volume ratio of neighbour cells < 0.01      : 1
    faces with face twist < 0.02                           : 27
    faces on cells with determinant < 0.001                : 88
Detected 52387 illegal faces (concave, zero area or negative cell pyramid volume)
Extruding 130258 out of 147196 faces (88.4929%). Removed extrusion at 10596 faces.
Added 1384353 out of 2207940 cells (62.6989%).


Layer addition iteration 1
--------------------------

Determining displacement for added points according to pointNormal ...
Detected 0 points with point normal pointing through faces.
Reset displacement at 0 points to average of surrounding points.

displacementMedialAxis : Smoothing using Medial Axis ...
displacementMedialAxis : Reducing layer thickness at 32755 nodes where thickness to medial axis distance is large 
displacementMedialAxis : Removing isolated regions ...
- if partially extruded faces make angle < 90
- if exclusively surrounded by non-extruded faces
displacementMedialAxis : Number of isolated points extrusion stopped : 2890
fieldSmoother : Smoothing field ...
    Iteration 0   residual 0.000444896
displacementMedialAxis : Moving mesh ...
displacementMedialAxis : Iteration 0
Moving mesh using displacement scaling : min:1  max:1
Checking faces in error :
    non-orthogonality > 65  degrees                        : 657
    faces with face pyramid volume < 1e-13                 : 169
    faces with face-decomposition tet quality < 1e-09      : 2127
    faces with concavity > 80  degrees                     : 6
    faces with skewness > 4   (internal) or 20  (boundary) : 0
    faces with interpolation weights (0..1)  < 0.02        : 0
    faces with volume ratio of neighbour cells < 0.01      : 0
    faces with face twist < 0.02                           : 4
    faces on cells with determinant < 0.001                : 41
displacementMedialAxis : Iteration 1
Moving mesh using displacement scaling : min:0.75  max:1
Checking faces in error :
    non-orthogonality > 65  degrees                        : 50
    faces with face pyramid volume < 1e-13                 : 91
    faces with face-decomposition tet quality < 1e-09      : 324
    faces with concavity > 80  degrees                     : 0
    faces with skewness > 4   (internal) or 20  (boundary) : 0
    faces with interpolation weights (0..1)  < 0.02        : 2
    faces with volume ratio of neighbour cells < 0.01      : 0
    faces with face twist < 0.02                           : 4
    faces on cells with determinant < 0.001                : 30
displacementMedialAxis : Iteration 2
Moving mesh using displacement scaling : min:0.5625  max:1
Checking faces in error :
    non-orthogonality > 65  degrees                        : 2
    faces with face pyramid volume < 1e-13                 : 0
    faces with face-decomposition tet quality < 1e-09      : 205
    faces with concavity > 80  degrees                     : 0
    faces with skewness > 4   (internal) or 20  (boundary) : 0
    faces with interpolation weights (0..1)  < 0.02        : 0
    faces with volume ratio of neighbour cells < 0.01      : 0
    faces with face twist < 0.02                           : 2
    faces on cells with determinant < 0.001                : 0
displacementMedialAxis : Iteration 3
displacementMedialAxis : Displacement scaling for error reduction set to 0.
Moving mesh using displacement scaling : min:0.421875  max:1
Checking faces in error :
    non-orthogonality > 65  degrees                        : 0
    faces with face pyramid volume < 1e-13                 : 0
    faces with face-decomposition tet quality < 1e-09      : 156
    faces with concavity > 80  degrees                     : 0
    faces with skewness > 4   (internal) or 20  (boundary) : 0
    faces with interpolation weights (0..1)  < 0.02        : 0
    faces with volume ratio of neighbour cells < 0.01      : 0
    faces with face twist < 0.02                           : 2
    faces on cells with determinant < 0.001                : 0
displacementMedialAxis : Iteration 4
Moving mesh using displacement scaling : min:0  max:1
Checking faces in error :
    non-orthogonality > 65  degrees                        : 6
    faces with face pyramid volume < 1e-13                 : 0
    faces with face-decomposition tet quality < 1e-09      : 58
    faces with concavity > 80  degrees                     : 0
    faces with skewness > 4   (internal) or 20  (boundary) : 0
    faces with interpolation weights (0..1)  < 0.02        : 0
    faces with volume ratio of neighbour cells < 0.01      : 0
    faces with face twist < 0.02                           : 0
    faces on cells with determinant < 0.001                : 8
displacementMedialAxis : Iteration 5
Moving mesh using displacement scaling : min:0  max:1
Checking faces in error :
    non-orthogonality > 65  degrees                        : 6
    faces with face pyramid volume < 1e-13                 : 0
    faces with face-decomposition tet quality < 1e-09      : 45
    faces with concavity > 80  degrees                     : 0
    faces with skewness > 4   (internal) or 20  (boundary) : 0
    faces with interpolation weights (0..1)  < 0.02        : 0
    faces with volume ratio of neighbour cells < 0.01      : 0
    faces with face twist < 0.02                           : 2
    faces on cells with determinant < 0.001                : 6
displacementMedialAxis : Finished moving mesh ...
truncateDisplacement : Unextruded 38 faces due to non-consecutive vertices being extruded.
truncateDisplacement : Unextruded 0 faces due to stringed edges with inconsistent extrusion.
truncateDisplacement : Unextruded 0 faces due to non-consecutive vertices being extruded.
truncateDisplacement : Unextruded 0 faces due to stringed edges with inconsistent extrusion.

Setting up information for layer truncation ...
Detected 0 baffles across faceZones of type internal


Checking mesh with layer ...
Checking faces in error :
    non-orthogonality > 65  degrees                        : 42
    faces with face pyramid volume < 1e-13                 : 0
    faces with face-decomposition tet quality < 1e-09      : 1122
    faces with concavity > 80  degrees                     : 0
    faces with skewness > 4   (internal) or 20  (boundary) : 0
    faces with interpolation weights (0..1)  < 0.02        : 20
    faces with volume ratio of neighbour cells < 0.01      : 8
    faces with face twist < 0.02                           : 31
    faces on cells with determinant < 0.001                : 18
Detected 1241 illegal faces (concave, zero area or negative cell pyramid volume)
Extruding 123961 out of 147196 faces (84.2149%). Removed extrusion at 1071 faces.
Added 616787 out of 2207940 cells (27.935%).


Layer addition iteration 2
--------------------------

Determining displacement for added points according to pointNormal ...
Detected 0 points with point normal pointing through faces.
Reset displacement at 0 points to average of surrounding points.

displacementMedialAxis : Smoothing using Medial Axis ...
displacementMedialAxis : Reducing layer thickness at 30221 nodes where thickness to medial axis distance is large 
displacementMedialAxis : Removing isolated regions ...
- if partially extruded faces make angle < 90
- if exclusively surrounded by non-extruded faces
displacementMedialAxis : Number of isolated points extrusion stopped : 655
fieldSmoother : Smoothing field ...
    Iteration 0   residual 0.000439839
displacementMedialAxis : Moving mesh ...
displacementMedialAxis : Iteration 0
Moving mesh using displacement scaling : min:1  max:1
Checking faces in error :
    non-orthogonality > 65  degrees                        : 609
    faces with face pyramid volume < 1e-13                 : 165
    faces with face-decomposition tet quality < 1e-09      : 1895
    faces with concavity > 80  degrees                     : 6
    faces with skewness > 4   (internal) or 20  (boundary) : 0
    faces with interpolation weights (0..1)  < 0.02        : 0
    faces with volume ratio of neighbour cells < 0.01      : 0
    faces with face twist < 0.02                           : 5
    faces on cells with determinant < 0.001                : 32
displacementMedialAxis : Iteration 1
Moving mesh using displacement scaling : min:0.75  max:1
Checking faces in error :
    non-orthogonality > 65  degrees                        : 49
    faces with face pyramid volume < 1e-13                 : 86
    faces with face-decomposition tet quality < 1e-09      : 201
    faces with concavity > 80  degrees                     : 0
    faces with skewness > 4   (internal) or 20  (boundary) : 0
    faces with interpolation weights (0..1)  < 0.02        : 4
    faces with volume ratio of neighbour cells < 0.01      : 0
    faces with face twist < 0.02                           : 4
    faces on cells with determinant < 0.001                : 30
displacementMedialAxis : Iteration 2
Moving mesh using displacement scaling : min:0.5625  max:1
Checking faces in error :
    non-orthogonality > 65  degrees                        : 0
    faces with face pyramid volume < 1e-13                 : 0
    faces with face-decomposition tet quality < 1e-09      : 89
    faces with concavity > 80  degrees                     : 0
    faces with skewness > 4   (internal) or 20  (boundary) : 0
    faces with interpolation weights (0..1)  < 0.02        : 0
    faces with volume ratio of neighbour cells < 0.01      : 0
    faces with face twist < 0.02                           : 0
    faces on cells with determinant < 0.001                : 0
displacementMedialAxis : Iteration 3
displacementMedialAxis : Displacement scaling for error reduction set to 0.
Moving mesh using displacement scaling : min:0.421875  max:1
Checking faces in error :
    non-orthogonality > 65  degrees                        : 0
    faces with face pyramid volume < 1e-13                 : 0
    faces with face-decomposition tet quality < 1e-09      : 55
    faces with concavity > 80  degrees                     : 0
    faces with skewness > 4   (internal) or 20  (boundary) : 0
    faces with interpolation weights (0..1)  < 0.02        : 0
    faces with volume ratio of neighbour cells < 0.01      : 0
    faces with face twist < 0.02                           : 0
    faces on cells with determinant < 0.001                : 0
displacementMedialAxis : Iteration 4
Moving mesh using displacement scaling : min:0  max:1
Checking faces in error :
    non-orthogonality > 65  degrees                        : 2
    faces with face pyramid volume < 1e-13                 : 0
    faces with face-decomposition tet quality < 1e-09      : 30
    faces with concavity > 80  degrees                     : 0
    faces with skewness > 4   (internal) or 20  (boundary) : 0
    faces with interpolation weights (0..1)  < 0.02        : 0
    faces with volume ratio of neighbour cells < 0.01      : 0
    faces with face twist < 0.02                           : 0
    faces on cells with determinant < 0.001                : 0
displacementMedialAxis : Iteration 5
Moving mesh using displacement scaling : min:0  max:1
Checking faces in error :
    non-orthogonality > 65  degrees                        : 0
    faces with face pyramid volume < 1e-13                 : 0
    faces with face-decomposition tet quality < 1e-09      : 9
    faces with concavity > 80  degrees                     : 0
    faces with skewness > 4   (internal) or 20  (boundary) : 0
    faces with interpolation weights (0..1)  < 0.02        : 0
    faces with volume ratio of neighbour cells < 0.01      : 0
    faces with face twist < 0.02                           : 0
    faces on cells with determinant < 0.001                : 0
displacementMedialAxis : Finished moving mesh ...
truncateDisplacement : Unextruded 7 faces due to non-consecutive vertices being extruded.
truncateDisplacement : Unextruded 0 faces due to stringed edges with inconsistent extrusion.
truncateDisplacement : Unextruded 0 faces due to non-consecutive vertices being extruded.
truncateDisplacement : Unextruded 0 faces due to stringed edges with inconsistent extrusion.

Setting up information for layer truncation ...
Detected 0 baffles across faceZones of type internal


Checking mesh with layer ...
Checking faces in error :
    non-orthogonality > 65  degrees                        : 4
    faces with face pyramid volume < 1e-13                 : 0
    faces with face-decomposition tet quality < 1e-09      : 374
    faces with concavity > 80  degrees                     : 0
    faces with skewness > 4   (internal) or 20  (boundary) : 0
    faces with interpolation weights (0..1)  < 0.02        : 16
    faces with volume ratio of neighbour cells < 0.01      : 2
    faces with face twist < 0.02                           : 9
    faces on cells with determinant < 0.001                : 0
Detected 405 illegal faces (concave, zero area or negative cell pyramid volume)
Extruding 122302 out of 147196 faces (83.0879%). Removed extrusion at 373 faces.
Added 607406 out of 2207940 cells (27.5101%).


Layer addition iteration 3
--------------------------

Determining displacement for added points according to pointNormal ...
Detected 0 points with point normal pointing through faces.
Reset displacement at 0 points to average of surrounding points.

displacementMedialAxis : Smoothing using Medial Axis ...
displacementMedialAxis : Reducing layer thickness at 29699 nodes where thickness to medial axis distance is large 
displacementMedialAxis : Removing isolated regions ...
- if partially extruded faces make angle < 90
- if exclusively surrounded by non-extruded faces
displacementMedialAxis : Number of isolated points extrusion stopped : 230
fieldSmoother : Smoothing field ...
    Iteration 0   residual 0.000437331
displacementMedialAxis : Moving mesh ...
displacementMedialAxis : Iteration 0
Moving mesh using displacement scaling : min:1  max:1
Checking faces in error :
    non-orthogonality > 65  degrees                        : 556
    faces with face pyramid volume < 1e-13                 : 165
    faces with face-decomposition tet quality < 1e-09      : 1701
    faces with concavity > 80  degrees                     : 6
    faces with skewness > 4   (internal) or 20  (boundary) : 0
    faces with interpolation weights (0..1)  < 0.02        : 0
    faces with volume ratio of neighbour cells < 0.01      : 0
    faces with face twist < 0.02                           : 5
    faces on cells with determinant < 0.001                : 35
displacementMedialAxis : Iteration 1
Moving mesh using displacement scaling : min:0.75  max:1
Checking faces in error :
    non-orthogonality > 65  degrees                        : 49
    faces with face pyramid volume < 1e-13                 : 86
    faces with face-decomposition tet quality < 1e-09      : 158
    faces with concavity > 80  degrees                     : 0
    faces with skewness > 4   (internal) or 20  (boundary) : 0
    faces with interpolation weights (0..1)  < 0.02        : 4
    faces with volume ratio of neighbour cells < 0.01      : 0
    faces with face twist < 0.02                           : 4
    faces on cells with determinant < 0.001                : 30
displacementMedialAxis : Iteration 2
Moving mesh using displacement scaling : min:0.5625  max:1
Checking faces in error :
    non-orthogonality > 65  degrees                        : 0
    faces with face pyramid volume < 1e-13                 : 0
    faces with face-decomposition tet quality < 1e-09      : 51
    faces with concavity > 80  degrees                     : 0
    faces with skewness > 4   (internal) or 20  (boundary) : 0
    faces with interpolation weights (0..1)  < 0.02        : 0
    faces with volume ratio of neighbour cells < 0.01      : 0
    faces with face twist < 0.02                           : 0
    faces on cells with determinant < 0.001                : 0
displacementMedialAxis : Iteration 3
displacementMedialAxis : Displacement scaling for error reduction set to 0.
Moving mesh using displacement scaling : min:0.421875  max:1
Checking faces in error :
    non-orthogonality > 65  degrees                        : 0
    faces with face pyramid volume < 1e-13                 : 0
    faces with face-decomposition tet quality < 1e-09      : 16
    faces with concavity > 80  degrees                     : 0
    faces with skewness > 4   (internal) or 20  (boundary) : 0
    faces with interpolation weights (0..1)  < 0.02        : 0
    faces with volume ratio of neighbour cells < 0.01      : 0
    faces with face twist < 0.02                           : 0
    faces on cells with determinant < 0.001                : 0
displacementMedialAxis : Iteration 4
Moving mesh using displacement scaling : min:0  max:1
Checking faces in error :
    non-orthogonality > 65  degrees                        : 0
    faces with face pyramid volume < 1e-13                 : 0
    faces with face-decomposition tet quality < 1e-09      : 16
    faces with concavity > 80  degrees                     : 0
    faces with skewness > 4   (internal) or 20  (boundary) : 0
    faces with interpolation weights (0..1)  < 0.02        : 0
    faces with volume ratio of neighbour cells < 0.01      : 0
    faces with face twist < 0.02                           : 0
    faces on cells with determinant < 0.001                : 0
displacementMedialAxis : Iteration 5
Moving mesh using displacement scaling : min:0  max:1
Checking faces in error :
    non-orthogonality > 65  degrees                        : 2
    faces with face pyramid volume < 1e-13                 : 0
    faces with face-decomposition tet quality < 1e-09      : 8
    faces with concavity > 80  degrees                     : 0
    faces with skewness > 4   (internal) or 20  (boundary) : 0
    faces with interpolation weights (0..1)  < 0.02        : 0
    faces with volume ratio of neighbour cells < 0.01      : 0
    faces with face twist < 0.02                           : 0
    faces on cells with determinant < 0.001                : 2
displacementMedialAxis : Finished moving mesh ...
truncateDisplacement : Unextruded 12 faces due to non-consecutive vertices being extruded.
truncateDisplacement : Unextruded 0 faces due to stringed edges with inconsistent extrusion.
truncateDisplacement : Unextruded 0 faces due to non-consecutive vertices being extruded.
truncateDisplacement : Unextruded 0 faces due to stringed edges with inconsistent extrusion.

Setting up information for layer truncation ...
Detected 0 baffles across faceZones of type internal


Checking mesh with layer ...
Checking faces in error :
    non-orthogonality > 65  degrees                        : 2
    faces with face pyramid volume < 1e-13                 : 0
    faces with face-decomposition tet quality < 1e-09      : 198
    faces with concavity > 80  degrees                     : 0
    faces with skewness > 4   (internal) or 20  (boundary) : 0
    faces with interpolation weights (0..1)  < 0.02        : 2
    faces with volume ratio of neighbour cells < 0.01      : 5
    faces with face twist < 0.02                           : 2
    faces on cells with determinant < 0.001                : 2
Detected 211 illegal faces (concave, zero area or negative cell pyramid volume)
Extruding 121612 out of 147196 faces (82.6191%). Removed extrusion at 198 faces.
Added 604819 out of 2207940 cells (27.3929%).


Layer addition iteration 4
--------------------------

Determining displacement for added points according to pointNormal ...
Detected 0 points with point normal pointing through faces.
Reset displacement at 0 points to average of surrounding points.

displacementMedialAxis : Smoothing using Medial Axis ...
displacementMedialAxis : Reducing layer thickness at 29545 nodes where thickness to medial axis distance is large 
displacementMedialAxis : Removing isolated regions ...
- if partially extruded faces make angle < 90
- if exclusively surrounded by non-extruded faces
displacementMedialAxis : Number of isolated points extrusion stopped : 122
fieldSmoother : Smoothing field ...
    Iteration 0   residual 0.000434341
displacementMedialAxis : Moving mesh ...
displacementMedialAxis : Iteration 0
Moving mesh using displacement scaling : min:1  max:1
Checking faces in error :
    non-orthogonality > 65  degrees                        : 554
    faces with face pyramid volume < 1e-13                 : 165
    faces with face-decomposition tet quality < 1e-09      : 1631
    faces with concavity > 80  degrees                     : 6
    faces with skewness > 4   (internal) or 20  (boundary) : 0
    faces with interpolation weights (0..1)  < 0.02        : 0
    faces with volume ratio of neighbour cells < 0.01      : 0
    faces with face twist < 0.02                           : 4
    faces on cells with determinant < 0.001                : 34
displacementMedialAxis : Iteration 1
Moving mesh using displacement scaling : min:0.75  max:1
Checking faces in error :
    non-orthogonality > 65  degrees                        : 49
    faces with face pyramid volume < 1e-13                 : 86
    faces with face-decomposition tet quality < 1e-09      : 145
    faces with concavity > 80  degrees                     : 0
    faces with skewness > 4   (internal) or 20  (boundary) : 0
    faces with interpolation weights (0..1)  < 0.02        : 4
    faces with volume ratio of neighbour cells < 0.01      : 0
    faces with face twist < 0.02                           : 4
    faces on cells with determinant < 0.001                : 30
displacementMedialAxis : Iteration 2
Moving mesh using displacement scaling : min:0.5625  max:1
Checking faces in error :
    non-orthogonality > 65  degrees                        : 0
    faces with face pyramid volume < 1e-13                 : 0
    faces with face-decomposition tet quality < 1e-09      : 39
    faces with concavity > 80  degrees                     : 0
    faces with skewness > 4   (internal) or 20  (boundary) : 0
    faces with interpolation weights (0..1)  < 0.02        : 0
    faces with volume ratio of neighbour cells < 0.01      : 0
    faces with face twist < 0.02                           : 0
    faces on cells with determinant < 0.001                : 0
displacementMedialAxis : Iteration 3
displacementMedialAxis : Displacement scaling for error reduction set to 0.
Moving mesh using displacement scaling : min:0.421875  max:1
Checking faces in error :
    non-orthogonality > 65  degrees                        : 0
    faces with face pyramid volume < 1e-13                 : 0
    faces with face-decomposition tet quality < 1e-09      : 8
    faces with concavity > 80  degrees                     : 0
    faces with skewness > 4   (internal) or 20  (boundary) : 0
    faces with interpolation weights (0..1)  < 0.02        : 0
    faces with volume ratio of neighbour cells < 0.01      : 0
    faces with face twist < 0.02                           : 0
    faces on cells with determinant < 0.001                : 0
displacementMedialAxis : Iteration 4
Moving mesh using displacement scaling : min:0  max:1
Checking faces in error :
    non-orthogonality > 65  degrees                        : 0
    faces with face pyramid volume < 1e-13                 : 0
    faces with face-decomposition tet quality < 1e-09      : 4
    faces with concavity > 80  degrees                     : 0
    faces with skewness > 4   (internal) or 20  (boundary) : 0
    faces with interpolation weights (0..1)  < 0.02        : 0
    faces with volume ratio of neighbour cells < 0.01      : 0
    faces with face twist < 0.02                           : 0
    faces on cells with determinant < 0.001                : 0
displacementMedialAxis : Iteration 5
Moving mesh using displacement scaling : min:0  max:1
Checking faces in error :
    non-orthogonality > 65  degrees                        : 0
    faces with face pyramid volume < 1e-13                 : 0
    faces with face-decomposition tet quality < 1e-09      : 0
    faces with concavity > 80  degrees                     : 0
    faces with skewness > 4   (internal) or 20  (boundary) : 0
    faces with interpolation weights (0..1)  < 0.02        : 0
    faces with volume ratio of neighbour cells < 0.01      : 0
    faces with face twist < 0.02                           : 0
    faces on cells with determinant < 0.001                : 0
displacementMedialAxis : Successfully moved mesh
displacementMedialAxis : Finished moving mesh ...
truncateDisplacement : Unextruded 0 faces due to non-consecutive vertices being extruded.
truncateDisplacement : Unextruded 0 faces due to stringed edges with inconsistent extrusion.

Setting up information for layer truncation ...
Detected 0 baffles across faceZones of type internal


Checking mesh with layer ...
Checking faces in error :
    non-orthogonality > 65  degrees                        : 0
    faces with face pyramid volume < 1e-13                 : 0
    faces with face-decomposition tet quality < 1e-09      : 116
    faces with concavity > 80  degrees                     : 0
    faces with skewness > 4   (internal) or 20  (boundary) : 0
    faces with interpolation weights (0..1)  < 0.02        : 0
    faces with volume ratio of neighbour cells < 0.01      : 2
    faces with face twist < 0.02                           : 0
    faces on cells with determinant < 0.001                : 0
Detected 118 illegal faces (concave, zero area or negative cell pyramid volume)
Extruding 121238 out of 147196 faces (82.365%). Removed extrusion at 116 faces.
Added 603686 out of 2207940 cells (27.3416%).


Layer addition iteration 5
--------------------------

Determining displacement for added points according to pointNormal ...
Detected 0 points with point normal pointing through faces.
Reset displacement at 0 points to average of surrounding points.

displacementMedialAxis : Smoothing using Medial Axis ...
displacementMedialAxis : Reducing layer thickness at 29493 nodes where thickness to medial axis distance is large 
displacementMedialAxis : Removing isolated regions ...
- if partially extruded faces make angle < 90
- if exclusively surrounded by non-extruded faces
displacementMedialAxis : Number of isolated points extrusion stopped : 71
fieldSmoother : Smoothing field ...
    Iteration 0   residual 0.000432898
displacementMedialAxis : Moving mesh ...
displacementMedialAxis : Iteration 0
Moving mesh using displacement scaling : min:1  max:1
Checking faces in error :
    non-orthogonality > 65  degrees                        : 555
    faces with face pyramid volume < 1e-13                 : 165
    faces with face-decomposition tet quality < 1e-09      : 1642
    faces with concavity > 80  degrees                     : 6
    faces with skewness > 4   (internal) or 20  (boundary) : 0
    faces with interpolation weights (0..1)  < 0.02        : 0
    faces with volume ratio of neighbour cells < 0.01      : 0
    faces with face twist < 0.02                           : 4
    faces on cells with determinant < 0.001                : 34
displacementMedialAxis : Iteration 1
Moving mesh using displacement scaling : min:0.75  max:1
Checking faces in error :
    non-orthogonality > 65  degrees                        : 49
    faces with face pyramid volume < 1e-13                 : 86
    faces with face-decomposition tet quality < 1e-09      : 141
    faces with concavity > 80  degrees                     : 0
    faces with skewness > 4   (internal) or 20  (boundary) : 0
    faces with interpolation weights (0..1)  < 0.02        : 4
    faces with volume ratio of neighbour cells < 0.01      : 0
    faces with face twist < 0.02                           : 4
    faces on cells with determinant < 0.001                : 30
displacementMedialAxis : Iteration 2
Moving mesh using displacement scaling : min:0.5625  max:1
Checking faces in error :
    non-orthogonality > 65  degrees                        : 0
    faces with face pyramid volume < 1e-13                 : 0
    faces with face-decomposition tet quality < 1e-09      : 38
    faces with concavity > 80  degrees                     : 0
    faces with skewness > 4   (internal) or 20  (boundary) : 0
    faces with interpolation weights (0..1)  < 0.02        : 0
    faces with volume ratio of neighbour cells < 0.01      : 0
    faces with face twist < 0.02                           : 0
    faces on cells with determinant < 0.001                : 0
displacementMedialAxis : Iteration 3
displacementMedialAxis : Displacement scaling for error reduction set to 0.
Moving mesh using displacement scaling : min:0.421875  max:1
Checking faces in error :
    non-orthogonality > 65  degrees                        : 0
    faces with face pyramid volume < 1e-13                 : 0
    faces with face-decomposition tet quality < 1e-09      : 8
    faces with concavity > 80  degrees                     : 0
    faces with skewness > 4   (internal) or 20  (boundary) : 0
    faces with interpolation weights (0..1)  < 0.02        : 0
    faces with volume ratio of neighbour cells < 0.01      : 0
    faces with face twist < 0.02                           : 0
    faces on cells with determinant < 0.001                : 0
displacementMedialAxis : Iteration 4
Moving mesh using displacement scaling : min:0  max:1
Checking faces in error :
    non-orthogonality > 65  degrees                        : 0
    faces with face pyramid volume < 1e-13                 : 0
    faces with face-decomposition tet quality < 1e-09      : 0
    faces with concavity > 80  degrees                     : 0
    faces with skewness > 4   (internal) or 20  (boundary) : 0
    faces with interpolation weights (0..1)  < 0.02        : 0
    faces with volume ratio of neighbour cells < 0.01      : 0
    faces with face twist < 0.02                           : 0
    faces on cells with determinant < 0.001                : 0
displacementMedialAxis : Successfully moved mesh
displacementMedialAxis : Finished moving mesh ...
truncateDisplacement : Unextruded 0 faces due to non-consecutive vertices being extruded.
truncateDisplacement : Unextruded 0 faces due to stringed edges with inconsistent extrusion.

Setting up information for layer truncation ...
Detected 0 baffles across faceZones of type internal


Checking mesh with layer ...
Checking faces in error :
    non-orthogonality > 65  degrees                        : 0
    faces with face pyramid volume < 1e-13                 : 0
    faces with face-decomposition tet quality < 1e-09      : 74
    faces with concavity > 80  degrees                     : 0
    faces with skewness > 4   (internal) or 20  (boundary) : 0
    faces with interpolation weights (0..1)  < 0.02        : 0
    faces with volume ratio of neighbour cells < 0.01      : 2
    faces with face twist < 0.02                           : 0
    faces on cells with determinant < 0.001                : 0
Detected 76 illegal faces (concave, zero area or negative cell pyramid volume)
Extruding 121041 out of 147196 faces (82.2312%). Removed extrusion at 76 faces.
Added 602961 out of 2207940 cells (27.3088%).


Layer addition iteration 6
--------------------------

Determining displacement for added points according to pointNormal ...
Detected 0 points with point normal pointing through faces.
Reset displacement at 0 points to average of surrounding points.

displacementMedialAxis : Smoothing using Medial Axis ...
displacementMedialAxis : Reducing layer thickness at 29465 nodes where thickness to medial axis distance is large 
displacementMedialAxis : Removing isolated regions ...
- if partially extruded faces make angle < 90
- if exclusively surrounded by non-extruded faces
displacementMedialAxis : Number of isolated points extrusion stopped : 55
fieldSmoother : Smoothing field ...
    Iteration 0   residual 0.000431786
displacementMedialAxis : Moving mesh ...
displacementMedialAxis : Iteration 0
Moving mesh using displacement scaling : min:1  max:1
Checking faces in error :
    non-orthogonality > 65  degrees                        : 557
    faces with face pyramid volume < 1e-13                 : 165
