/*---------------------------------------------------------------------------*\
| =========                 |                                                 |
| \\      /  F ield         | OpenFOAM: The Open Source CFD Toolbox           |
|  \\    /   O peration     | Version:  2312                                  |
|   \\  /    A nd           | Website:  www.openfoam.com                      |
|    \\/     M anipulation  |                                                 |
\*---------------------------------------------------------------------------*/
Build  : _1d8f0d55f7-20231221 OPENFOAM=2312 version=v2312
Arch   : "LSB;label=32;scalar=64"
Exec   : snappyHexMesh -overwrite
Date   : May 29 2025
Time   : 17:10:15
Host   : IC-LIN-023
PID    : 118054
I/O    : uncollated
Case   : /home/CCNT/nataliadenton.denton/CFD_IRP_McLaren_2024-2025/src/Openfoam/AeroSUV_frontWheels_case
nProcs : 1
trapFpe: Floating point exception trapping enabled (FOAM_SIGFPE).
fileModificationChecking : Monitoring run-time modified files using timeStampMaster (fileModificationSkew 5, maxFileModificationPolls 20)
allowSystemOperations : Allowing user-supplied system call operations

// * * * * * * * * * * * * * * * * * * * * * * * * * * * * * * * * * * * * * //
Create time

--> FOAM Warning : 
    From static Foam::IOstreamOption::compressionType Foam::IOstreamOption::compressionEnum(const Foam::word&, compressionType)
    in file db/options/IOstreamOption.C at line 171
    Unknown compression specifier 'uncompressed' using compression off
Create mesh for time = 0

Read mesh in = 0.54 s

Overall mesh bounding box  : (-1.02298 -2.48923 -0.00599866) (1.95297 2.48923 1.10999)
Relative tolerance         : 1e-06
Absolute matching distance : 5.90651e-06

Reading refinement surfaces.
Read refinement surfaces in = 1.07 s

Reading refinement shells.
Read refinement shells in = 0 s

Setting refinement level of surface to be consistent with shells.
For geometry Geometry detected 0 uncached triangles out of 516608
Checked shell refinement in = 1.58 s

Reading features.
Read features in = 0 s


Determining initial surface intersections
-----------------------------------------

Edge intersection testing:
    Number of edges             : 423680
    Number of edges to retest   : 0
    Number of intersected edges : 0
Edge intersection testing:
    Number of edges             : 423680
    Number of edges to retest   : 423680
    Number of intersected edges : 108
Calculated surface intersections in = 0.24 s

Initial mesh : cells:138000  faces:423680  points:147864
Cells per refinement level:
    0	138000
Setting refinement level of surface to be consistent with curvature.
Checked curvature refinement in = 0 s


Adding patches for surface regions
----------------------------------

Patch Type                Region                        
----- ----                ------                        
Geometry:

6     wall                Geometry                      

Added patches in = 0 s

Edge intersection testing:
    Number of edges             : 423680
    Number of edges to retest   : 0
    Number of intersected edges : 108
Decomposition method none [1]

Refinement phase
----------------

Found point (0 0 0) in cell 2960 on processor 0

Surface refinement iteration 0
------------------------------

Marked for refinement due to surface intersection          : 98 cells.
Marked for refinement due to curvature/regions             : 0 cells.
Determined cells to refine in = 0.08 s
Selected for refinement : 98 cells (out of 138000)
Edge intersection testing:
    Number of edges             : 426068
    Number of edges to retest   : 3240
    Number of intersected edges : 364
Refined mesh in = 0.23 s
After refinement surface refinement iteration 0 : cells:138686  faces:426068  points:148910
Cells per refinement level:
    0	137902
    1	784

Surface refinement iteration 1
------------------------------

Marked for refinement due to surface intersection          : 4 cells.
Marked for refinement due to curvature/regions             : 286 cells.
Determined cells to refine in = 0.02 s
Selected for refinement : 324 cells (out of 138686)
Edge intersection testing:
    Number of edges             : 433664
    Number of edges to retest   : 10356
    Number of intersected edges : 1592
Refined mesh in = 0.23 s
After refinement surface refinement iteration 1 : cells:140954  faces:433664  points:152008
Cells per refinement level:
    0	137864
    1	802
    2	2288

Surface refinement iteration 2
------------------------------

Marked for refinement due to surface intersection          : 0 cells.
Marked for refinement due to curvature/regions             : 1478 cells.
Determined cells to refine in = 0.03 s
Selected for refinement : 1602 cells (out of 140954)
Edge intersection testing:
    Number of edges             : 471638
    Number of edges to retest   : 48340
    Number of intersected edges : 6100
Refined mesh in = 0.29 s
After refinement surface refinement iteration 2 : cells:152168  faces:471638  points:167592
Cells per refinement level:
    0	137826
    1	874
    2	2812
    3	10656

Surface refinement iteration 3
------------------------------

Marked for refinement due to surface intersection          : 0 cells.
Marked for refinement due to curvature/regions             : 506 cells.
Determined cells to refine in = 0.04 s
Selected for refinement : 564 cells (out of 152168)
Edge intersection testing:
    Number of edges             : 483890
    Number of edges to retest   : 31900
    Number of intersected edges : 6876
Refined mesh in = 0.29 s
After refinement surface refinement iteration 3 : cells:156116  faces:483890  points:171904
Cells per refinement level:
    0	137814
    1	912
    2	2782
    3	14608

Surface refinement iteration 4
------------------------------

Marked for refinement due to surface intersection          : 0 cells.
Marked for refinement due to curvature/regions             : 32 cells.
Determined cells to refine in = 0.05 s
Selected for refinement : 38 cells (out of 156116)
Edge intersection testing:
    Number of edges             : 484658
    Number of edges to retest   : 3368
    Number of intersected edges : 6930
Refined mesh in = 0.26 s
After refinement surface refinement iteration 4 : cells:156382  faces:484658  points:172136
Cells per refinement level:
    0	137812
    1	924
    2	2782
    3	14864

Surface refinement iteration 5
------------------------------

Marked for refinement due to surface intersection          : 0 cells.
Marked for refinement due to curvature/regions             : 20 cells.
Determined cells to refine in = 0.05 s
Selected for refinement : 24 cells (out of 156382)
Edge intersection testing:
    Number of edges             : 485150
    Number of edges to retest   : 1798
    Number of intersected edges : 6946
Refined mesh in = 0.25 s
After refinement surface refinement iteration 5 : cells:156550  faces:485150  points:172290
Cells per refinement level:
    0	137810
    1	938
    2	2778
    3	15024

Surface refinement iteration 6
------------------------------

Marked for refinement due to surface intersection          : 0 cells.
Marked for refinement due to curvature/regions             : 0 cells.
Determined cells to refine in = 0.04 s
Selected for refinement : 0 cells (out of 156550)
Stopping refining since too few cells selected.


Removing mesh beyond surface intersections
------------------------------------------

Setting cellZones according to locationsInMesh:
Location : (0 0 0)
    cellZone : none

For cellZone none found point (0 0 0) in global region 0 out of 3 regions.
--> FOAM Warning : 
    From void Foam::meshRefinement::nearestFace(const Foam::labelUList&, const Foam::bitSet&, Foam::autoPtr<Foam::mapDistribute>&, Foam::labelList&, Foam::label) const
    in file meshRefinement/meshRefinement.C at line 515
    Did not visit some faces, e.g. face 0 at (-0.973383 -2.46434 0.018262)
Keeping all cells containing inside points
Selected for keeping : 154906 cells.
Edge intersection testing:
    Number of edges             : 481526
    Number of edges to retest   : 3546
    Number of intersected edges : 6946

Shell refinement iteration 0
----------------------------

Marked for refinement due to distance to explicit features : 0 cells.
Marked for refinement due to refinement shells             : 0 cells.
Determined cells to refine in = 0.32 s
Selected for internal refinement : 1841 cells (out of 154906)
Edge intersection testing:
    Number of edges             : 520571
    Number of edges to retest   : 80897
    Number of intersected edges : 7022
Refined mesh in = 0.31 s
After refinement shell refinement iteration 0 : cells:167793  faces:520571  points:185021
Cells per refinement level:
    0	137688
    1	1568
    2	4059
    3	24478

Shell refinement iteration 1
----------------------------

Marked for refinement due to distance to explicit features : 0 cells.
Marked for refinement due to refinement shells             : 0 cells.
Determined cells to refine in = 0.02 s
Selected for internal refinement : 608 cells (out of 167793)
Edge intersection testing:
    Number of edges             : 533951
    Number of edges to retest   : 38561
    Number of intersected edges : 7022
Refined mesh in = 0.3 s
After refinement shell refinement iteration 1 : cells:172049  faces:533951  points:189903
Cells per refinement level:
    0	137574
    1	2237
    2	5752
    3	26486

Shell refinement iteration 2
----------------------------

Marked for refinement due to distance to explicit features : 0 cells.
Marked for refinement due to refinement shells             : 0 cells.
Determined cells to refine in = 0.02 s
Selected for internal refinement : 81 cells (out of 172049)
Edge intersection testing:
    Number of edges             : 535712
    Number of edges to retest   : 6121
    Number of intersected edges : 7022
Refined mesh in = 0.3 s
After refinement shell refinement iteration 2 : cells:172616  faces:535712  points:190532
Cells per refinement level:
    0	137518
    1	2660
    2	5952
    3	26486

Shell refinement iteration 3
----------------------------

Marked for refinement due to distance to explicit features : 0 cells.
Marked for refinement due to refinement shells             : 0 cells.
Determined cells to refine in = 0.04 s
Selected for internal refinement : 12 cells (out of 172616)
Edge intersection testing:
    Number of edges             : 535976
    Number of edges to retest   : 968
    Number of intersected edges : 7022
Refined mesh in = 0.29 s
After refinement shell refinement iteration 3 : cells:172700  faces:535976  points:190628
Cells per refinement level:
    0	137506
    1	2756
    2	5952
    3	26486

Shell refinement iteration 4
----------------------------

Marked for refinement due to distance to explicit features : 0 cells.
Marked for refinement due to refinement shells             : 0 cells.
Determined cells to refine in = 0.02 s
Selected for internal refinement : 0 cells (out of 172700)
Stopping refining since too few cells selected.


Dangling coarse cells refinement iteration 0
--------------------------------------------

Determined cells to refine in = 0.01 s
Selected for refinement : 3 cells (out of 172700)
Edge intersection testing:
    Number of edges             : 536021
    Number of edges to retest   : 363
    Number of intersected edges : 7022
Refined mesh in = 0.28 s
After refinement coarse cell refinement iteration 0 : cells:172721  faces:536021  points:190634
Cells per refinement level:
    0	137506
    1	2754
    2	5967
    3	26494

Dangling coarse cells refinement iteration 1
--------------------------------------------

Determined cells to refine in = 0.01 s
Selected for refinement : 0 cells (out of 172721)
Stopping refining since too few cells selected.


Dangling coarse cells refinement iteration 0
--------------------------------------------

Determined cells to refine in = 0 s
Selected for refinement : 0 cells (out of 172721)
Stopping refining since too few cells selected.


Refinement transition refinement iteration 0
--------------------------------------------

Determined cells to refine in = 0.01 s
Selected for refinement : 0 cells (out of 172721)
Stopping refining since too few cells selected.


Splitting mesh at surface intersections
---------------------------------------

Introducing baffles for 7022 faces that are intersected by the surface.

Setting cellZones according to locationsInMesh:
Location : (0 0 0)
    cellZone : none

For cellZone none found point (0 0 0) in global region 0 out of 3 regions.
Edge intersection testing:
    Number of edges             : 542947
    Number of edges to retest   : 39516
    Number of intersected edges : 13948
Created baffles in = 0.34 s


After introducing baffles : cells:172721  faces:542947  points:190634
Cells per refinement level:
    0	137506
    1	2754
    2	5967
    3	26494

Introducing baffles to block off problem cells
----------------------------------------------

markFacesOnProblemCells : marked 8158 additional internal faces to be converted into baffles.
Analyzed problem cells in = 0.18 s


Introducing baffles to delete problem cells.

Edge intersection testing:
    Number of edges             : 551105
    Number of edges to retest   : 28620
    Number of intersected edges : 13948
Created baffles in = 0.24 s


After introducing baffles : cells:172721  faces:551105  points:190634
Cells per refinement level:
    0	137506
    1	2754
    2	5967
    3	26494
Setting cellZones according to locationsInMesh:
Location : (0 0 0)
    cellZone : none

For cellZone none found point (0 0 0) in global region 0 out of 3849 regions.
Edge intersection testing:
    Number of edges             : 551105
    Number of edges to retest   : 43870
    Number of intersected edges : 13948

Remove unreachable sections of mesh
-----------------------------------

Keeping all cells containing points 1((0 0 0))
Selected for keeping : 166159 cells.
Edge intersection testing:
    Number of edges             : 517649
    Number of edges to retest   : 0
    Number of intersected edges : 6406
Split mesh in = 0.61 s


After subsetting : cells:166159  faces:517649  points:185506
Cells per refinement level:
    0	137506
    1	2754
    2	5967
    3	19932

Introducing zones for interfaces
--------------------------------

Setting cellZones according to locationsInMesh:
Location : (0 0 0)
    cellZone : none

For cellZone none found point (0 0 0) in global region 0 out of 1 regions.
Setting faceZones according to neighbouring cellZones:

Edge intersection testing:
    Number of edges             : 517649
    Number of edges to retest   : 0
    Number of intersected edges : 6406

Handling cells with snap problems
---------------------------------

Introducing baffles for 6406 faces that are intersected by the surface.

Setting cellZones according to locationsInMesh:
Location : (0 0 0)
    cellZone : none

For cellZone none found point (0 0 0) in global region 0 out of 1 regions.
Edge intersection testing:
    Number of edges             : 517649
    Number of edges to retest   : 20722
    Number of intersected edges : 6406
Created baffles in = 0.55 s


After introducing baffles : cells:166159  faces:517649  points:185506
Cells per refinement level:
    0	137506
    1	2754
    2	5967
    3	19932

Introducing baffles to block off problem cells
----------------------------------------------

markFacesOnProblemCells : marked 0 additional internal faces to be converted into baffles.
Analyzed problem cells in = 0.16 s


Introducing baffles to delete problem cells.

Created baffles in = 0.03 s


After introducing baffles : cells:166159  faces:517649  points:185506
Cells per refinement level:
    0	137506
    1	2754
    2	5967
    3	19932
Setting cellZones according to locationsInMesh:
Location : (0 0 0)
    cellZone : none

For cellZone none found point (0 0 0) in global region 0 out of 1 regions.
Edge intersection testing:
    Number of edges             : 517649
    Number of edges to retest   : 20722
    Number of intersected edges : 6406

Remove unreachable sections of mesh
-----------------------------------

Split mesh in = 0.38 s


After subsetting : cells:166159  faces:517649  points:185506
Cells per refinement level:
    0	137506
    1	2754
    2	5967
    3	19932

Merge free-standing baffles
---------------------------

freeStandingBaffles : detected 10 free-standing baffles out of 10

freeStandingBaffles : detected 0 planar (within 30 degrees) free-standing baffles out of 10

Detected free-standing baffles : 0
Merged free-standing baffles in = 0.04 s


dupNonManifoldPoints : Found : 14 non-manifold points (out of 185506)
Edge intersection testing:
    Number of edges             : 517649
    Number of edges to retest   : 0
    Number of intersected edges : 6406
Detected unsplittable baffles : 0

Merge refined boundary faces
----------------------------

Merging 0 sets of faces.

No faces merged ...

Merging all points on surface that
- are used by only two boundary faces and
- make an angle with a cosine of more than 0.707107.

No straight edges simplified and no points removed ...
Refined mesh : cells:166159  faces:517649  points:185520
Cells per refinement level:
    0	137506
    1	2754
    2	5967
    3	19932
Writing mesh to time constant
Wrote mesh in = 0.33 s.
Mesh refined in = 6.97 s.

Morphing phase
--------------

Duplicating 0 points on faceZones of type boundary
Constructing mesh displacer ...
Using mesh parameters 
{
    maxNonOrtho     65;
    maxBoundarySkewness 20;
    maxInternalSkewness 4;
    maxConcave      80;
    minFlatness     0.5;
    minVol          1e-13;
    minArea         -1;
    minTetQuality   1e-30;
    minTwist        0.02;
    minDeterminant  0.001;
    minFaceWeight   0.02;
    minVolRatio     0.01;
    minTriangleTwist -1;
    nSmoothScale    4;
    errorReduction  0.75;
}


Checking initial mesh ...
Checking faces in error :
    non-orthogonality > 65  degrees                        : 0
    faces with face pyramid volume < 1e-13                 : 0
    faces with face-decomposition tet quality < 1e-30      : 0
    faces with concavity > 80  degrees                     : 0
    faces with skewness > 4   (internal) or 20  (boundary) : 0
    faces with interpolation weights (0..1)  < 0.02        : 0
    faces with volume ratio of neighbour cells < 0.01      : 0
    faces with face twist < 0.02                           : 0
    faces on cells with determinant < 0.001                : 0
Detected 0 illegal faces (concave, zero area or negative cell pyramid volume)
Checked initial mesh in = 1.13 s


Smoothing patch points ...
Smoothing iteration 0
Found 28 non-manifold point(s).

Scaling iteration 0
Moving mesh using displacement scaling : min:1  max:1
Checking faces in error :
    non-orthogonality > 65  degrees                        : 0
    faces with face pyramid volume < 1e-13                 : 0
    faces with face-decomposition tet quality < 1e-30      : 0
    faces with concavity > 80  degrees                     : 0
    faces with skewness > 4   (internal) or 20  (boundary) : 0
    faces with interpolation weights (0..1)  < 0.02        : 0
    faces with volume ratio of neighbour cells < 0.01      : 0
    faces with face twist < 0.02                           : 0
    faces on cells with determinant < 0.001                : 0
Successfully moved mesh

Smoothing iteration 1
Found 0 non-manifold point(s).

Scaling iteration 0
Moving mesh using displacement scaling : min:1  max:1
Checking faces in error :
    non-orthogonality > 65  degrees                        : 0
    faces with face pyramid volume < 1e-13                 : 0
    faces with face-decomposition tet quality < 1e-30      : 0
    faces with concavity > 80  degrees                     : 0
    faces with skewness > 4   (internal) or 20  (boundary) : 0
    faces with interpolation weights (0..1)  < 0.02        : 0
    faces with volume ratio of neighbour cells < 0.01      : 0
    faces with face twist < 0.02                           : 0
    faces on cells with determinant < 0.001                : 0
Successfully moved mesh

Smoothing iteration 2
Found 0 non-manifold point(s).

Scaling iteration 0
Moving mesh using displacement scaling : min:1  max:1
Checking faces in error :
    non-orthogonality > 65  degrees                        : 0
    faces with face pyramid volume < 1e-13                 : 0
    faces with face-decomposition tet quality < 1e-30      : 0
    faces with concavity > 80  degrees                     : 0
    faces with skewness > 4   (internal) or 20  (boundary) : 0
    faces with interpolation weights (0..1)  < 0.02        : 0
    faces with volume ratio of neighbour cells < 0.01      : 0
    faces with face twist < 0.02                           : 0
    faces on cells with determinant < 0.001                : 0
Successfully moved mesh

Patch points smoothed in = 1.83 s



Morph iteration 0
-----------------
Calculating patchDisplacement as distance to nearest surface point ...
    non-zone points : attract to nearest of all non-zone surfaces
    zone points     : attract to zone surface only

Wanted displacement : average:0.000979839 min:1.30299e-07 max:0.00407724
Calculated surface displacement in = 0.05 s


Detecting near surfaces ...
Overriding nearest with intersection of close gaps at 12 out of 6642 points.
--> FOAM Warning : Displacement (-0.000122222 2.21322e-05 3.99885e-05) at mesh point 160423 coord (-0.00798603 0.219784 0.0609759) points through the surrounding patch faces
Smoothing displacement ...
Iteration 0
Iteration 10
Iteration 20
Displacement smoothed in = 0.24 s


Moving mesh ...

Iteration 0
Moving mesh using displacement scaling : min:1  max:1
Checking faces in error :
    non-orthogonality > 65  degrees                        : 0
    faces with face pyramid volume < 1e-13                 : 0
    faces with face-decomposition tet quality < 1e-30      : 4
    faces with concavity > 80  degrees                     : 0
    faces with skewness > 4   (internal) or 20  (boundary) : 0
    faces with interpolation weights (0..1)  < 0.02        : 0
    faces with volume ratio of neighbour cells < 0.01      : 0
    faces with face twist < 0.02                           : 4
    faces on cells with determinant < 0.001                : 0

Iteration 1
Moving mesh using displacement scaling : min:0.75  max:1
Checking faces in error :
    non-orthogonality > 65  degrees                        : 0
    faces with face pyramid volume < 1e-13                 : 0
    faces with face-decomposition tet quality < 1e-30      : 0
    faces with concavity > 80  degrees                     : 0
    faces with skewness > 4   (internal) or 20  (boundary) : 0
    faces with interpolation weights (0..1)  < 0.02        : 0
    faces with volume ratio of neighbour cells < 0.01      : 0
    faces with face twist < 0.02                           : 0
    faces on cells with determinant < 0.001                : 0
Successfully moved mesh
Moved mesh in = 0.52 s


Repatching faces according to nearest surface ...
Repatched 0 faces in = 0.04 s


Edge intersection testing:
    Number of edges             : 517649
    Number of edges to retest   : 99873
    Number of intersected edges : 6428
Merging 1390 sets of faces.

Edge intersection testing:
    Number of edges             : 515851
    Number of edges to retest   : 5700
    Number of intersected edges : 4714

Undo iteration 0
----------------
Checking faces in error :
    non-orthogonality > 65  degrees                        : 0
    faces with face pyramid volume < 1e-13                 : 0
    faces with face-decomposition tet quality < 1e-30      : 0
    faces with concavity > 80  degrees                     : 0
    faces with skewness > 4   (internal) or 20  (boundary) : 0
    faces with interpolation weights (0..1)  < 0.02        : 0
    faces with volume ratio of neighbour cells < 0.01      : 0
    faces with face twist < 0.02                           : 0
    faces on cells with determinant < 0.001                : 0

Merging all points on surface that
- are used by only two boundary faces and
- make an angle with a cosine of more than 0.866025.

Removing 862 straight edge points ...

Edge intersection testing:
    Number of edges             : 515851
    Number of edges to retest   : 4816
    Number of intersected edges : 4720

Undo iteration 0
----------------
Checking faces in error :
    non-orthogonality > 65  degrees                        : 0
    faces with face pyramid volume < 1e-13                 : 0
    faces with face-decomposition tet quality < 1e-30      : 0
    faces with concavity > 80  degrees                     : 0
    faces with skewness > 4   (internal) or 20  (boundary) : 0
    faces with interpolation weights (0..1)  < 0.02        : 0
    faces with volume ratio of neighbour cells < 0.01      : 0
    faces with face twist < 0.02                           : 0
    faces on cells with determinant < 0.001                : 0
Snapped mesh : cells:166159  faces:515851  points:184250
Cells per refinement level:
    0	137506
    1	2754
    2	5967
    3	19932
Writing mesh to time constant
Wrote mesh in = 0.38 s.
Mesh snapped in = 4.87 s.
Layer specification as
- final layer thickness ('finalLayerThickness')
- expansion ratio ('expansionRatio')

Shrinking and layer addition phase
----------------------------------

Using mesh parameters 
{
    maxNonOrtho     65;
    maxBoundarySkewness 20;
    maxInternalSkewness 4;
    maxConcave      80;
    minFlatness     0.5;
    minVol          1e-13;
    minArea         -1;
    minTetQuality   1e-30;
    minTwist        0.02;
    minDeterminant  0.001;
    minFaceWeight   0.02;
    minVolRatio     0.01;
    minTriangleTwist -1;
    nSmoothScale    4;
    errorReduction  0.75;
}



Merging all faces of a cell
---------------------------
    - which are on the same patch
    - which make an angle < 60 degrees (cos:0.5)
    - as long as the resulting face doesn't become concave by more than 90 degrees
      (0=straight, 180=fully concave)

Merging 136 sets of faces.

Edge intersection testing:
    Number of edges             : 515679
    Number of edges to retest   : 586
    Number of intersected edges : 4518

Undo iteration 0
----------------
Checking faces in error :
    non-orthogonality > 65  degrees                        : 0
    faces with face pyramid volume < 1e-13                 : 0
    faces with face-decomposition tet quality < 1e-30      : 0
    faces with concavity > 80  degrees                     : 0
    faces with skewness > 4   (internal) or 20  (boundary) : 0
    faces with interpolation weights (0..1)  < 0.02        : 0
    faces with volume ratio of neighbour cells < 0.01      : 0
    faces with face twist < 0.02                           : 0
    faces on cells with determinant < 0.001                : 0

Merging all points on surface that
- are used by only two boundary faces and
- make an angle with a cosine of more than 0.5.

Removing 94 straight edge points ...

Edge intersection testing:
    Number of edges             : 515679
    Number of edges to retest   : 620
    Number of intersected edges : 4514

Undo iteration 0
----------------
Checking faces in error :
    non-orthogonality > 65  degrees                        : 0
    faces with face pyramid volume < 1e-13                 : 0
    faces with face-decomposition tet quality < 1e-30      : 0
    faces with concavity > 80  degrees                     : 0
    faces with skewness > 4   (internal) or 20  (boundary) : 0
    faces with interpolation weights (0..1)  < 0.02        : 0
    faces with volume ratio of neighbour cells < 0.01      : 0
    faces with face twist < 0.02                           : 0
    faces on cells with determinant < 0.001                : 0

Checking mesh manifoldness ...

Checking initial mesh ...
Checking faces in error :
    non-orthogonality > 65  degrees                        : 0
    faces with face pyramid volume < 1e-13                 : 0
    faces with face-decomposition tet quality < 1e-30      : 0
    faces with concavity > 80  degrees                     : 0
    faces with skewness > 4   (internal) or 20  (boundary) : 0
    faces with interpolation weights (0..1)  < 0.02        : 0
    faces with volume ratio of neighbour cells < 0.01      : 0
    faces with face twist < 0.02                           : 0
    faces on cells with determinant < 0.001                : 0
Detected 0 illegal faces (concave, zero area or negative cell pyramid volume)
Duplicating 0 points on faceZones of type boundary

Handling points with inconsistent layer specification ...
dupNonManifoldPoints : Found : 0 non-manifold points (out of 184120)

Handling points with inconsistent layer specification ...

Handling non-manifold points ...

Checking patch manifoldness ...
Outside of local patch is multiply connected across edges or points at 0 points.
Set displacement to zero for all 0 non-manifold points

Handling feature edges (angle < 60) ...
Set displacement to zero for points on 238 feature edges

Handling cells with warped patch faces ...
Set displacement to zero on 20 warped faces since layer would be > 0.5 of the size of the bounding box.

patch    faces    layers avg thickness[m]
                         near-wall overall
-----    -----    ------ --------- -------
Geometry 4658     3      0.00182   0.0051  


Outer iteration : 0
-------------------

Adding in total 0 inter-processor patches to handle extrusion of non-manifold processor boundaries.
Selecting externalDisplacementMeshMover displacementMedialAxis
displacementMedialAxis : Calculating distance to Medial Axis ...
fieldSmoother : Smoothing normals ...
    Iteration 0   residual 0.0641551
displacementMedialAxis : Inserting points on patch inlet if angle to nearest layer patch > 30 degrees.
displacementMedialAxis : Inserting points on patch outlet if angle to nearest layer patch > 30 degrees.
displacementMedialAxis : Inserting points on patch bottom if angle to nearest layer patch > 30 degrees.
displacementMedialAxis : Inserting points on patch top if angle to nearest layer patch > 30 degrees.
displacementMedialAxis : Inserting points on patch front if angle to nearest layer patch > 30 degrees.
displacementMedialAxis : Inserting points on patch back if angle to nearest layer patch > 30 degrees.
fieldSmoother : Smoothing normals in interior ...
    Iteration 0   residual 0.0539275

Layer addition iteration 0
--------------------------

Determining displacement for added points according to pointNormal ...
Detected 0 points with point normal pointing through faces.
Reset displacement at 0 points to average of surrounding points.

displacementMedialAxis : Smoothing using Medial Axis ...
displacementMedialAxis : Reducing layer thickness at 684 nodes where thickness to medial axis distance is large 
displacementMedialAxis : Removing isolated regions ...
- if partially extruded faces make angle < 30
- if exclusively surrounded by non-extruded faces
displacementMedialAxis : Number of isolated points extrusion stopped : 426
fieldSmoother : Smoothing field ...
    Iteration 0   residual 8.74973e-05
displacementMedialAxis : Moving mesh ...
displacementMedialAxis : Iteration 0
Moving mesh using displacement scaling : min:1  max:1
Checking faces in error :
    non-orthogonality > 65  degrees                        : 4
    faces with face pyramid volume < 1e-13                 : 0
    faces with face-decomposition tet quality < 1e-30      : 4
    faces with concavity > 80  degrees                     : 0
    faces with skewness > 4   (internal) or 20  (boundary) : 0
    faces with interpolation weights (0..1)  < 0.02        : 0
    faces with volume ratio of neighbour cells < 0.01      : 0
    faces with face twist < 0.02                           : 0
    faces on cells with determinant < 0.001                : 0
displacementMedialAxis : Iteration 1
Moving mesh using displacement scaling : min:0.75  max:1
Checking faces in error :
    non-orthogonality > 65  degrees                        : 0
    faces with face pyramid volume < 1e-13                 : 0
    faces with face-decomposition tet quality < 1e-30      : 0
    faces with concavity > 80  degrees                     : 0
    faces with skewness > 4   (internal) or 20  (boundary) : 0
    faces with interpolation weights (0..1)  < 0.02        : 0
    faces with volume ratio of neighbour cells < 0.01      : 0
    faces with face twist < 0.02                           : 0
    faces on cells with determinant < 0.001                : 0
displacementMedialAxis : Successfully moved mesh
displacementMedialAxis : Finished moving mesh ...
truncateDisplacement : Unextruded 0 faces due to non-consecutive vertices being extruded.
truncateDisplacement : Unextruded 0 faces due to stringed edges with inconsistent extrusion.

Setting up information for layer truncation ...
Detected 0 baffles across faceZones of type internal


Checking mesh with layer ...
Checking faces in error :
    non-orthogonality > 65  degrees                        : 6
    faces with face pyramid volume < 1e-13                 : 0
    faces with face-decomposition tet quality < 1e-30      : 324
    faces with concavity > 80  degrees                     : 0
    faces with skewness > 4   (internal) or 20  (boundary) : 0
    faces with interpolation weights (0..1)  < 0.02        : 0
    faces with volume ratio of neighbour cells < 0.01      : 0
    faces with face twist < 0.02                           : 2
    faces on cells with determinant < 0.001                : 0
Detected 332 illegal faces (concave, zero area or negative cell pyramid volume)
Extruding 4032 out of 4658 faces (86.5608%). Removed extrusion at 163 faces.
Added 11200 out of 13974 cells (80.1488%).


Layer addition iteration 1
--------------------------

Determining displacement for added points according to pointNormal ...
Detected 0 points with point normal pointing through faces.
Reset displacement at 0 points to average of surrounding points.

displacementMedialAxis : Smoothing using Medial Axis ...
displacementMedialAxis : Reducing layer thickness at 376 nodes where thickness to medial axis distance is large 
displacementMedialAxis : Removing isolated regions ...
- if partially extruded faces make angle < 30
- if exclusively surrounded by non-extruded faces
displacementMedialAxis : Number of isolated points extrusion stopped : 166
fieldSmoother : Smoothing field ...
    Iteration 0   residual 0.000143414
displacementMedialAxis : Moving mesh ...
displacementMedialAxis : Iteration 0
Moving mesh using displacement scaling : min:1  max:1
Checking faces in error :
    non-orthogonality > 65  degrees                        : 0
    faces with face pyramid volume < 1e-13                 : 0
    faces with face-decomposition tet quality < 1e-30      : 0
    faces with concavity > 80  degrees                     : 0
    faces with skewness > 4   (internal) or 20  (boundary) : 0
    faces with interpolation weights (0..1)  < 0.02        : 0
    faces with volume ratio of neighbour cells < 0.01      : 0
    faces with face twist < 0.02                           : 0
    faces on cells with determinant < 0.001                : 0
displacementMedialAxis : Successfully moved mesh
displacementMedialAxis : Finished moving mesh ...
truncateDisplacement : Unextruded 0 faces due to non-consecutive vertices being extruded.
truncateDisplacement : Unextruded 0 faces due to stringed edges with inconsistent extrusion.

Setting up information for layer truncation ...
Detected 0 baffles across faceZones of type internal


Checking mesh with layer ...
Checking faces in error :
    non-orthogonality > 65  degrees                        : 4
    faces with face pyramid volume < 1e-13                 : 0
    faces with face-decomposition tet quality < 1e-30      : 44
    faces with concavity > 80  degrees                     : 0
    faces with skewness > 4   (internal) or 20  (boundary) : 0
    faces with interpolation weights (0..1)  < 0.02        : 0
    faces with volume ratio of neighbour cells < 0.01      : 0
    faces with face twist < 0.02                           : 0
    faces on cells with determinant < 0.001                : 0
Detected 48 illegal faces (concave, zero area or negative cell pyramid volume)
Extruding 3840 out of 4658 faces (82.4388%). Removed extrusion at 44 faces.
Added 8584 out of 13974 cells (61.4284%).


Layer addition iteration 2
--------------------------

Determining displacement for added points according to pointNormal ...
Detected 0 points with point normal pointing through faces.
Reset displacement at 0 points to average of surrounding points.

displacementMedialAxis : Smoothing using Medial Axis ...
displacementMedialAxis : Reducing layer thickness at 338 nodes where thickness to medial axis distance is large 
displacementMedialAxis : Removing isolated regions ...
- if partially extruded faces make angle < 30
- if exclusively surrounded by non-extruded faces
displacementMedialAxis : Number of isolated points extrusion stopped : 50
fieldSmoother : Smoothing field ...
    Iteration 0   residual 0.000140425
displacementMedialAxis : Moving mesh ...
displacementMedialAxis : Iteration 0
Moving mesh using displacement scaling : min:1  max:1
Checking faces in error :
    non-orthogonality > 65  degrees                        : 0
    faces with face pyramid volume < 1e-13                 : 0
    faces with face-decomposition tet quality < 1e-30      : 0
    faces with concavity > 80  degrees                     : 0
    faces with skewness > 4   (internal) or 20  (boundary) : 0
    faces with interpolation weights (0..1)  < 0.02        : 0
    faces with volume ratio of neighbour cells < 0.01      : 0
    faces with face twist < 0.02                           : 0
    faces on cells with determinant < 0.001                : 0
displacementMedialAxis : Successfully moved mesh
displacementMedialAxis : Finished moving mesh ...
truncateDisplacement : Unextruded 0 faces due to non-consecutive vertices being extruded.
truncateDisplacement : Unextruded 0 faces due to stringed edges with inconsistent extrusion.

Setting up information for layer truncation ...
Detected 0 baffles across faceZones of type internal


Checking mesh with layer ...
Checking faces in error :
    non-orthogonality > 65  degrees                        : 0
    faces with face pyramid volume < 1e-13                 : 0
    faces with face-decomposition tet quality < 1e-30      : 16
    faces with concavity > 80  degrees                     : 0
    faces with skewness > 4   (internal) or 20  (boundary) : 0
    faces with interpolation weights (0..1)  < 0.02        : 0
    faces with volume ratio of neighbour cells < 0.01      : 0
    faces with face twist < 0.02                           : 4
    faces on cells with determinant < 0.001                : 0
Detected 20 illegal faces (concave, zero area or negative cell pyramid volume)
Extruding 3764 out of 4658 faces (80.8072%). Removed extrusion at 20 faces.
Added 8248 out of 13974 cells (59.0239%).


Layer addition iteration 3
--------------------------

Determining displacement for added points according to pointNormal ...
Detected 0 points with point normal pointing through faces.
Reset displacement at 0 points to average of surrounding points.

displacementMedialAxis : Smoothing using Medial Axis ...
displacementMedialAxis : Reducing layer thickness at 330 nodes where thickness to medial axis distance is large 
displacementMedialAxis : Removing isolated regions ...
- if partially extruded faces make angle < 30
- if exclusively surrounded by non-extruded faces
displacementMedialAxis : Number of isolated points extrusion stopped : 8
fieldSmoother : Smoothing field ...
    Iteration 0   residual 0.00013754
displacementMedialAxis : Moving mesh ...
displacementMedialAxis : Iteration 0
Moving mesh using displacement scaling : min:1  max:1
Checking faces in error :
    non-orthogonality > 65  degrees                        : 0
    faces with face pyramid volume < 1e-13                 : 0
    faces with face-decomposition tet quality < 1e-30      : 0
    faces with concavity > 80  degrees                     : 0
    faces with skewness > 4   (internal) or 20  (boundary) : 0
    faces with interpolation weights (0..1)  < 0.02        : 0
    faces with volume ratio of neighbour cells < 0.01      : 0
    faces with face twist < 0.02                           : 0
    faces on cells with determinant < 0.001                : 0
displacementMedialAxis : Successfully moved mesh
displacementMedialAxis : Finished moving mesh ...
truncateDisplacement : Unextruded 0 faces due to non-consecutive vertices being extruded.
truncateDisplacement : Unextruded 0 faces due to stringed edges with inconsistent extrusion.

Setting up information for layer truncation ...
Detected 0 baffles across faceZones of type internal


Checking mesh with layer ...
Checking faces in error :
    non-orthogonality > 65  degrees                        : 0
    faces with face pyramid volume < 1e-13                 : 0
    faces with face-decomposition tet quality < 1e-30      : 0
    faces with concavity > 80  degrees                     : 0
    faces with skewness > 4   (internal) or 20  (boundary) : 0
    faces with interpolation weights (0..1)  < 0.02        : 0
    faces with volume ratio of neighbour cells < 0.01      : 0
    faces with face twist < 0.02                           : 0
    faces on cells with determinant < 0.001                : 0
Detected 0 illegal faces (concave, zero area or negative cell pyramid volume)
Extruding 3744 out of 4658 faces (80.3778%). Removed extrusion at 0 faces.
Added 8164 out of 13974 cells (58.4228%).
Edge intersection testing:
    Number of edges             : 541415
    Number of edges to retest   : 0
    Number of intersected edges : 12518
Mesh with layers : cells:174323  faces:541415  points:193528

patch    faces        layers        overall thickness
                  target   mesh     [m]       [%]
-----    -----    -----    ----     ---       ---
Geometry 4658     3        1.75     0.00281   51.8    

Layer mesh : cells:174323  faces:541415  points:193528
Cells per refinement level:
    0	137506
    1	2754
    2	5967
    3	28096
Writing mesh to time constant
Wrote mesh in = 0.39 s.
Layers added in = 8.18 s.
Checking final mesh ...
Checking faces in error :
    non-orthogonality > 65  degrees                        : 0
    faces with face pyramid volume < 1e-13                 : 0
    faces with face-decomposition tet quality < 1e-30      : 0
    faces with concavity > 80  degrees                     : 0
    faces with skewness > 4   (internal) or 20  (boundary) : 0
    faces with interpolation weights (0..1)  < 0.02        : 0
    faces with volume ratio of neighbour cells < 0.01      : 0
    faces with face twist < 0.02                           : 0
    faces on cells with determinant < 0.001                : 0
Finished meshing without any errors
Finished meshing in = 24 s.
End

