/*---------------------------------------------------------------------------*\
| =========                 |                                                 |
| \\      /  F ield         | OpenFOAM: The Open Source CFD Toolbox           |
|  \\    /   O peration     | Version:  2312                                  |
|   \\  /    A nd           | Website:  www.openfoam.com                      |
|    \\/     M anipulation  |                                                 |
\*---------------------------------------------------------------------------*/
Build  : _1d8f0d55f7-20231221 OPENFOAM=2312 version=v2312
Arch   : "LSB;label=32;scalar=64"
Exec   : blockMesh
Date   : May 31 2025
Time   : 21:44:23
Host   : IC-LIN-004
PID    : 159675
I/O    : uncollated
Case   : /home/CCNT/nataliadenton.denton/CFD_IRP_McLaren_2024-2025/src/Openfoam/AeroSUV_unitCube_case
nProcs : 1
trapFpe: Floating point exception trapping enabled (FOAM_SIGFPE).
fileModificationChecking : Monitoring run-time modified files using timeStampMaster (fileModificationSkew 5, maxFileModificationPolls 20)
allowSystemOperations : Allowing user-supplied system call operations

// * * * * * * * * * * * * * * * * * * * * * * * * * * * * * * * * * * * * * //
Create time

Creating block mesh from "system/blockMeshDict"
Creating block edges
No non-planar block faces defined
Creating topology blocks

Creating topology patches - from boundary section

Creating block mesh topology

Check topology

	Basic statistics
		Number of internal faces : 0
		Number of boundary faces : 6
		Number of defined boundary faces : 6
		Number of undefined boundary faces : 0
	Checking patch -> block consistency

Creating block offsets
Creating merge list (topological search)...
Deleting polyMesh directory "constant/polyMesh"

Creating polyMesh from blockMesh
Creating patches
Creating cells
Creating points with scale (1 1 1)
    Block 0 cell size :
        i : 0.05 .. 0.05
        j : 0.05 .. 0.05
        k : 0.05 .. 0.05

No patch pairs to merge

Writing polyMesh with 0 cellZones
----------------
Mesh Information
----------------
  boundingBox: (-5.5 -5.5 -0.5) (10.5 5.5 5.5)
  nPoints: 8583861
  nCells: 8448000
  nFaces: 25479200
  nInternalFaces: 25208800
----------------
Patches
----------------
  patch 0 (start: 25208800 size: 26400) name: inlet
  patch 1 (start: 25235200 size: 26400) name: outlet
  patch 2 (start: 25261600 size: 38400) name: bottom
  patch 3 (start: 25300000 size: 38400) name: top
  patch 4 (start: 25338400 size: 70400) name: front
  patch 5 (start: 25408800 size: 70400) name: back

End

