/*---------------------------------------------------------------------------*\
| =========                 |                                                 |
| \\      /  F ield         | OpenFOAM: The Open Source CFD Toolbox           |
|  \\    /   O peration     | Version:  2112                                  |
|   \\  /    A nd           | Website:  www.openfoam.com                      |
|    \\/     M anipulation  |                                                 |
\*---------------------------------------------------------------------------*/
Build  : _14aeaf8dab-20211220 OPENFOAM=2112 version=v2112
Arch   : "LSB;label=32;scalar=64"
Exec   : checkMesh
Date   : Aug 04 2025
Time   : 16:13:19
Host   : cr2cn119
PID    : 2561252
I/O    : uncollated
Case   : /mnt/beegfs/home/nataliadenton.denton/CFD_IRP_McLaren_2024-2025/src/Openfoam/unitCubemedium
nProcs : 1
trapFpe: Floating point exception trapping enabled (FOAM_SIGFPE).
fileModificationChecking : Monitoring run-time modified files using timeStampMaster (fileModificationSkew 5, maxFileModificationPolls 20)
allowSystemOperations : Allowing user-supplied system call operations

// * * * * * * * * * * * * * * * * * * * * * * * * * * * * * * * * * * * * * //
Create time

--> FOAM Warning : 
    From static Foam::IOstreamOption::compressionType Foam::IOstreamOption::compressionEnum(const Foam::word&, Foam::IOstreamOption::compressionType)
    in file db/IOstreams/IOstreams/IOstreamOption.C at line 115
    Unknown compression specifier 'uncompressed', using compression off
Create mesh for time = 0

Time = 0

Mesh stats
    points:           276173
    faces:            770377
    internal faces:   750707
    cells:            247374
    faces per cell:   6.14892
    boundary patches: 7
    point zones:      0
    face zones:       0
    cell zones:       0

Overall number of cells of each type:
    hexahedra:     229212
    prisms:        0
    wedges:        0
    pyramids:      0
    tet wedges:    0
    tetrahedra:    0
    polyhedra:     18162
    Breakdown of polyhedra by number of faces:
        faces   number of cells
            4   4
            6   1806
            7   6192
            8   808
            9   9024
           10   18
           12   298
           15   12

Checking topology...
    Boundary definition OK.
    Cell to face addressing OK.
    Point usage OK.
    Upper triangular ordering OK.
    Face vertices OK.
    Number of regions: 1 (OK).

Checking patch topology for multiply connected surfaces...
                   Patch    Faces   Points                  Surface topology
                   inlet      336      375  ok (non-closed singly connected)
                  outlet      336      375  ok (non-closed singly connected)
                  bottom     6950     7403  ok (non-closed singly connected)
                     top     1536     1625  ok (non-closed singly connected)
                   front      896      975  ok (non-closed singly connected)
                    back      896      975  ok (non-closed singly connected)
                Geometry     8720     9129  ok (non-closed singly connected)

Checking faceZone topology for multiply connected surfaces...
    No faceZones found.

Checking basic cellZone addressing...
    No cellZones found.

Checking geometry...
    Overall domain bounding box (-5 -2.5 0) (11 3.5 3.5)
    Mesh has 3 geometric (non-empty/wedge) directions (1 1 1)
    Mesh has 3 solution (non-empty) directions (1 1 1)
    Boundary openness (1.34874e-17 7.90607e-18 -1.08422e-15) OK.
    Max cell openness = 5.38374e-16 OK.
    Max aspect ratio = 27.1514 OK.
    Minimum face area = 1.0239e-05. Maximum face area = 0.0666426.  Face area magnitudes OK.
    Min volume = 1.59984e-07. Max volume = 0.0164186.  Total volume = 335.  Cell volumes OK.
    Mesh non-orthogonality Max: 53.552 average: 7.98593
    Non-orthogonality check OK.
    Face pyramids OK.
    Max skewness = 1.84107 OK.
    Coupled point location match (average 0) OK.

Mesh OK.

End

