/*---------------------------------------------------------------------------*\
| =========                 |                                                 |
| \\      /  F ield         | OpenFOAM: The Open Source CFD Toolbox           |
|  \\    /   O peration     | Version:  2112                                  |
|   \\  /    A nd           | Website:  www.openfoam.com                      |
|    \\/     M anipulation  |                                                 |
\*---------------------------------------------------------------------------*/
Build  : _14aeaf8dab-20211220 OPENFOAM=2112 version=v2112
Arch   : "LSB;label=32;scalar=64"
Exec   : snappyHexMesh -overwrite
Date   : Aug 04 2025
Time   : 16:12:13
Host   : cr2cn119
PID    : 2561177
I/O    : uncollated
Case   : /mnt/beegfs/home/nataliadenton.denton/CFD_IRP_McLaren_2024-2025/src/Openfoam/unitCubemedium
nProcs : 1
trapFpe: Floating point exception trapping enabled (FOAM_SIGFPE).
fileModificationChecking : Monitoring run-time modified files using timeStampMaster (fileModificationSkew 5, maxFileModificationPolls 20)
allowSystemOperations : Allowing user-supplied system call operations

// * * * * * * * * * * * * * * * * * * * * * * * * * * * * * * * * * * * * * //
Create time

--> FOAM Warning : 
    From static Foam::IOstreamOption::compressionType Foam::IOstreamOption::compressionEnum(const Foam::word&, Foam::IOstreamOption::compressionType)
    in file db/IOstreams/IOstreams/IOstreamOption.C at line 115
    Unknown compression specifier 'uncompressed', using compression off
Create mesh for time = 0

Read mesh in = 0.12 s

Overall mesh bounding box  : (-5 -2.5 0) (11 3.5 3.5)
Relative tolerance         : 1e-06
Absolute matching distance : 1.74428e-05

Reading refinement surfaces.
Read refinement surfaces in = 0 s

Reading refinement shells.
Refinement level 2 for all cells inside refinementBox
Refinement level 3 for all cells inside refinementBox2
Read refinement shells in = 0 s

Setting refinement level of surface to be consistent with shells.
For geometry Geometry detected 0 uncached triangles out of 12
Checked shell refinement in = 0 s

Reading features.
Read features in = 0 s


Determining initial surface intersections
-----------------------------------------

Edge intersection testing:
    Number of edges             : 67280
    Number of edges to retest   : 0
    Number of intersected edges : 0
Edge intersection testing:
    Number of edges             : 67280
    Number of edges to retest   : 67280
    Number of intersected edges : 96
Calculated surface intersections in = 0.09 s

Initial mesh : cells:21504  faces:67280  points:24375
Cells per refinement level:
    0	21504

Adding patches for surface regions
----------------------------------

Patch Type                Region                        
----- ----                ------                        
Geometry:

6     wall                Geometry                      

Added patches in = 0 s

Edge intersection testing:
    Number of edges             : 67280
    Number of edges to retest   : 0
    Number of intersected edges : 96
Decomposition method none [1]

Refinement phase
----------------

Found point (5 0 0) in cell 616 on processor 0

Surface refinement iteration 0
------------------------------

Marked for refinement due to surface intersection          : 136 cells.
Marked for refinement due to curvature/regions             : 0 cells.
Determined cells to refine in = 0.03 s
Selected for refinement : 136 cells (out of 21504)
Edge intersection testing:
    Number of edges             : 70436
    Number of edges to retest   : 4060
    Number of intersected edges : 384
Refined mesh in = 0.07 s
After refinement surface refinement iteration 0 : cells:22456  faces:70436  points:25638
Cells per refinement level:
    0	21368
    1	1088

Surface refinement iteration 1
------------------------------

Marked for refinement due to surface intersection          : 616 cells.
Marked for refinement due to curvature/regions             : 0 cells.
Determined cells to refine in = 0 s
Selected for refinement : 648 cells (out of 22456)
Edge intersection testing:
    Number of edges             : 85208
    Number of edges to retest   : 18824
    Number of intersected edges : 1536
Refined mesh in = 0.09 s
After refinement surface refinement iteration 1 : cells:26992  faces:85208  points:31349
Cells per refinement level:
    0	21336
    1	728
    2	4928

Surface refinement iteration 2
------------------------------

Marked for refinement due to surface intersection          : 2632 cells.
Marked for refinement due to curvature/regions             : 0 cells.
Determined cells to refine in = 0 s
Selected for refinement : 2700 cells (out of 26992)
Edge intersection testing:
    Number of edges             : 146480
    Number of edges to retest   : 78424
    Number of intersected edges : 6144
Refined mesh in = 0.21 s
After refinement surface refinement iteration 2 : cells:45892  faces:146480  points:54832
Cells per refinement level:
    0	21332
    1	696
    2	2808
    3	21056

Surface refinement iteration 3
------------------------------

Marked for refinement due to surface intersection          : 0 cells.
Marked for refinement due to curvature/regions             : 368 cells.
Determined cells to refine in = 0.01 s
Selected for refinement : 368 cells (out of 45892)
Edge intersection testing:
    Number of edges             : 156404
    Number of edges to retest   : 17000
    Number of intersected edges : 8376
Refined mesh in = 0.18 s
After refinement surface refinement iteration 3 : cells:48468  faces:156404  points:59964
Cells per refinement level:
    0	21332
    1	696
    2	2808
    3	20688
    4	2944

Surface refinement iteration 4
------------------------------

Marked for refinement due to surface intersection          : 0 cells.
Marked for refinement due to curvature/regions             : 0 cells.
Determined cells to refine in = 0.02 s
Selected for refinement : 0 cells (out of 48468)
Stopping refining since too few cells selected.


Removing mesh beyond surface intersections
------------------------------------------

Setting cellZones according to locationsInMesh:
Location : (5 0 0)
    cellZone : none

For cellZone none found point (5 0 0) in global region 0 out of 2 regions.
Keeping all cells containing inside points
Selected for keeping : 48468 cells.
Edge intersection testing:
    Number of edges             : 156404
    Number of edges to retest   : 0
    Number of intersected edges : 8376
Setting cellZones according to locationsInMesh:
Location : (5 0 0)
    cellZone : none

For cellZone none found point (5 0 0) in global region 0 out of 2 regions.
Keeping all cells containing inside points
Selected for keeping : 41516 cells.
Edge intersection testing:
    Number of edges             : 137576
    Number of edges to retest   : 8304
    Number of intersected edges : 8376

Shell refinement iteration 0
----------------------------

Marked for refinement due to distance to explicit features : 0 cells.
Marked for refinement due to refinement shells             : 3500 cells.
Determined cells to refine in = 0.35 s
Selected for internal refinement : 3744 cells (out of 41516)
Edge intersection testing:
    Number of edges             : 218852
    Number of edges to retest   : 123860
    Number of intersected edges : 8724
Refined mesh in = 0.3 s
After refinement shell refinement iteration 0 : cells:67724  faces:218852  points:83188
Cells per refinement level:
    0	20160
    1	9312
    2	4352
    3	29732
    4	4168

Shell refinement iteration 1
----------------------------

Marked for refinement due to distance to explicit features : 0 cells.
Marked for refinement due to refinement shells             : 11758 cells.
Determined cells to refine in = 0.03 s
Selected for internal refinement : 13029 cells (out of 67724)
Edge intersection testing:
    Number of edges             : 498530
    Number of edges to retest   : 364341
    Number of intersected edges : 9084
Refined mesh in = 0.68 s
After refinement shell refinement iteration 1 : cells:158927  faces:498530  points:180521
Cells per refinement level:
    0	19407
    1	6024
    2	76402
    3	48782
    4	8312

Shell refinement iteration 2
----------------------------

Marked for refinement due to distance to explicit features : 0 cells.
Marked for refinement due to refinement shells             : 3344 cells.
Determined cells to refine in = 0.04 s
Selected for internal refinement : 3393 cells (out of 158927)
Edge intersection testing:
    Number of edges             : 570845
    Number of edges to retest   : 94274
    Number of intersected edges : 9108
Refined mesh in = 0.58 s
After refinement shell refinement iteration 2 : cells:182678  faces:570845  points:205342
Cells per refinement level:
    0	19404
    1	6048
    2	73058
    3	75488
    4	8680

Shell refinement iteration 3
----------------------------

Marked for refinement due to distance to explicit features : 0 cells.
Marked for refinement due to refinement shells             : 0 cells.
Determined cells to refine in = 0.06 s
Selected for internal refinement : 52 cells (out of 182678)
Edge intersection testing:
    Number of edges             : 572009
    Number of edges to retest   : 3220
    Number of intersected edges : 9132
Refined mesh in = 0.57 s
After refinement shell refinement iteration 3 : cells:183042  faces:572009  points:205778
Cells per refinement level:
    0	19404
    1	6048
    2	73058
    3	75436
    4	9096

Shell refinement iteration 4
----------------------------

Marked for refinement due to distance to explicit features : 0 cells.
Marked for refinement due to refinement shells             : 0 cells.
Determined cells to refine in = 0.06 s
Selected for internal refinement : 52 cells (out of 183042)
Edge intersection testing:
    Number of edges             : 573173
    Number of edges to retest   : 3196
    Number of intersected edges : 9156
Refined mesh in = 0.56 s
After refinement shell refinement iteration 4 : cells:183406  faces:573173  points:206214
Cells per refinement level:
    0	19404
    1	6048
    2	73058
    3	75384
    4	9512

Shell refinement iteration 5
----------------------------

Marked for refinement due to distance to explicit features : 0 cells.
Marked for refinement due to refinement shells             : 0 cells.
Determined cells to refine in = 0.07 s
Selected for internal refinement : 52 cells (out of 183406)
Edge intersection testing:
    Number of edges             : 574337
    Number of edges to retest   : 3196
    Number of intersected edges : 9180
Refined mesh in = 0.58 s
After refinement shell refinement iteration 5 : cells:183770  faces:574337  points:206650
Cells per refinement level:
    0	19404
    1	6048
    2	73058
    3	75332
    4	9928

Shell refinement iteration 6
----------------------------

Marked for refinement due to distance to explicit features : 0 cells.
Marked for refinement due to refinement shells             : 0 cells.
Determined cells to refine in = 0.08 s
Selected for internal refinement : 52 cells (out of 183770)
Edge intersection testing:
    Number of edges             : 575501
    Number of edges to retest   : 3196
    Number of intersected edges : 9204
Refined mesh in = 0.59 s
After refinement shell refinement iteration 6 : cells:184134  faces:575501  points:207086
Cells per refinement level:
    0	19404
    1	6048
    2	73058
    3	75280
    4	10344

Shell refinement iteration 7
----------------------------

Marked for refinement due to distance to explicit features : 0 cells.
Marked for refinement due to refinement shells             : 0 cells.
Determined cells to refine in = 0.08 s
Selected for internal refinement : 52 cells (out of 184134)
Edge intersection testing:
    Number of edges             : 576665
    Number of edges to retest   : 3196
    Number of intersected edges : 9228
Refined mesh in = 0.66 s
After refinement shell refinement iteration 7 : cells:184498  faces:576665  points:207522
Cells per refinement level:
    0	19404
    1	6048
    2	73058
    3	75228
    4	10760

Shell refinement iteration 8
----------------------------

Marked for refinement due to distance to explicit features : 0 cells.
Marked for refinement due to refinement shells             : 0 cells.
Determined cells to refine in = 0.09 s
Selected for internal refinement : 52 cells (out of 184498)
Edge intersection testing:
    Number of edges             : 577829
    Number of edges to retest   : 3196
    Number of intersected edges : 9252
Refined mesh in = 0.67 s
After refinement shell refinement iteration 8 : cells:184862  faces:577829  points:207958
Cells per refinement level:
    0	19404
    1	6048
    2	73058
    3	75176
    4	11176

Shell refinement iteration 9
----------------------------

Marked for refinement due to distance to explicit features : 0 cells.
Marked for refinement due to refinement shells             : 0 cells.
Determined cells to refine in = 0.07 s
Selected for internal refinement : 52 cells (out of 184862)
Edge intersection testing:
    Number of edges             : 578993
    Number of edges to retest   : 3196
    Number of intersected edges : 9276
Refined mesh in = 0.6 s
After refinement shell refinement iteration 9 : cells:185226  faces:578993  points:208394
Cells per refinement level:
    0	19404
    1	6048
    2	73058
    3	75124
    4	11592

Shell refinement iteration 10
----------------------------

Marked for refinement due to distance to explicit features : 0 cells.
Marked for refinement due to refinement shells             : 0 cells.
Determined cells to refine in = 0.07 s
Selected for internal refinement : 52 cells (out of 185226)
Edge intersection testing:
    Number of edges             : 580157
    Number of edges to retest   : 3196
    Number of intersected edges : 9300
Refined mesh in = 0.61 s
After refinement shell refinement iteration 10 : cells:185590  faces:580157  points:208830
Cells per refinement level:
    0	19404
    1	6048
    2	73058
    3	75072
    4	12008

Shell refinement iteration 11
----------------------------

Marked for refinement due to distance to explicit features : 0 cells.
Marked for refinement due to refinement shells             : 0 cells.
Determined cells to refine in = 0.07 s
Selected for internal refinement : 52 cells (out of 185590)
Edge intersection testing:
    Number of edges             : 581321
    Number of edges to retest   : 3196
    Number of intersected edges : 9324
Refined mesh in = 0.57 s
After refinement shell refinement iteration 11 : cells:185954  faces:581321  points:209266
Cells per refinement level:
    0	19404
    1	6048
    2	73058
    3	75020
    4	12424

Shell refinement iteration 12
----------------------------

Marked for refinement due to distance to explicit features : 0 cells.
Marked for refinement due to refinement shells             : 0 cells.
Determined cells to refine in = 0.07 s
Selected for internal refinement : 52 cells (out of 185954)
Edge intersection testing:
    Number of edges             : 582485
    Number of edges to retest   : 3196
    Number of intersected edges : 9348
Refined mesh in = 0.53 s
After refinement shell refinement iteration 12 : cells:186318  faces:582485  points:209702
Cells per refinement level:
    0	19404
    1	6048
    2	73058
    3	74968
    4	12840

Shell refinement iteration 13
----------------------------

Marked for refinement due to distance to explicit features : 0 cells.
Marked for refinement due to refinement shells             : 0 cells.
Determined cells to refine in = 0.06 s
Selected for internal refinement : 52 cells (out of 186318)
Edge intersection testing:
    Number of edges             : 583649
    Number of edges to retest   : 3196
    Number of intersected edges : 9372
Refined mesh in = 0.57 s
After refinement shell refinement iteration 13 : cells:186682  faces:583649  points:210138
Cells per refinement level:
    0	19404
    1	6048
    2	73058
    3	74916
    4	13256

Shell refinement iteration 14
----------------------------

Marked for refinement due to distance to explicit features : 0 cells.
Marked for refinement due to refinement shells             : 0 cells.
Determined cells to refine in = 0.07 s
Selected for internal refinement : 52 cells (out of 186682)
Edge intersection testing:
    Number of edges             : 584813
    Number of edges to retest   : 3196
    Number of intersected edges : 9396
Refined mesh in = 0.57 s
After refinement shell refinement iteration 14 : cells:187046  faces:584813  points:210574
Cells per refinement level:
    0	19404
    1	6048
    2	73058
    3	74864
    4	13672

Shell refinement iteration 15
----------------------------

Marked for refinement due to distance to explicit features : 0 cells.
Marked for refinement due to refinement shells             : 0 cells.
Determined cells to refine in = 0.08 s
Selected for internal refinement : 52 cells (out of 187046)
Edge intersection testing:
    Number of edges             : 585977
    Number of edges to retest   : 3196
    Number of intersected edges : 9420
Refined mesh in = 0.6 s
After refinement shell refinement iteration 15 : cells:187410  faces:585977  points:211010
Cells per refinement level:
    0	19404
    1	6048
    2	73058
    3	74812
    4	14088

Shell refinement iteration 16
----------------------------

Marked for refinement due to distance to explicit features : 0 cells.
Marked for refinement due to refinement shells             : 0 cells.
Determined cells to refine in = 0.08 s
Selected for internal refinement : 52 cells (out of 187410)
Edge intersection testing:
    Number of edges             : 587141
    Number of edges to retest   : 3196
    Number of intersected edges : 9444
Refined mesh in = 0.61 s
After refinement shell refinement iteration 16 : cells:187774  faces:587141  points:211446
Cells per refinement level:
    0	19404
    1	6048
    2	73058
    3	74760
    4	14504

Shell refinement iteration 17
----------------------------

Marked for refinement due to distance to explicit features : 0 cells.
Marked for refinement due to refinement shells             : 0 cells.
Determined cells to refine in = 0.09 s
Selected for internal refinement : 52 cells (out of 187774)
Edge intersection testing:
    Number of edges             : 588305
    Number of edges to retest   : 3196
    Number of intersected edges : 9468
Refined mesh in = 0.67 s
After refinement shell refinement iteration 17 : cells:188138  faces:588305  points:211882
Cells per refinement level:
    0	19404
    1	6048
    2	73058
    3	74708
    4	14920

Shell refinement iteration 18
----------------------------

Marked for refinement due to distance to explicit features : 0 cells.
Marked for refinement due to refinement shells             : 0 cells.
Determined cells to refine in = 0.08 s
Selected for internal refinement : 52 cells (out of 188138)
Edge intersection testing:
    Number of edges             : 589469
    Number of edges to retest   : 3196
    Number of intersected edges : 9492
Refined mesh in = 0.64 s
After refinement shell refinement iteration 18 : cells:188502  faces:589469  points:212318
Cells per refinement level:
    0	19404
    1	6048
    2	73058
    3	74656
    4	15336

Shell refinement iteration 19
----------------------------

Marked for refinement due to distance to explicit features : 0 cells.
Marked for refinement due to refinement shells             : 0 cells.
Determined cells to refine in = 0.07 s
Selected for internal refinement : 52 cells (out of 188502)
Edge intersection testing:
    Number of edges             : 590633
    Number of edges to retest   : 3196
    Number of intersected edges : 9516
Refined mesh in = 0.62 s
After refinement shell refinement iteration 19 : cells:188866  faces:590633  points:212754
Cells per refinement level:
    0	19404
    1	6048
    2	73058
    3	74604
    4	15752

Shell refinement iteration 20
----------------------------

Marked for refinement due to distance to explicit features : 0 cells.
Marked for refinement due to refinement shells             : 0 cells.
Determined cells to refine in = 0.07 s
Selected for internal refinement : 52 cells (out of 188866)
Edge intersection testing:
    Number of edges             : 591797
    Number of edges to retest   : 3196
    Number of intersected edges : 9540
Refined mesh in = 0.62 s
After refinement shell refinement iteration 20 : cells:189230  faces:591797  points:213190
Cells per refinement level:
    0	19404
    1	6048
    2	73058
    3	74552
    4	16168

Shell refinement iteration 21
----------------------------

Marked for refinement due to distance to explicit features : 0 cells.
Marked for refinement due to refinement shells             : 0 cells.
Determined cells to refine in = 0.06 s
Selected for internal refinement : 52 cells (out of 189230)
Edge intersection testing:
    Number of edges             : 592961
    Number of edges to retest   : 3196
    Number of intersected edges : 9564
Refined mesh in = 0.57 s
After refinement shell refinement iteration 21 : cells:189594  faces:592961  points:213626
Cells per refinement level:
    0	19404
    1	6048
    2	73058
    3	74500
    4	16584

Shell refinement iteration 22
----------------------------

Marked for refinement due to distance to explicit features : 0 cells.
Marked for refinement due to refinement shells             : 0 cells.
Determined cells to refine in = 0.06 s
Selected for internal refinement : 52 cells (out of 189594)
Edge intersection testing:
    Number of edges             : 594125
    Number of edges to retest   : 3196
    Number of intersected edges : 9588
Refined mesh in = 0.55 s
After refinement shell refinement iteration 22 : cells:189958  faces:594125  points:214062
Cells per refinement level:
    0	19404
    1	6048
    2	73058
    3	74448
    4	17000

Shell refinement iteration 23
----------------------------

Marked for refinement due to distance to explicit features : 0 cells.
Marked for refinement due to refinement shells             : 0 cells.
Determined cells to refine in = 0.07 s
Selected for internal refinement : 52 cells (out of 189958)
Edge intersection testing:
    Number of edges             : 595289
    Number of edges to retest   : 3196
    Number of intersected edges : 9612
Refined mesh in = 0.58 s
After refinement shell refinement iteration 23 : cells:190322  faces:595289  points:214498
Cells per refinement level:
    0	19404
    1	6048
    2	73058
    3	74396
    4	17416

Shell refinement iteration 24
----------------------------

Marked for refinement due to distance to explicit features : 0 cells.
Marked for refinement due to refinement shells             : 0 cells.
Determined cells to refine in = 0.07 s
Selected for internal refinement : 52 cells (out of 190322)
Edge intersection testing:
    Number of edges             : 596453
    Number of edges to retest   : 3196
    Number of intersected edges : 9636
Refined mesh in = 0.59 s
After refinement shell refinement iteration 24 : cells:190686  faces:596453  points:214934
Cells per refinement level:
    0	19404
    1	6048
    2	73058
    3	74344
    4	17832

Shell refinement iteration 25
----------------------------

Marked for refinement due to distance to explicit features : 0 cells.
Marked for refinement due to refinement shells             : 0 cells.
Determined cells to refine in = 0.07 s
Selected for internal refinement : 52 cells (out of 190686)
Edge intersection testing:
    Number of edges             : 597617
    Number of edges to retest   : 3196
    Number of intersected edges : 9660
Refined mesh in = 0.62 s
After refinement shell refinement iteration 25 : cells:191050  faces:597617  points:215370
Cells per refinement level:
    0	19404
    1	6048
    2	73058
    3	74292
    4	18248

Shell refinement iteration 26
----------------------------

Marked for refinement due to distance to explicit features : 0 cells.
Marked for refinement due to refinement shells             : 0 cells.
Determined cells to refine in = 0.08 s
Selected for internal refinement : 52 cells (out of 191050)
Edge intersection testing:
    Number of edges             : 598781
    Number of edges to retest   : 3196
    Number of intersected edges : 9684
Refined mesh in = 0.65 s
After refinement shell refinement iteration 26 : cells:191414  faces:598781  points:215806
Cells per refinement level:
    0	19404
    1	6048
    2	73058
    3	74240
    4	18664

Shell refinement iteration 27
----------------------------

Marked for refinement due to distance to explicit features : 0 cells.
Marked for refinement due to refinement shells             : 0 cells.
Determined cells to refine in = 0.09 s
Selected for internal refinement : 52 cells (out of 191414)
Edge intersection testing:
    Number of edges             : 599945
    Number of edges to retest   : 3196
    Number of intersected edges : 9708
Refined mesh in = 0.7 s
After refinement shell refinement iteration 27 : cells:191778  faces:599945  points:216242
Cells per refinement level:
    0	19404
    1	6048
    2	73058
    3	74188
    4	19080

Shell refinement iteration 28
----------------------------

Marked for refinement due to distance to explicit features : 0 cells.
Marked for refinement due to refinement shells             : 0 cells.
Determined cells to refine in = 0.09 s
Selected for internal refinement : 52 cells (out of 191778)
Edge intersection testing:
    Number of edges             : 601109
    Number of edges to retest   : 3196
    Number of intersected edges : 9732
Refined mesh in = 0.65 s
After refinement shell refinement iteration 28 : cells:192142  faces:601109  points:216678
Cells per refinement level:
    0	19404
    1	6048
    2	73058
    3	74136
    4	19496

Shell refinement iteration 29
----------------------------

Marked for refinement due to distance to explicit features : 0 cells.
Marked for refinement due to refinement shells             : 0 cells.
Determined cells to refine in = 0.08 s
Selected for internal refinement : 52 cells (out of 192142)
Edge intersection testing:
    Number of edges             : 602273
    Number of edges to retest   : 3220
    Number of intersected edges : 9756
Refined mesh in = 0.63 s
After refinement shell refinement iteration 29 : cells:192506  faces:602273  points:217114
Cells per refinement level:
    0	19404
    1	6048
    2	73058
    3	74084
    4	19912

Shell refinement iteration 30
----------------------------

Marked for refinement due to distance to explicit features : 0 cells.
Marked for refinement due to refinement shells             : 0 cells.
Determined cells to refine in = 0.08 s
Selected for internal refinement : 52 cells (out of 192506)
Edge intersection testing:
    Number of edges             : 603413
    Number of edges to retest   : 3244
    Number of intersected edges : 9780
Refined mesh in = 0.63 s
After refinement shell refinement iteration 30 : cells:192870  faces:603413  points:217518
Cells per refinement level:
    0	19404
    1	6048
    2	73058
    3	74032
    4	20328

Shell refinement iteration 31
----------------------------

Marked for refinement due to distance to explicit features : 0 cells.
Marked for refinement due to refinement shells             : 0 cells.
Determined cells to refine in = 0.06 s
Selected for internal refinement : 44 cells (out of 192870)
Edge intersection testing:
    Number of edges             : 604385
    Number of edges to retest   : 2868
    Number of intersected edges : 9780
Refined mesh in = 0.58 s
After refinement shell refinement iteration 31 : cells:193178  faces:604385  points:217874
Cells per refinement level:
    0	19404
    1	6048
    2	73058
    3	73988
    4	20680

Shell refinement iteration 32
----------------------------

Marked for refinement due to distance to explicit features : 0 cells.
Marked for refinement due to refinement shells             : 0 cells.
Determined cells to refine in = 0.07 s
Selected for internal refinement : 122 cells (out of 193178)
Edge intersection testing:
    Number of edges             : 607160
    Number of edges to retest   : 6051
    Number of intersected edges : 9825
Refined mesh in = 0.6 s
After refinement shell refinement iteration 32 : cells:194032  faces:607160  points:218945
Cells per refinement level:
    0	19404
    1	6048
    2	73058
    3	73866
    4	21656

Shell refinement iteration 33
----------------------------

Marked for refinement due to distance to explicit features : 0 cells.
Marked for refinement due to refinement shells             : 0 cells.
Determined cells to refine in = 0.07 s
Selected for internal refinement : 158 cells (out of 194032)
Edge intersection testing:
    Number of edges             : 610733
    Number of edges to retest   : 7994
    Number of intersected edges : 9888
Refined mesh in = 0.6 s
After refinement shell refinement iteration 33 : cells:195138  faces:610733  points:220310
Cells per refinement level:
    0	19404
    1	6048
    2	73058
    3	73708
    4	22920

Shell refinement iteration 34
----------------------------

Marked for refinement due to distance to explicit features : 0 cells.
Marked for refinement due to refinement shells             : 0 cells.
Determined cells to refine in = 0.07 s
Selected for internal refinement : 104 cells (out of 195138)
Edge intersection testing:
    Number of edges             : 613061
    Number of edges to retest   : 6392
    Number of intersected edges : 9936
Refined mesh in = 0.64 s
After refinement shell refinement iteration 34 : cells:195866  faces:613061  points:221182
Cells per refinement level:
    0	19404
    1	6048
    2	73058
    3	73604
    4	23752

Shell refinement iteration 35
----------------------------

Marked for refinement due to distance to explicit features : 0 cells.
Marked for refinement due to refinement shells             : 0 cells.
Determined cells to refine in = 0.1 s
Selected for internal refinement : 104 cells (out of 195866)
Edge intersection testing:
    Number of edges             : 615389
    Number of edges to retest   : 6392
    Number of intersected edges : 9984
Refined mesh in = 0.65 s
After refinement shell refinement iteration 35 : cells:196594  faces:615389  points:222054
Cells per refinement level:
    0	19404
    1	6048
    2	73058
    3	73500
    4	24584

Shell refinement iteration 36
----------------------------

Marked for refinement due to distance to explicit features : 0 cells.
Marked for refinement due to refinement shells             : 0 cells.
Determined cells to refine in = 0.09 s
Selected for internal refinement : 104 cells (out of 196594)
Edge intersection testing:
    Number of edges             : 617717
    Number of edges to retest   : 6392
    Number of intersected edges : 10032
Refined mesh in = 0.72 s
After refinement shell refinement iteration 36 : cells:197322  faces:617717  points:222926
Cells per refinement level:
    0	19404
    1	6048
    2	73058
    3	73396
    4	25416

Shell refinement iteration 37
----------------------------

Marked for refinement due to distance to explicit features : 0 cells.
Marked for refinement due to refinement shells             : 0 cells.
Determined cells to refine in = 0.1 s
Selected for internal refinement : 104 cells (out of 197322)
Edge intersection testing:
    Number of edges             : 620045
    Number of edges to retest   : 6392
    Number of intersected edges : 10080
Refined mesh in = 0.68 s
After refinement shell refinement iteration 37 : cells:198050  faces:620045  points:223798
Cells per refinement level:
    0	19404
    1	6048
    2	73058
    3	73292
    4	26248

Shell refinement iteration 38
----------------------------

Marked for refinement due to distance to explicit features : 0 cells.
Marked for refinement due to refinement shells             : 0 cells.
Determined cells to refine in = 0.09 s
Selected for internal refinement : 104 cells (out of 198050)
Edge intersection testing:
    Number of edges             : 622373
    Number of edges to retest   : 6392
    Number of intersected edges : 10128
Refined mesh in = 0.65 s
After refinement shell refinement iteration 38 : cells:198778  faces:622373  points:224670
Cells per refinement level:
    0	19404
    1	6048
    2	73058
    3	73188
    4	27080

Shell refinement iteration 39
----------------------------

Marked for refinement due to distance to explicit features : 0 cells.
Marked for refinement due to refinement shells             : 0 cells.
Determined cells to refine in = 0.09 s
Selected for internal refinement : 104 cells (out of 198778)
Edge intersection testing:
    Number of edges             : 624701
    Number of edges to retest   : 6392
    Number of intersected edges : 10176
Refined mesh in = 0.66 s
After refinement shell refinement iteration 39 : cells:199506  faces:624701  points:225542
Cells per refinement level:
    0	19404
    1	6048
    2	73058
    3	73084
    4	27912

Shell refinement iteration 40
----------------------------

Marked for refinement due to distance to explicit features : 0 cells.
Marked for refinement due to refinement shells             : 0 cells.
Determined cells to refine in = 0.07 s
Selected for internal refinement : 104 cells (out of 199506)
Edge intersection testing:
    Number of edges             : 627029
    Number of edges to retest   : 6392
    Number of intersected edges : 10224
Refined mesh in = 0.6 s
After refinement shell refinement iteration 40 : cells:200234  faces:627029  points:226414
Cells per refinement level:
    0	19404
    1	6048
    2	73058
    3	72980
    4	28744

Shell refinement iteration 41
----------------------------

Marked for refinement due to distance to explicit features : 0 cells.
Marked for refinement due to refinement shells             : 0 cells.
Determined cells to refine in = 0.06 s
Selected for internal refinement : 104 cells (out of 200234)
Edge intersection testing:
    Number of edges             : 629357
    Number of edges to retest   : 6392
    Number of intersected edges : 10272
Refined mesh in = 0.63 s
After refinement shell refinement iteration 41 : cells:200962  faces:629357  points:227286
Cells per refinement level:
    0	19404
    1	6048
    2	73058
    3	72876
    4	29576

Shell refinement iteration 42
----------------------------

Marked for refinement due to distance to explicit features : 0 cells.
Marked for refinement due to refinement shells             : 0 cells.
Determined cells to refine in = 0.09 s
Selected for internal refinement : 104 cells (out of 200962)
Edge intersection testing:
    Number of edges             : 631685
    Number of edges to retest   : 6392
    Number of intersected edges : 10320
Refined mesh in = 0.62 s
After refinement shell refinement iteration 42 : cells:201690  faces:631685  points:228158
Cells per refinement level:
    0	19404
    1	6048
    2	73058
    3	72772
    4	30408

Shell refinement iteration 43
----------------------------

Marked for refinement due to distance to explicit features : 0 cells.
Marked for refinement due to refinement shells             : 0 cells.
Determined cells to refine in = 0.07 s
Selected for internal refinement : 104 cells (out of 201690)
Edge intersection testing:
    Number of edges             : 634013
    Number of edges to retest   : 6392
    Number of intersected edges : 10368
Refined mesh in = 0.64 s
After refinement shell refinement iteration 43 : cells:202418  faces:634013  points:229030
Cells per refinement level:
    0	19404
    1	6048
    2	73058
    3	72668
    4	31240

Shell refinement iteration 44
----------------------------

Marked for refinement due to distance to explicit features : 0 cells.
Marked for refinement due to refinement shells             : 0 cells.
Determined cells to refine in = 0.11 s
Selected for internal refinement : 104 cells (out of 202418)
Edge intersection testing:
    Number of edges             : 636341
    Number of edges to retest   : 6356
    Number of intersected edges : 10416
Refined mesh in = 0.68 s
After refinement shell refinement iteration 44 : cells:203146  faces:636341  points:229902
Cells per refinement level:
    0	19404
    1	6048
    2	73058
    3	72564
    4	32072

Shell refinement iteration 45
----------------------------

Marked for refinement due to distance to explicit features : 0 cells.
Marked for refinement due to refinement shells             : 0 cells.
Determined cells to refine in = 0.1 s
Selected for internal refinement : 104 cells (out of 203146)
Edge intersection testing:
    Number of edges             : 638561
    Number of edges to retest   : 5804
    Number of intersected edges : 10464
Refined mesh in = 0.75 s
After refinement shell refinement iteration 45 : cells:203874  faces:638561  points:230642
Cells per refinement level:
    0	19404
    1	6048
    2	73058
    3	72460
    4	32904

Shell refinement iteration 46
----------------------------

Marked for refinement due to distance to explicit features : 0 cells.
Marked for refinement due to refinement shells             : 0 cells.
Determined cells to refine in = 0.1 s
Selected for internal refinement : 32 cells (out of 203874)
Edge intersection testing:
    Number of edges             : 639185
    Number of edges to retest   : 2656
    Number of intersected edges : 10464
Refined mesh in = 0.73 s
After refinement shell refinement iteration 46 : cells:204098  faces:639185  points:230818
Cells per refinement level:
    0	19404
    1	6048
    2	73058
    3	72428
    4	33160

Shell refinement iteration 47
----------------------------

Marked for refinement due to distance to explicit features : 0 cells.
Marked for refinement due to refinement shells             : 0 cells.
Determined cells to refine in = 0.07 s
Selected for internal refinement : 0 cells (out of 204098)
Stopping refining since too few cells selected.


Dangling coarse cells refinement iteration 0
--------------------------------------------

Determined cells to refine in = 0 s
Selected for refinement : 0 cells (out of 204098)
Stopping refining since too few cells selected.


Dangling coarse cells refinement iteration 0
--------------------------------------------

Determined cells to refine in = 0.01 s
Selected for refinement : 0 cells (out of 204098)
Stopping refining since too few cells selected.


Refinement transition refinement iteration 0
--------------------------------------------

Determined cells to refine in = 0.01 s
Selected for refinement : 0 cells (out of 204098)
Stopping refining since too few cells selected.


Splitting mesh at surface intersections
---------------------------------------

Introducing baffles for 10464 faces that are intersected by the surface.

Setting cellZones according to locationsInMesh:
Location : (5 0 0)
    cellZone : none

For cellZone none found point (5 0 0) in global region 0 out of 2 regions.
Edge intersection testing:
    Number of edges             : 647905
    Number of edges to retest   : 77420
    Number of intersected edges : 19184
Created baffles in = 0.62 s


After introducing baffles : cells:204098  faces:647905  points:230818
Cells per refinement level:
    0	19404
    1	6048
    2	73058
    3	72428
    4	33160

Introducing baffles to block off problem cells
----------------------------------------------

markFacesOnProblemCells : marked 16908 additional internal faces to be converted into baffles.
Analyzed problem cells in = 0.53 s


Introducing baffles to delete problem cells.

Edge intersection testing:
    Number of edges             : 664813
    Number of edges to retest   : 61416
    Number of intersected edges : 19184
Created baffles in = 0.44 s


After introducing baffles : cells:204098  faces:664813  points:230818
Cells per refinement level:
    0	19404
    1	6048
    2	73058
    3	72428
    4	33160
Setting cellZones according to locationsInMesh:
Location : (5 0 0)
    cellZone : none

For cellZone none found point (5 0 0) in global region 0 out of 6927 regions.
Edge intersection testing:
    Number of edges             : 664813
    Number of edges to retest   : 92984
    Number of intersected edges : 19184

Remove unreachable sections of mesh
-----------------------------------

Keeping all cells containing points 1((5 0 0))
Selected for keeping : 191610 cells.
Edge intersection testing:
    Number of edges             : 599005
    Number of edges to retest   : 0
    Number of intersected edges : 8720
Split mesh in = 1.1 s


After subsetting : cells:191610  faces:599005  points:216403
Cells per refinement level:
    0	19404
    1	6048
    2	73058
    3	67724
    4	25376

Introducing zones for interfaces
--------------------------------

Setting cellZones according to locationsInMesh:
Location : (5 0 0)
    cellZone : none

For cellZone none found point (5 0 0) in global region 0 out of 1 regions.
Setting faceZones according to neighbouring cellZones:

Edge intersection testing:
    Number of edges             : 599005
    Number of edges to retest   : 0
    Number of intersected edges : 8720

Handling cells with snap problems
---------------------------------

Introducing baffles for 8720 faces that are intersected by the surface.

Setting cellZones according to locationsInMesh:
Location : (5 0 0)
    cellZone : none

For cellZone none found point (5 0 0) in global region 0 out of 1 regions.
Edge intersection testing:
    Number of edges             : 599005
    Number of edges to retest   : 36920
    Number of intersected edges : 8720
Created baffles in = 1.03 s


After introducing baffles : cells:191610  faces:599005  points:216403
Cells per refinement level:
    0	19404
    1	6048
    2	73058
    3	67724
    4	25376

Introducing baffles to block off problem cells
----------------------------------------------

markFacesOnProblemCells : marked 0 additional internal faces to be converted into baffles.
Analyzed problem cells in = 0.41 s


Introducing baffles to delete problem cells.

Created baffles in = 0.06 s


After introducing baffles : cells:191610  faces:599005  points:216403
Cells per refinement level:
    0	19404
    1	6048
    2	73058
    3	67724
    4	25376
Setting cellZones according to locationsInMesh:
Location : (5 0 0)
    cellZone : none

For cellZone none found point (5 0 0) in global region 0 out of 1 regions.
Edge intersection testing:
    Number of edges             : 599005
    Number of edges to retest   : 36920
    Number of intersected edges : 8720

Remove unreachable sections of mesh
-----------------------------------

Split mesh in = 0.73 s


After subsetting : cells:191610  faces:599005  points:216403
Cells per refinement level:
    0	19404
    1	6048
    2	73058
    3	67724
    4	25376

Merge free-standing baffles
---------------------------

freeStandingBaffles : detected 0 free-standing baffles out of 0

Detected free-standing baffles : 0
Merged free-standing baffles in = 0.15 s


dupNonManifoldPoints : Found : 0 non-manifold points (out of 216403)
Detected unsplittable baffles : 0

Merge refined boundary faces
----------------------------

Merging 0 sets of faces.

No faces merged ...

Merging all points on surface that
- are used by only two boundary faces and
- make an angle with a cosine of more than 0.707107.

No straight edges simplified and no points removed ...
Refined mesh : cells:191610  faces:599005  points:216403
Cells per refinement level:
    0	19404
    1	6048
    2	73058
    3	67724
    4	25376
Writing mesh to time constant
Wrote mesh in = 1.2 s.
Mesh refined in = 39.79 s.

Morphing phase
--------------

Duplicating 0 points on faceZones of type boundary
Constructing mesh displacer ...
Using mesh parameters 
{
    maxNonOrtho     65;
    maxBoundarySkewness 20;
    maxInternalSkewness 4;
    maxConcave      80;
    minVol          1e-13;
    minTetQuality   1e-09;
    minArea         -1;
    minTwist        0.02;
    minDeterminant  0.001;
    minFaceWeight   0.02;
    minVolRatio     0.01;
    minTriangleTwist -1;
    nSmoothScale    4;
    errorReduction  0.75;
    relaxed
    {
        maxNonOrtho     65;
        maxBoundarySkewness 20;
        maxInternalSkewness 4;
        maxConcave      80;
        minVol          1e-13;
        minTetQuality   1e-09;
    }
}


Checking initial mesh ...
Checking faces in error :
    non-orthogonality > 65  degrees                        : 0
    faces with face pyramid volume < 1e-13                 : 0
    faces with face-decomposition tet quality < 1e-09      : 0
    faces with concavity > 80  degrees                     : 0
    faces with skewness > 4   (internal) or 20  (boundary) : 0
    faces with interpolation weights (0..1)  < 0.02        : 0
    faces with volume ratio of neighbour cells < 0.01      : 0
    faces with face twist < 0.02                           : 0
    faces on cells with determinant < 0.001                : 0
Detected 0 illegal faces (concave, zero area or negative cell pyramid volume)
Checked initial mesh in = 0.71 s


Smoothing patch points ...
Smoothing iteration 0
Found 0 non-manifold point(s).

Scaling iteration 0
Moving mesh using displacement scaling : min:1  max:1
Checking faces in error :
    non-orthogonality > 65  degrees                        : 0
    faces with face pyramid volume < 1e-13                 : 0
    faces with face-decomposition tet quality < 1e-09      : 0
    faces with concavity > 80  degrees                     : 0
    faces with skewness > 4   (internal) or 20  (boundary) : 0
    faces with interpolation weights (0..1)  < 0.02        : 0
    faces with volume ratio of neighbour cells < 0.01      : 0
    faces with face twist < 0.02                           : 0
    faces on cells with determinant < 0.001                : 0
Successfully moved mesh

Smoothing iteration 1
Found 0 non-manifold point(s).

Scaling iteration 0
Moving mesh using displacement scaling : min:1  max:1
Checking faces in error :
    non-orthogonality > 65  degrees                        : 0
    faces with face pyramid volume < 1e-13                 : 0
    faces with face-decomposition tet quality < 1e-09      : 0
    faces with concavity > 80  degrees                     : 0
    faces with skewness > 4   (internal) or 20  (boundary) : 0
    faces with interpolation weights (0..1)  < 0.02        : 0
    faces with volume ratio of neighbour cells < 0.01      : 0
    faces with face twist < 0.02                           : 0
    faces on cells with determinant < 0.001                : 0
Successfully moved mesh

Smoothing iteration 2
Found 0 non-manifold point(s).

Scaling iteration 0
Moving mesh using displacement scaling : min:1  max:1
Checking faces in error :
    non-orthogonality > 65  degrees                        : 0
    faces with face pyramid volume < 1e-13                 : 0
    faces with face-decomposition tet quality < 1e-09      : 0
    faces with concavity > 80  degrees                     : 0
    faces with skewness > 4   (internal) or 20  (boundary) : 0
    faces with interpolation weights (0..1)  < 0.02        : 0
    faces with volume ratio of neighbour cells < 0.01      : 0
    faces with face twist < 0.02                           : 0
    faces on cells with determinant < 0.001                : 0
Successfully moved mesh

Patch points smoothed in = 2.89 s



Morph iteration 0
-----------------
Calculating patchDisplacement as distance to nearest surface point ...
    non-zone points : attract to nearest of all non-zone surfaces
    zone points     : attract to zone surface only

Wanted displacement : average:0.0028048 min:0 max:0.00577906
Calculated surface displacement in = 0.01 s


Detecting near surfaces ...
Overriding nearest with intersection of close gaps at 0 out of 9129 points.
--> FOAM Warning : Displacement (0.00445062 1.73472e-18 3.46945e-18) at mesh point 42812 coord (0.995549 0.00445062 0.0156452) points through the surrounding patch faces
Smoothing displacement ...
Iteration 0
Iteration 10
Iteration 20
Displacement smoothed in = 0.57 s


Moving mesh ...

Iteration 0
Moving mesh using displacement scaling : min:1  max:1
Checking faces in error :
    non-orthogonality > 65  degrees                        : 0
    faces with face pyramid volume < 1e-13                 : 0
    faces with face-decomposition tet quality < 1e-09      : 0
    faces with concavity > 80  degrees                     : 0
    faces with skewness > 4   (internal) or 20  (boundary) : 0
    faces with interpolation weights (0..1)  < 0.02        : 0
    faces with volume ratio of neighbour cells < 0.01      : 0
    faces with face twist < 0.02                           : 0
    faces on cells with determinant < 0.001                : 0
Successfully moved mesh
Moved mesh in = 0.95 s


Repatching faces according to nearest surface ...
Repatched 0 faces in = 0.11 s


Edge intersection testing:
    Number of edges             : 599005
    Number of edges to retest   : 79153
    Number of intersected edges : 8720
Merging 0 sets of faces.

No faces merged ...

Merging all points on surface that
- are used by only two boundary faces and
- make an angle with a cosine of more than 0.866025.

No straight edges simplified and no points removed ...
Snapped mesh : cells:191610  faces:599005  points:216403
Cells per refinement level:
    0	19404
    1	6048
    2	73058
    3	67724
    4	25376
Writing mesh to time constant
Wrote mesh in = 1.63 s.
Mesh snapped in = 6.87 s.
Layer specification as
- final layer thickness ('finalLayerThickness')
- expansion ratio ('expansionRatio')

Shrinking and layer addition phase
----------------------------------

Using mesh parameters 
{
    maxNonOrtho     65;
    maxBoundarySkewness 20;
    maxInternalSkewness 4;
    maxConcave      80;
    minVol          1e-13;
    minTetQuality   1e-09;
    minArea         -1;
    minTwist        0.02;
    minDeterminant  0.001;
    minFaceWeight   0.02;
    minVolRatio     0.01;
    minTriangleTwist -1;
    nSmoothScale    4;
    errorReduction  0.75;
    relaxed
    {
        maxNonOrtho     65;
        maxBoundarySkewness 20;
        maxInternalSkewness 4;
        maxConcave      80;
        minVol          1e-13;
        minTetQuality   1e-09;
    }
}



Merging all faces of a cell
---------------------------
    - which are on the same patch
    - which make an angle < 180 degrees (cos:-1)
    - as long as the resulting face doesn't become concave by more than 90 degrees
      (0=straight, 180=fully concave)

Merging 0 sets of faces.

No faces merged ...

Merging all points on surface that
- are used by only two boundary faces and
- make an angle with a cosine of more than -1.

No straight edges simplified and no points removed ...

Checking mesh manifoldness ...

Checking initial mesh ...
Checking faces in error :
    non-orthogonality > 65  degrees                        : 0
    faces with face pyramid volume < 1e-13                 : 0
    faces with face-decomposition tet quality < 1e-09      : 0
    faces with concavity > 80  degrees                     : 0
    faces with skewness > 4   (internal) or 20  (boundary) : 0
    faces with interpolation weights (0..1)  < 0.02        : 0
    faces with volume ratio of neighbour cells < 0.01      : 0
    faces with face twist < 0.02                           : 0
    faces on cells with determinant < 0.001                : 0
Detected 0 illegal faces (concave, zero area or negative cell pyramid volume)
Duplicating 0 points on faceZones of type boundary

Handling points with inconsistent layer specification ...
dupNonManifoldPoints : Found : 0 non-manifold points (out of 216403)

Adding in total 0 inter-processor patches to handle extrusion of non-manifold processor boundaries.

Handling points with inconsistent layer specification ...

Handling non-manifold points ...

Checking patch manifoldness ...
Outside of local patch is multiply connected across edges or points at 0 points.
Set displacement to zero for all 0 non-manifold points

Handling feature edges (angle < 180) ...

Handling cells with warped patch faces ...
Set displacement to zero on 0 warped faces since layer would be > 0.5 of the size of the bounding box.

patch    faces    layers avg thickness[m]
                         near-wall overall
-----    -----    ------ --------- -------
Geometry 8720     10     0.00127   0.033   

Selecting externalDisplacementMeshMover displacementMedialAxis
displacementMedialAxis : Calculating distance to Medial Axis ...
fieldSmoother : Smoothing normals ...
    Iteration 0   residual 0.0279746
displacementMedialAxis : Inserting points on patch inlet if angle to nearest layer patch > 90 degrees.
displacementMedialAxis : Inserting points on patch outlet if angle to nearest layer patch > 90 degrees.
displacementMedialAxis : Inserting all points on patch bottom
displacementMedialAxis : Inserting points on patch top if angle to nearest layer patch > 90 degrees.
displacementMedialAxis : Inserting points on patch front if angle to nearest layer patch > 90 degrees.
displacementMedialAxis : Inserting points on patch back if angle to nearest layer patch > 90 degrees.
fieldSmoother : Smoothing normals in interior ...
    Iteration 0   residual 0.0308031

Layer addition iteration 0
--------------------------

Determining displacement for added points according to pointNormal ...
Detected 0 points with point normal pointing through faces.
Reset displacement at 0 points to average of surrounding points.

displacementMedialAxis : Smoothing using Medial Axis ...
displacementMedialAxis : Reducing layer thickness at 0 nodes where thickness to medial axis distance is large 
displacementMedialAxis : Removing isolated regions ...
- if partially extruded faces make angle < 90
- if exclusively surrounded by non-extruded faces
displacementMedialAxis : Number of isolated points extrusion stopped : 0
fieldSmoother : Smoothing field ...
    Iteration 0   residual 0.000231955
displacementMedialAxis : Moving mesh ...
displacementMedialAxis : Iteration 0
Moving mesh using displacement scaling : min:1  max:1
Checking faces in error :
    non-orthogonality > 65  degrees                        : 0
    faces with face pyramid volume < 1e-13                 : 0
    faces with face-decomposition tet quality < 1e-09      : 0
    faces with concavity > 80  degrees                     : 0
    faces with skewness > 4   (internal) or 20  (boundary) : 0
    faces with interpolation weights (0..1)  < 0.02        : 0
    faces with volume ratio of neighbour cells < 0.01      : 0
    faces with face twist < 0.02                           : 0
    faces on cells with determinant < 0.001                : 0
displacementMedialAxis : Successfully moved mesh
displacementMedialAxis : Finished moving mesh ...
truncateDisplacement : Unextruded 0 faces due to non-consecutive vertices being extruded.
truncateDisplacement : Unextruded 0 faces due to stringed edges with inconsistent extrusion.

Setting up information for layer truncation ...
Detected 0 baffles across faceZones of type internal


Checking mesh with layer ...
Checking faces in error :
    non-orthogonality > 65  degrees                        : 0
    faces with face pyramid volume < 1e-13                 : 0
    faces with face-decomposition tet quality < 1e-09      : 744
    faces with concavity > 80  degrees                     : 0
    faces with skewness > 4   (internal) or 20  (boundary) : 0
    faces with interpolation weights (0..1)  < 0.02        : 0
    faces with volume ratio of neighbour cells < 0.01      : 0
    faces with face twist < 0.02                           : 0
    faces on cells with determinant < 0.001                : 0
Detected 744 illegal faces (concave, zero area or negative cell pyramid volume)
Extruding 8564 out of 8720 faces (98.211%). Removed extrusion at 140 faces.
Added 77200 out of 87200 cells (88.5321%).


Layer addition iteration 1
--------------------------

Determining displacement for added points according to pointNormal ...
Detected 0 points with point normal pointing through faces.
Reset displacement at 0 points to average of surrounding points.

displacementMedialAxis : Smoothing using Medial Axis ...
displacementMedialAxis : Reducing layer thickness at 0 nodes where thickness to medial axis distance is large 
displacementMedialAxis : Removing isolated regions ...
- if partially extruded faces make angle < 90
- if exclusively surrounded by non-extruded faces
displacementMedialAxis : Number of isolated points extrusion stopped : 14
fieldSmoother : Smoothing field ...
    Iteration 0   residual 0.000362249
displacementMedialAxis : Moving mesh ...
displacementMedialAxis : Iteration 0
Moving mesh using displacement scaling : min:1  max:1
Checking faces in error :
    non-orthogonality > 65  degrees                        : 0
    faces with face pyramid volume < 1e-13                 : 0
    faces with face-decomposition tet quality < 1e-09      : 0
    faces with concavity > 80  degrees                     : 0
    faces with skewness > 4   (internal) or 20  (boundary) : 0
    faces with interpolation weights (0..1)  < 0.02        : 0
    faces with volume ratio of neighbour cells < 0.01      : 0
    faces with face twist < 0.02                           : 0
    faces on cells with determinant < 0.001                : 0
displacementMedialAxis : Successfully moved mesh
displacementMedialAxis : Finished moving mesh ...
truncateDisplacement : Unextruded 0 faces due to non-consecutive vertices being extruded.
truncateDisplacement : Unextruded 0 faces due to stringed edges with inconsistent extrusion.

Setting up information for layer truncation ...
Detected 0 baffles across faceZones of type internal


Checking mesh with layer ...
Checking faces in error :
    non-orthogonality > 65  degrees                        : 0
    faces with face pyramid volume < 1e-13                 : 0
    faces with face-decomposition tet quality < 1e-09      : 0
    faces with concavity > 80  degrees                     : 0
    faces with skewness > 4   (internal) or 20  (boundary) : 0
    faces with interpolation weights (0..1)  < 0.02        : 0
    faces with volume ratio of neighbour cells < 0.01      : 0
    faces with face twist < 0.02                           : 0
    faces on cells with determinant < 0.001                : 0
Detected 0 illegal faces (concave, zero area or negative cell pyramid volume)
Extruding 8546 out of 8720 faces (98.0046%). Removed extrusion at 0 faces.
Added 55764 out of 87200 cells (63.9495%).
Edge intersection testing:
    Number of edges             : 770377
    Number of edges to retest   : 0
    Number of intersected edges : 64484

patch    faces    layers   overall thickness
                           [m]       [%]
-----    -----    ------   ---       ---
Geometry 8720     6.39     0.0293    85.4    

Layer mesh : cells:247374  faces:770377  points:276173
Cells per refinement level:
    0	19404
    1	6048
    2	73058
    3	100636
    4	48228
Writing mesh to time constant
Wrote mesh in = 9.15 s.
Layers added in = 9.15 s.
Checking final mesh ...
Checking faces in error :
    non-orthogonality > 65  degrees                        : 0
    faces with face pyramid volume < 1e-13                 : 0
    faces with face-decomposition tet quality < 1e-09      : 0
    faces with concavity > 80  degrees                     : 0
    faces with skewness > 4   (internal) or 20  (boundary) : 0
    faces with interpolation weights (0..1)  < 0.02        : 0
    faces with volume ratio of neighbour cells < 0.01      : 0
    faces with face twist < 0.02                           : 0
    faces on cells with determinant < 0.001                : 0
Finished meshing without any errors
Finished meshing in = 57.02 s.
End

