/*---------------------------------------------------------------------------*\
| =========                 |                                                 |
| \\      /  F ield         | OpenFOAM: The Open Source CFD Toolbox           |
|  \\    /   O peration     | Version:  2112                                  |
|   \\  /    A nd           | Website:  www.openfoam.com                      |
|    \\/     M anipulation  |                                                 |
\*---------------------------------------------------------------------------*/
Build  : _14aeaf8dab-20211220 OPENFOAM=2112 version=v2112
Arch   : "LSB;label=32;scalar=64"
Exec   : snappyHexMesh -overwrite
Date   : Jul 02 2025
Time   : 12:23:01
Host   : cr2cn89
PID    : 332281
I/O    : uncollated
Case   : /mnt/beegfs/home/nataliadenton.denton/CFD_IRP_McLaren_2024-2025/src/Openfoam/AeroSUVDM
nProcs : 1
trapFpe: Floating point exception trapping enabled (FOAM_SIGFPE).
fileModificationChecking : Monitoring run-time modified files using timeStampMaster (fileModificationSkew 5, maxFileModificationPolls 20)
allowSystemOperations : Allowing user-supplied system call operations

// * * * * * * * * * * * * * * * * * * * * * * * * * * * * * * * * * * * * * //
Create time

--> FOAM Warning : 
    From static Foam::IOstreamOption::compressionType Foam::IOstreamOption::compressionEnum(const Foam::word&, Foam::IOstreamOption::compressionType)
    in file db/IOstreams/IOstreams/IOstreamOption.C at line 115
    Unknown compression specifier 'uncompressed', using compression off
Create mesh for time = 0

Read mesh in = 2.73 s

Overall mesh bounding box  : (-23.9681 -6.14298 -0.0239946) (50.0615 6.14298 5.6015)
Relative tolerance         : 1e-06
Absolute matching distance : 7.52526e-05

Reading refinement surfaces.
Read refinement surfaces in = 6.1 s

Reading refinement shells.
Refinement level 2 for all cells inside refinementBox
Refinement level 3 for all cells inside refinementBox2
Refinement level 4 for all cells inside refinmentBoxWheelsFront
Refinement level 4 for all cells inside refinmentBoxWheelsRear
Read refinement shells in = 0 s

Setting refinement level of surface to be consistent with shells.
For geometry Geometry detected 0 uncached triangles out of 2858464
Checked shell refinement in = 14.08 s

Reading features.
Read features in = 0 s


Determining initial surface intersections
-----------------------------------------

Edge intersection testing:
    Number of edges             : 2036733
    Number of edges to retest   : 0
    Number of intersected edges : 0
Edge intersection testing:
    Number of edges             : 2036733
    Number of edges to retest   : 2036733
    Number of intersected edges : 1255
Calculated surface intersections in = 1.91 s

Initial mesh : cells:667058  faces:2036733  points:703080
Cells per refinement level:
    0	667058

Adding patches for surface regions
----------------------------------

Patch Type                Region                        
----- ----                ------                        
Geometry:

6     wall                Geometry                      

Added patches in = 0.03 s

Edge intersection testing:
    Number of edges             : 2036733
    Number of edges to retest   : 0
    Number of intersected edges : 1255
Decomposition method none [1]

Refinement phase
----------------

Found point (0 0 0) in cell 11250 on processor 0

Surface refinement iteration 0
------------------------------

Marked for refinement due to surface intersection          : 1323 cells.
Marked for refinement due to curvature/regions             : 0 cells.
Determined cells to refine in = 0.6 s
Selected for refinement : 1323 cells (out of 667058)
Edge intersection testing:
    Number of edges             : 2067189
    Number of edges to retest   : 38088
    Number of intersected edges : 4937
Refined mesh in = 1.55 s
After refinement surface refinement iteration 0 : cells:676319  faces:2067189  points:715004
Cells per refinement level:
    0	665735
    1	10584

Surface refinement iteration 1
------------------------------

Marked for refinement due to surface intersection          : 5914 cells.
Marked for refinement due to curvature/regions             : 0 cells.
Determined cells to refine in = 0.07 s
Selected for refinement : 6343 cells (out of 676319)
Edge intersection testing:
    Number of edges             : 2211312
    Number of edges to retest   : 181234
    Number of intersected edges : 20456
Refined mesh in = 1.71 s
After refinement surface refinement iteration 1 : cells:720720  faces:2211312  points:770216
Cells per refinement level:
    0	665260
    1	8516
    2	46944

Surface refinement iteration 2
------------------------------

Marked for refinement due to surface intersection          : 26615 cells.
Marked for refinement due to curvature/regions             : 0 cells.
Determined cells to refine in = 0.11 s
Selected for refinement : 28354 cells (out of 720720)
Edge intersection testing:
    Number of edges             : 2857497
    Number of edges to retest   : 814340
    Number of intersected edges : 86420
Refined mesh in = 2.9 s
After refinement surface refinement iteration 2 : cells:919198  faces:2857497  points:1018960
Cells per refinement level:
    0	665118
    1	7722
    2	36102
    3	210256

Surface refinement iteration 3
------------------------------

Marked for refinement due to surface intersection          : 115003 cells.
Marked for refinement due to curvature/regions             : 0 cells.
Determined cells to refine in = 0.24 s
Selected for refinement : 123570 cells (out of 919198)
Edge intersection testing:
    Number of edges             : 5683449
    Number of edges to retest   : 3587024
    Number of intersected edges : 344348
Refined mesh in = 8.32 s
After refinement surface refinement iteration 3 : cells:1784188  faces:5683449  points:2113707
Cells per refinement level:
    0	665023
    1	7621
    2	34065
    3	167967
    4	909512

Surface refinement iteration 4
------------------------------

Marked for refinement due to surface intersection          : 5686 cells.
Marked for refinement due to curvature/regions             : 0 cells.
Determined cells to refine in = 1.57 s
Selected for refinement : 6388 cells (out of 1784188)
Edge intersection testing:
    Number of edges             : 5816598
    Number of edges to retest   : 450272
    Number of intersected edges : 348039
Refined mesh in = 5.67 s
After refinement surface refinement iteration 4 : cells:1828904  faces:5816598  points:2157522
Cells per refinement level:
    0	665003
    1	7658
    2	34461
    3	167014
    4	954768

Surface refinement iteration 5
------------------------------

Marked for refinement due to surface intersection          : 301 cells.
Marked for refinement due to curvature/regions             : 0 cells.
Determined cells to refine in = 1.53 s
Selected for refinement : 391 cells (out of 1828904)
Edge intersection testing:
    Number of edges             : 5824764
    Number of edges to retest   : 34318
    Number of intersected edges : 348112
Refined mesh in = 5.17 s
After refinement surface refinement iteration 5 : cells:1831641  faces:5824764  points:2160206
Cells per refinement level:
    0	665003
    1	7640
    2	34533
    3	167289
    4	957176

Surface refinement iteration 6
------------------------------

Marked for refinement due to surface intersection          : 12 cells.
Marked for refinement due to curvature/regions             : 0 cells.
Determined cells to refine in = 1.5 s
Selected for refinement : 18 cells (out of 1831641)
Edge intersection testing:
    Number of edges             : 5825148
    Number of edges to retest   : 1678
    Number of intersected edges : 348124
Refined mesh in = 5.02 s
After refinement surface refinement iteration 6 : cells:1831767  faces:5825148  points:2160336
Cells per refinement level:
    0	665003
    1	7640
    2	34527
    3	167325
    4	957272

Surface refinement iteration 7
------------------------------

Marked for refinement due to surface intersection          : 4 cells.
Marked for refinement due to curvature/regions             : 0 cells.
Determined cells to refine in = 1.5 s
Selected for refinement : 6 cells (out of 1831767)
Stopping refining since too few cells selected.


Removing mesh beyond surface intersections
------------------------------------------

Setting cellZones according to locationsInMesh:
Location : (0 0 0)
    cellZone : none

For cellZone none found point (0 0 0) in global region 0 out of 38 regions.
Keeping all cells containing inside points
Selected for keeping : 1831767 cells.
Edge intersection testing:
    Number of edges             : 5825148
    Number of edges to retest   : 0
    Number of intersected edges : 348124
Setting cellZones according to locationsInMesh:
Location : (0 0 0)
    cellZone : none

For cellZone none found point (0 0 0) in global region 0 out of 38 regions.
Keeping all cells containing inside points
Selected for keeping : 1583007 cells.
Edge intersection testing:
    Number of edges             : 5121602
    Number of edges to retest   : 304324
    Number of intersected edges : 348124

Shell refinement iteration 0
----------------------------

Marked for refinement due to distance to explicit features : 0 cells.
Marked for refinement due to refinement shells             : 160033 cells.
Determined cells to refine in = 13.11 s
Selected for internal refinement : 160033 cells (out of 1583007)
Edge intersection testing:
    Number of edges             : 8479451
    Number of edges to retest   : 5222028
    Number of intersected edges : 348140
Refined mesh in = 11.23 s
After refinement shell refinement iteration 0 : cells:2703238  faces:8479451  points:3069310
Cells per refinement level:
    0	628178
    1	293136
    2	41352
    3	166592
    4	1573980

Shell refinement iteration 1
----------------------------

Marked for refinement due to distance to explicit features : 0 cells.
Marked for refinement due to refinement shells             : 501080 cells.
Determined cells to refine in = 1.4 s
Selected for internal refinement : 509089 cells (out of 2703238)
Edge intersection testing:
    Number of edges             : 19231055
    Number of edges to retest   : 13392484
    Number of intersected edges : 348140
Refined mesh in = 23.55 s
After refinement shell refinement iteration 1 : cells:6266861  faces:19231055  points:6694519
Cells per refinement level:
    0	620169
    1	64072
    2	2345088
    3	330816
    4	2906716

Shell refinement iteration 2
----------------------------

Marked for refinement due to distance to explicit features : 0 cells.
Marked for refinement due to refinement shells             : 637713 cells.
Determined cells to refine in = 2.07 s
Selected for internal refinement : 646822 cells (out of 6266861)
Edge intersection testing:
    Number of edges             : 32862668
    Number of edges to retest   : 17327614
    Number of intersected edges : 348140
Refined mesh in = 37.87 s
After refinement shell refinement iteration 2 : cells:10794615  faces:32862668  points:11270776
Cells per refinement level:
    0	612024
    1	99023
    2	2309108
    3	2221216
    4	5553244

Shell refinement iteration 3
----------------------------

Marked for refinement due to distance to explicit features : 0 cells.
Marked for refinement due to refinement shells             : 2213505 cells.
Determined cells to refine in = 2.92 s
Selected for internal refinement : 2242745 cells (out of 10794615)
Edge intersection testing:
    Number of edges             : 80083268
    Number of edges to retest   : 55031948
    Number of intersected edges : 348140
Refined mesh in = 96.26 s
After refinement shell refinement iteration 3 : cells:26493830  faces:80083268  points:27093108
Cells per refinement level:
    0	611996
    1	99246
    2	2279904
    3	241408
    4	23261276

Shell refinement iteration 4
----------------------------

Marked for refinement due to distance to explicit features : 0 cells.
Marked for refinement due to refinement shells             : 0 cells.
Determined cells to refine in = 5.28 s
Selected for internal refinement : 84 cells (out of 26493830)
Edge intersection testing:
    Number of edges             : 80085038
    Number of edges to retest   : 6764
    Number of intersected edges : 348140
Refined mesh in = 74.5 s
After refinement shell refinement iteration 4 : cells:26494418  faces:80085038  points:27093702
Cells per refinement level:
    0	611996
    1	99246
    2	2279820
    3	242080
    4	23261276

Shell refinement iteration 5
----------------------------

Marked for refinement due to distance to explicit features : 0 cells.
Marked for refinement due to refinement shells             : 0 cells.
Determined cells to refine in = 4.98 s
Selected for internal refinement : 0 cells (out of 26494418)
Stopping refining since too few cells selected.


Dangling coarse cells refinement iteration 0
--------------------------------------------

Determined cells to refine in = 0.68 s
Selected for refinement : 0 cells (out of 26494418)
Stopping refining since too few cells selected.


Dangling coarse cells refinement iteration 0
--------------------------------------------

Determined cells to refine in = 0.67 s
Selected for refinement : 0 cells (out of 26494418)
Stopping refining since too few cells selected.


Refinement transition refinement iteration 0
--------------------------------------------

Determined cells to refine in = 0.8 s
Selected for refinement : 0 cells (out of 26494418)
Stopping refining since too few cells selected.


Splitting mesh at surface intersections
---------------------------------------

Introducing baffles for 348140 faces that are intersected by the surface.

Setting cellZones according to locationsInMesh:
Location : (0 0 0)
    cellZone : none

For cellZone none found point (0 0 0) in global region 0 out of 119 regions.
Edge intersection testing:
    Number of edges             : 80432786
    Number of edges to retest   : 2153637
    Number of intersected edges : 695888
Created baffles in = 62.02 s


After introducing baffles : cells:26494418  faces:80432786  points:27093702
Cells per refinement level:
    0	611996
    1	99246
    2	2279820
    3	242080
    4	23261276

Introducing baffles to block off problem cells
----------------------------------------------

markFacesOnProblemCells : marked 618387 additional internal faces to be converted into baffles.
Analyzed problem cells in = 55.94 s


Introducing baffles to delete problem cells.

Edge intersection testing:
    Number of edges             : 81051173
    Number of edges to retest   : 1993148
    Number of intersected edges : 695888
Created baffles in = 45.21 s


After introducing baffles : cells:26494418  faces:81051173  points:27093702
Cells per refinement level:
    0	611996
    1	99246
    2	2279820
    3	242080
    4	23261276
Setting cellZones according to locationsInMesh:
Location : (0 0 0)
    cellZone : none

For cellZone none found point (0 0 0) in global region 0 out of 300233 regions.
Edge intersection testing:
    Number of edges             : 81051173
    Number of edges to retest   : 2547047
    Number of intersected edges : 695888

Remove unreachable sections of mesh
-----------------------------------

Keeping all cells containing points 1((0 0 0))
Selected for keeping : 26107990 cells.
Edge intersection testing:
    Number of edges             : 78911166
    Number of edges to retest   : 0
    Number of intersected edges : 315404
Split mesh in = 117.06 s


After subsetting : cells:26107990  faces:78911166  points:26694804
Cells per refinement level:
    0	611996
    1	99246
    2	2279820
    3	242080
    4	22874848

Introducing zones for interfaces
--------------------------------

Setting cellZones according to locationsInMesh:
Location : (0 0 0)
    cellZone : none

For cellZone none found point (0 0 0) in global region 0 out of 1 regions.
Setting faceZones according to neighbouring cellZones:

Edge intersection testing:
    Number of edges             : 78911166
    Number of edges to retest   : 0
    Number of intersected edges : 315404

Handling cells with snap problems
---------------------------------

Introducing baffles for 315404 faces that are intersected by the surface.

Setting cellZones according to locationsInMesh:
Location : (0 0 0)
    cellZone : none

For cellZone none found point (0 0 0) in global region 0 out of 1 regions.
Edge intersection testing:
    Number of edges             : 78911166
    Number of edges to retest   : 1013277
    Number of intersected edges : 315404
Created baffles in = 113.64 s


After introducing baffles : cells:26107990  faces:78911166  points:26694804
Cells per refinement level:
    0	611996
    1	99246
    2	2279820
    3	242080
    4	22874848

Introducing baffles to block off problem cells
----------------------------------------------

markFacesOnProblemCells : marked 40 additional internal faces to be converted into baffles.
Analyzed problem cells in = 54.98 s


Introducing baffles to delete problem cells.

Edge intersection testing:
    Number of edges             : 78911206
    Number of edges to retest   : 220
    Number of intersected edges : 315404
Created baffles in = 40.48 s


After introducing baffles : cells:26107990  faces:78911206  points:26694804
Cells per refinement level:
    0	611996
    1	99246
    2	2279820
    3	242080
    4	22874848
Setting cellZones according to locationsInMesh:
Location : (0 0 0)
    cellZone : none

For cellZone none found point (0 0 0) in global region 0 out of 21 regions.
Edge intersection testing:
    Number of edges             : 78911206
    Number of edges to retest   : 1013317
    Number of intersected edges : 315404

Remove unreachable sections of mesh
-----------------------------------

Keeping all cells containing points 1((0 0 0))
Selected for keeping : 26107970 cells.
Edge intersection testing:
    Number of edges             : 78911086
    Number of edges to retest   : 0
    Number of intersected edges : 315373
Split mesh in = 108.96 s


After subsetting : cells:26107970  faces:78911086  points:26694761
Cells per refinement level:
    0	611996
    1	99246
    2	2279820
    3	242080
    4	22874828

Merge free-standing baffles
---------------------------

freeStandingBaffles : detected 241 free-standing baffles out of 303

freeStandingBaffles : detected 78 planar (within 30 degrees) free-standing baffles out of 241

Detected free-standing baffles : 78
Edge intersection testing:
    Number of edges             : 78911008
    Number of edges to retest   : 78
    Number of intersected edges : 315295

Introducing baffles to block off problem cells
----------------------------------------------

markFacesOnProblemCells : marked 32 additional internal faces to be converted into baffles.
Analyzed problem cells in = 102.97 s


Introducing baffles to delete problem cells.

Edge intersection testing:
    Number of edges             : 78911040
    Number of edges to retest   : 176
    Number of intersected edges : 315295
Created baffles in = 38.97 s


After introducing baffles : cells:26107970  faces:78911040  points:26694761
Cells per refinement level:
    0	611996
    1	99246
    2	2279820
    3	242080
    4	22874828

Remove unreachable sections of mesh
-----------------------------------

Keeping all cells containing points 1((0 0 0))
Selected for keeping : 26107954 cells.
Edge intersection testing:
    Number of edges             : 78910944
    Number of edges to retest   : 0
    Number of intersected edges : 315271
Merged free-standing baffles in = 52.42 s


dupNonManifoldPoints : Found : 278 non-manifold points (out of 26694727)
Edge intersection testing:
    Number of edges             : 78910944
    Number of edges to retest   : 0
    Number of intersected edges : 315271
Detected unsplittable baffles : 0

Merge refined boundary faces
----------------------------

Merging 0 sets of faces.

No faces merged ...

Merging all points on surface that
- are used by only two boundary faces and
- make an angle with a cosine of more than 0.707107.

No straight edges simplified and no points removed ...
Refined mesh : cells:26107954  faces:78910944  points:26695005
Cells per refinement level:
    0	611996
    1	99246
    2	2279820
    3	242080
    4	22874812
Writing mesh to time constant
Wrote mesh in = 144.41 s.
Mesh refined in = 1249.68 s.

Morphing phase
--------------

Duplicating 0 points on faceZones of type boundary
Constructing mesh displacer ...
Using mesh parameters 
{
    maxNonOrtho     65;
    maxBoundarySkewness 20;
    maxInternalSkewness 4;
    maxConcave      80;
    minVol          1e-13;
    minTetQuality   1e-09;
    minArea         -1;
    minTwist        0.02;
    minDeterminant  0.001;
    minFaceWeight   0.02;
    minVolRatio     0.01;
    minTriangleTwist -1;
    nSmoothScale    4;
    errorReduction  0.75;
    relaxed
    {
        maxNonOrtho     65;
        maxBoundarySkewness 20;
        maxInternalSkewness 4;
        maxConcave      80;
        minVol          1e-13;
        minTetQuality   1e-09;
    }
}


Checking initial mesh ...
Checking faces in error :
    non-orthogonality > 65  degrees                        : 0
    faces with face pyramid volume < 1e-13                 : 0
    faces with face-decomposition tet quality < 1e-09      : 0
    faces with concavity > 80  degrees                     : 0
    faces with skewness > 4   (internal) or 20  (boundary) : 0
    faces with interpolation weights (0..1)  < 0.02        : 0
    faces with volume ratio of neighbour cells < 0.01      : 0
    faces with face twist < 0.02                           : 0
    faces on cells with determinant < 0.001                : 0
Detected 0 illegal faces (concave, zero area or negative cell pyramid volume)
Checked initial mesh in = 74.43 s


Smoothing patch points ...
Smoothing iteration 0
Found 556 non-manifold point(s).

Scaling iteration 0
Moving mesh using displacement scaling : min:1  max:1
Checking faces in error :
    non-orthogonality > 65  degrees                        : 0
    faces with face pyramid volume < 1e-13                 : 0
    faces with face-decomposition tet quality < 1e-09      : 0
    faces with concavity > 80  degrees                     : 0
    faces with skewness > 4   (internal) or 20  (boundary) : 0
    faces with interpolation weights (0..1)  < 0.02        : 0
    faces with volume ratio of neighbour cells < 0.01      : 0
    faces with face twist < 0.02                           : 0
    faces on cells with determinant < 0.001                : 0
Successfully moved mesh

Smoothing iteration 1
Found 0 non-manifold point(s).

Scaling iteration 0
Moving mesh using displacement scaling : min:1  max:1
Checking faces in error :
    non-orthogonality > 65  degrees                        : 0
    faces with face pyramid volume < 1e-13                 : 0
    faces with face-decomposition tet quality < 1e-09      : 0
    faces with concavity > 80  degrees                     : 0
    faces with skewness > 4   (internal) or 20  (boundary) : 0
    faces with interpolation weights (0..1)  < 0.02        : 0
    faces with volume ratio of neighbour cells < 0.01      : 0
    faces with face twist < 0.02                           : 0
    faces on cells with determinant < 0.001                : 0
Successfully moved mesh

Smoothing iteration 2
Found 0 non-manifold point(s).

Scaling iteration 0
Moving mesh using displacement scaling : min:1  max:1
Checking faces in error :
    non-orthogonality > 65  degrees                        : 0
    faces with face pyramid volume < 1e-13                 : 0
    faces with face-decomposition tet quality < 1e-09      : 0
    faces with concavity > 80  degrees                     : 0
    faces with skewness > 4   (internal) or 20  (boundary) : 0
    faces with interpolation weights (0..1)  < 0.02        : 0
    faces with volume ratio of neighbour cells < 0.01      : 0
    faces with face twist < 0.02                           : 0
    faces on cells with determinant < 0.001                : 0
Successfully moved mesh

Patch points smoothed in = 307.83 s



Morph iteration 0
-----------------
Calculating patchDisplacement as distance to nearest surface point ...
    non-zone points : attract to nearest of all non-zone surfaces
    zone points     : attract to zone surface only

Wanted displacement : average:0.00225689 min:6.79964e-10 max:0.0133095
Calculated surface displacement in = 1.17 s


Detecting near surfaces ...
Overriding nearest with intersection of close gaps at 594 out of 319992 points.
--> FOAM Warning : Displacement (0 0.00936984 0) at mesh point 711769 coord (3.51165 -0.346412 0.405657) points through the surrounding patch faces
Smoothing displacement ...
Iteration 0
Iteration 10
Iteration 20
Displacement smoothed in = 172.03 s


Moving mesh ...

Iteration 0
Moving mesh using displacement scaling : min:1  max:1
Checking faces in error :
    non-orthogonality > 65  degrees                        : 0
    faces with face pyramid volume < 1e-13                 : 109
    faces with face-decomposition tet quality < 1e-09      : 479
    faces with concavity > 80  degrees                     : 3
    faces with skewness > 4   (internal) or 20  (boundary) : 0
    faces with interpolation weights (0..1)  < 0.02        : 0
    faces with volume ratio of neighbour cells < 0.01      : 0
    faces with face twist < 0.02                           : 51
    faces on cells with determinant < 0.001                : 0

Iteration 1
Moving mesh using displacement scaling : min:0.75  max:1
Checking faces in error :
    non-orthogonality > 65  degrees                        : 0
    faces with face pyramid volume < 1e-13                 : 2
    faces with face-decomposition tet quality < 1e-09      : 27
    faces with concavity > 80  degrees                     : 0
    faces with skewness > 4   (internal) or 20  (boundary) : 0
    faces with interpolation weights (0..1)  < 0.02        : 0
    faces with volume ratio of neighbour cells < 0.01      : 0
    faces with face twist < 0.02                           : 0
    faces on cells with determinant < 0.001                : 0

Iteration 2
Moving mesh using displacement scaling : min:0.5625  max:1
Checking faces in error :
    non-orthogonality > 65  degrees                        : 0
    faces with face pyramid volume < 1e-13                 : 0
    faces with face-decomposition tet quality < 1e-09      : 0
    faces with concavity > 80  degrees                     : 0
    faces with skewness > 4   (internal) or 20  (boundary) : 0
    faces with interpolation weights (0..1)  < 0.02        : 0
    faces with volume ratio of neighbour cells < 0.01      : 0
    faces with face twist < 0.02                           : 0
    faces on cells with determinant < 0.001                : 0
Successfully moved mesh
Moved mesh in = 168.19 s


Repatching faces according to nearest surface ...
Repatched 0 faces in = 4.19 s


Edge intersection testing:
    Number of edges             : 78910944
    Number of edges to retest   : 2145007
    Number of intersected edges : 312717
Merging 64331 sets of faces.

Edge intersection testing:
    Number of edges             : 78830157
    Number of edges to retest   : 259177
    Number of intersected edges : 233273

Undo iteration 0
----------------
Checking faces in error :
    non-orthogonality > 65  degrees                        : 0
    faces with face pyramid volume < 1e-13                 : 0
    faces with face-decomposition tet quality < 1e-09      : 0
    faces with concavity > 80  degrees                     : 0
    faces with skewness > 4   (internal) or 20  (boundary) : 0
    faces with interpolation weights (0..1)  < 0.02        : 0
    faces with volume ratio of neighbour cells < 0.01      : 0
    faces with face twist < 0.02                           : 0
    faces on cells with determinant < 0.001                : 0

Merging all points on surface that
- are used by only two boundary faces and
- make an angle with a cosine of more than 0.866025.

Removing 46005 straight edge points ...

Edge intersection testing:
    Number of edges             : 78830157
    Number of edges to retest   : 231879
    Number of intersected edges : 233191

Undo iteration 0
----------------
Checking faces in error :
    non-orthogonality > 65  degrees                        : 0
    faces with face pyramid volume < 1e-13                 : 0
    faces with face-decomposition tet quality < 1e-09      : 7
    faces with concavity > 80  degrees                     : 0
    faces with skewness > 4   (internal) or 20  (boundary) : 0
    faces with interpolation weights (0..1)  < 0.02        : 0
    faces with volume ratio of neighbour cells < 0.01      : 0
    faces with face twist < 0.02                           : 0
    faces on cells with determinant < 0.001                : 0
Detected 0 error faces on boundaries that have been merged. These will be restored to their original faces.

Detected 7 error faces in mesh. Restoring neighbours of faces in error.

Edge intersection testing:
    Number of edges             : 78830157
    Number of edges to retest   : 247
    Number of intersected edges : 233191
Snapped mesh : cells:26107954  faces:78830157  points:26632551
Cells per refinement level:
    0	611996
    1	99246
    2	2279820
    3	242080
    4	22874812
Writing mesh to time constant
Wrote mesh in = 421.87 s.
Mesh snapped in = 1149.71 s.
Layer specification as
- final layer thickness ('finalLayerThickness')
- expansion ratio ('expansionRatio')

Shrinking and layer addition phase
----------------------------------

Using mesh parameters 
{
    maxNonOrtho     65;
    maxBoundarySkewness 20;
    maxInternalSkewness 4;
    maxConcave      80;
    minVol          1e-13;
    minTetQuality   1e-09;
    minArea         -1;
    minTwist        0.02;
    minDeterminant  0.001;
    minFaceWeight   0.02;
    minVolRatio     0.01;
    minTriangleTwist -1;
    nSmoothScale    4;
    errorReduction  0.75;
    relaxed
    {
        maxNonOrtho     65;
        maxBoundarySkewness 20;
        maxInternalSkewness 4;
        maxConcave      80;
        minVol          1e-13;
        minTetQuality   1e-09;
    }
}



Merging all faces of a cell
---------------------------
    - which are on the same patch
    - which make an angle < 180 degrees (cos:-1)
    - as long as the resulting face doesn't become concave by more than 90 degrees
      (0=straight, 180=fully concave)

Merging 6450 sets of faces.

Edge intersection testing:
    Number of edges             : 78822568
    Number of edges to retest   : 26476
    Number of intersected edges : 224274

Undo iteration 0
----------------
Checking faces in error :
    non-orthogonality > 65  degrees                        : 0
    faces with face pyramid volume < 1e-13                 : 0
    faces with face-decomposition tet quality < 1e-09      : 41
    faces with concavity > 80  degrees                     : 79
    faces with skewness > 4   (internal) or 20  (boundary) : 0
    faces with interpolation weights (0..1)  < 0.02        : 0
    faces with volume ratio of neighbour cells < 0.01      : 0
    faces with face twist < 0.02                           : 2
    faces on cells with determinant < 0.001                : 0
Masters that need to be restored:129
Edge intersection testing:
    Number of edges             : 78822712
    Number of edges to retest   : 714
    Number of intersected edges : 224413


Undo iteration 1
----------------
Checking faces in error :
    non-orthogonality > 65  degrees                        : 0
    faces with face pyramid volume < 1e-13                 : 0
    faces with face-decomposition tet quality < 1e-09      : 0
    faces with concavity > 80  degrees                     : 0
    faces with skewness > 4   (internal) or 20  (boundary) : 0
    faces with interpolation weights (0..1)  < 0.02        : 0
    faces with volume ratio of neighbour cells < 0.01      : 0
    faces with face twist < 0.02                           : 0
    faces on cells with determinant < 0.001                : 0

Merging all points on surface that
- are used by only two boundary faces and
- make an angle with a cosine of more than -1.

Removing 5751 straight edge points ...

Edge intersection testing:
    Number of edges             : 78822712
    Number of edges to retest   : 29640
    Number of intersected edges : 223642

Undo iteration 0
----------------
Checking faces in error :
    non-orthogonality > 65  degrees                        : 0
    faces with face pyramid volume < 1e-13                 : 0
    faces with face-decomposition tet quality < 1e-09      : 17
    faces with concavity > 80  degrees                     : 2
    faces with skewness > 4   (internal) or 20  (boundary) : 0
    faces with interpolation weights (0..1)  < 0.02        : 0
    faces with volume ratio of neighbour cells < 0.01      : 0
    faces with face twist < 0.02                           : 0
    faces on cells with determinant < 0.001                : 0
Detected 2 error faces on boundaries that have been merged. These will be restored to their original faces.

Edge intersection testing:
    Number of edges             : 78822712
    Number of edges to retest   : 8
    Number of intersected edges : 223642

Undo iteration 1
----------------
Checking faces in error :
    non-orthogonality > 65  degrees                        : 0
    faces with face pyramid volume < 1e-13                 : 0
    faces with face-decomposition tet quality < 1e-09      : 17
    faces with concavity > 80  degrees                     : 0
    faces with skewness > 4   (internal) or 20  (boundary) : 0
    faces with interpolation weights (0..1)  < 0.02        : 0
    faces with volume ratio of neighbour cells < 0.01      : 0
    faces with face twist < 0.02                           : 0
    faces on cells with determinant < 0.001                : 0
Detected 0 error faces on boundaries that have been merged. These will be restored to their original faces.

Detected 17 error faces in mesh. Restoring neighbours of faces in error.

Edge intersection testing:
    Number of edges             : 78822712
    Number of edges to retest   : 577
    Number of intersected edges : 223642

Checking mesh manifoldness ...

Checking initial mesh ...
Checking faces in error :
    non-orthogonality > 65  degrees                        : 0
    faces with face pyramid volume < 1e-13                 : 0
    faces with face-decomposition tet quality < 1e-09      : 0
    faces with concavity > 80  degrees                     : 0
    faces with skewness > 4   (internal) or 20  (boundary) : 0
    faces with interpolation weights (0..1)  < 0.02        : 0
    faces with volume ratio of neighbour cells < 0.01      : 0
    faces with face twist < 0.02                           : 0
    faces on cells with determinant < 0.001                : 0
Detected 0 illegal faces (concave, zero area or negative cell pyramid volume)
Duplicating 0 points on faceZones of type boundary

Handling points with inconsistent layer specification ...
dupNonManifoldPoints : Found : 0 non-manifold points (out of 26625691)

Adding in total 0 inter-processor patches to handle extrusion of non-manifold processor boundaries.

Handling points with inconsistent layer specification ...

Handling non-manifold points ...

Checking patch manifoldness ...
Outside of local patch is multiply connected across edges or points at 0 points.
Set displacement to zero for all 0 non-manifold points

Handling feature edges (angle < 180) ...

Handling cells with warped patch faces ...
Set displacement to zero on 806 warped faces since layer would be > 0.5 of the size of the bounding box.

patch    faces    layers avg thickness[m]
                         near-wall overall
-----    -----    ------ --------- -------
Geometry 231730   15     0.000341  0.0201  

Selecting externalDisplacementMeshMover displacementMedialAxis
displacementMedialAxis : Calculating distance to Medial Axis ...
fieldSmoother : Smoothing normals ...
    Iteration 0   residual 0.0325946
displacementMedialAxis : Inserting points on patch inlet if angle to nearest layer patch > 90 degrees.
displacementMedialAxis : Inserting points on patch outlet if angle to nearest layer patch > 90 degrees.
displacementMedialAxis : Inserting all points on patch bottom
displacementMedialAxis : Inserting points on patch top if angle to nearest layer patch > 90 degrees.
displacementMedialAxis : Inserting points on patch front if angle to nearest layer patch > 90 degrees.
displacementMedialAxis : Inserting points on patch back if angle to nearest layer patch > 90 degrees.
fieldSmoother : Smoothing normals in interior ...
    Iteration 0   residual 0.0246122

Layer addition iteration 0
--------------------------

Determining displacement for added points according to pointNormal ...
Detected 5 points with point normal pointing through faces.
Reset displacement at 5 points to average of surrounding points.

displacementMedialAxis : Smoothing using Medial Axis ...
displacementMedialAxis : Reducing layer thickness at 71312 nodes where thickness to medial axis distance is large 
displacementMedialAxis : Removing isolated regions ...
- if partially extruded faces make angle < 90
- if exclusively surrounded by non-extruded faces
displacementMedialAxis : Number of isolated points extrusion stopped : 518
fieldSmoother : Smoothing field ...
    Iteration 0   residual 0.000138461
displacementMedialAxis : Moving mesh ...
displacementMedialAxis : Iteration 0
Moving mesh using displacement scaling : min:1  max:1
Checking faces in error :
    non-orthogonality > 65  degrees                        : 2713
    faces with face pyramid volume < 1e-13                 : 1055
    faces with face-decomposition tet quality < 1e-09      : 1251
    faces with concavity > 80  degrees                     : 2
    faces with skewness > 4   (internal) or 20  (boundary) : 5
    faces with interpolation weights (0..1)  < 0.02        : 10
    faces with volume ratio of neighbour cells < 0.01      : 6
    faces with face twist < 0.02                           : 24
    faces on cells with determinant < 0.001                : 355
displacementMedialAxis : Iteration 1
Moving mesh using displacement scaling : min:0.75  max:1
Checking faces in error :
    non-orthogonality > 65  degrees                        : 658
    faces with face pyramid volume < 1e-13                 : 491
    faces with face-decomposition tet quality < 1e-09      : 913
    faces with concavity > 80  degrees                     : 2
    faces with skewness > 4   (internal) or 20  (boundary) : 0
    faces with interpolation weights (0..1)  < 0.02        : 12
    faces with volume ratio of neighbour cells < 0.01      : 5
    faces with face twist < 0.02                           : 28
    faces on cells with determinant < 0.001                : 432
displacementMedialAxis : Iteration 2
Moving mesh using displacement scaling : min:0.5625  max:1
Checking faces in error :
    non-orthogonality > 65  degrees                        : 122
    faces with face pyramid volume < 1e-13                 : 37
    faces with face-decomposition tet quality < 1e-09      : 574
    faces with concavity > 80  degrees                     : 2
    faces with skewness > 4   (internal) or 20  (boundary) : 0
    faces with interpolation weights (0..1)  < 0.02        : 2
    faces with volume ratio of neighbour cells < 0.01      : 2
    faces with face twist < 0.02                           : 6
    faces on cells with determinant < 0.001                : 115
displacementMedialAxis : Iteration 3
displacementMedialAxis : Displacement scaling for error reduction set to 0.
Moving mesh using displacement scaling : min:0.421875  max:1
Checking faces in error :
    non-orthogonality > 65  degrees                        : 37
    faces with face pyramid volume < 1e-13                 : 0
    faces with face-decomposition tet quality < 1e-09      : 491
    faces with concavity > 80  degrees                     : 0
    faces with skewness > 4   (internal) or 20  (boundary) : 0
    faces with interpolation weights (0..1)  < 0.02        : 0
    faces with volume ratio of neighbour cells < 0.01      : 0
    faces with face twist < 0.02                           : 1
    faces on cells with determinant < 0.001                : 28
displacementMedialAxis : Iteration 4
Moving mesh using displacement scaling : min:0  max:1
Checking faces in error :
    non-orthogonality > 65  degrees                        : 14
    faces with face pyramid volume < 1e-13                 : 6
    faces with face-decomposition tet quality < 1e-09      : 176
    faces with concavity > 80  degrees                     : 1
    faces with skewness > 4   (internal) or 20  (boundary) : 0
    faces with interpolation weights (0..1)  < 0.02        : 0
    faces with volume ratio of neighbour cells < 0.01      : 0
    faces with face twist < 0.02                           : 2
    faces on cells with determinant < 0.001                : 0
displacementMedialAxis : Iteration 5
Moving mesh using displacement scaling : min:0  max:1
Checking faces in error :
    non-orthogonality > 65  degrees                        : 6
    faces with face pyramid volume < 1e-13                 : 0
    faces with face-decomposition tet quality < 1e-09      : 61
    faces with concavity > 80  degrees                     : 2
    faces with skewness > 4   (internal) or 20  (boundary) : 0
    faces with interpolation weights (0..1)  < 0.02        : 0
    faces with volume ratio of neighbour cells < 0.01      : 0
    faces with face twist < 0.02                           : 0
    faces on cells with determinant < 0.001                : 2
displacementMedialAxis : Finished moving mesh ...
truncateDisplacement : Unextruded 37 faces due to non-consecutive vertices being extruded.
truncateDisplacement : Unextruded 3 faces due to stringed edges with inconsistent extrusion.
truncateDisplacement : Unextruded 0 faces due to non-consecutive vertices being extruded.
truncateDisplacement : Unextruded 0 faces due to stringed edges with inconsistent extrusion.

Setting up information for layer truncation ...
Detected 0 baffles across faceZones of type internal


Checking mesh with layer ...
Checking faces in error :
    non-orthogonality > 65  degrees                        : 56
    faces with face pyramid volume < 1e-13                 : 7
    faces with face-decomposition tet quality < 1e-09      : 67985
    faces with concavity > 80  degrees                     : 2
    faces with skewness > 4   (internal) or 20  (boundary) : 68
    faces with interpolation weights (0..1)  < 0.02        : 0
    faces with volume ratio of neighbour cells < 0.01      : 0
    faces with face twist < 0.02                           : 46
    faces on cells with determinant < 0.001                : 103
Detected 68267 illegal faces (concave, zero area or negative cell pyramid volume)
Extruding 208534 out of 231730 faces (89.9901%). Removed extrusion at 14303 faces.
Added 2317920 out of 3475950 cells (66.6845%).


Layer addition iteration 1
--------------------------

Determining displacement for added points according to pointNormal ...
Detected 0 points with point normal pointing through faces.
Reset displacement at 0 points to average of surrounding points.

displacementMedialAxis : Smoothing using Medial Axis ...
displacementMedialAxis : Reducing layer thickness at 50563 nodes where thickness to medial axis distance is large 
displacementMedialAxis : Removing isolated regions ...
- if partially extruded faces make angle < 90
- if exclusively surrounded by non-extruded faces
displacementMedialAxis : Number of isolated points extrusion stopped : 4088
fieldSmoother : Smoothing field ...
    Iteration 0   residual 0.000327402
displacementMedialAxis : Moving mesh ...
displacementMedialAxis : Iteration 0
Moving mesh using displacement scaling : min:1  max:1
Checking faces in error :
    non-orthogonality > 65  degrees                        : 1054
    faces with face pyramid volume < 1e-13                 : 175
    faces with face-decomposition tet quality < 1e-09      : 3804
    faces with concavity > 80  degrees                     : 12
    faces with skewness > 4   (internal) or 20  (boundary) : 0
    faces with interpolation weights (0..1)  < 0.02        : 0
    faces with volume ratio of neighbour cells < 0.01      : 0
    faces with face twist < 0.02                           : 1
    faces on cells with determinant < 0.001                : 87
displacementMedialAxis : Iteration 1
Moving mesh using displacement scaling : min:0.75  max:1
Checking faces in error :
    non-orthogonality > 65  degrees                        : 33
    faces with face pyramid volume < 1e-13                 : 22
    faces with face-decomposition tet quality < 1e-09      : 471
    faces with concavity > 80  degrees                     : 0
    faces with skewness > 4   (internal) or 20  (boundary) : 0
    faces with interpolation weights (0..1)  < 0.02        : 0
    faces with volume ratio of neighbour cells < 0.01      : 0
    faces with face twist < 0.02                           : 3
    faces on cells with determinant < 0.001                : 154
displacementMedialAxis : Iteration 2
Moving mesh using displacement scaling : min:0.5625  max:1
Checking faces in error :
    non-orthogonality > 65  degrees                        : 1
    faces with face pyramid volume < 1e-13                 : 3
    faces with face-decomposition tet quality < 1e-09      : 273
    faces with concavity > 80  degrees                     : 0
    faces with skewness > 4   (internal) or 20  (boundary) : 0
    faces with interpolation weights (0..1)  < 0.02        : 0
    faces with volume ratio of neighbour cells < 0.01      : 0
    faces with face twist < 0.02                           : 2
    faces on cells with determinant < 0.001                : 0
displacementMedialAxis : Iteration 3
displacementMedialAxis : Displacement scaling for error reduction set to 0.
Moving mesh using displacement scaling : min:0.421875  max:1
Checking faces in error :
    non-orthogonality > 65  degrees                        : 2
    faces with face pyramid volume < 1e-13                 : 0
    faces with face-decomposition tet quality < 1e-09      : 200
    faces with concavity > 80  degrees                     : 0
    faces with skewness > 4   (internal) or 20  (boundary) : 0
    faces with interpolation weights (0..1)  < 0.02        : 0
    faces with volume ratio of neighbour cells < 0.01      : 0
    faces with face twist < 0.02                           : 0
    faces on cells with determinant < 0.001                : 0
displacementMedialAxis : Iteration 4
Moving mesh using displacement scaling : min:0  max:1
Checking faces in error :
    non-orthogonality > 65  degrees                        : 1
    faces with face pyramid volume < 1e-13                 : 0
    faces with face-decomposition tet quality < 1e-09      : 71
    faces with concavity > 80  degrees                     : 0
    faces with skewness > 4   (internal) or 20  (boundary) : 0
    faces with interpolation weights (0..1)  < 0.02        : 0
    faces with volume ratio of neighbour cells < 0.01      : 0
    faces with face twist < 0.02                           : 0
    faces on cells with determinant < 0.001                : 0
displacementMedialAxis : Iteration 5
Moving mesh using displacement scaling : min:0  max:1
Checking faces in error :
    non-orthogonality > 65  degrees                        : 4
    faces with face pyramid volume < 1e-13                 : 1
    faces with face-decomposition tet quality < 1e-09      : 36
    faces with concavity > 80  degrees                     : 0
    faces with skewness > 4   (internal) or 20  (boundary) : 0
    faces with interpolation weights (0..1)  < 0.02        : 0
    faces with volume ratio of neighbour cells < 0.01      : 0
    faces with face twist < 0.02                           : 0
    faces on cells with determinant < 0.001                : 0
displacementMedialAxis : Finished moving mesh ...
truncateDisplacement : Unextruded 60 faces due to non-consecutive vertices being extruded.
truncateDisplacement : Unextruded 0 faces due to stringed edges with inconsistent extrusion.
truncateDisplacement : Unextruded 0 faces due to non-consecutive vertices being extruded.
truncateDisplacement : Unextruded 0 faces due to stringed edges with inconsistent extrusion.

Setting up information for layer truncation ...
Detected 0 baffles across faceZones of type internal


Checking mesh with layer ...
Checking faces in error :
    non-orthogonality > 65  degrees                        : 57
    faces with face pyramid volume < 1e-13                 : 1
    faces with face-decomposition tet quality < 1e-09      : 1354
    faces with concavity > 80  degrees                     : 0
    faces with skewness > 4   (internal) or 20  (boundary) : 0
    faces with interpolation weights (0..1)  < 0.02        : 11
    faces with volume ratio of neighbour cells < 0.01      : 0
    faces with face twist < 0.02                           : 24
    faces on cells with determinant < 0.001                : 3
Detected 1450 illegal faces (concave, zero area or negative cell pyramid volume)
Extruding 200032 out of 231730 faces (86.3211%). Removed extrusion at 1298 faces.
Added 1069453 out of 3475950 cells (30.7672%).


Layer addition iteration 2
--------------------------

Determining displacement for added points according to pointNormal ...
Detected 0 points with point normal pointing through faces.
Reset displacement at 0 points to average of surrounding points.

displacementMedialAxis : Smoothing using Medial Axis ...
displacementMedialAxis : Reducing layer thickness at 47428 nodes where thickness to medial axis distance is large 
displacementMedialAxis : Removing isolated regions ...
- if partially extruded faces make angle < 90
- if exclusively surrounded by non-extruded faces
displacementMedialAxis : Number of isolated points extrusion stopped : 782
fieldSmoother : Smoothing field ...
    Iteration 0   residual 0.000326159
displacementMedialAxis : Moving mesh ...
displacementMedialAxis : Iteration 0
Moving mesh using displacement scaling : min:1  max:1
Checking faces in error :
    non-orthogonality > 65  degrees                        : 999
    faces with face pyramid volume < 1e-13                 : 171
    faces with face-decomposition tet quality < 1e-09      : 3710
    faces with concavity > 80  degrees                     : 14
    faces with skewness > 4   (internal) or 20  (boundary) : 0
    faces with interpolation weights (0..1)  < 0.02        : 0
    faces with volume ratio of neighbour cells < 0.01      : 1
    faces with face twist < 0.02                           : 3
    faces on cells with determinant < 0.001                : 79
displacementMedialAxis : Iteration 1
Moving mesh using displacement scaling : min:0.75  max:1
Checking faces in error :
    non-orthogonality > 65  degrees                        : 28
    faces with face pyramid volume < 1e-13                 : 22
    faces with face-decomposition tet quality < 1e-09      : 299
    faces with concavity > 80  degrees                     : 0
    faces with skewness > 4   (internal) or 20  (boundary) : 0
    faces with interpolation weights (0..1)  < 0.02        : 0
    faces with volume ratio of neighbour cells < 0.01      : 0
    faces with face twist < 0.02                           : 1
    faces on cells with determinant < 0.001                : 149
displacementMedialAxis : Iteration 2
Moving mesh using displacement scaling : min:0.5625  max:1
Checking faces in error :
    non-orthogonality > 65  degrees                        : 1
    faces with face pyramid volume < 1e-13                 : 3
    faces with face-decomposition tet quality < 1e-09      : 143
    faces with concavity > 80  degrees                     : 0
    faces with skewness > 4   (internal) or 20  (boundary) : 0
    faces with interpolation weights (0..1)  < 0.02        : 0
    faces with volume ratio of neighbour cells < 0.01      : 0
    faces with face twist < 0.02                           : 0
    faces on cells with determinant < 0.001                : 0
displacementMedialAxis : Iteration 3
displacementMedialAxis : Displacement scaling for error reduction set to 0.
Moving mesh using displacement scaling : min:0.421875  max:1
Checking faces in error :
    non-orthogonality > 65  degrees                        : 0
    faces with face pyramid volume < 1e-13                 : 0
    faces with face-decomposition tet quality < 1e-09      : 55
    faces with concavity > 80  degrees                     : 0
    faces with skewness > 4   (internal) or 20  (boundary) : 0
    faces with interpolation weights (0..1)  < 0.02        : 0
    faces with volume ratio of neighbour cells < 0.01      : 0
    faces with face twist < 0.02                           : 0
    faces on cells with determinant < 0.001                : 0
displacementMedialAxis : Iteration 4
Moving mesh using displacement scaling : min:0  max:1
Checking faces in error :
    non-orthogonality > 65  degrees                        : 4
    faces with face pyramid volume < 1e-13                 : 0
    faces with face-decomposition tet quality < 1e-09      : 27
    faces with concavity > 80  degrees                     : 0
    faces with skewness > 4   (internal) or 20  (boundary) : 0
    faces with interpolation weights (0..1)  < 0.02        : 0
    faces with volume ratio of neighbour cells < 0.01      : 0
    faces with face twist < 0.02                           : 0
    faces on cells with determinant < 0.001                : 4
displacementMedialAxis : Iteration 5
Moving mesh using displacement scaling : min:0  max:1
Checking faces in error :
    non-orthogonality > 65  degrees                        : 4
    faces with face pyramid volume < 1e-13                 : 0
    faces with face-decomposition tet quality < 1e-09      : 16
    faces with concavity > 80  degrees                     : 0
    faces with skewness > 4   (internal) or 20  (boundary) : 0
    faces with interpolation weights (0..1)  < 0.02        : 0
    faces with volume ratio of neighbour cells < 0.01      : 0
    faces with face twist < 0.02                           : 0
    faces on cells with determinant < 0.001                : 6
displacementMedialAxis : Finished moving mesh ...
truncateDisplacement : Unextruded 14 faces due to non-consecutive vertices being extruded.
truncateDisplacement : Unextruded 0 faces due to stringed edges with inconsistent extrusion.
truncateDisplacement : Unextruded 0 faces due to non-consecutive vertices being extruded.
truncateDisplacement : Unextruded 0 faces due to stringed edges with inconsistent extrusion.

Setting up information for layer truncation ...
Detected 0 baffles across faceZones of type internal


Checking mesh with layer ...
Checking faces in error :
    non-orthogonality > 65  degrees                        : 8
    faces with face pyramid volume < 1e-13                 : 0
    faces with face-decomposition tet quality < 1e-09      : 469
    faces with concavity > 80  degrees                     : 0
    faces with skewness > 4   (internal) or 20  (boundary) : 0
    faces with interpolation weights (0..1)  < 0.02        : 4
    faces with volume ratio of neighbour cells < 0.01      : 3
    faces with face twist < 0.02                           : 9
    faces on cells with determinant < 0.001                : 4
Detected 497 illegal faces (concave, zero area or negative cell pyramid volume)
Extruding 198028 out of 231730 faces (85.4564%). Removed extrusion at 449 faces.
Added 1051977 out of 3475950 cells (30.2644%).


Layer addition iteration 3
--------------------------

Determining displacement for added points according to pointNormal ...
Detected 0 points with point normal pointing through faces.
Reset displacement at 0 points to average of surrounding points.

displacementMedialAxis : Smoothing using Medial Axis ...
displacementMedialAxis : Reducing layer thickness at 46924 nodes where thickness to medial axis distance is large 
displacementMedialAxis : Removing isolated regions ...
- if partially extruded faces make angle < 90
- if exclusively surrounded by non-extruded faces
displacementMedialAxis : Number of isolated points extrusion stopped : 339
fieldSmoother : Smoothing field ...
    Iteration 0   residual 0.000323138
displacementMedialAxis : Moving mesh ...
displacementMedialAxis : Iteration 0
Moving mesh using displacement scaling : min:1  max:1
Checking faces in error :
    non-orthogonality > 65  degrees                        : 980
    faces with face pyramid volume < 1e-13                 : 170
    faces with face-decomposition tet quality < 1e-09      : 3570
    faces with concavity > 80  degrees                     : 14
    faces with skewness > 4   (internal) or 20  (boundary) : 0
    faces with interpolation weights (0..1)  < 0.02        : 0
    faces with volume ratio of neighbour cells < 0.01      : 1
    faces with face twist < 0.02                           : 1
    faces on cells with determinant < 0.001                : 67
displacementMedialAxis : Iteration 1
Moving mesh using displacement scaling : min:0.75  max:1
Checking faces in error :
    non-orthogonality > 65  degrees                        : 27
    faces with face pyramid volume < 1e-13                 : 22
    faces with face-decomposition tet quality < 1e-09      : 243
    faces with concavity > 80  degrees                     : 0
    faces with skewness > 4   (internal) or 20  (boundary) : 0
    faces with interpolation weights (0..1)  < 0.02        : 1
    faces with volume ratio of neighbour cells < 0.01      : 0
    faces with face twist < 0.02                           : 1
    faces on cells with determinant < 0.001                : 149
displacementMedialAxis : Iteration 2
Moving mesh using displacement scaling : min:0.5625  max:1
Checking faces in error :
    non-orthogonality > 65  degrees                        : 1
    faces with face pyramid volume < 1e-13                 : 3
    faces with face-decomposition tet quality < 1e-09      : 94
    faces with concavity > 80  degrees                     : 0
    faces with skewness > 4   (internal) or 20  (boundary) : 0
    faces with interpolation weights (0..1)  < 0.02        : 0
    faces with volume ratio of neighbour cells < 0.01      : 0
    faces with face twist < 0.02                           : 0
    faces on cells with determinant < 0.001                : 0
displacementMedialAxis : Iteration 3
displacementMedialAxis : Displacement scaling for error reduction set to 0.
Moving mesh using displacement scaling : min:0.421875  max:1
Checking faces in error :
    non-orthogonality > 65  degrees                        : 0
    faces with face pyramid volume < 1e-13                 : 0
    faces with face-decomposition tet quality < 1e-09      : 20
    faces with concavity > 80  degrees                     : 0
    faces with skewness > 4   (internal) or 20  (boundary) : 0
    faces with interpolation weights (0..1)  < 0.02        : 0
    faces with volume ratio of neighbour cells < 0.01      : 0
    faces with face twist < 0.02                           : 0
    faces on cells with determinant < 0.001                : 0
displacementMedialAxis : Iteration 4
Moving mesh using displacement scaling : min:0  max:1
Checking faces in error :
    non-orthogonality > 65  degrees                        : 0
    faces with face pyramid volume < 1e-13                 : 0
    faces with face-decomposition tet quality < 1e-09      : 9
    faces with concavity > 80  degrees                     : 0
    faces with skewness > 4   (internal) or 20  (boundary) : 0
    faces with interpolation weights (0..1)  < 0.02        : 0
    faces with volume ratio of neighbour cells < 0.01      : 0
    faces with face twist < 0.02                           : 0
    faces on cells with determinant < 0.001                : 0
displacementMedialAxis : Iteration 5
Moving mesh using displacement scaling : min:0  max:1
Checking faces in error :
    non-orthogonality > 65  degrees                        : 0
    faces with face pyramid volume < 1e-13                 : 0
    faces with face-decomposition tet quality < 1e-09      : 9
    faces with concavity > 80  degrees                     : 0
    faces with skewness > 4   (internal) or 20  (boundary) : 0
    faces with interpolation weights (0..1)  < 0.02        : 0
    faces with volume ratio of neighbour cells < 0.01      : 0
    faces with face twist < 0.02                           : 0
    faces on cells with determinant < 0.001                : 0
displacementMedialAxis : Finished moving mesh ...
truncateDisplacement : Unextruded 2 faces due to non-consecutive vertices being extruded.
truncateDisplacement : Unextruded 0 faces due to stringed edges with inconsistent extrusion.
truncateDisplacement : Unextruded 0 faces due to non-consecutive vertices being extruded.
truncateDisplacement : Unextruded 0 faces due to stringed edges with inconsistent extrusion.

Setting up information for layer truncation ...
Detected 0 baffles across faceZones of type internal


Checking mesh with layer ...
Checking faces in error :
    non-orthogonality > 65  degrees                        : 1
    faces with face pyramid volume < 1e-13                 : 0
    faces with face-decomposition tet quality < 1e-09      : 243
    faces with concavity > 80  degrees                     : 0
    faces with skewness > 4   (internal) or 20  (boundary) : 0
    faces with interpolation weights (0..1)  < 0.02        : 0
    faces with volume ratio of neighbour cells < 0.01      : 0
    faces with face twist < 0.02                           : 3
    faces on cells with determinant < 0.001                : 0
Detected 247 illegal faces (concave, zero area or negative cell pyramid volume)
Extruding 197124 out of 231730 faces (85.0662%). Removed extrusion at 225 faces.
Added 1048562 out of 3475950 cells (30.1662%).


Layer addition iteration 4
--------------------------

Determining displacement for added points according to pointNormal ...
Detected 0 points with point normal pointing through faces.
Reset displacement at 0 points to average of surrounding points.

displacementMedialAxis : Smoothing using Medial Axis ...
displacementMedialAxis : Reducing layer thickness at 46744 nodes where thickness to medial axis distance is large 
displacementMedialAxis : Removing isolated regions ...
- if partially extruded faces make angle < 90
- if exclusively surrounded by non-extruded faces
displacementMedialAxis : Number of isolated points extrusion stopped : 143
fieldSmoother : Smoothing field ...
    Iteration 0   residual 0.000321231
displacementMedialAxis : Moving mesh ...
displacementMedialAxis : Iteration 0
Moving mesh using displacement scaling : min:1  max:1
Checking faces in error :
    non-orthogonality > 65  degrees                        : 981
    faces with face pyramid volume < 1e-13                 : 172
    faces with face-decomposition tet quality < 1e-09      : 3571
    faces with concavity > 80  degrees                     : 14
    faces with skewness > 4   (internal) or 20  (boundary) : 0
    faces with interpolation weights (0..1)  < 0.02        : 0
    faces with volume ratio of neighbour cells < 0.01      : 1
    faces with face twist < 0.02                           : 1
    faces on cells with determinant < 0.001                : 67
displacementMedialAxis : Iteration 1
Moving mesh using displacement scaling : min:0.75  max:1
Checking faces in error :
    non-orthogonality > 65  degrees                        : 26
    faces with face pyramid volume < 1e-13                 : 22
    faces with face-decomposition tet quality < 1e-09      : 241
    faces with concavity > 80  degrees                     : 0
    faces with skewness > 4   (internal) or 20  (boundary) : 0
    faces with interpolation weights (0..1)  < 0.02        : 0
    faces with volume ratio of neighbour cells < 0.01      : 0
    faces with face twist < 0.02                           : 1
    faces on cells with determinant < 0.001                : 151
displacementMedialAxis : Iteration 2
Moving mesh using displacement scaling : min:0.5625  max:1
Checking faces in error :
    non-orthogonality > 65  degrees                        : 1
    faces with face pyramid volume < 1e-13                 : 3
    faces with face-decomposition tet quality < 1e-09      : 84
    faces with concavity > 80  degrees                     : 0
    faces with skewness > 4   (internal) or 20  (boundary) : 0
    faces with interpolation weights (0..1)  < 0.02        : 0
    faces with volume ratio of neighbour cells < 0.01      : 0
    faces with face twist < 0.02                           : 0
    faces on cells with determinant < 0.001                : 0
displacementMedialAxis : Iteration 3
displacementMedialAxis : Displacement scaling for error reduction set to 0.
Moving mesh using displacement scaling : min:0.421875  max:1
Checking faces in error :
    non-orthogonality > 65  degrees                        : 0
    faces with face pyramid volume < 1e-13                 : 0
    faces with face-decomposition tet quality < 1e-09      : 10
    faces with concavity > 80  degrees                     : 0
    faces with skewness > 4   (internal) or 20  (boundary) : 0
    faces with interpolation weights (0..1)  < 0.02        : 0
    faces with volume ratio of neighbour cells < 0.01      : 0
    faces with face twist < 0.02                           : 0
    faces on cells with determinant < 0.001                : 0
displacementMedialAxis : Iteration 4
Moving mesh using displacement scaling : min:0  max:1
Checking faces in error :
    non-orthogonality > 65  degrees                        : 2
    faces with face pyramid volume < 1e-13                 : 0
    faces with face-decomposition tet quality < 1e-09      : 2
    faces with concavity > 80  degrees                     : 0
    faces with skewness > 4   (internal) or 20  (boundary) : 0
    faces with interpolation weights (0..1)  < 0.02        : 0
    faces with volume ratio of neighbour cells < 0.01      : 0
    faces with face twist < 0.02                           : 0
    faces on cells with determinant < 0.001                : 0
displacementMedialAxis : Iteration 5
Moving mesh using displacement scaling : min:0  max:1
Checking faces in error :
    non-orthogonality > 65  degrees                        : 4
    faces with face pyramid volume < 1e-13                 : 0
    faces with face-decomposition tet quality < 1e-09      : 0
    faces with concavity > 80  degrees                     : 0
    faces with skewness > 4   (internal) or 20  (boundary) : 0
    faces with interpolation weights (0..1)  < 0.02        : 0
    faces with volume ratio of neighbour cells < 0.01      : 0
    faces with face twist < 0.02                           : 2
    faces on cells with determinant < 0.001                : 2
displacementMedialAxis : Finished moving mesh ...
truncateDisplacement : Unextruded 0 faces due to non-consecutive vertices being extruded.
truncateDisplacement : Unextruded 0 faces due to stringed edges with inconsistent extrusion.

Setting up information for layer truncation ...
Detected 0 baffles across faceZones of type internal


Checking mesh with layer ...
Checking faces in error :
    non-orthogonality > 65  degrees                        : 4
    faces with face pyramid volume < 1e-13                 : 0
    faces with face-decomposition tet quality < 1e-09      : 137
    faces with concavity > 80  degrees                     : 0
    faces with skewness > 4   (internal) or 20  (boundary) : 0
    faces with interpolation weights (0..1)  < 0.02        : 2
    faces with volume ratio of neighbour cells < 0.01      : 0
    faces with face twist < 0.02                           : 1
    faces on cells with determinant < 0.001                : 2
Detected 146 illegal faces (concave, zero area or negative cell pyramid volume)
Extruding 196732 out of 231730 faces (84.8971%). Removed extrusion at 138 faces.
Added 1046424 out of 3475950 cells (30.1047%).


Layer addition iteration 5
--------------------------

Determining displacement for added points according to pointNormal ...
Detected 0 points with point normal pointing through faces.
Reset displacement at 0 points to average of surrounding points.

displacementMedialAxis : Smoothing using Medial Axis ...
displacementMedialAxis : Reducing layer thickness at 46680 nodes where thickness to medial axis distance is large 
displacementMedialAxis : Removing isolated regions ...
- if partially extruded faces make angle < 90
- if exclusively surrounded by non-extruded faces
displacementMedialAxis : Number of isolated points extrusion stopped : 81
fieldSmoother : Smoothing field ...
    Iteration 0   residual 0.000320693
displacementMedialAxis : Moving mesh ...
displacementMedialAxis : Iteration 0
Moving mesh using displacement scaling : min:1  max:1
Checking faces in error :
    non-orthogonality > 65  degrees                        : 989
    faces with face pyramid volume < 1e-13                 : 172
    faces with face-decomposition tet quality < 1e-09      : 3594
    faces with concavity > 80  degrees                     : 14
    faces with skewness > 4   (internal) or 20  (boundary) : 0
    faces with interpolation weights (0..1)  < 0.02        : 0
    faces with volume ratio of neighbour cells < 0.01      : 1
    faces with face twist < 0.02                           : 1
    faces on cells with determinant < 0.001                : 71
displacementMedialAxis : Iteration 1
Moving mesh using displacement scaling : min:0.75  max:1
Checking faces in error :
    non-orthogonality > 65  degrees                        : 26
    faces with face pyramid volume < 1e-13                 : 22
    faces with face-decomposition tet quality < 1e-09      : 231
    faces with concavity > 80  degrees                     : 0
    faces with skewness > 4   (internal) or 20  (boundary) : 0
    faces with interpolation weights (0..1)  < 0.02        : 0
    faces with volume ratio of neighbour cells < 0.01      : 0
    faces with face twist < 0.02                           : 1
    faces on cells with determinant < 0.001                : 151
displacementMedialAxis : Iteration 2
Moving mesh using displacement scaling : min:0.5625  max:1
Checking faces in error :
    non-orthogonality > 65  degrees                        : 1
    faces with face pyramid volume < 1e-13                 : 3
    faces with face-decomposition tet quality < 1e-09      : 73
    faces with concavity > 80  degrees                     : 0
    faces with skewness > 4   (internal) or 20  (boundary) : 0
    faces with interpolation weights (0..1)  < 0.02        : 0
    faces with volume ratio of neighbour cells < 0.01      : 0
    faces with face twist < 0.02                           : 0
    faces on cells with determinant < 0.001                : 0
displacementMedialAxis : Iteration 3
displacementMedialAxis : Displacement scaling for error reduction set to 0.
Moving mesh using displacement scaling : min:0.421875  max:1
Checking faces in error :
    non-orthogonality > 65  degrees                        : 0
    faces with face pyramid volume < 1e-13                 : 0
    faces with face-decomposition tet quality < 1e-09      : 3
    faces with concavity > 80  degrees                     : 0
    faces with skewness > 4   (internal) or 20  (boundary) : 0
    faces with interpolation weights (0..1)  < 0.02        : 0
    faces with volume ratio of neighbour cells < 0.01      : 0
    faces with face twist < 0.02                           : 0
    faces on cells with determinant < 0.001                : 0
displacementMedialAxis : Iteration 4
Moving mesh using displacement scaling : min:0  max:1
Checking faces in error :
    non-orthogonality > 65  degrees                        : 0
    faces with face pyramid volume < 1e-13                 : 0
    faces with face-decomposition tet quality < 1e-09      : 4
    faces with concavity > 80  degrees                     : 0
    faces with skewness > 4   (internal) or 20  (boundary) : 0
    faces with interpolation weights (0..1)  < 0.02        : 0
    faces with volume ratio of neighbour cells < 0.01      : 0
    faces with face twist < 0.02                           : 0
    faces on cells with determinant < 0.001                : 0
displacementMedialAxis : Iteration 5
Moving mesh using displacement scaling : min:0  max:1
Checking faces in error :
    non-orthogonality > 65  degrees                        : 0
    faces with face pyramid volume < 1e-13                 : 0
    faces with face-decomposition tet quality < 1e-09      : 5
    faces with concavity > 80  degrees                     : 0
    faces with skewness > 4   (internal) or 20  (boundary) : 0
    faces with interpolation weights (0..1)  < 0.02        : 0
    faces with volume ratio of neighbour cells < 0.01      : 0
    faces with face twist < 0.02                           : 0
    faces on cells with determinant < 0.001                : 0
displacementMedialAxis : Finished moving mesh ...
truncateDisplacement : Unextruded 0 faces due to non-consecutive vertices being extruded.
truncateDisplacement : Unextruded 0 faces due to stringed edges with inconsistent extrusion.

Setting up information for layer truncation ...
Detected 0 baffles across faceZones of type internal


Checking mesh with layer ...
Checking faces in error :
    non-orthogonality > 65  degrees                        : 0
    faces with face pyramid volume < 1e-13                 : 0
