/*---------------------------------------------------------------------------*\
| =========                 |                                                 |
| \\      /  F ield         | OpenFOAM: The Open Source CFD Toolbox           |
|  \\    /   O peration     | Version:  2112                                  |
|   \\  /    A nd           | Website:  www.openfoam.com                      |
|    \\/     M anipulation  |                                                 |
\*---------------------------------------------------------------------------*/
Build  : _14aeaf8dab-20211220 OPENFOAM=2112 version=v2112
Arch   : "LSB;label=32;scalar=64"
Exec   : blockMesh
Date   : Jul 02 2025
Time   : 14:25:36
Host   : cr2cn24
PID    : 398397
I/O    : uncollated
Case   : /mnt/beegfs/home/nataliadenton.denton/CFD_IRP_McLaren_2024-2025/src/Openfoam/AeroSUVNDM
nProcs : 1
trapFpe: Floating point exception trapping enabled (FOAM_SIGFPE).
fileModificationChecking : Monitoring run-time modified files using timeStampMaster (fileModificationSkew 5, maxFileModificationPolls 20)
allowSystemOperations : Allowing user-supplied system call operations

// * * * * * * * * * * * * * * * * * * * * * * * * * * * * * * * * * * * * * //
Create time

--> FOAM Warning : 
    From static Foam::IOstreamOption::compressionType Foam::IOstreamOption::compressionEnum(const Foam::word&, Foam::IOstreamOption::compressionType)
    in file db/IOstreams/IOstreams/IOstreamOption.C at line 115
    Unknown compression specifier 'uncompressed', using compression off
Creating block mesh from "system/blockMeshDict"
Creating block edges
No non-planar block faces defined
Creating topology blocks

Creating topology patches - from boundary section

Creating block mesh topology

Check topology

	Basic statistics
		Number of internal faces : 0
		Number of boundary faces : 6
		Number of defined boundary faces : 6
		Number of undefined boundary faces : 0
	Checking patch -> block consistency

Creating block offsets
Creating merge list (topological search)...
Deleting polyMesh directory "constant/polyMesh"

Creating polyMesh from blockMesh
Creating patches
Creating cells
Creating points with scale (1 1 1)
    Block 0 cell size :
        i : 0.199827 .. 0.199827
        j : 0.198161 .. 0.198161
        k : 0.193983 .. 0.193983


There are no merge patch pairs

Writing polyMesh with 0 cellZones
----------------
Mesh Information
----------------
  boundingBox: (-23.933 -6.14298 -0.0239946) (50.0031 6.14298 5.6015)
  nPoints: 701190
  nCells: 665260
  nFaces: 2031248
  nInternalFaces: 1960312
----------------
Patches
----------------
  patch 0 (start: 1960312 size: 1798) name: inlet
  patch 1 (start: 1962110 size: 1798) name: outlet
  patch 2 (start: 1963908 size: 22940) name: bottom
  patch 3 (start: 1986848 size: 22940) name: top
  patch 4 (start: 2009788 size: 10730) name: front
  patch 5 (start: 2020518 size: 10730) name: back

End

