/*---------------------------------------------------------------------------*\
| =========                 |                                                 |
| \\      /  F ield         | OpenFOAM: The Open Source CFD Toolbox           |
|  \\    /   O peration     | Version:  2112                                  |
|   \\  /    A nd           | Website:  www.openfoam.com                      |
|    \\/     M anipulation  |                                                 |
\*---------------------------------------------------------------------------*/
Build  : _14aeaf8dab-20211220 OPENFOAM=2112 version=v2112
Arch   : "LSB;label=32;scalar=64"
Exec   : snappyHexMesh -overwrite
Date   : Jul 02 2025
Time   : 13:47:38
Host   : cr2cn116
PID    : 193154
I/O    : uncollated
Case   : /mnt/beegfs/home/nataliadenton.denton/CFD_IRP_McLaren_2024-2025/src/Openfoam/AeroSUVDF
nProcs : 1
trapFpe: Floating point exception trapping enabled (FOAM_SIGFPE).
fileModificationChecking : Monitoring run-time modified files using timeStampMaster (fileModificationSkew 5, maxFileModificationPolls 20)
allowSystemOperations : Allowing user-supplied system call operations

// * * * * * * * * * * * * * * * * * * * * * * * * * * * * * * * * * * * * * //
Create time

--> FOAM Warning : 
    From static Foam::IOstreamOption::compressionType Foam::IOstreamOption::compressionEnum(const Foam::word&, Foam::IOstreamOption::compressionType)
    in file db/IOstreams/IOstreams/IOstreamOption.C at line 115
    Unknown compression specifier 'uncompressed', using compression off
Create mesh for time = 0

Read mesh in = 6.4 s

Overall mesh bounding box  : (-23.9681 -6.14298 -0.0239946) (50.0615 6.14298 5.6015)
Relative tolerance         : 1e-06
Absolute matching distance : 7.52526e-05

Reading refinement surfaces.
Read refinement surfaces in = 6.11 s

Reading refinement shells.
Refinement level 2 for all cells inside refinementBox
Refinement level 3 for all cells inside refinementBox2
Refinement level 4 for all cells inside refinmentBoxWheelsFront
Refinement level 4 for all cells inside refinmentBoxWheelsRear
Read refinement shells in = 0 s

Setting refinement level of surface to be consistent with shells.
For geometry Geometry detected 0 uncached triangles out of 2858464
Checked shell refinement in = 14.24 s

Reading features.
Read features in = 0 s


Determining initial surface intersections
-----------------------------------------

Edge intersection testing:
    Number of edges             : 4680308
    Number of edges to retest   : 0
    Number of intersected edges : 0
Edge intersection testing:
    Number of edges             : 4680308
    Number of edges to retest   : 4680308
    Number of intersected edges : 2126
Calculated surface intersections in = 5.68 s

Initial mesh : cells:1539304  faces:4680308  points:1602315
Cells per refinement level:
    0	1539304

Adding patches for surface regions
----------------------------------

Patch Type                Region                        
----- ----                ------                        
Geometry:

6     wall                Geometry                      

Added patches in = 0.06 s

Edge intersection testing:
    Number of edges             : 4680308
    Number of edges to retest   : 0
    Number of intersected edges : 2126
Decomposition method none [1]

Refinement phase
----------------

Found point (0 0 0) in cell 20413 on processor 0

Surface refinement iteration 0
------------------------------

Marked for refinement due to surface intersection          : 2392 cells.
Marked for refinement due to curvature/regions             : 0 cells.
Determined cells to refine in = 1.4 s
Selected for refinement : 2392 cells (out of 1539304)
Edge intersection testing:
    Number of edges             : 4735172
    Number of edges to retest   : 69041
    Number of intersected edges : 8826
Refined mesh in = 3.72 s
After refinement surface refinement iteration 0 : cells:1556048  faces:4735172  points:1623657
Cells per refinement level:
    0	1536912
    1	19136

Surface refinement iteration 1
------------------------------

Marked for refinement due to surface intersection          : 10960 cells.
Marked for refinement due to curvature/regions             : 0 cells.
Determined cells to refine in = 0.15 s
Selected for refinement : 11607 cells (out of 1556048)
Edge intersection testing:
    Number of edges             : 4999262
    Number of edges to retest   : 330631
    Number of intersected edges : 37005
Refined mesh in = 3.87 s
After refinement surface refinement iteration 1 : cells:1637297  faces:4999262  points:1725069
Cells per refinement level:
    0	1536137
    1	14504
    2	86656

Surface refinement iteration 2
------------------------------

Marked for refinement due to surface intersection          : 48062 cells.
Marked for refinement due to curvature/regions             : 0 cells.
Determined cells to refine in = 0.23 s
Selected for refinement : 51317 cells (out of 1637297)
Edge intersection testing:
    Number of edges             : 6170684
    Number of edges to retest   : 1481010
    Number of intersected edges : 150378
Refined mesh in = 6.02 s
After refinement surface refinement iteration 2 : cells:1996516  faces:6170684  points:2177522
Cells per refinement level:
    0	1535810
    1	13561
    2	67697
    3	379448

Surface refinement iteration 3
------------------------------

Marked for refinement due to surface intersection          : 205494 cells.
Marked for refinement due to curvature/regions             : 0 cells.
Determined cells to refine in = 0.44 s
Selected for refinement : 222110 cells (out of 1996516)
Edge intersection testing:
    Number of edges             : 11242256
    Number of edges to retest   : 6444519
    Number of intersected edges : 603764
Refined mesh in = 15.93 s
After refinement surface refinement iteration 3 : cells:3551286  faces:11242256  points:4138215
Cells per refinement level:
    0	1535603
    1	13682
    2	62657
    3	314960
    4	1624384

Surface refinement iteration 4
------------------------------

Marked for refinement due to surface intersection          : 10133 cells.
Marked for refinement due to curvature/regions             : 0 cells.
Determined cells to refine in = 2.56 s
Selected for refinement : 11380 cells (out of 3551286)
Edge intersection testing:
    Number of edges             : 11481923
    Number of edges to retest   : 748857
    Number of intersected edges : 612203
Refined mesh in = 11.23 s
After refinement surface refinement iteration 4 : cells:3630946  faces:11481923  points:4218281
Cells per refinement level:
    0	1535578
    1	13738
    2	62662
    3	314072
    4	1704896

Surface refinement iteration 5
------------------------------

Marked for refinement due to surface intersection          : 536 cells.
Marked for refinement due to curvature/regions             : 0 cells.
Determined cells to refine in = 2.57 s
Selected for refinement : 691 cells (out of 3630946)
Edge intersection testing:
    Number of edges             : 11496383
    Number of edges to retest   : 57880
    Number of intersected edges : 612275
Refined mesh in = 10.48 s
After refinement surface refinement iteration 5 : cells:3635783  faces:11496383  points:4223076
Cells per refinement level:
    0	1535576
    1	13735
    2	62680
    3	314608
    4	1709184

Surface refinement iteration 6
------------------------------

Marked for refinement due to surface intersection          : 14 cells.
Marked for refinement due to curvature/regions             : 0 cells.
Determined cells to refine in = 2.5 s
Selected for refinement : 29 cells (out of 3635783)
Edge intersection testing:
    Number of edges             : 11496986
    Number of edges to retest   : 2439
    Number of intersected edges : 612275
Refined mesh in = 10.26 s
After refinement surface refinement iteration 6 : cells:3635986  faces:11496986  points:4223273
Cells per refinement level:
    0	1535576
    1	13730
    2	62710
    3	314674
    4	1709296

Surface refinement iteration 7
------------------------------

Marked for refinement due to surface intersection          : 0 cells.
Marked for refinement due to curvature/regions             : 0 cells.
Determined cells to refine in = 2.38 s
Selected for refinement : 0 cells (out of 3635986)
Stopping refining since too few cells selected.


Removing mesh beyond surface intersections
------------------------------------------

Setting cellZones according to locationsInMesh:
Location : (0 0 0)
    cellZone : none

For cellZone none found point (0 0 0) in global region 0 out of 64 regions.
Keeping all cells containing inside points
Selected for keeping : 3635986 cells.
Edge intersection testing:
    Number of edges             : 11496986
    Number of edges to retest   : 0
    Number of intersected edges : 612275
Setting cellZones according to locationsInMesh:
Location : (0 0 0)
    cellZone : none

For cellZone none found point (0 0 0) in global region 0 out of 64 regions.
Keeping all cells containing inside points
Selected for keeping : 3178818 cells.
Edge intersection testing:
    Number of edges             : 10195414
    Number of edges to retest   : 546037
    Number of intersected edges : 612275

Shell refinement iteration 0
----------------------------

Marked for refinement due to distance to explicit features : 0 cells.
Marked for refinement due to refinement shells             : 315949 cells.
Determined cells to refine in = 27.38 s
Selected for internal refinement : 315949 cells (out of 3178818)
Edge intersection testing:
    Number of edges             : 16828531
    Number of edges to retest   : 10031890
    Number of intersected edges : 612288
Refined mesh in = 22.14 s
After refinement shell refinement iteration 0 : cells:5390461  faces:16828531  points:6042246
Cells per refinement level:
    0	1442088
    1	742280
    2	70512
    3	280688
    4	2854893

Shell refinement iteration 1
----------------------------

Marked for refinement due to distance to explicit features : 0 cells.
Marked for refinement due to refinement shells             : 1062248 cells.
Determined cells to refine in = 2.66 s
Selected for internal refinement : 1076654 cells (out of 5390461)
Edge intersection testing:
    Number of edges             : 39530665
    Number of edges to retest   : 28023801
    Number of intersected edges : 612288
Refined mesh in = 49.51 s
After refinement shell refinement iteration 1 : cells:12927039  faces:39530665  points:13672462
Cells per refinement level:
    0	1427682
    1	146480
    2	5688384
    3	564096
    4	5100397

Shell refinement iteration 2
----------------------------

Marked for refinement due to distance to explicit features : 0 cells.
Marked for refinement due to refinement shells             : 1256272 cells.
Determined cells to refine in = 3.96 s
Selected for internal refinement : 1262348 cells (out of 12927039)
Edge intersection testing:
    Number of edges             : 66121318
    Number of edges to retest   : 32784906
    Number of intersected edges : 612288
Refined mesh in = 76.06 s
After refinement shell refinement iteration 2 : cells:21763475  faces:66121318  points:22590558
Cells per refinement level:
    0	1421606
    1	171760
    2	5206160
    3	5350784
    4	9613165

Shell refinement iteration 3
----------------------------

Marked for refinement due to distance to explicit features : 0 cells.
Marked for refinement due to refinement shells             : 5334976 cells.
Determined cells to refine in = 5.73 s
Selected for internal refinement : 5387102 cells (out of 21763475)
Edge intersection testing:
    Number of edges             : 179471689
    Number of edges to retest   : 131522230
    Number of intersected edges : 612288
Refined mesh in = 222.84 s
After refinement shell refinement iteration 3 : cells:59473189  faces:179471689  points:60521707
Cells per refinement level:
    0	1421606
    1	171760
    2	5154034
    3	432816
    4	52292973

Shell refinement iteration 4
----------------------------

Marked for refinement due to distance to explicit features : 0 cells.
Marked for refinement due to refinement shells             : 100048 cells.
Determined cells to refine in = 11.2 s
Selected for internal refinement : 125702 cells (out of 59473189)
Edge intersection testing:
    Number of edges             : 182116711
    Number of edges to retest   : 5023480
    Number of intersected edges : 612288
Refined mesh in = 177.37 s
After refinement shell refinement iteration 4 : cells:60353103  faces:182116711  points:61406905
Cells per refinement level:
    0	1421606
    1	171760
    2	5128380
    3	538000
    4	53093357

Shell refinement iteration 5
----------------------------

Marked for refinement due to distance to explicit features : 0 cells.
Marked for refinement due to refinement shells             : 0 cells.
Determined cells to refine in = 10.85 s
Selected for internal refinement : 0 cells (out of 60353103)
Stopping refining since too few cells selected.


Dangling coarse cells refinement iteration 0
--------------------------------------------

Determined cells to refine in = 1.57 s
Selected for refinement : 0 cells (out of 60353103)
Stopping refining since too few cells selected.


Dangling coarse cells refinement iteration 0
--------------------------------------------

Determined cells to refine in = 1.55 s
Selected for refinement : 0 cells (out of 60353103)
Stopping refining since too few cells selected.


Refinement transition refinement iteration 0
--------------------------------------------

Determined cells to refine in = 1.83 s
Selected for refinement : 0 cells (out of 60353103)
Stopping refining since too few cells selected.


Splitting mesh at surface intersections
---------------------------------------

Introducing baffles for 612288 faces that are intersected by the surface.

Setting cellZones according to locationsInMesh:
Location : (0 0 0)
    cellZone : none

For cellZone none found point (0 0 0) in global region 0 out of 197 regions.
Edge intersection testing:
    Number of edges             : 182728457
    Number of edges to retest   : 3815044
    Number of intersected edges : 1224034
Created baffles in = 147.82 s


After introducing baffles : cells:60353103  faces:182728457  points:61406905
Cells per refinement level:
    0	1421606
    1	171760
    2	5128380
    3	538000
    4	53093357

Introducing baffles to block off problem cells
----------------------------------------------

markFacesOnProblemCells : marked 1083434 additional internal faces to be converted into baffles.
Analyzed problem cells in = 127.54 s


Introducing baffles to delete problem cells.

Edge intersection testing:
    Number of edges             : 183811891
    Number of edges to retest   : 3486226
    Number of intersected edges : 1224034
Created baffles in = 110.36 s


After introducing baffles : cells:60353103  faces:183811891  points:61406905
Cells per refinement level:
    0	1421606
    1	171760
    2	5128380
    3	538000
    4	53093357
Setting cellZones according to locationsInMesh:
Location : (0 0 0)
    cellZone : none

For cellZone none found point (0 0 0) in global region 0 out of 525514 regions.
Edge intersection testing:
    Number of edges             : 183811891
    Number of edges to retest   : 4512179
    Number of intersected edges : 1224034

Remove unreachable sections of mesh
-----------------------------------

Keeping all cells containing points 1((0 0 0))
Selected for keeping : 59665137 cells.
Edge intersection testing:
    Number of edges             : 180021537
    Number of edges to retest   : 0
    Number of intersected edges : 559570
Split mesh in = 287.69 s


After subsetting : cells:59665137  faces:180021537  points:60690612
Cells per refinement level:
    0	1421606
    1	171760
    2	5128380
    3	538000
    4	52405391

Introducing zones for interfaces
--------------------------------

Setting cellZones according to locationsInMesh:
Location : (0 0 0)
    cellZone : none

For cellZone none found point (0 0 0) in global region 0 out of 1 regions.
Setting faceZones according to neighbouring cellZones:

