/*---------------------------------------------------------------------------*\
| =========                 |                                                 |
| \\      /  F ield         | OpenFOAM: The Open Source CFD Toolbox           |
|  \\    /   O peration     | Version:  2112                                  |
|   \\  /    A nd           | Website:  www.openfoam.com                      |
|    \\/     M anipulation  |                                                 |
\*---------------------------------------------------------------------------*/
Build  : _14aeaf8dab-20211220 OPENFOAM=2112 version=v2112
Arch   : "LSB;label=32;scalar=64"
Exec   : blockMesh
Date   : Aug 04 2025
Time   : 16:22:15
Host   : cr2cn119
PID    : 2563998
I/O    : uncollated
Case   : /mnt/beegfs/home/nataliadenton.denton/CFD_IRP_McLaren_2024-2025/src/Openfoam/unitCubefine
nProcs : 1
trapFpe: Floating point exception trapping enabled (FOAM_SIGFPE).
fileModificationChecking : Monitoring run-time modified files using timeStampMaster (fileModificationSkew 5, maxFileModificationPolls 20)
allowSystemOperations : Allowing user-supplied system call operations

// * * * * * * * * * * * * * * * * * * * * * * * * * * * * * * * * * * * * * //
Create time

--> FOAM Warning : 
    From static Foam::IOstreamOption::compressionType Foam::IOstreamOption::compressionEnum(const Foam::word&, Foam::IOstreamOption::compressionType)
    in file db/IOstreams/IOstreams/IOstreamOption.C at line 115
    Unknown compression specifier 'uncompressed', using compression off
Creating block mesh from "system/blockMeshDict"
Creating block edges
No non-planar block faces defined
Creating topology blocks

Creating topology patches - from boundary section

Creating block mesh topology

Check topology

	Basic statistics
		Number of internal faces : 0
		Number of boundary faces : 6
		Number of defined boundary faces : 6
		Number of undefined boundary faces : 0
	Checking patch -> block consistency

Creating block offsets
Creating merge list (topological search)...
Deleting polyMesh directory "constant/polyMesh"

Creating polyMesh from blockMesh
Creating patches
Creating cells
Creating points with scale (1 1 1)
    Block 0 cell size :
        i : 0.149533 .. 0.149533
        j : 0.15 .. 0.15
        k : 0.145833 .. 0.145833


There are no merge patch pairs

Writing polyMesh with 0 cellZones
----------------
Mesh Information
----------------
  boundingBox: (-5 -2.5 0) (11 3.5 3.5)
  nPoints: 110700
  nCells: 102720
  nFaces: 315968
  nInternalFaces: 300352
----------------
Patches
----------------
  patch 0 (start: 300352 size: 960) name: inlet
  patch 1 (start: 301312 size: 960) name: outlet
  patch 2 (start: 302272 size: 4280) name: bottom
  patch 3 (start: 306552 size: 4280) name: top
  patch 4 (start: 310832 size: 2568) name: front
  patch 5 (start: 313400 size: 2568) name: back

End

