/*---------------------------------------------------------------------------*\
| =========                 |                                                 |
| \\      /  F ield         | OpenFOAM: The Open Source CFD Toolbox           |
|  \\    /   O peration     | Version:  2112                                  |
|   \\  /    A nd           | Website:  www.openfoam.com                      |
|    \\/     M anipulation  |                                                 |
\*---------------------------------------------------------------------------*/
Build  : _14aeaf8dab-20211220 OPENFOAM=2112 version=v2112
Arch   : "LSB;label=32;scalar=64"
Exec   : checkMesh
Date   : Aug 04 2025
Time   : 16:25:59
Host   : cr2cn119
PID    : 2564108
I/O    : uncollated
Case   : /mnt/beegfs/home/nataliadenton.denton/CFD_IRP_McLaren_2024-2025/src/Openfoam/unitCubefine
nProcs : 1
trapFpe: Floating point exception trapping enabled (FOAM_SIGFPE).
fileModificationChecking : Monitoring run-time modified files using timeStampMaster (fileModificationSkew 5, maxFileModificationPolls 20)
allowSystemOperations : Allowing user-supplied system call operations

// * * * * * * * * * * * * * * * * * * * * * * * * * * * * * * * * * * * * * //
Create time

--> FOAM Warning : 
    From static Foam::IOstreamOption::compressionType Foam::IOstreamOption::compressionEnum(const Foam::word&, Foam::IOstreamOption::compressionType)
    in file db/IOstreams/IOstreams/IOstreamOption.C at line 115
    Unknown compression specifier 'uncompressed', using compression off
Create mesh for time = 0

Time = 0

Mesh stats
    points:           1124031
    faces:            3235333
    internal faces:   3183507
    cells:            1056164
    faces per cell:   6.0775
    boundary patches: 7
    point zones:      0
    face zones:       0
    cell zones:       0

Overall number of cells of each type:
    hexahedra:     1016992
    prisms:        1132
    wedges:        0
    pyramids:      0
    tet wedges:    0
    tetrahedra:    0
    polyhedra:     38040
    Breakdown of polyhedra by number of faces:
        faces   number of cells
            4   4
            5   24
            6   3848
            7   11156
            8   874
            9   20912
           10   20
           11   2
           12   1172
           15   26
           18   2

Checking topology...
    Boundary definition OK.
    Cell to face addressing OK.
    Point usage OK.
    Upper triangular ordering OK.
    Face vertices OK.
    Number of regions: 1 (OK).

Checking patch topology for multiply connected surfaces...
                   Patch    Faces   Points                  Surface topology
                   inlet      960     1025  ok (non-closed singly connected)
                  outlet      960     1025  ok (non-closed singly connected)
                  bottom    18144    18892  ok (non-closed singly connected)
                     top     4280     4428  ok (non-closed singly connected)
                   front     2568     2700  ok (non-closed singly connected)
                    back     2568     2700  ok (non-closed singly connected)
                Geometry    22346    23061  ok (non-closed singly connected)

Checking faceZone topology for multiply connected surfaces...
    No faceZones found.

Checking basic cellZone addressing...
    No cellZones found.

Checking geometry...
    Overall domain bounding box (-5 -2.5 0) (11 3.5 3.5)
    Mesh has 3 geometric (non-empty/wedge) directions (1 1 1)
    Mesh has 3 solution (non-empty) directions (1 1 1)
    Boundary openness (7.38998e-16 8.97573e-16 -1.56053e-14) OK.
    Max cell openness = 8.90049e-16 OK.
    Max aspect ratio = 28.4712 OK.
    Minimum face area = 3.60425e-06. Maximum face area = 0.0234058.  Face area magnitudes OK.
    Min volume = 3.37899e-08. Max volume = 0.0033499.  Total volume = 335.  Cell volumes OK.
    Mesh non-orthogonality Max: 63.6485 average: 5.39206
    Non-orthogonality check OK.
    Face pyramids OK.
    Max skewness = 1.72332 OK.
    Coupled point location match (average 0) OK.

Mesh OK.

End

