/*---------------------------------------------------------------------------*\
| =========                 |                                                 |
| \\      /  F ield         | OpenFOAM: The Open Source CFD Toolbox           |
|  \\    /   O peration     | Version:  2112                                  |
|   \\  /    A nd           | Website:  www.openfoam.com                      |
|    \\/     M anipulation  |                                                 |
\*---------------------------------------------------------------------------*/
Build  : _14aeaf8dab-20211220 OPENFOAM=2112 version=v2112
Arch   : "LSB;label=32;scalar=64"
Exec   : decomposePar -force
Date   : Aug 04 2025
Time   : 16:26:10
Host   : cr2cn119
PID    : 2564110
I/O    : uncollated
Case   : /mnt/beegfs/home/nataliadenton.denton/CFD_IRP_McLaren_2024-2025/src/Openfoam/unitCubefine
nProcs : 1
trapFpe: Floating point exception trapping enabled (FOAM_SIGFPE).
fileModificationChecking : Monitoring run-time modified files using timeStampMaster (fileModificationSkew 5, maxFileModificationPolls 20)
allowSystemOperations : Allowing user-supplied system call operations

// * * * * * * * * * * * * * * * * * * * * * * * * * * * * * * * * * * * * * //
Create time

--> FOAM Warning : 
    From static Foam::IOstreamOption::compressionType Foam::IOstreamOption::compressionEnum(const Foam::word&, Foam::IOstreamOption::compressionType)
    in file db/IOstreams/IOstreams/IOstreamOption.C at line 115
    Unknown compression specifier 'uncompressed', using compression off


Decomposing mesh

Create mesh

Calculating distribution of cells
Decomposition method scotch [8] (region region0)

Finished decomposition in 4.16 s

Calculating original mesh data

Distributing cells to processors

Distributing faces to processors

Distributing points to processors

Constructing processor meshes
Reading hexRef8 data : cellLevel
Reading hexRef8 data : pointLevel
Reading hexRef8 data : level0Edge
--> FOAM Warning : 
    From static Foam::IOstreamOption::compressionType Foam::IOstreamOption::compressionEnum(const Foam::word&, Foam::IOstreamOption::compressionType)
    in file db/IOstreams/IOstreams/IOstreamOption.C at line 115
    Unknown compression specifier 'uncompressed', using compression off

Processor 0
    Number of cells = 133340
    Number of faces shared with processor 1 = 4054
    Number of faces shared with processor 2 = 1384
    Number of faces shared with processor 3 = 1799
    Number of processor patches = 3
    Number of processor faces = 7237
    Number of boundary faces = 3286
--> FOAM Warning : 
    From static Foam::IOstreamOption::compressionType Foam::IOstreamOption::compressionEnum(const Foam::word&, Foam::IOstreamOption::compressionType)
    in file db/IOstreams/IOstreams/IOstreamOption.C at line 115
    Unknown compression specifier 'uncompressed', using compression off

Processor 1
    Number of cells = 133298
    Number of faces shared with processor 0 = 4054
    Number of faces shared with processor 2 = 226
    Number of faces shared with processor 3 = 129
    Number of faces shared with processor 4 = 718
    Number of processor patches = 4
    Number of processor faces = 5127
    Number of boundary faces = 10234
--> FOAM Warning : 
    From static Foam::IOstreamOption::compressionType Foam::IOstreamOption::compressionEnum(const Foam::word&, Foam::IOstreamOption::compressionType)
    in file db/IOstreams/IOstreams/IOstreamOption.C at line 115
    Unknown compression specifier 'uncompressed', using compression off

Processor 2
    Number of cells = 132684
    Number of faces shared with processor 0 = 1384
    Number of faces shared with processor 1 = 226
    Number of faces shared with processor 3 = 4512
    Number of faces shared with processor 4 = 184
    Number of faces shared with processor 5 = 3375
    Number of faces shared with processor 7 = 723
    Number of processor patches = 6
    Number of processor faces = 10404
    Number of boundary faces = 3386
--> FOAM Warning : 
    From static Foam::IOstreamOption::compressionType Foam::IOstreamOption::compressionEnum(const Foam::word&, Foam::IOstreamOption::compressionType)
    in file db/IOstreams/IOstreams/IOstreamOption.C at line 115
    Unknown compression specifier 'uncompressed', using compression off

Processor 3
    Number of cells = 132723
    Number of faces shared with processor 0 = 1799
    Number of faces shared with processor 1 = 129
    Number of faces shared with processor 2 = 4512
    Number of faces shared with processor 4 = 206
    Number of faces shared with processor 6 = 7
    Number of faces shared with processor 7 = 3736
    Number of processor patches = 6
    Number of processor faces = 10389
    Number of boundary faces = 3505
--> FOAM Warning : 
    From static Foam::IOstreamOption::compressionType Foam::IOstreamOption::compressionEnum(const Foam::word&, Foam::IOstreamOption::compressionType)
    in file db/IOstreams/IOstreams/IOstreamOption.C at line 115
    Unknown compression specifier 'uncompressed', using compression off

Processor 4
    Number of cells = 131311
    Number of faces shared with processor 1 = 718
    Number of faces shared with processor 2 = 184
    Number of faces shared with processor 3 = 206
    Number of faces shared with processor 5 = 2731
    Number of faces shared with processor 6 = 3590
    Number of faces shared with processor 7 = 101
    Number of processor patches = 6
    Number of processor faces = 7530
    Number of boundary faces = 10798
--> FOAM Warning : 
    From static Foam::IOstreamOption::compressionType Foam::IOstreamOption::compressionEnum(const Foam::word&, Foam::IOstreamOption::compressionType)
    in file db/IOstreams/IOstreams/IOstreamOption.C at line 115
    Unknown compression specifier 'uncompressed', using compression off

Processor 5
    Number of cells = 130704
    Number of faces shared with processor 2 = 3375
    Number of faces shared with processor 4 = 2731
    Number of faces shared with processor 6 = 556
    Number of faces shared with processor 7 = 1602
    Number of processor patches = 4
    Number of processor faces = 8264
    Number of boundary faces = 7095
--> FOAM Warning : 
    From static Foam::IOstreamOption::compressionType Foam::IOstreamOption::compressionEnum(const Foam::word&, Foam::IOstreamOption::compressionType)
    in file db/IOstreams/IOstreams/IOstreamOption.C at line 115
    Unknown compression specifier 'uncompressed', using compression off

Processor 6
    Number of cells = 130700
    Number of faces shared with processor 3 = 7
    Number of faces shared with processor 4 = 3590
    Number of faces shared with processor 5 = 556
    Number of faces shared with processor 7 = 3062
    Number of processor patches = 4
    Number of processor faces = 7215
    Number of boundary faces = 6486
--> FOAM Warning : 
    From static Foam::IOstreamOption::compressionType Foam::IOstreamOption::compressionEnum(const Foam::word&, Foam::IOstreamOption::compressionType)
    in file db/IOstreams/IOstreams/IOstreamOption.C at line 115
    Unknown compression specifier 'uncompressed', using compression off

Processor 7
    Number of cells = 131404
    Number of faces shared with processor 2 = 723
    Number of faces shared with processor 3 = 3736
    Number of faces shared with processor 4 = 101
    Number of faces shared with processor 5 = 1602
    Number of faces shared with processor 6 = 3062
    Number of processor patches = 5
    Number of processor faces = 9224
    Number of boundary faces = 7036

Number of processor faces = 32695
Max number of cells = 133340 (0.999466% above average 132020)
Max number of processor patches = 6 (26.3158% above average 4.75)
Max number of faces between processors = 10404 (27.2855% above average 8173.75)

Time = 0

Processor 0: field transfer
--> FOAM Warning : 
    From static Foam::IOstreamOption::compressionType Foam::IOstreamOption::compressionEnum(const Foam::word&, Foam::IOstreamOption::compressionType)
    in file db/IOstreams/IOstreams/IOstreamOption.C at line 115
    Unknown compression specifier 'uncompressed', using compression off
Processor 1: field transfer
--> FOAM Warning : 
    From static Foam::IOstreamOption::compressionType Foam::IOstreamOption::compressionEnum(const Foam::word&, Foam::IOstreamOption::compressionType)
    in file db/IOstreams/IOstreams/IOstreamOption.C at line 115
    Unknown compression specifier 'uncompressed', using compression off
Processor 2: field transfer
--> FOAM Warning : 
    From static Foam::IOstreamOption::compressionType Foam::IOstreamOption::compressionEnum(const Foam::word&, Foam::IOstreamOption::compressionType)
    in file db/IOstreams/IOstreams/IOstreamOption.C at line 115
    Unknown compression specifier 'uncompressed', using compression off
Processor 3: field transfer
--> FOAM Warning : 
    From static Foam::IOstreamOption::compressionType Foam::IOstreamOption::compressionEnum(const Foam::word&, Foam::IOstreamOption::compressionType)
    in file db/IOstreams/IOstreams/IOstreamOption.C at line 115
    Unknown compression specifier 'uncompressed', using compression off
Processor 4: field transfer
--> FOAM Warning : 
    From static Foam::IOstreamOption::compressionType Foam::IOstreamOption::compressionEnum(const Foam::word&, Foam::IOstreamOption::compressionType)
    in file db/IOstreams/IOstreams/IOstreamOption.C at line 115
    Unknown compression specifier 'uncompressed', using compression off
Processor 5: field transfer
--> FOAM Warning : 
    From static Foam::IOstreamOption::compressionType Foam::IOstreamOption::compressionEnum(const Foam::word&, Foam::IOstreamOption::compressionType)
    in file db/IOstreams/IOstreams/IOstreamOption.C at line 115
    Unknown compression specifier 'uncompressed', using compression off
Processor 6: field transfer
--> FOAM Warning : 
    From static Foam::IOstreamOption::compressionType Foam::IOstreamOption::compressionEnum(const Foam::word&, Foam::IOstreamOption::compressionType)
    in file db/IOstreams/IOstreams/IOstreamOption.C at line 115
    Unknown compression specifier 'uncompressed', using compression off
Processor 7: field transfer
--> FOAM Warning : 
    From static Foam::IOstreamOption::compressionType Foam::IOstreamOption::compressionEnum(const Foam::word&, Foam::IOstreamOption::compressionType)
    in file db/IOstreams/IOstreams/IOstreamOption.C at line 115
    Unknown compression specifier 'uncompressed', using compression off

End

