/*---------------------------------------------------------------------------*\
| =========                 |                                                 |
| \\      /  F ield         | OpenFOAM: The Open Source CFD Toolbox           |
|  \\    /   O peration     | Version:  2112                                  |
|   \\  /    A nd           | Website:  www.openfoam.com                      |
|    \\/     M anipulation  |                                                 |
\*---------------------------------------------------------------------------*/
Build  : _14aeaf8dab-20211220 OPENFOAM=2112 version=v2112
Arch   : "LSB;label=32;scalar=64"
Exec   : snappyHexMesh -overwrite
Date   : Aug 04 2025
Time   : 16:22:18
Host   : cr2cn119
PID    : 2564002
I/O    : uncollated
Case   : /mnt/beegfs/home/nataliadenton.denton/CFD_IRP_McLaren_2024-2025/src/Openfoam/unitCubefine
nProcs : 1
trapFpe: Floating point exception trapping enabled (FOAM_SIGFPE).
fileModificationChecking : Monitoring run-time modified files using timeStampMaster (fileModificationSkew 5, maxFileModificationPolls 20)
allowSystemOperations : Allowing user-supplied system call operations

// * * * * * * * * * * * * * * * * * * * * * * * * * * * * * * * * * * * * * //
Create time

--> FOAM Warning : 
    From static Foam::IOstreamOption::compressionType Foam::IOstreamOption::compressionEnum(const Foam::word&, Foam::IOstreamOption::compressionType)
    in file db/IOstreams/IOstreams/IOstreamOption.C at line 115
    Unknown compression specifier 'uncompressed', using compression off
Create mesh for time = 0

Read mesh in = 0.51 s

Overall mesh bounding box  : (-5 -2.5 0) (11 3.5 3.5)
Relative tolerance         : 1e-06
Absolute matching distance : 1.74428e-05

Reading refinement surfaces.
Read refinement surfaces in = 0 s

Reading refinement shells.
Refinement level 2 for all cells inside refinementBox
Refinement level 3 for all cells inside refinementBox2
Read refinement shells in = 0 s

Setting refinement level of surface to be consistent with shells.
For geometry Geometry detected 0 uncached triangles out of 12
Checked shell refinement in = 0 s

Reading features.
Read features in = 0 s


Determining initial surface intersections
-----------------------------------------

Edge intersection testing:
    Number of edges             : 315968
    Number of edges to retest   : 0
    Number of intersected edges : 0
Edge intersection testing:
    Number of edges             : 315968
    Number of edges to retest   : 315968
    Number of intersected edges : 266
Calculated surface intersections in = 0.39 s

Initial mesh : cells:102720  faces:315968  points:110700
Cells per refinement level:
    0	102720

Adding patches for surface regions
----------------------------------

Patch Type                Region                        
----- ----                ------                        
Geometry:

6     wall                Geometry                      

Added patches in = 0.01 s

Edge intersection testing:
    Number of edges             : 315968
    Number of edges to retest   : 0
    Number of intersected edges : 266
Decomposition method none [1]

Refinement phase
----------------

Found point (5 0 0) in cell 1778 on processor 0

Surface refinement iteration 0
------------------------------

Marked for refinement due to surface intersection          : 418 cells.
Marked for refinement due to curvature/regions             : 0 cells.
Determined cells to refine in = 0.12 s
Selected for refinement : 418 cells (out of 102720)
Edge intersection testing:
    Number of edges             : 325541
    Number of edges to retest   : 12203
    Number of intersected edges : 1120
Refined mesh in = 0.32 s
After refinement surface refinement iteration 0 : cells:105646  faces:325541  points:114432
Cells per refinement level:
    0	102302
    1	3344

Surface refinement iteration 1
------------------------------

Marked for refinement due to surface intersection          : 1876 cells.
Marked for refinement due to curvature/regions             : 0 cells.
Determined cells to refine in = 0.01 s
Selected for refinement : 2014 cells (out of 105646)
Edge intersection testing:
    Number of edges             : 371216
    Number of edges to retest   : 57185
    Number of intersected edges : 4968
Refined mesh in = 0.36 s
After refinement surface refinement iteration 1 : cells:119744  faces:371216  points:131925
Cells per refinement level:
    0	102136
    1	2824
    2	14784

Surface refinement iteration 2
------------------------------

Marked for refinement due to surface intersection          : 7984 cells.
Marked for refinement due to curvature/regions             : 0 cells.
Determined cells to refine in = 0.02 s
Selected for refinement : 8624 cells (out of 119744)
Edge intersection testing:
    Number of edges             : 564743
    Number of edges to retest   : 239531
    Number of intersected edges : 20670
Refined mesh in = 0.7 s
After refinement surface refinement iteration 2 : cells:180112  faces:564743  points:204734
Cells per refinement level:
    0	102076
    1	2696
    2	11692
    3	63648

Surface refinement iteration 3
------------------------------

Marked for refinement due to surface intersection          : 296 cells.
Marked for refinement due to curvature/regions             : 798 cells.
Determined cells to refine in = 0.07 s
Selected for refinement : 1264 cells (out of 180112)
Edge intersection testing:
    Number of edges             : 595454
    Number of edges to retest   : 52097
    Number of intersected edges : 24256
Refined mesh in = 0.7 s
After refinement surface refinement iteration 3 : cells:188960  faces:595454  points:218283
Cells per refinement level:
    0	102038
    1	2898
    2	12182
    3	65458
    4	6384

Surface refinement iteration 4
------------------------------

Marked for refinement due to surface intersection          : 2 cells.
Marked for refinement due to curvature/regions             : 328 cells.
Determined cells to refine in = 0.08 s
Selected for refinement : 336 cells (out of 188960)
Edge intersection testing:
    Number of edges             : 603800
    Number of edges to retest   : 19366
    Number of intersected edges : 25674
Refined mesh in = 0.67 s
After refinement surface refinement iteration 4 : cells:191312  faces:603800  points:222019
Cells per refinement level:
    0	102036
    1	2912
    2	12194
    3	65162
    4	9008

Surface refinement iteration 5
------------------------------

Marked for refinement due to surface intersection          : 0 cells.
Marked for refinement due to curvature/regions             : 112 cells.
Determined cells to refine in = 0.07 s
Selected for refinement : 168 cells (out of 191312)
Edge intersection testing:
    Number of edges             : 607682
    Number of edges to retest   : 8886
    Number of intersected edges : 25454
Refined mesh in = 0.61 s
After refinement surface refinement iteration 5 : cells:192488  faces:607682  points:223551
Cells per refinement level:
    0	102036
    1	2912
    2	12138
    3	65498
    4	9904

Surface refinement iteration 6
------------------------------

Marked for refinement due to surface intersection          : 0 cells.
Marked for refinement due to curvature/regions             : 0 cells.
Determined cells to refine in = 0.06 s
Selected for refinement : 0 cells (out of 192488)
Stopping refining since too few cells selected.


Removing mesh beyond surface intersections
------------------------------------------

Setting cellZones according to locationsInMesh:
Location : (5 0 0)
    cellZone : none

For cellZone none found point (5 0 0) in global region 0 out of 2 regions.
Keeping all cells containing inside points
Selected for keeping : 192488 cells.
Edge intersection testing:
    Number of edges             : 607682
    Number of edges to retest   : 0
    Number of intersected edges : 25454
Setting cellZones according to locationsInMesh:
Location : (5 0 0)
    cellZone : none

For cellZone none found point (5 0 0) in global region 0 out of 2 regions.
Keeping all cells containing inside points
Selected for keeping : 160022 cells.
Edge intersection testing:
    Number of edges             : 512958
    Number of edges to retest   : 19310
    Number of intersected edges : 25454

Shell refinement iteration 0
----------------------------

Marked for refinement due to distance to explicit features : 0 cells.
Marked for refinement due to refinement shells             : 15464 cells.
Determined cells to refine in = 1.3 s
Selected for internal refinement : 18435 cells (out of 160022)
Edge intersection testing:
    Number of edges             : 910620
    Number of edges to retest   : 553094
    Number of intersected edges : 28497
Refined mesh in = 1.17 s
After refinement shell refinement iteration 0 : cells:289067  faces:910620  points:332932
Cells per refinement level:
    0	96140
    1	46656
    2	17712
    3	96623
    4	31936

Shell refinement iteration 1
----------------------------

Marked for refinement due to distance to explicit features : 0 cells.
Marked for refinement due to refinement shells             : 58232 cells.
Determined cells to refine in = 0.14 s
Selected for internal refinement : 61833 cells (out of 289067)
Edge intersection testing:
    Number of edges             : 2226771
    Number of edges to retest   : 1647027
    Number of intersected edges : 30092
Refined mesh in = 3.41 s
After refinement shell refinement iteration 1 : cells:721898  faces:2226771  points:783510
Cells per refinement level:
    0	94248
    1	19416
    2	340864
    3	221762
    4	45608

Shell refinement iteration 2
----------------------------

Marked for refinement due to distance to explicit features : 0 cells.
Marked for refinement due to refinement shells             : 22864 cells.
Determined cells to refine in = 0.24 s
Selected for internal refinement : 23692 cells (out of 721898)
Edge intersection testing:
    Number of edges             : 2728026
    Number of edges to retest   : 701162
    Number of intersected edges : 30110
Refined mesh in = 3.3 s
After refinement shell refinement iteration 2 : cells:887742  faces:2728026  points:953093
Cells per refinement level:
    0	93448
    1	23398
    2	339762
    3	385302
    4	45832

Shell refinement iteration 3
----------------------------

Marked for refinement due to distance to explicit features : 0 cells.
Marked for refinement due to refinement shells             : 0 cells.
Determined cells to refine in = 0.26 s
Selected for internal refinement : 24 cells (out of 887742)
Edge intersection testing:
    Number of edges             : 2728566
    Number of edges to retest   : 1582
    Number of intersected edges : 30122
Refined mesh in = 3.13 s
After refinement shell refinement iteration 3 : cells:887910  faces:2728566  points:953297
Cells per refinement level:
    0	93446
    1	23414
    2	339762
    3	385280
    4	46008

Shell refinement iteration 4
----------------------------

Marked for refinement due to distance to explicit features : 0 cells.
Marked for refinement due to refinement shells             : 0 cells.
Determined cells to refine in = 0.28 s
Selected for internal refinement : 22 cells (out of 887910)
Edge intersection testing:
    Number of edges             : 2729064
    Number of edges to retest   : 1378
    Number of intersected edges : 30134
Refined mesh in = 2.84 s
After refinement shell refinement iteration 4 : cells:888064  faces:2729064  points:953487
Cells per refinement level:
    0	93446
    1	23414
    2	339762
    3	385258
    4	46184

Shell refinement iteration 5
----------------------------

Marked for refinement due to distance to explicit features : 0 cells.
Marked for refinement due to refinement shells             : 0 cells.
Determined cells to refine in = 0.28 s
Selected for internal refinement : 22 cells (out of 888064)
Edge intersection testing:
    Number of edges             : 2729562
    Number of edges to retest   : 1378
    Number of intersected edges : 30146
Refined mesh in = 3.02 s
After refinement shell refinement iteration 5 : cells:888218  faces:2729562  points:953677
Cells per refinement level:
    0	93446
    1	23414
    2	339762
    3	385236
    4	46360

Shell refinement iteration 6
----------------------------

Marked for refinement due to distance to explicit features : 0 cells.
Marked for refinement due to refinement shells             : 0 cells.
Determined cells to refine in = 0.31 s
Selected for internal refinement : 22 cells (out of 888218)
Edge intersection testing:
    Number of edges             : 2730060
    Number of edges to retest   : 1378
    Number of intersected edges : 30158
Refined mesh in = 2.81 s
After refinement shell refinement iteration 6 : cells:888372  faces:2730060  points:953867
Cells per refinement level:
    0	93446
    1	23414
    2	339762
    3	385214
    4	46536

Shell refinement iteration 7
----------------------------

Marked for refinement due to distance to explicit features : 0 cells.
Marked for refinement due to refinement shells             : 0 cells.
Determined cells to refine in = 0.27 s
Selected for internal refinement : 22 cells (out of 888372)
Edge intersection testing:
    Number of edges             : 2730558
    Number of edges to retest   : 1378
    Number of intersected edges : 30170
Refined mesh in = 3.07 s
After refinement shell refinement iteration 7 : cells:888526  faces:2730558  points:954057
Cells per refinement level:
    0	93446
    1	23414
    2	339762
    3	385192
    4	46712

Shell refinement iteration 8
----------------------------

Marked for refinement due to distance to explicit features : 0 cells.
Marked for refinement due to refinement shells             : 0 cells.
Determined cells to refine in = 0.28 s
Selected for internal refinement : 22 cells (out of 888526)
Edge intersection testing:
    Number of edges             : 2731056
    Number of edges to retest   : 1378
    Number of intersected edges : 30182
Refined mesh in = 2.86 s
After refinement shell refinement iteration 8 : cells:888680  faces:2731056  points:954247
Cells per refinement level:
    0	93446
    1	23414
    2	339762
    3	385170
    4	46888

Shell refinement iteration 9
----------------------------

Marked for refinement due to distance to explicit features : 0 cells.
Marked for refinement due to refinement shells             : 0 cells.
Determined cells to refine in = 0.26 s
Selected for internal refinement : 22 cells (out of 888680)
Edge intersection testing:
    Number of edges             : 2731554
    Number of edges to retest   : 1378
    Number of intersected edges : 30194
Refined mesh in = 3 s
After refinement shell refinement iteration 9 : cells:888834  faces:2731554  points:954437
Cells per refinement level:
    0	93446
    1	23414
    2	339762
    3	385148
    4	47064

Shell refinement iteration 10
----------------------------

Marked for refinement due to distance to explicit features : 0 cells.
Marked for refinement due to refinement shells             : 0 cells.
Determined cells to refine in = 0.31 s
Selected for internal refinement : 22 cells (out of 888834)
Edge intersection testing:
    Number of edges             : 2732052
    Number of edges to retest   : 1378
    Number of intersected edges : 30206
Refined mesh in = 2.91 s
After refinement shell refinement iteration 10 : cells:888988  faces:2732052  points:954627
Cells per refinement level:
    0	93446
    1	23414
    2	339762
    3	385126
    4	47240

Shell refinement iteration 11
----------------------------

Marked for refinement due to distance to explicit features : 0 cells.
Marked for refinement due to refinement shells             : 0 cells.
Determined cells to refine in = 0.28 s
Selected for internal refinement : 22 cells (out of 888988)
Edge intersection testing:
    Number of edges             : 2732550
    Number of edges to retest   : 1378
    Number of intersected edges : 30218
Refined mesh in = 2.96 s
After refinement shell refinement iteration 11 : cells:889142  faces:2732550  points:954817
Cells per refinement level:
    0	93446
    1	23414
    2	339762
    3	385104
    4	47416

Shell refinement iteration 12
----------------------------

Marked for refinement due to distance to explicit features : 0 cells.
Marked for refinement due to refinement shells             : 0 cells.
Determined cells to refine in = 0.33 s
Selected for internal refinement : 22 cells (out of 889142)
Edge intersection testing:
    Number of edges             : 2733048
    Number of edges to retest   : 1378
    Number of intersected edges : 30230
Refined mesh in = 2.87 s
After refinement shell refinement iteration 12 : cells:889296  faces:2733048  points:955007
Cells per refinement level:
    0	93446
    1	23414
    2	339762
    3	385082
    4	47592

Shell refinement iteration 13
----------------------------

Marked for refinement due to distance to explicit features : 0 cells.
Marked for refinement due to refinement shells             : 0 cells.
Determined cells to refine in = 0.26 s
Selected for internal refinement : 22 cells (out of 889296)
Edge intersection testing:
    Number of edges             : 2733546
    Number of edges to retest   : 1378
    Number of intersected edges : 30242
Refined mesh in = 2.95 s
After refinement shell refinement iteration 13 : cells:889450  faces:2733546  points:955197
Cells per refinement level:
    0	93446
    1	23414
    2	339762
    3	385060
    4	47768

Shell refinement iteration 14
----------------------------

Marked for refinement due to distance to explicit features : 0 cells.
Marked for refinement due to refinement shells             : 0 cells.
Determined cells to refine in = 0.35 s
Selected for internal refinement : 22 cells (out of 889450)
Edge intersection testing:
    Number of edges             : 2734044
    Number of edges to retest   : 1378
    Number of intersected edges : 30254
Refined mesh in = 2.88 s
After refinement shell refinement iteration 14 : cells:889604  faces:2734044  points:955387
Cells per refinement level:
    0	93446
    1	23414
    2	339762
    3	385038
    4	47944

Shell refinement iteration 15
----------------------------

Marked for refinement due to distance to explicit features : 0 cells.
Marked for refinement due to refinement shells             : 0 cells.
Determined cells to refine in = 0.26 s
Selected for internal refinement : 22 cells (out of 889604)
Edge intersection testing:
    Number of edges             : 2734542
    Number of edges to retest   : 1378
    Number of intersected edges : 30266
Refined mesh in = 2.91 s
After refinement shell refinement iteration 15 : cells:889758  faces:2734542  points:955577
Cells per refinement level:
    0	93446
    1	23414
    2	339762
    3	385016
    4	48120

Shell refinement iteration 16
----------------------------

Marked for refinement due to distance to explicit features : 0 cells.
Marked for refinement due to refinement shells             : 0 cells.
Determined cells to refine in = 0.35 s
Selected for internal refinement : 22 cells (out of 889758)
Edge intersection testing:
    Number of edges             : 2735040
    Number of edges to retest   : 1378
    Number of intersected edges : 30278
Refined mesh in = 2.89 s
After refinement shell refinement iteration 16 : cells:889912  faces:2735040  points:955767
Cells per refinement level:
    0	93446
    1	23414
    2	339762
    3	384994
    4	48296

Shell refinement iteration 17
----------------------------

Marked for refinement due to distance to explicit features : 0 cells.
Marked for refinement due to refinement shells             : 0 cells.
Determined cells to refine in = 0.24 s
Selected for internal refinement : 22 cells (out of 889912)
Edge intersection testing:
    Number of edges             : 2735538
    Number of edges to retest   : 1378
    Number of intersected edges : 30290
Refined mesh in = 2.85 s
After refinement shell refinement iteration 17 : cells:890066  faces:2735538  points:955957
Cells per refinement level:
    0	93446
    1	23414
    2	339762
    3	384972
    4	48472

Shell refinement iteration 18
----------------------------

Marked for refinement due to distance to explicit features : 0 cells.
Marked for refinement due to refinement shells             : 0 cells.
Determined cells to refine in = 0.32 s
Selected for internal refinement : 22 cells (out of 890066)
Edge intersection testing:
    Number of edges             : 2736036
    Number of edges to retest   : 1378
    Number of intersected edges : 30302
Refined mesh in = 2.98 s
After refinement shell refinement iteration 18 : cells:890220  faces:2736036  points:956147
Cells per refinement level:
    0	93446
    1	23414
    2	339762
    3	384950
    4	48648

Shell refinement iteration 19
----------------------------

Marked for refinement due to distance to explicit features : 0 cells.
Marked for refinement due to refinement shells             : 0 cells.
Determined cells to refine in = 0.24 s
Selected for internal refinement : 22 cells (out of 890220)
Edge intersection testing:
    Number of edges             : 2736534
    Number of edges to retest   : 1378
    Number of intersected edges : 30314
Refined mesh in = 2.86 s
After refinement shell refinement iteration 19 : cells:890374  faces:2736534  points:956337
Cells per refinement level:
    0	93446
    1	23414
    2	339762
    3	384928
    4	48824

Shell refinement iteration 20
----------------------------

Marked for refinement due to distance to explicit features : 0 cells.
Marked for refinement due to refinement shells             : 0 cells.
Determined cells to refine in = 0.32 s
Selected for internal refinement : 22 cells (out of 890374)
Edge intersection testing:
    Number of edges             : 2737032
    Number of edges to retest   : 1378
    Number of intersected edges : 30326
Refined mesh in = 2.99 s
After refinement shell refinement iteration 20 : cells:890528  faces:2737032  points:956527
Cells per refinement level:
    0	93446
    1	23414
    2	339762
    3	384906
    4	49000

Shell refinement iteration 21
----------------------------

Marked for refinement due to distance to explicit features : 0 cells.
Marked for refinement due to refinement shells             : 0 cells.
Determined cells to refine in = 0.25 s
Selected for internal refinement : 22 cells (out of 890528)
Edge intersection testing:
    Number of edges             : 2737530
    Number of edges to retest   : 1370
    Number of intersected edges : 30338
Refined mesh in = 2.81 s
After refinement shell refinement iteration 21 : cells:890682  faces:2737530  points:956717
Cells per refinement level:
    0	93446
    1	23414
    2	339762
    3	384884
    4	49176

Shell refinement iteration 22
----------------------------

Marked for refinement due to distance to explicit features : 0 cells.
Marked for refinement due to refinement shells             : 0 cells.
Determined cells to refine in = 0.32 s
Selected for internal refinement : 22 cells (out of 890682)
Edge intersection testing:
    Number of edges             : 2738004
    Number of edges to retest   : 1243
    Number of intersected edges : 30350
Refined mesh in = 3 s
After refinement shell refinement iteration 22 : cells:890836  faces:2738004  points:956878
Cells per refinement level:
    0	93446
    1	23414
    2	339762
    3	384862
    4	49352

Shell refinement iteration 23
----------------------------

Marked for refinement due to distance to explicit features : 0 cells.
Marked for refinement due to refinement shells             : 0 cells.
Determined cells to refine in = 0.26 s
Selected for internal refinement : 6 cells (out of 890836)
Stopping refining since too few cells selected.


Dangling coarse cells refinement iteration 0
--------------------------------------------

Determined cells to refine in = 0.03 s
Selected for refinement : 0 cells (out of 890836)
Stopping refining since too few cells selected.


Dangling coarse cells refinement iteration 0
--------------------------------------------

Determined cells to refine in = 0.03 s
Selected for refinement : 0 cells (out of 890836)
Stopping refining since too few cells selected.


Refinement transition refinement iteration 0
--------------------------------------------

Determined cells to refine in = 0.03 s
Selected for refinement : 0 cells (out of 890836)
Stopping refining since too few cells selected.


Splitting mesh at surface intersections
---------------------------------------

Introducing baffles for 30350 faces that are intersected by the surface.

Setting cellZones according to locationsInMesh:
Location : (5 0 0)
    cellZone : none

For cellZone none found point (5 0 0) in global region 0 out of 3 regions.
Edge intersection testing:
    Number of edges             : 2764350
    Number of edges to retest   : 206971
    Number of intersected edges : 55144
Created baffles in = 2.52 s


After introducing baffles : cells:890836  faces:2764350  points:956878
Cells per refinement level:
    0	93446
    1	23414
    2	339762
    3	384862
    4	49352

Introducing baffles to block off problem cells
----------------------------------------------

markFacesOnProblemCells : marked 46831 additional internal faces to be converted into baffles.
Analyzed problem cells in = 2.44 s


Introducing baffles to delete problem cells.

Edge intersection testing:
    Number of edges             : 2811181
    Number of edges to retest   : 155590
    Number of intersected edges : 55144
Created baffles in = 1.83 s


After introducing baffles : cells:890836  faces:2811181  points:956878
Cells per refinement level:
    0	93446
    1	23414
    2	339762
    3	384862
    4	49352
Setting cellZones according to locationsInMesh:
Location : (5 0 0)
    cellZone : none

For cellZone none found point (5 0 0) in global region 0 out of 21559 regions.
Edge intersection testing:
    Number of edges             : 2811181
    Number of edges to retest   : 251814
    Number of intersected edges : 55144

Remove unreachable sections of mesh
-----------------------------------

Keeping all cells containing points 1((5 0 0))
Selected for keeping : 858634 cells.
Edge intersection testing:
    Number of edges             : 2637187
    Number of edges to retest   : 0
    Number of intersected edges : 22346
Split mesh in = 5.07 s


After subsetting : cells:858634  faces:2637187  points:920973
Cells per refinement level:
    0	93446
    1	23414
    2	339762
    3	368016
    4	33996

Introducing zones for interfaces
--------------------------------

Setting cellZones according to locationsInMesh:
Location : (5 0 0)
    cellZone : none

For cellZone none found point (5 0 0) in global region 0 out of 1 regions.
Setting faceZones according to neighbouring cellZones:

Edge intersection testing:
    Number of edges             : 2637187
    Number of edges to retest   : 0
    Number of intersected edges : 22346

Handling cells with snap problems
---------------------------------

Introducing baffles for 22346 faces that are intersected by the surface.

Setting cellZones according to locationsInMesh:
Location : (5 0 0)
    cellZone : none

For cellZone none found point (5 0 0) in global region 0 out of 1 regions.
Edge intersection testing:
    Number of edges             : 2637187
    Number of edges to retest   : 92882
    Number of intersected edges : 22346
Created baffles in = 4.65 s


After introducing baffles : cells:858634  faces:2637187  points:920973
Cells per refinement level:
    0	93446
    1	23414
    2	339762
    3	368016
    4	33996

Introducing baffles to block off problem cells
----------------------------------------------

markFacesOnProblemCells : marked 0 additional internal faces to be converted into baffles.
Analyzed problem cells in = 2.12 s


Introducing baffles to delete problem cells.

Created baffles in = 0.28 s


After introducing baffles : cells:858634  faces:2637187  points:920973
Cells per refinement level:
    0	93446
    1	23414
    2	339762
    3	368016
    4	33996
Setting cellZones according to locationsInMesh:
Location : (5 0 0)
    cellZone : none

For cellZone none found point (5 0 0) in global region 0 out of 1 regions.
Edge intersection testing:
    Number of edges             : 2637187
    Number of edges to retest   : 92882
    Number of intersected edges : 22346

Remove unreachable sections of mesh
-----------------------------------

Split mesh in = 3.07 s


After subsetting : cells:858634  faces:2637187  points:920973
Cells per refinement level:
    0	93446
    1	23414
    2	339762
    3	368016
    4	33996

Merge free-standing baffles
---------------------------

freeStandingBaffles : detected 0 free-standing baffles out of 0

Detected free-standing baffles : 0
Merged free-standing baffles in = 0.58 s


dupNonManifoldPoints : Found : 0 non-manifold points (out of 920973)
Detected unsplittable baffles : 0

Merge refined boundary faces
----------------------------

Merging 0 sets of faces.

No faces merged ...

Merging all points on surface that
- are used by only two boundary faces and
- make an angle with a cosine of more than 0.707107.

No straight edges simplified and no points removed ...
Refined mesh : cells:858634  faces:2637187  points:920973
Cells per refinement level:
    0	93446
    1	23414
    2	339762
    3	368016
    4	33996
Writing mesh to time constant
Wrote mesh in = 4.78 s.
Mesh refined in = 105.37 s.

Morphing phase
--------------

Duplicating 0 points on faceZones of type boundary
Constructing mesh displacer ...
Using mesh parameters 
{
    maxNonOrtho     65;
    maxBoundarySkewness 20;
    maxInternalSkewness 4;
    maxConcave      80;
    minVol          1e-13;
    minTetQuality   1e-09;
    minArea         -1;
    minTwist        0.02;
    minDeterminant  0.001;
    minFaceWeight   0.02;
    minVolRatio     0.01;
    minTriangleTwist -1;
    nSmoothScale    4;
    errorReduction  0.75;
    relaxed
    {
        maxNonOrtho     65;
        maxBoundarySkewness 20;
        maxInternalSkewness 4;
        maxConcave      80;
        minVol          1e-13;
        minTetQuality   1e-09;
    }
}


Checking initial mesh ...
Checking faces in error :
    non-orthogonality > 65  degrees                        : 0
    faces with face pyramid volume < 1e-13                 : 0
    faces with face-decomposition tet quality < 1e-09      : 0
    faces with concavity > 80  degrees                     : 0
    faces with skewness > 4   (internal) or 20  (boundary) : 0
    faces with interpolation weights (0..1)  < 0.02        : 0
    faces with volume ratio of neighbour cells < 0.01      : 0
    faces with face twist < 0.02                           : 0
    faces on cells with determinant < 0.001                : 0
Detected 0 illegal faces (concave, zero area or negative cell pyramid volume)
Checked initial mesh in = 3.2 s


Smoothing patch points ...
Smoothing iteration 0
Found 0 non-manifold point(s).

Scaling iteration 0
Moving mesh using displacement scaling : min:1  max:1
Checking faces in error :
    non-orthogonality > 65  degrees                        : 0
    faces with face pyramid volume < 1e-13                 : 0
    faces with face-decomposition tet quality < 1e-09      : 0
    faces with concavity > 80  degrees                     : 0
    faces with skewness > 4   (internal) or 20  (boundary) : 0
    faces with interpolation weights (0..1)  < 0.02        : 0
    faces with volume ratio of neighbour cells < 0.01      : 0
    faces with face twist < 0.02                           : 0
    faces on cells with determinant < 0.001                : 0
Successfully moved mesh

Smoothing iteration 1
Found 0 non-manifold point(s).

Scaling iteration 0
Moving mesh using displacement scaling : min:1  max:1
Checking faces in error :
    non-orthogonality > 65  degrees                        : 0
    faces with face pyramid volume < 1e-13                 : 0
    faces with face-decomposition tet quality < 1e-09      : 0
    faces with concavity > 80  degrees                     : 0
    faces with skewness > 4   (internal) or 20  (boundary) : 0
    faces with interpolation weights (0..1)  < 0.02        : 0
    faces with volume ratio of neighbour cells < 0.01      : 0
    faces with face twist < 0.02                           : 0
    faces on cells with determinant < 0.001                : 0
Successfully moved mesh

Smoothing iteration 2
Found 0 non-manifold point(s).

Scaling iteration 0
Moving mesh using displacement scaling : min:1  max:1
Checking faces in error :
    non-orthogonality > 65  degrees                        : 0
    faces with face pyramid volume < 1e-13                 : 0
    faces with face-decomposition tet quality < 1e-09      : 0
    faces with concavity > 80  degrees                     : 0
    faces with skewness > 4   (internal) or 20  (boundary) : 0
    faces with interpolation weights (0..1)  < 0.02        : 0
    faces with volume ratio of neighbour cells < 0.01      : 0
    faces with face twist < 0.02                           : 0
    faces on cells with determinant < 0.001                : 0
Successfully moved mesh

Patch points smoothed in = 13.15 s



Morph iteration 0
-----------------
Calculating patchDisplacement as distance to nearest surface point ...
    non-zone points : attract to nearest of all non-zone surfaces
    zone points     : attract to zone surface only

Wanted displacement : average:0.00452071 min:0 max:0.0117573
Calculated surface displacement in = 0.01 s


Detecting near surfaces ...
Overriding nearest with intersection of close gaps at 0 out of 24205 points.
--> FOAM Warning : Displacement (1.38778e-17 0.00199999 1.73472e-18) at mesh point 160272 coord (0.102804 0.998 0.00911379) points through the surrounding patch faces
Smoothing displacement ...
Iteration 0
Iteration 10
Iteration 20
Displacement smoothed in = 3.32 s


Moving mesh ...

Iteration 0
Moving mesh using displacement scaling : min:1  max:1
Checking faces in error :
    non-orthogonality > 65  degrees                        : 0
    faces with face pyramid volume < 1e-13                 : 0
    faces with face-decomposition tet quality < 1e-09      : 0
    faces with concavity > 80  degrees                     : 0
    faces with skewness > 4   (internal) or 20  (boundary) : 0
    faces with interpolation weights (0..1)  < 0.02        : 0
    faces with volume ratio of neighbour cells < 0.01      : 0
    faces with face twist < 0.02                           : 0
    faces on cells with determinant < 0.001                : 0
Successfully moved mesh
Moved mesh in = 4.24 s


Repatching faces according to nearest surface ...
Repatched 0 faces in = 0.27 s


Edge intersection testing:
    Number of edges             : 2637187
    Number of edges to retest   : 208121
    Number of intersected edges : 23502
Merging 1156 sets of faces.

Edge intersection testing:
    Number of edges             : 2636031
    Number of edges to retest   : 4636
    Number of intersected edges : 22346

Undo iteration 0
----------------
Checking faces in error :
    non-orthogonality > 65  degrees                        : 0
    faces with face pyramid volume < 1e-13                 : 0
    faces with face-decomposition tet quality < 1e-09      : 0
    faces with concavity > 80  degrees                     : 0
    faces with skewness > 4   (internal) or 20  (boundary) : 0
    faces with interpolation weights (0..1)  < 0.02        : 0
    faces with volume ratio of neighbour cells < 0.01      : 0
    faces with face twist < 0.02                           : 0
    faces on cells with determinant < 0.001                : 0

Merging all points on surface that
- are used by only two boundary faces and
- make an angle with a cosine of more than 0.866025.

Removing 1144 straight edge points ...

Edge intersection testing:
    Number of edges             : 2636031
    Number of edges to retest   : 4636
    Number of intersected edges : 22346

Undo iteration 0
----------------
Checking faces in error :
    non-orthogonality > 65  degrees                        : 0
    faces with face pyramid volume < 1e-13                 : 0
    faces with face-decomposition tet quality < 1e-09      : 0
    faces with concavity > 80  degrees                     : 0
    faces with skewness > 4   (internal) or 20  (boundary) : 0
    faces with interpolation weights (0..1)  < 0.02        : 0
    faces with volume ratio of neighbour cells < 0.01      : 0
    faces with face twist < 0.02                           : 0
    faces on cells with determinant < 0.001                : 0
Snapped mesh : cells:858634  faces:2636031  points:919829
Cells per refinement level:
    0	93446
    1	23414
    2	339762
    3	368016
    4	33996
Writing mesh to time constant
Wrote mesh in = 16.38 s.
Mesh snapped in = 40.57 s.
Layer specification as
- final layer thickness ('finalLayerThickness')
- expansion ratio ('expansionRatio')

Shrinking and layer addition phase
----------------------------------

Using mesh parameters 
{
    maxNonOrtho     65;
    maxBoundarySkewness 20;
    maxInternalSkewness 4;
    maxConcave      80;
    minVol          1e-13;
    minTetQuality   1e-09;
    minArea         -1;
    minTwist        0.02;
    minDeterminant  0.001;
    minFaceWeight   0.02;
    minVolRatio     0.01;
    minTriangleTwist -1;
    nSmoothScale    4;
    errorReduction  0.75;
    relaxed
    {
        maxNonOrtho     65;
        maxBoundarySkewness 20;
        maxInternalSkewness 4;
        maxConcave      80;
        minVol          1e-13;
        minTetQuality   1e-09;
    }
}



Merging all faces of a cell
---------------------------
    - which are on the same patch
    - which make an angle < 180 degrees (cos:-1)
    - as long as the resulting face doesn't become concave by more than 90 degrees
      (0=straight, 180=fully concave)

Merging 0 sets of faces.

No faces merged ...

Merging all points on surface that
- are used by only two boundary faces and
- make an angle with a cosine of more than -1.

No straight edges simplified and no points removed ...

Checking mesh manifoldness ...

Checking initial mesh ...
Checking faces in error :
    non-orthogonality > 65  degrees                        : 0
    faces with face pyramid volume < 1e-13                 : 0
    faces with face-decomposition tet quality < 1e-09      : 0
    faces with concavity > 80  degrees                     : 0
    faces with skewness > 4   (internal) or 20  (boundary) : 0
    faces with interpolation weights (0..1)  < 0.02        : 0
    faces with volume ratio of neighbour cells < 0.01      : 0
    faces with face twist < 0.02                           : 0
    faces on cells with determinant < 0.001                : 0
Detected 0 illegal faces (concave, zero area or negative cell pyramid volume)
Duplicating 0 points on faceZones of type boundary

Handling points with inconsistent layer specification ...
dupNonManifoldPoints : Found : 0 non-manifold points (out of 919829)

Adding in total 0 inter-processor patches to handle extrusion of non-manifold processor boundaries.

Handling points with inconsistent layer specification ...

Handling non-manifold points ...

Checking patch manifoldness ...
Outside of local patch is multiply connected across edges or points at 0 points.
Set displacement to zero for all 0 non-manifold points

Handling feature edges (angle < 180) ...

Handling cells with warped patch faces ...
Set displacement to zero on 0 warped faces since layer would be > 0.5 of the size of the bounding box.

patch    faces    layers avg thickness[m]
                         near-wall overall
-----    -----    ------ --------- -------
Geometry 22346    10     0.000793  0.0206  

Selecting externalDisplacementMeshMover displacementMedialAxis
displacementMedialAxis : Calculating distance to Medial Axis ...
fieldSmoother : Smoothing normals ...
    Iteration 0   residual 0.0177763
displacementMedialAxis : Inserting points on patch inlet if angle to nearest layer patch > 90 degrees.
displacementMedialAxis : Inserting points on patch outlet if angle to nearest layer patch > 90 degrees.
displacementMedialAxis : Inserting all points on patch bottom
displacementMedialAxis : Inserting points on patch top if angle to nearest layer patch > 90 degrees.
displacementMedialAxis : Inserting points on patch front if angle to nearest layer patch > 90 degrees.
displacementMedialAxis : Inserting points on patch back if angle to nearest layer patch > 90 degrees.
fieldSmoother : Smoothing normals in interior ...
    Iteration 0   residual 0.028935

Layer addition iteration 0
--------------------------

Determining displacement for added points according to pointNormal ...
Detected 0 points with point normal pointing through faces.
Reset displacement at 0 points to average of surrounding points.

displacementMedialAxis : Smoothing using Medial Axis ...
displacementMedialAxis : Reducing layer thickness at 0 nodes where thickness to medial axis distance is large 
displacementMedialAxis : Removing isolated regions ...
- if partially extruded faces make angle < 90
- if exclusively surrounded by non-extruded faces
displacementMedialAxis : Number of isolated points extrusion stopped : 0
fieldSmoother : Smoothing field ...
    Iteration 0   residual 9.58489e-05
displacementMedialAxis : Moving mesh ...
displacementMedialAxis : Iteration 0
Moving mesh using displacement scaling : min:1  max:1
Checking faces in error :
    non-orthogonality > 65  degrees                        : 0
    faces with face pyramid volume < 1e-13                 : 0
    faces with face-decomposition tet quality < 1e-09      : 0
    faces with concavity > 80  degrees                     : 0
    faces with skewness > 4   (internal) or 20  (boundary) : 0
    faces with interpolation weights (0..1)  < 0.02        : 0
    faces with volume ratio of neighbour cells < 0.01      : 0
    faces with face twist < 0.02                           : 0
    faces on cells with determinant < 0.001                : 0
displacementMedialAxis : Successfully moved mesh
displacementMedialAxis : Finished moving mesh ...
truncateDisplacement : Unextruded 0 faces due to non-consecutive vertices being extruded.
truncateDisplacement : Unextruded 0 faces due to stringed edges with inconsistent extrusion.

Setting up information for layer truncation ...
Detected 0 baffles across faceZones of type internal


Checking mesh with layer ...
Checking faces in error :
    non-orthogonality > 65  degrees                        : 0
    faces with face pyramid volume < 1e-13                 : 0
    faces with face-decomposition tet quality < 1e-09      : 36
    faces with concavity > 80  degrees                     : 0
    faces with skewness > 4   (internal) or 20  (boundary) : 0
    faces with interpolation weights (0..1)  < 0.02        : 0
    faces with volume ratio of neighbour cells < 0.01      : 0
    faces with face twist < 0.02                           : 0
    faces on cells with determinant < 0.001                : 0
Detected 36 illegal faces (concave, zero area or negative cell pyramid volume)
Extruding 22342 out of 22346 faces (99.9821%). Removed extrusion at 4 faces.
Added 206216 out of 223460 cells (92.2832%).


Layer addition iteration 1
--------------------------

Determining displacement for added points according to pointNormal ...
Detected 0 points with point normal pointing through faces.
Reset displacement at 0 points to average of surrounding points.

displacementMedialAxis : Smoothing using Medial Axis ...
displacementMedialAxis : Reducing layer thickness at 0 nodes where thickness to medial axis distance is large 
displacementMedialAxis : Removing isolated regions ...
- if partially extruded faces make angle < 90
- if exclusively surrounded by non-extruded faces
displacementMedialAxis : Number of isolated points extrusion stopped : 0
fieldSmoother : Smoothing field ...
    Iteration 0   residual 9.81714e-05
displacementMedialAxis : Moving mesh ...
displacementMedialAxis : Iteration 0
Moving mesh using displacement scaling : min:1  max:1
Checking faces in error :
    non-orthogonality > 65  degrees                        : 0
    faces with face pyramid volume < 1e-13                 : 0
    faces with face-decomposition tet quality < 1e-09      : 0
    faces with concavity > 80  degrees                     : 0
    faces with skewness > 4   (internal) or 20  (boundary) : 0
    faces with interpolation weights (0..1)  < 0.02        : 0
    faces with volume ratio of neighbour cells < 0.01      : 0
    faces with face twist < 0.02                           : 0
    faces on cells with determinant < 0.001                : 0
displacementMedialAxis : Successfully moved mesh
displacementMedialAxis : Finished moving mesh ...
truncateDisplacement : Unextruded 0 faces due to non-consecutive vertices being extruded.
truncateDisplacement : Unextruded 0 faces due to stringed edges with inconsistent extrusion.

Setting up information for layer truncation ...
Detected 0 baffles across faceZones of type internal


Checking mesh with layer ...
Checking faces in error :
    non-orthogonality > 65  degrees                        : 0
    faces with face pyramid volume < 1e-13                 : 0
    faces with face-decomposition tet quality < 1e-09      : 6
    faces with concavity > 80  degrees                     : 0
    faces with skewness > 4   (internal) or 20  (boundary) : 0
    faces with interpolation weights (0..1)  < 0.02        : 0
    faces with volume ratio of neighbour cells < 0.01      : 0
    faces with face twist < 0.02                           : 0
    faces on cells with determinant < 0.001                : 0
Detected 6 illegal faces (concave, zero area or negative cell pyramid volume)
Extruding 22338 out of 22346 faces (99.9642%). Removed extrusion at 4 faces.
Added 201836 out of 223460 cells (90.3231%).


Layer addition iteration 2
--------------------------

Determining displacement for added points according to pointNormal ...
Detected 0 points with point normal pointing through faces.
Reset displacement at 0 points to average of surrounding points.

displacementMedialAxis : Smoothing using Medial Axis ...
displacementMedialAxis : Reducing layer thickness at 0 nodes where thickness to medial axis distance is large 
displacementMedialAxis : Removing isolated regions ...
- if partially extruded faces make angle < 90
- if exclusively surrounded by non-extruded faces
displacementMedialAxis : Number of isolated points extrusion stopped : 0
fieldSmoother : Smoothing field ...
    Iteration 0   residual 0.000101165
displacementMedialAxis : Moving mesh ...
displacementMedialAxis : Iteration 0
Moving mesh using displacement scaling : min:1  max:1
Checking faces in error :
    non-orthogonality > 65  degrees                        : 4
    faces with face pyramid volume < 1e-13                 : 0
    faces with face-decomposition tet quality < 1e-09      : 4
    faces with concavity > 80  degrees                     : 0
    faces with skewness > 4   (internal) or 20  (boundary) : 0
    faces with interpolation weights (0..1)  < 0.02        : 0
    faces with volume ratio of neighbour cells < 0.01      : 0
    faces with face twist < 0.02                           : 0
    faces on cells with determinant < 0.001                : 0
displacementMedialAxis : Iteration 1
Moving mesh using displacement scaling : min:0.75  max:1
Checking faces in error :
    non-orthogonality > 65  degrees                        : 0
    faces with face pyramid volume < 1e-13                 : 0
    faces with face-decomposition tet quality < 1e-09      : 4
    faces with concavity > 80  degrees                     : 0
    faces with skewness > 4   (internal) or 20  (boundary) : 0
    faces with interpolation weights (0..1)  < 0.02        : 0
    faces with volume ratio of neighbour cells < 0.01      : 0
    faces with face twist < 0.02                           : 0
    faces on cells with determinant < 0.001                : 0
displacementMedialAxis : Iteration 2
Moving mesh using displacement scaling : min:0.5625  max:1
Checking faces in error :
    non-orthogonality > 65  degrees                        : 0
    faces with face pyramid volume < 1e-13                 : 0
    faces with face-decomposition tet quality < 1e-09      : 4
    faces with concavity > 80  degrees                     : 0
    faces with skewness > 4   (internal) or 20  (boundary) : 0
    faces with interpolation weights (0..1)  < 0.02        : 0
    faces with volume ratio of neighbour cells < 0.01      : 0
    faces with face twist < 0.02                           : 0
    faces on cells with determinant < 0.001                : 0
displacementMedialAxis : Iteration 3
displacementMedialAxis : Displacement scaling for error reduction set to 0.
Moving mesh using displacement scaling : min:0.421875  max:1
Checking faces in error :
    non-orthogonality > 65  degrees                        : 0
    faces with face pyramid volume < 1e-13                 : 0
    faces with face-decomposition tet quality < 1e-09      : 4
    faces with concavity > 80  degrees                     : 0
    faces with skewness > 4   (internal) or 20  (boundary) : 0
    faces with interpolation weights (0..1)  < 0.02        : 0
    faces with volume ratio of neighbour cells < 0.01      : 0
    faces with face twist < 0.02                           : 0
    faces on cells with determinant < 0.001                : 0
displacementMedialAxis : Iteration 4
Moving mesh using displacement scaling : min:0  max:1
Checking faces in error :
    non-orthogonality > 65  degrees                        : 0
    faces with face pyramid volume < 1e-13                 : 0
    faces with face-decomposition tet quality < 1e-09      : 0
    faces with concavity > 80  degrees                     : 0
    faces with skewness > 4   (internal) or 20  (boundary) : 0
    faces with interpolation weights (0..1)  < 0.02        : 0
    faces with volume ratio of neighbour cells < 0.01      : 0
    faces with face twist < 0.02                           : 0
    faces on cells with determinant < 0.001                : 0
displacementMedialAxis : Successfully moved mesh
displacementMedialAxis : Finished moving mesh ...
truncateDisplacement : Unextruded 0 faces due to non-consecutive vertices being extruded.
truncateDisplacement : Unextruded 0 faces due to stringed edges with inconsistent extrusion.

Setting up information for layer truncation ...
Detected 0 baffles across faceZones of type internal


Checking mesh with layer ...
Checking faces in error :
    non-orthogonality > 65  degrees                        : 0
    faces with face pyramid volume < 1e-13                 : 0
    faces with face-decomposition tet quality < 1e-09      : 0
    faces with concavity > 80  degrees                     : 0
    faces with skewness > 4   (internal) or 20  (boundary) : 0
    faces with interpolation weights (0..1)  < 0.02        : 0
    faces with volume ratio of neighbour cells < 0.01      : 0
    faces with face twist < 0.02                           : 0
    faces on cells with determinant < 0.001                : 0
Detected 0 illegal faces (concave, zero area or negative cell pyramid volume)
Extruding 22332 out of 22346 faces (99.9373%). Removed extrusion at 0 faces.
Added 197530 out of 223460 cells (88.3961%).
Edge intersection testing:
    Number of edges             : 3235333
    Number of edges to retest   : 0
    Number of intersected edges : 219876

patch    faces    layers   overall thickness
                           [m]       [%]
-----    -----    ------   ---       ---
Geometry 22346    8.84     0.0198    95      

Layer mesh : cells:1056164  faces:3235333  points:1124031
Cells per refinement level:
    0	93446
    1	23414
    2	339762
    3	483604
    4	115938
Writing mesh to time constant
Wrote mesh in = 60.54 s.
Layers added in = 60.54 s.
Checking final mesh ...
Checking faces in error :
    non-orthogonality > 65  degrees                        : 0
    faces with face pyramid volume < 1e-13                 : 0
    faces with face-decomposition tet quality < 1e-09      : 0
    faces with concavity > 80  degrees                     : 0
    faces with skewness > 4   (internal) or 20  (boundary) : 0
    faces with interpolation weights (0..1)  < 0.02        : 0
    faces with volume ratio of neighbour cells < 0.01      : 0
    faces with face twist < 0.02                           : 0
    faces on cells with determinant < 0.001                : 0
Finished meshing without any errors
Finished meshing in = 211.7 s.
End

