/*---------------------------------------------------------------------------*\
| =========                 |                                                 |
| \\      /  F ield         | OpenFOAM: The Open Source CFD Toolbox           |
|  \\    /   O peration     | Version:  2312                                  |
|   \\  /    A nd           | Website:  www.openfoam.com                      |
|    \\/     M anipulation  |                                                 |
\*---------------------------------------------------------------------------*/
Build  : _1d8f0d55f7-20231221 OPENFOAM=2312 version=v2312
Arch   : "LSB;label=32;scalar=64"
Exec   : simpleFoam
Date   : Jun 02 2025
Time   : 17:44:10
Host   : IC-LIN-004
PID    : 159696
I/O    : uncollated
Case   : /home/CCNT/nataliadenton.denton/CFD_IRP_McLaren_2024-2025/src/Openfoam/AeroSUV_rearWheels_case
nProcs : 1
trapFpe: Floating point exception trapping enabled (FOAM_SIGFPE).
fileModificationChecking : Monitoring run-time modified files using timeStampMaster (fileModificationSkew 5, maxFileModificationPolls 20)
allowSystemOperations : Allowing user-supplied system call operations

// * * * * * * * * * * * * * * * * * * * * * * * * * * * * * * * * * * * * * //
Create time

--> FOAM Warning : 
    From static Foam::IOstreamOption::compressionType Foam::IOstreamOption::compressionEnum(const Foam::word&, compressionType)
    in file db/options/IOstreamOption.C at line 171
    Unknown compression specifier 'uncompressed' using compression off
Create mesh for time = 0


SIMPLE: convergence criteria
    field p	 tolerance 1e-07
    field U	 tolerance 1e-07
    field "(k|epsilon)"	 tolerance 1e-08

Reading field p

Reading field U

Reading/calculating face flux field phi

Selecting incompressible transport model Newtonian
Selecting turbulence model type RAS
Selecting RAS turbulence model kEpsilon
RAS
{
    RASModel        kEpsilon;
    turbulence      on;
    printCoeffs     on;
    Cmu             0.09;
    C1              1.44;
    C2              1.92;
    C3              0;
    sigmak          1;
    sigmaEps        1.3;
}

No MRF models present

No finite volume options present

Starting time loop

Time = 10

smoothSolver:  Solving for Ux, Initial residual = 1, Final residual = 1, No Iterations 0
smoothSolver:  Solving for Uy, Initial residual = 1, Final residual = 1, No Iterations 0
smoothSolver:  Solving for Uz, Initial residual = 1, Final residual = 1, No Iterations 0
GAMG:  Solving for p, Initial residual = 1, Final residual = 7.73339e-11, No Iterations 32
time step continuity errors : sum local = 7.0875e-09, global = -1.61491e-09, cumulative = -1.61491e-09
smoothSolver:  Solving for epsilon, Initial residual = 0.0667372, Final residual = 7.98772e-09, No Iterations 11
smoothSolver:  Solving for k, Initial residual = 1, Final residual = 4.05112e-09, No Iterations 12
ExecutionTime = 2.01 s  ClockTime = 2 s

Time = 20

smoothSolver:  Solving for Ux, Initial residual = 0.695374, Final residual = 0.695374, No Iterations 0
smoothSolver:  Solving for Uy, Initial residual = 0.345575, Final residual = 0.345575, No Iterations 0
smoothSolver:  Solving for Uz, Initial residual = 0.423878, Final residual = 0.423878, No Iterations 0
GAMG:  Solving for p, Initial residual = 0.0711645, Final residual = 6.22407e-11, No Iterations 31
time step continuity errors : sum local = 7.02303e-08, global = 1.9507e-08, cumulative = 1.78921e-08
smoothSolver:  Solving for epsilon, Initial residual = 0.122608, Final residual = 5.95197e-09, No Iterations 11
smoothSolver:  Solving for k, Initial residual = 0.321309, Final residual = 3.10241e-09, No Iterations 12
ExecutionTime = 2.94 s  ClockTime = 3 s

Time = 30

smoothSolver:  Solving for Ux, Initial residual = 0.850468, Final residual = 0.850468, No Iterations 0
smoothSolver:  Solving for Uy, Initial residual = 0.417329, Final residual = 0.417329, No Iterations 0
smoothSolver:  Solving for Uz, Initial residual = 0.395469, Final residual = 0.395469, No Iterations 0
GAMG:  Solving for p, Initial residual = 0.0148611, Final residual = 9.98873e-11, No Iterations 25
time step continuity errors : sum local = 3.35961e-07, global = 8.57956e-08, cumulative = 1.03688e-07
smoothSolver:  Solving for epsilon, Initial residual = 0.0829974, Final residual = 5.04556e-09, No Iterations 11
smoothSolver:  Solving for k, Initial residual = 0.214521, Final residual = 9.42163e-09, No Iterations 11
ExecutionTime = 3.54 s  ClockTime = 4 s

Time = 40

smoothSolver:  Solving for Ux, Initial residual = 0.829491, Final residual = 0.829491, No Iterations 0
smoothSolver:  Solving for Uy, Initial residual = 0.358595, Final residual = 0.358595, No Iterations 0
smoothSolver:  Solving for Uz, Initial residual = 0.352093, Final residual = 0.352093, No Iterations 0
GAMG:  Solving for p, Initial residual = 0.0119656, Final residual = 7.86426e-11, No Iterations 25
time step continuity errors : sum local = 3.09715e-07, global = -8.74582e-08, cumulative = 1.62294e-08
smoothSolver:  Solving for epsilon, Initial residual = 0.0483762, Final residual = 5.56158e-09, No Iterations 11
smoothSolver:  Solving for k, Initial residual = 0.145691, Final residual = 4.47531e-09, No Iterations 12
ExecutionTime = 4.09 s  ClockTime = 4 s

Time = 50

smoothSolver:  Solving for Ux, Initial residual = 0.765821, Final residual = 0.765821, No Iterations 0
smoothSolver:  Solving for Uy, Initial residual = 0.272573, Final residual = 0.272573, No Iterations 0
smoothSolver:  Solving for Uz, Initial residual = 0.291256, Final residual = 0.291256, No Iterations 0
GAMG:  Solving for p, Initial residual = 0.0176015, Final residual = 5.47543e-11, No Iterations 27
time step continuity errors : sum local = 1.74318e-07, global = -5.21241e-08, cumulative = -3.58947e-08
smoothSolver:  Solving for epsilon, Initial residual = 0.0271419, Final residual = 5.13125e-09, No Iterations 11
smoothSolver:  Solving for k, Initial residual = 0.111729, Final residual = 5.31834e-09, No Iterations 12
ExecutionTime = 4.69 s  ClockTime = 5 s

Time = 60

smoothSolver:  Solving for Ux, Initial residual = 0.593662, Final residual = 0.593662, No Iterations 0
smoothSolver:  Solving for Uy, Initial residual = 0.173033, Final residual = 0.173033, No Iterations 0
smoothSolver:  Solving for Uz, Initial residual = 0.22027, Final residual = 0.22027, No Iterations 0
GAMG:  Solving for p, Initial residual = 0.0364126, Final residual = 5.60527e-11, No Iterations 28
time step continuity errors : sum local = 9.66725e-08, global = 2.41948e-08, cumulative = -1.16999e-08
smoothSolver:  Solving for epsilon, Initial residual = 0.0163623, Final residual = 4.09044e-09, No Iterations 11
smoothSolver:  Solving for k, Initial residual = 0.0878255, Final residual = 5.12001e-09, No Iterations 12
ExecutionTime = 5.29 s  ClockTime = 6 s

Time = 70

smoothSolver:  Solving for Ux, Initial residual = 0.145838, Final residual = 0.145838, No Iterations 0
smoothSolver:  Solving for Uy, Initial residual = 0.0904615, Final residual = 0.0904615, No Iterations 0
smoothSolver:  Solving for Uz, Initial residual = 0.194959, Final residual = 0.194959, No Iterations 0
GAMG:  Solving for p, Initial residual = 0.276955, Final residual = 9.81717e-11, No Iterations 30
time step continuity errors : sum local = 1.96515e-08, global = 4.95253e-09, cumulative = -6.74741e-09
smoothSolver:  Solving for epsilon, Initial residual = 0.0114255, Final residual = 3.09351e-09, No Iterations 11
smoothSolver:  Solving for k, Initial residual = 0.0759427, Final residual = 4.34337e-09, No Iterations 12
ExecutionTime = 5.92 s  ClockTime = 6 s

Time = 80

smoothSolver:  Solving for Ux, Initial residual = 0.873208, Final residual = 0.873208, No Iterations 0
smoothSolver:  Solving for Uy, Initial residual = 0.134319, Final residual = 0.134319, No Iterations 0
smoothSolver:  Solving for Uz, Initial residual = 0.262136, Final residual = 0.262136, No Iterations 0
GAMG:  Solving for p, Initial residual = 0.0405698, Final residual = 6.97293e-11, No Iterations 27
time step continuity errors : sum local = 7.15638e-08, global = -1.83147e-08, cumulative = -2.50621e-08
smoothSolver:  Solving for epsilon, Initial residual = 0.00902574, Final residual = 7.81933e-09, No Iterations 10
smoothSolver:  Solving for k, Initial residual = 0.0715957, Final residual = 3.53418e-09, No Iterations 12
ExecutionTime = 6.5 s  ClockTime = 7 s

Time = 90

smoothSolver:  Solving for Ux, Initial residual = 0.962636, Final residual = 0.962636, No Iterations 0
smoothSolver:  Solving for Uy, Initial residual = 0.214122, Final residual = 0.214122, No Iterations 0
smoothSolver:  Solving for Uz, Initial residual = 0.340665, Final residual = 0.340665, No Iterations 0
GAMG:  Solving for p, Initial residual = 0.0163489, Final residual = 7.19753e-11, No Iterations 24
time step continuity errors : sum local = 1.08289e-07, global = -2.9974e-08, cumulative = -5.50361e-08
smoothSolver:  Solving for epsilon, Initial residual = 0.00747157, Final residual = 6.04849e-09, No Iterations 10
smoothSolver:  Solving for k, Initial residual = 0.0688434, Final residual = 2.86492e-09, No Iterations 12
ExecutionTime = 7.07 s  ClockTime = 7 s

Time = 100

smoothSolver:  Solving for Ux, Initial residual = 0.939347, Final residual = 0.939347, No Iterations 0
smoothSolver:  Solving for Uy, Initial residual = 0.233378, Final residual = 0.233378, No Iterations 0
smoothSolver:  Solving for Uz, Initial residual = 0.354758, Final residual = 0.354758, No Iterations 0
GAMG:  Solving for p, Initial residual = 0.0162706, Final residual = 6.56616e-11, No Iterations 26
time step continuity errors : sum local = 9.20791e-08, global = -2.46049e-08, cumulative = -7.9641e-08
smoothSolver:  Solving for epsilon, Initial residual = 0.00631056, Final residual = 4.82752e-09, No Iterations 10
smoothSolver:  Solving for k, Initial residual = 0.065315, Final residual = 8.32543e-09, No Iterations 11
ExecutionTime = 7.65 s  ClockTime = 8 s

Time = 110

smoothSolver:  Solving for Ux, Initial residual = 0.880951, Final residual = 0.880951, No Iterations 0
smoothSolver:  Solving for Uy, Initial residual = 0.187062, Final residual = 0.187062, No Iterations 0
smoothSolver:  Solving for Uz, Initial residual = 0.322699, Final residual = 0.322699, No Iterations 0
GAMG:  Solving for p, Initial residual = 0.0339558, Final residual = 6.25221e-11, No Iterations 27
time step continuity errors : sum local = 5.77498e-08, global = 1.56133e-08, cumulative = -6.40278e-08
smoothSolver:  Solving for epsilon, Initial residual = 0.00545616, Final residual = 4.02089e-09, No Iterations 10
smoothSolver:  Solving for k, Initial residual = 0.0616674, Final residual = 7.13013e-09, No Iterations 11
ExecutionTime = 8.23 s  ClockTime = 8 s

Time = 120

smoothSolver:  Solving for Ux, Initial residual = 0.520412, Final residual = 0.520412, No Iterations 0
smoothSolver:  Solving for Uy, Initial residual = 0.131836, Final residual = 0.131836, No Iterations 0
smoothSolver:  Solving for Uz, Initial residual = 0.303222, Final residual = 0.303222, No Iterations 0
GAMG:  Solving for p, Initial residual = 0.100975, Final residual = 7.03076e-11, No Iterations 28
time step continuity errors : sum local = 2.29374e-08, global = -6.19236e-09, cumulative = -7.02201e-08
smoothSolver:  Solving for epsilon, Initial residual = 0.00484457, Final residual = 3.55978e-09, No Iterations 10
smoothSolver:  Solving for k, Initial residual = 0.0587015, Final residual = 6.46241e-09, No Iterations 11
ExecutionTime = 8.84 s  ClockTime = 9 s

Time = 130

smoothSolver:  Solving for Ux, Initial residual = 0.221481, Final residual = 0.221481, No Iterations 0
smoothSolver:  Solving for Uy, Initial residual = 0.110881, Final residual = 0.110881, No Iterations 0
smoothSolver:  Solving for Uz, Initial residual = 0.308979, Final residual = 0.308979, No Iterations 0
GAMG:  Solving for p, Initial residual = 0.116184, Final residual = 9.86286e-11, No Iterations 27
time step continuity errors : sum local = 2.50033e-08, global = 6.57584e-09, cumulative = -6.36443e-08
smoothSolver:  Solving for epsilon, Initial residual = 0.00441666, Final residual = 3.34101e-09, No Iterations 10
smoothSolver:  Solving for k, Initial residual = 0.0569483, Final residual = 6.19636e-09, No Iterations 11
ExecutionTime = 9.43 s  ClockTime = 10 s

Time = 140

smoothSolver:  Solving for Ux, Initial residual = 0.373897, Final residual = 0.373897, No Iterations 0
smoothSolver:  Solving for Uy, Initial residual = 0.119214, Final residual = 0.119214, No Iterations 0
smoothSolver:  Solving for Uz, Initial residual = 0.327224, Final residual = 0.327224, No Iterations 0
GAMG:  Solving for p, Initial residual = 0.0413814, Final residual = 8.13107e-11, No Iterations 23
time step continuity errors : sum local = 4.39849e-08, global = -1.13624e-08, cumulative = -7.50067e-08
smoothSolver:  Solving for epsilon, Initial residual = 0.00407842, Final residual = 3.2282e-09, No Iterations 10
smoothSolver:  Solving for k, Initial residual = 0.0556134, Final residual = 6.05335e-09, No Iterations 11
ExecutionTime = 9.95 s  ClockTime = 10 s

Time = 150

smoothSolver:  Solving for Ux, Initial residual = 0.38898, Final residual = 0.38898, No Iterations 0
smoothSolver:  Solving for Uy, Initial residual = 0.121141, Final residual = 0.121141, No Iterations 0
smoothSolver:  Solving for Uz, Initial residual = 0.337452, Final residual = 0.337452, No Iterations 0
GAMG:  Solving for p, Initial residual = 0.0297726, Final residual = 7.58976e-11, No Iterations 25
time step continuity errors : sum local = 4.48206e-08, global = -1.17842e-08, cumulative = -8.67909e-08
smoothSolver:  Solving for epsilon, Initial residual = 0.00375944, Final residual = 3.08902e-09, No Iterations 10
smoothSolver:  Solving for k, Initial residual = 0.0540906, Final residual = 5.77153e-09, No Iterations 11
ExecutionTime = 10.5 s  ClockTime = 11 s

Time = 160

smoothSolver:  Solving for Ux, Initial residual = 0.324069, Final residual = 0.324069, No Iterations 0
smoothSolver:  Solving for Uy, Initial residual = 0.112447, Final residual = 0.112447, No Iterations 0
smoothSolver:  Solving for Uz, Initial residual = 0.32525, Final residual = 0.32525, No Iterations 0
GAMG:  Solving for p, Initial residual = 0.0462152, Final residual = 7.47559e-11, No Iterations 26
time step continuity errors : sum local = 3.42587e-08, global = 9.44016e-09, cumulative = -7.73507e-08
smoothSolver:  Solving for epsilon, Initial residual = 0.00344214, Final residual = 9.65e-09, No Iterations 9
smoothSolver:  Solving for k, Initial residual = 0.0523278, Final residual = 5.25344e-09, No Iterations 11
ExecutionTime = 11.06 s  ClockTime = 11 s

Time = 170

smoothSolver:  Solving for Ux, Initial residual = 0.196147, Final residual = 0.196147, No Iterations 0
smoothSolver:  Solving for Uy, Initial residual = 0.103697, Final residual = 0.103697, No Iterations 0
smoothSolver:  Solving for Uz, Initial residual = 0.333234, Final residual = 0.333234, No Iterations 0
GAMG:  Solving for p, Initial residual = 0.0995492, Final residual = 6.84817e-11, No Iterations 27
time step continuity errors : sum local = 1.62041e-08, global = -4.31178e-09, cumulative = -8.16625e-08
smoothSolver:  Solving for epsilon, Initial residual = 0.00313697, Final residual = 8.60392e-09, No Iterations 9
smoothSolver:  Solving for k, Initial residual = 0.0507099, Final residual = 4.58691e-09, No Iterations 11
ExecutionTime = 11.64 s  ClockTime = 12 s

Time = 180

smoothSolver:  Solving for Ux, Initial residual = 0.0448092, Final residual = 0.0448092, No Iterations 0
smoothSolver:  Solving for Uy, Initial residual = 0.103361, Final residual = 0.103361, No Iterations 0
smoothSolver:  Solving for Uz, Initial residual = 0.339142, Final residual = 0.339142, No Iterations 0
GAMG:  Solving for p, Initial residual = 0.569185, Final residual = 6.13052e-11, No Iterations 29
time step continuity errors : sum local = 2.58323e-09, global = -7.01836e-10, cumulative = -8.23644e-08
smoothSolver:  Solving for epsilon, Initial residual = 0.0028862, Final residual = 7.48244e-09, No Iterations 9
smoothSolver:  Solving for k, Initial residual = 0.0492446, Final residual = 3.95914e-09, No Iterations 11
ExecutionTime = 12.26 s  ClockTime = 13 s

Time = 190

smoothSolver:  Solving for Ux, Initial residual = 0.212953, Final residual = 0.212953, No Iterations 0
smoothSolver:  Solving for Uy, Initial residual = 0.107158, Final residual = 0.107158, No Iterations 0
smoothSolver:  Solving for Uz, Initial residual = 0.337539, Final residual = 0.337539, No Iterations 0
GAMG:  Solving for p, Initial residual = 0.118845, Final residual = 7.85132e-11, No Iterations 25
time step continuity errors : sum local = 1.51525e-08, global = -3.75469e-09, cumulative = -8.61191e-08
smoothSolver:  Solving for epsilon, Initial residual = 0.0026204, Final residual = 6.44944e-09, No Iterations 9
smoothSolver:  Solving for k, Initial residual = 0.0479994, Final residual = 3.50253e-09, No Iterations 11
ExecutionTime = 12.82 s  ClockTime = 13 s

Time = 200

smoothSolver:  Solving for Ux, Initial residual = 0.306284, Final residual = 0.306284, No Iterations 0
smoothSolver:  Solving for Uy, Initial residual = 0.115543, Final residual = 0.115543, No Iterations 0
smoothSolver:  Solving for Uz, Initial residual = 0.357893, Final residual = 0.357893, No Iterations 0
GAMG:  Solving for p, Initial residual = 0.0829556, Final residual = 6.45632e-11, No Iterations 23
time step continuity errors : sum local = 1.62346e-08, global = -4.49367e-09, cumulative = -9.06127e-08
smoothSolver:  Solving for epsilon, Initial residual = 0.002479, Final residual = 5.59761e-09, No Iterations 9
smoothSolver:  Solving for k, Initial residual = 0.0469759, Final residual = 3.23053e-09, No Iterations 11
ExecutionTime = 13.35 s  ClockTime = 14 s

Time = 210

smoothSolver:  Solving for Ux, Initial residual = 0.271367, Final residual = 0.271367, No Iterations 0
smoothSolver:  Solving for Uy, Initial residual = 0.117205, Final residual = 0.117205, No Iterations 0
smoothSolver:  Solving for Uz, Initial residual = 0.344127, Final residual = 0.344127, No Iterations 0
GAMG:  Solving for p, Initial residual = 0.0918792, Final residual = 9.30229e-11, No Iterations 25
time step continuity errors : sum local = 2.12366e-08, global = 5.3804e-09, cumulative = -8.52323e-08
smoothSolver:  Solving for epsilon, Initial residual = 0.00228833, Final residual = 4.92575e-09, No Iterations 9
smoothSolver:  Solving for k, Initial residual = 0.0459584, Final residual = 3.08999e-09, No Iterations 11
ExecutionTime = 13.92 s  ClockTime = 14 s

Time = 220

smoothSolver:  Solving for Ux, Initial residual = 0.163048, Final residual = 0.163048, No Iterations 0
smoothSolver:  Solving for Uy, Initial residual = 0.120947, Final residual = 0.120947, No Iterations 0
smoothSolver:  Solving for Uz, Initial residual = 0.351538, Final residual = 0.351538, No Iterations 0
GAMG:  Solving for p, Initial residual = 0.153386, Final residual = 7.71538e-11, No Iterations 26
time step continuity errors : sum local = 1.1752e-08, global = -3.30792e-09, cumulative = -8.85402e-08
smoothSolver:  Solving for epsilon, Initial residual = 0.00212053, Final residual = 4.39332e-09, No Iterations 9
smoothSolver:  Solving for k, Initial residual = 0.0446844, Final residual = 3.02433e-09, No Iterations 11
ExecutionTime = 14.48 s  ClockTime = 15 s

Time = 230

smoothSolver:  Solving for Ux, Initial residual = 0.062056, Final residual = 0.062056, No Iterations 0
smoothSolver:  Solving for Uy, Initial residual = 0.12135, Final residual = 0.12135, No Iterations 0
smoothSolver:  Solving for Uz, Initial residual = 0.360721, Final residual = 0.360721, No Iterations 0
GAMG:  Solving for p, Initial residual = 0.384303, Final residual = 8.18778e-11, No Iterations 27
time step continuity errors : sum local = 4.97875e-09, global = 1.31332e-09, cumulative = -8.72269e-08
smoothSolver:  Solving for epsilon, Initial residual = 0.00205491, Final residual = 3.98645e-09, No Iterations 9
smoothSolver:  Solving for k, Initial residual = 0.043897, Final residual = 2.96409e-09, No Iterations 11
ExecutionTime = 15.05 s  ClockTime = 15 s

Time = 240

smoothSolver:  Solving for Ux, Initial residual = 0.0743884, Final residual = 0.0743884, No Iterations 0
smoothSolver:  Solving for Uy, Initial residual = 0.123667, Final residual = 0.123667, No Iterations 0
smoothSolver:  Solving for Uz, Initial residual = 0.343329, Final residual = 0.343329, No Iterations 0
GAMG:  Solving for p, Initial residual = 0.316417, Final residual = 5.48869e-11, No Iterations 27
time step continuity errors : sum local = 4.15923e-09, global = 1.02835e-09, cumulative = -8.61986e-08
smoothSolver:  Solving for epsilon, Initial residual = 0.00186252, Final residual = 3.65862e-09, No Iterations 9
smoothSolver:  Solving for k, Initial residual = 0.0423854, Final residual = 2.88848e-09, No Iterations 11
ExecutionTime = 15.63 s  ClockTime = 16 s

Time = 250

smoothSolver:  Solving for Ux, Initial residual = 0.101856, Final residual = 0.101856, No Iterations 0
smoothSolver:  Solving for Uy, Initial residual = 0.126378, Final residual = 0.126378, No Iterations 0
smoothSolver:  Solving for Uz, Initial residual = 0.376127, Final residual = 0.376127, No Iterations 0
GAMG:  Solving for p, Initial residual = 0.213713, Final residual = 6.4532e-11, No Iterations 23
time step continuity errors : sum local = 7.3462e-09, global = 1.84625e-09, cumulative = -8.43523e-08
smoothSolver:  Solving for epsilon, Initial residual = 0.00185043, Final residual = 3.36624e-09, No Iterations 9
smoothSolver:  Solving for k, Initial residual = 0.0417198, Final residual = 2.81824e-09, No Iterations 11
ExecutionTime = 16.18 s  ClockTime = 16 s

Time = 260

smoothSolver:  Solving for Ux, Initial residual = 0.103828, Final residual = 0.103828, No Iterations 0
smoothSolver:  Solving for Uy, Initial residual = 0.130483, Final residual = 0.130483, No Iterations 0
smoothSolver:  Solving for Uz, Initial residual = 0.357286, Final residual = 0.357286, No Iterations 0
GAMG:  Solving for p, Initial residual = 0.199206, Final residual = 9.35455e-11, No Iterations 24
time step continuity errors : sum local = 1.09335e-08, global = 3.07516e-09, cumulative = -8.12772e-08
smoothSolver:  Solving for epsilon, Initial residual = 0.00175377, Final residual = 3.09008e-09, No Iterations 9
smoothSolver:  Solving for k, Initial residual = 0.040433, Final residual = 2.77038e-09, No Iterations 11
ExecutionTime = 16.72 s  ClockTime = 17 s

Time = 270

smoothSolver:  Solving for Ux, Initial residual = 0.0892882, Final residual = 0.0892882, No Iterations 0
smoothSolver:  Solving for Uy, Initial residual = 0.134649, Final residual = 0.134649, No Iterations 0
smoothSolver:  Solving for Uz, Initial residual = 0.367803, Final residual = 0.367803, No Iterations 0
GAMG:  Solving for p, Initial residual = 0.26878, Final residual = 6.65082e-11, No Iterations 26
time step continuity errors : sum local = 6.3234e-09, global = 1.77316e-09, cumulative = -7.9504e-08
smoothSolver:  Solving for epsilon, Initial residual = 0.001701, Final residual = 9.89653e-09, No Iterations 8
smoothSolver:  Solving for k, Initial residual = 0.0393221, Final residual = 2.7684e-09, No Iterations 11
ExecutionTime = 17.29 s  ClockTime = 18 s

Time = 280

smoothSolver:  Solving for Ux, Initial residual = 0.0623209, Final residual = 0.0623209, No Iterations 0
smoothSolver:  Solving for Uy, Initial residual = 0.142369, Final residual = 0.142369, No Iterations 0
smoothSolver:  Solving for Uz, Initial residual = 0.380365, Final residual = 0.380365, No Iterations 0
GAMG:  Solving for p, Initial residual = 0.423995, Final residual = 5.73965e-11, No Iterations 27
time step continuity errors : sum local = 3.45218e-09, global = -8.58908e-10, cumulative = -8.03629e-08
smoothSolver:  Solving for epsilon, Initial residual = 0.00174896, Final residual = 8.91667e-09, No Iterations 8
smoothSolver:  Solving for k, Initial residual = 0.0387695, Final residual = 2.84912e-09, No Iterations 11
ExecutionTime = 17.87 s  ClockTime = 18 s

Time = 290

smoothSolver:  Solving for Ux, Initial residual = 0.0483451, Final residual = 0.0483451, No Iterations 0
smoothSolver:  Solving for Uy, Initial residual = 0.146723, Final residual = 0.146723, No Iterations 0
smoothSolver:  Solving for Uz, Initial residual = 0.366227, Final residual = 0.366227, No Iterations 0
GAMG:  Solving for p, Initial residual = 0.630786, Final residual = 8.55577e-11, No Iterations 25
time step continuity errors : sum local = 3.59544e-09, global = 9.18983e-10, cumulative = -7.94439e-08
smoothSolver:  Solving for epsilon, Initial residual = 0.00160079, Final residual = 7.84551e-09, No Iterations 8
smoothSolver:  Solving for k, Initial residual = 0.0367059, Final residual = 2.94282e-09, No Iterations 11
ExecutionTime = 18.42 s  ClockTime = 19 s

Time = 300

smoothSolver:  Solving for Ux, Initial residual = 0.064799, Final residual = 0.064799, No Iterations 0
smoothSolver:  Solving for Uy, Initial residual = 0.15714, Final residual = 0.15714, No Iterations 0
smoothSolver:  Solving for Uz, Initial residual = 0.391345, Final residual = 0.391345, No Iterations 0
GAMG:  Solving for p, Initial residual = 0.459682, Final residual = 5.39831e-11, No Iterations 25
time step continuity errors : sum local = 3.36251e-09, global = 8.81304e-10, cumulative = -7.85626e-08
smoothSolver:  Solving for epsilon, Initial residual = 0.00176333, Final residual = 6.57023e-09, No Iterations 8
smoothSolver:  Solving for k, Initial residual = 0.0366007, Final residual = 2.99059e-09, No Iterations 11
ExecutionTime = 18.96 s  ClockTime = 19 s

Time = 310

smoothSolver:  Solving for Ux, Initial residual = 0.070285, Final residual = 0.070285, No Iterations 0
smoothSolver:  Solving for Uy, Initial residual = 0.161642, Final residual = 0.161642, No Iterations 0
smoothSolver:  Solving for Uz, Initial residual = 0.385554, Final residual = 0.385554, No Iterations 0
GAMG:  Solving for p, Initial residual = 0.391073, Final residual = 7.38473e-11, No Iterations 23
time step continuity errors : sum local = 5.11073e-09, global = -1.41647e-09, cumulative = -7.99791e-08
smoothSolver:  Solving for epsilon, Initial residual = 0.00174012, Final residual = 5.51567e-09, No Iterations 8
smoothSolver:  Solving for k, Initial residual = 0.0352259, Final residual = 2.99933e-09, No Iterations 11
ExecutionTime = 19.49 s  ClockTime = 20 s

Time = 320

smoothSolver:  Solving for Ux, Initial residual = 0.0697028, Final residual = 0.0697028, No Iterations 0
smoothSolver:  Solving for Uy, Initial residual = 0.172141, Final residual = 0.172141, No Iterations 0
smoothSolver:  Solving for Uz, Initial residual = 0.380924, Final residual = 0.380924, No Iterations 0
GAMG:  Solving for p, Initial residual = 0.44624, Final residual = 8.89072e-11, No Iterations 24
time step continuity errors : sum local = 5.95969e-09, global = 1.53427e-09, cumulative = -7.84448e-08
smoothSolver:  Solving for epsilon, Initial residual = 0.00175797, Final residual = 4.59746e-09, No Iterations 8
smoothSolver:  Solving for k, Initial residual = 0.0342135, Final residual = 2.99592e-09, No Iterations 11
ExecutionTime = 20.03 s  ClockTime = 20 s

Time = 330

smoothSolver:  Solving for Ux, Initial residual = 0.0593745, Final residual = 0.0593745, No Iterations 0
smoothSolver:  Solving for Uy, Initial residual = 0.178633, Final residual = 0.178633, No Iterations 0
smoothSolver:  Solving for Uz, Initial residual = 0.403575, Final residual = 0.403575, No Iterations 0
GAMG:  Solving for p, Initial residual = 0.576298, Final residual = 9.88098e-11, No Iterations 24
time step continuity errors : sum local = 5.36466e-09, global = 1.41729e-09, cumulative = -7.70275e-08
smoothSolver:  Solving for epsilon, Initial residual = 0.00199384, Final residual = 3.89797e-09, No Iterations 8
smoothSolver:  Solving for k, Initial residual = 0.0342732, Final residual = 3.03118e-09, No Iterations 11
ExecutionTime = 20.57 s  ClockTime = 21 s

Time = 340

smoothSolver:  Solving for Ux, Initial residual = 0.0570973, Final residual = 0.0570973, No Iterations 0
smoothSolver:  Solving for Uy, Initial residual = 0.188051, Final residual = 0.188051, No Iterations 0
smoothSolver:  Solving for Uz, Initial residual = 0.387838, Final residual = 0.387838, No Iterations 0
GAMG:  Solving for p, Initial residual = 0.683431, Final residual = 5.82288e-11, No Iterations 25
time step continuity errors : sum local = 2.56683e-09, global = -6.68056e-10, cumulative = -7.76956e-08
smoothSolver:  Solving for epsilon, Initial residual = 0.00184096, Final residual = 3.63565e-09, No Iterations 8
smoothSolver:  Solving for k, Initial residual = 0.0325332, Final residual = 3.04451e-09, No Iterations 11
ExecutionTime = 21.13 s  ClockTime = 21 s

Time = 350

smoothSolver:  Solving for Ux, Initial residual = 0.0626936, Final residual = 0.0626936, No Iterations 0
smoothSolver:  Solving for Uy, Initial residual = 0.197502, Final residual = 0.197502, No Iterations 0
smoothSolver:  Solving for Uz, Initial residual = 0.399614, Final residual = 0.399614, No Iterations 0
GAMG:  Solving for p, Initial residual = 0.655924, Final residual = 5.75253e-11, No Iterations 24
time step continuity errors : sum local = 2.95442e-09, global = 7.09716e-10, cumulative = -7.69859e-08
smoothSolver:  Solving for epsilon, Initial residual = 0.00219452, Final residual = 3.56069e-09, No Iterations 8
smoothSolver:  Solving for k, Initial residual = 0.0330864, Final residual = 3.02152e-09, No Iterations 11
ExecutionTime = 21.67 s  ClockTime = 22 s

Time = 360

smoothSolver:  Solving for Ux, Initial residual = 0.0662638, Final residual = 0.0662638, No Iterations 0
smoothSolver:  Solving for Uy, Initial residual = 0.204966, Final residual = 0.204966, No Iterations 0
smoothSolver:  Solving for Uz, Initial residual = 0.409872, Final residual = 0.409872, No Iterations 0
GAMG:  Solving for p, Initial residual = 0.61342, Final residual = 7.32269e-11, No Iterations 24
time step continuity errors : sum local = 3.97184e-09, global = -9.80608e-10, cumulative = -7.79665e-08
smoothSolver:  Solving for epsilon, Initial residual = 0.00228031, Final residual = 3.6856e-09, No Iterations 8
smoothSolver:  Solving for k, Initial residual = 0.0325293, Final residual = 2.96259e-09, No Iterations 11
ExecutionTime = 22.24 s  ClockTime = 23 s

Time = 370

smoothSolver:  Solving for Ux, Initial residual = 0.0709474, Final residual = 0.0709474, No Iterations 0
smoothSolver:  Solving for Uy, Initial residual = 0.218105, Final residual = 0.218105, No Iterations 0
smoothSolver:  Solving for Uz, Initial residual = 0.405408, Final residual = 0.405408, No Iterations 0
GAMG:  Solving for p, Initial residual = 0.577867, Final residual = 5.44186e-11, No Iterations 24
time step continuity errors : sum local = 3.07646e-09, global = 7.96073e-10, cumulative = -7.71704e-08
smoothSolver:  Solving for epsilon, Initial residual = 0.00233272, Final residual = 3.69426e-09, No Iterations 8
smoothSolver:  Solving for k, Initial residual = 0.0319065, Final residual = 2.83229e-09, No Iterations 11
ExecutionTime = 23.04 s  ClockTime = 23 s

Time = 380

smoothSolver:  Solving for Ux, Initial residual = 0.069118, Final residual = 0.069118, No Iterations 0
smoothSolver:  Solving for Uy, Initial residual = 0.226117, Final residual = 0.226117, No Iterations 0
smoothSolver:  Solving for Uz, Initial residual = 0.415999, Final residual = 0.415999, No Iterations 0
GAMG:  Solving for p, Initial residual = 0.670745, Final residual = 6.71309e-11, No Iterations 24
time step continuity errors : sum local = 3.62894e-09, global = -6.72951e-10, cumulative = -7.78434e-08
smoothSolver:  Solving for epsilon, Initial residual = 0.0027563, Final residual = 3.65859e-09, No Iterations 8
smoothSolver:  Solving for k, Initial residual = 0.0328428, Final residual = 2.67816e-09, No Iterations 11
ExecutionTime = 23.85 s  ClockTime = 24 s

Time = 390

smoothSolver:  Solving for Ux, Initial residual = 0.0695969, Final residual = 0.0695969, No Iterations 0
smoothSolver:  Solving for Uy, Initial residual = 0.240094, Final residual = 0.240094, No Iterations 0
smoothSolver:  Solving for Uz, Initial residual = 0.423007, Final residual = 0.423007, No Iterations 0
GAMG:  Solving for p, Initial residual = 0.710059, Final residual = 7.19775e-11, No Iterations 24
time step continuity errors : sum local = 3.48746e-09, global = 8.8854e-10, cumulative = -7.69548e-08
smoothSolver:  Solving for epsilon, Initial residual = 0.00263876, Final residual = 3.77606e-09, No Iterations 8
smoothSolver:  Solving for k, Initial residual = 0.0317142, Final residual = 9.9955e-09, No Iterations 10
ExecutionTime = 24.53 s  ClockTime = 25 s

Time = 400

smoothSolver:  Solving for Ux, Initial residual = 0.0714612, Final residual = 0.0714612, No Iterations 0
smoothSolver:  Solving for Uy, Initial residual = 0.251641, Final residual = 0.251641, No Iterations 0
smoothSolver:  Solving for Uz, Initial residual = 0.412508, Final residual = 0.412508, No Iterations 0
GAMG:  Solving for p, Initial residual = 0.697169, Final residual = 7.48343e-11, No Iterations 24
time step continuity errors : sum local = 3.78438e-09, global = 9.49497e-10, cumulative = -7.60053e-08
smoothSolver:  Solving for epsilon, Initial residual = 0.0030047, Final residual = 4.01814e-09, No Iterations 8
smoothSolver:  Solving for k, Initial residual = 0.0324085, Final residual = 9.7984e-09, No Iterations 10
ExecutionTime = 25.07 s  ClockTime = 25 s

Time = 410

smoothSolver:  Solving for Ux, Initial residual = 0.0717728, Final residual = 0.0717728, No Iterations 0
smoothSolver:  Solving for Uy, Initial residual = 0.260279, Final residual = 0.260279, No Iterations 0
smoothSolver:  Solving for Uz, Initial residual = 0.431826, Final residual = 0.431826, No Iterations 0
GAMG:  Solving for p, Initial residual = 0.720814, Final residual = 6.62232e-11, No Iterations 23
time step continuity errors : sum local = 3.42808e-09, global = 8.52779e-10, cumulative = -7.51525e-08
smoothSolver:  Solving for epsilon, Initial residual = 0.00311465, Final residual = 4.17891e-09, No Iterations 8
smoothSolver:  Solving for k, Initial residual = 0.0319714, Final residual = 9.46877e-09, No Iterations 10
ExecutionTime = 25.61 s  ClockTime = 26 s

Time = 420

smoothSolver:  Solving for Ux, Initial residual = 0.0765084, Final residual = 0.0765084, No Iterations 0
smoothSolver:  Solving for Uy, Initial residual = 0.277536, Final residual = 0.277536, No Iterations 0
smoothSolver:  Solving for Uz, Initial residual = 0.421603, Final residual = 0.421603, No Iterations 0
GAMG:  Solving for p, Initial residual = 0.674543, Final residual = 6.84729e-11, No Iterations 22
time step continuity errors : sum local = 3.57706e-09, global = -1.0244e-09, cumulative = -7.61769e-08
smoothSolver:  Solving for epsilon, Initial residual = 0.00332467, Final residual = 4.15477e-09, No Iterations 8
smoothSolver:  Solving for k, Initial residual = 0.0323854, Final residual = 8.9336e-09, No Iterations 10
ExecutionTime = 26.13 s  ClockTime = 26 s

Time = 430

smoothSolver:  Solving for Ux, Initial residual = 0.0783966, Final residual = 0.0783966, No Iterations 0
smoothSolver:  Solving for Uy, Initial residual = 0.283222, Final residual = 0.283222, No Iterations 0
smoothSolver:  Solving for Uz, Initial residual = 0.427303, Final residual = 0.427303, No Iterations 0
GAMG:  Solving for p, Initial residual = 0.695463, Final residual = 5.59398e-11, No Iterations 23
time step continuity errors : sum local = 3.01944e-09, global = 6.24619e-10, cumulative = -7.55523e-08
smoothSolver:  Solving for epsilon, Initial residual = 0.00352039, Final residual = 4.13988e-09, No Iterations 8
smoothSolver:  Solving for k, Initial residual = 0.0319986, Final residual = 8.41229e-09, No Iterations 10
ExecutionTime = 26.66 s  ClockTime = 27 s

Time = 440

smoothSolver:  Solving for Ux, Initial residual = 0.0818765, Final residual = 0.0818765, No Iterations 0
smoothSolver:  Solving for Uy, Initial residual = 0.300582, Final residual = 0.300582, No Iterations 0
smoothSolver:  Solving for Uz, Initial residual = 0.435926, Final residual = 0.435926, No Iterations 0
GAMG:  Solving for p, Initial residual = 0.731529, Final residual = 8.64164e-11, No Iterations 22
time step continuity errors : sum local = 4.39458e-09, global = -1.23296e-09, cumulative = -7.67853e-08
smoothSolver:  Solving for epsilon, Initial residual = 0.00388521, Final residual = 4.1809e-09, No Iterations 8
smoothSolver:  Solving for k, Initial residual = 0.0330982, Final residual = 7.97104e-09, No Iterations 10
ExecutionTime = 27.18 s  ClockTime = 28 s

Time = 450

smoothSolver:  Solving for Ux, Initial residual = 0.085772, Final residual = 0.085772, No Iterations 0
smoothSolver:  Solving for Uy, Initial residual = 0.30914, Final residual = 0.30914, No Iterations 0
smoothSolver:  Solving for Uz, Initial residual = 0.428612, Final residual = 0.428612, No Iterations 0
GAMG:  Solving for p, Initial residual = 0.711141, Final residual = 6.74783e-11, No Iterations 22
time step continuity errors : sum local = 3.43096e-09, global = -8.57208e-10, cumulative = -7.76425e-08
smoothSolver:  Solving for epsilon, Initial residual = 0.00387427, Final residual = 4.22481e-09, No Iterations 8
smoothSolver:  Solving for k, Initial residual = 0.0323275, Final residual = 7.5356e-09, No Iterations 10
ExecutionTime = 27.7 s  ClockTime = 28 s

Time = 460

smoothSolver:  Solving for Ux, Initial residual = 0.0890826, Final residual = 0.0890826, No Iterations 0
smoothSolver:  Solving for Uy, Initial residual = 0.320516, Final residual = 0.320516, No Iterations 0
smoothSolver:  Solving for Uz, Initial residual = 0.435769, Final residual = 0.435769, No Iterations 0
GAMG:  Solving for p, Initial residual = 0.734078, Final residual = 7.50317e-11, No Iterations 23
time step continuity errors : sum local = 3.89721e-09, global = -1.0891e-09, cumulative = -7.87316e-08
smoothSolver:  Solving for epsilon, Initial residual = 0.00435107, Final residual = 4.18993e-09, No Iterations 8
smoothSolver:  Solving for k, Initial residual = 0.0334754, Final residual = 7.01708e-09, No Iterations 10
ExecutionTime = 28.23 s  ClockTime = 29 s

Time = 470

smoothSolver:  Solving for Ux, Initial residual = 0.0919836, Final residual = 0.0919836, No Iterations 0
smoothSolver:  Solving for Uy, Initial residual = 0.335444, Final residual = 0.335444, No Iterations 0
smoothSolver:  Solving for Uz, Initial residual = 0.435176, Final residual = 0.435176, No Iterations 0
GAMG:  Solving for p, Initial residual = 0.720462, Final residual = 4.99093e-11, No Iterations 24
time step continuity errors : sum local = 2.59077e-09, global = 5.86738e-10, cumulative = -7.81449e-08
smoothSolver:  Solving for epsilon, Initial residual = 0.00450028, Final residual = 4.0692e-09, No Iterations 8
smoothSolver:  Solving for k, Initial residual = 0.0335522, Final residual = 6.40359e-09, No Iterations 10
ExecutionTime = 28.77 s  ClockTime = 29 s

Time = 480

smoothSolver:  Solving for Ux, Initial residual = 0.0960114, Final residual = 0.0960114, No Iterations 0
smoothSolver:  Solving for Uy, Initial residual = 0.33817, Final residual = 0.33817, No Iterations 0
smoothSolver:  Solving for Uz, Initial residual = 0.435305, Final residual = 0.435305, No Iterations 0
GAMG:  Solving for p, Initial residual = 0.698927, Final residual = 7.0954e-11, No Iterations 23
time step continuity errors : sum local = 3.74903e-09, global = 8.74235e-10, cumulative = -7.72706e-08
smoothSolver:  Solving for epsilon, Initial residual = 0.00471108, Final residual = 3.91012e-09, No Iterations 8
smoothSolver:  Solving for k, Initial residual = 0.0339157, Final residual = 5.76714e-09, No Iterations 10
ExecutionTime = 29.3 s  ClockTime = 30 s

Time = 490

smoothSolver:  Solving for Ux, Initial residual = 0.0981135, Final residual = 0.0981135, No Iterations 0
smoothSolver:  Solving for Uy, Initial residual = 0.356189, Final residual = 0.356189, No Iterations 0
smoothSolver:  Solving for Uz, Initial residual = 0.438558, Final residual = 0.438558, No Iterations 0
GAMG:  Solving for p, Initial residual = 0.72042, Final residual = 5.43735e-11, No Iterations 24
time step continuity errors : sum local = 2.88252e-09, global = -5.82636e-10, cumulative = -7.78533e-08
smoothSolver:  Solving for epsilon, Initial residual = 0.00521298, Final residual = 3.73789e-09, No Iterations 8
smoothSolver:  Solving for k, Initial residual = 0.0351932, Final residual = 5.13804e-09, No Iterations 10
ExecutionTime = 29.82 s  ClockTime = 30 s

Time = 500

smoothSolver:  Solving for Ux, Initial residual = 0.102042, Final residual = 0.102042, No Iterations 0
smoothSolver:  Solving for Uy, Initial residual = 0.357586, Final residual = 0.357586, No Iterations 0
smoothSolver:  Solving for Uz, Initial residual = 0.438076, Final residual = 0.438076, No Iterations 0
GAMG:  Solving for p, Initial residual = 0.717905, Final residual = 8.4825e-11, No Iterations 23
time step continuity errors : sum local = 4.39682e-09, global = 1.08429e-09, cumulative = -7.6769e-08
smoothSolver:  Solving for epsilon, Initial residual = 0.00530074, Final residual = 3.53218e-09, No Iterations 8
smoothSolver:  Solving for k, Initial residual = 0.0353262, Final residual = 4.48818e-09, No Iterations 10
ExecutionTime = 30.33 s  ClockTime = 31 s

Time = 510

smoothSolver:  Solving for Ux, Initial residual = 0.105692, Final residual = 0.105692, No Iterations 0
smoothSolver:  Solving for Uy, Initial residual = 0.371705, Final residual = 0.371705, No Iterations 0
smoothSolver:  Solving for Uz, Initial residual = 0.43471, Final residual = 0.43471, No Iterations 0
GAMG:  Solving for p, Initial residual = 0.68843, Final residual = 6.09841e-11, No Iterations 24
time step continuity errors : sum local = 3.31544e-09, global = -6.19709e-10, cumulative = -7.73887e-08
smoothSolver:  Solving for epsilon, Initial residual = 0.0058377, Final residual = 3.30358e-09, No Iterations 8
smoothSolver:  Solving for k, Initial residual = 0.036523, Final residual = 3.81594e-09, No Iterations 10
ExecutionTime = 30.86 s  ClockTime = 31 s

Time = 520

smoothSolver:  Solving for Ux, Initial residual = 0.108159, Final residual = 0.108159, No Iterations 0
smoothSolver:  Solving for Uy, Initial residual = 0.376649, Final residual = 0.376649, No Iterations 0
smoothSolver:  Solving for Uz, Initial residual = 0.438457, Final residual = 0.438457, No Iterations 0
GAMG:  Solving for p, Initial residual = 0.707723, Final residual = 5.63504e-11, No Iterations 24
time step continuity errors : sum local = 3.05481e-09, global = 8.04981e-10, cumulative = -7.65837e-08
smoothSolver:  Solving for epsilon, Initial residual = 0.00623709, Final residual = 3.07648e-09, No Iterations 8
smoothSolver:  Solving for k, Initial residual = 0.0369895, Final residual = 3.16888e-09, No Iterations 10
ExecutionTime = 31.38 s  ClockTime = 32 s

Time = 530

smoothSolver:  Solving for Ux, Initial residual = 0.112491, Final residual = 0.112491, No Iterations 0
smoothSolver:  Solving for Uy, Initial residual = 0.382056, Final residual = 0.382056, No Iterations 0
smoothSolver:  Solving for Uz, Initial residual = 0.436198, Final residual = 0.436198, No Iterations 0
GAMG:  Solving for p, Initial residual = 0.679649, Final residual = 8.94452e-11, No Iterations 22
time step continuity errors : sum local = 4.85611e-09, global = -1.10817e-10, cumulative = -7.66945e-08
smoothSolver:  Solving for epsilon, Initial residual = 0.00657627, Final residual = 2.86237e-09, No Iterations 8
smoothSolver:  Solving for k, Initial residual = 0.0373522, Final residual = 2.57448e-09, No Iterations 10
ExecutionTime = 31.9 s  ClockTime = 32 s

Time = 540

smoothSolver:  Solving for Ux, Initial residual = 0.115, Final residual = 0.115, No Iterations 0
smoothSolver:  Solving for Uy, Initial residual = 0.391326, Final residual = 0.391326, No Iterations 0
smoothSolver:  Solving for Uz, Initial residual = 0.431128, Final residual = 0.431128, No Iterations 0
GAMG:  Solving for p, Initial residual = 0.681727, Final residual = 8.42208e-11, No Iterations 22
time step continuity errors : sum local = 4.72969e-09, global = 1.56724e-09, cumulative = -7.51273e-08
smoothSolver:  Solving for epsilon, Initial residual = 0.0072548, Final residual = 2.6452e-09, No Iterations 8
smoothSolver:  Solving for k, Initial residual = 0.0377174, Final residual = 9.56537e-09, No Iterations 9
ExecutionTime = 32.41 s  ClockTime = 33 s

Time = 550

smoothSolver:  Solving for Ux, Initial residual = 0.118479, Final residual = 0.118479, No Iterations 0
smoothSolver:  Solving for Uy, Initial residual = 0.392653, Final residual = 0.392653, No Iterations 0
smoothSolver:  Solving for Uz, Initial residual = 0.440095, Final residual = 0.440095, No Iterations 0
GAMG:  Solving for p, Initial residual = 0.691492, Final residual = 8.9523e-11, No Iterations 24
time step continuity errors : sum local = 4.93738e-09, global = 1.64557e-09, cumulative = -7.34817e-08
smoothSolver:  Solving for epsilon, Initial residual = 0.007768, Final residual = 2.42737e-09, No Iterations 8
smoothSolver:  Solving for k, Initial residual = 0.037993, Final residual = 7.58517e-09, No Iterations 9
ExecutionTime = 32.94 s  ClockTime = 33 s

Time = 560

smoothSolver:  Solving for Ux, Initial residual = 0.121916, Final residual = 0.121916, No Iterations 0
smoothSolver:  Solving for Uy, Initial residual = 0.40339, Final residual = 0.40339, No Iterations 0
smoothSolver:  Solving for Uz, Initial residual = 0.428903, Final residual = 0.428903, No Iterations 0
GAMG:  Solving for p, Initial residual = 0.662434, Final residual = 6.04768e-11, No Iterations 24
time step continuity errors : sum local = 3.4157e-09, global = 7.79997e-10, cumulative = -7.27017e-08
smoothSolver:  Solving for epsilon, Initial residual = 0.00824539, Final residual = 2.21278e-09, No Iterations 8
smoothSolver:  Solving for k, Initial residual = 0.0375519, Final residual = 5.88779e-09, No Iterations 9
ExecutionTime = 33.48 s  ClockTime = 34 s

Time = 570

smoothSolver:  Solving for Ux, Initial residual = 0.124845, Final residual = 0.124845, No Iterations 0
smoothSolver:  Solving for Uy, Initial residual = 0.402215, Final residual = 0.402215, No Iterations 0
smoothSolver:  Solving for Uz, Initial residual = 0.436817, Final residual = 0.436817, No Iterations 0
GAMG:  Solving for p, Initial residual = 0.680328, Final residual = 9.36445e-11, No Iterations 24
time step continuity errors : sum local = 5.34528e-09, global = 1.45968e-09, cumulative = -7.1242e-08
smoothSolver:  Solving for epsilon, Initial residual = 0.00913316, Final residual = 9.69441e-09, No Iterations 7
smoothSolver:  Solving for k, Initial residual = 0.0380356, Final residual = 4.49443e-09, No Iterations 9
ExecutionTime = 34 s  ClockTime = 34 s

Time = 580

smoothSolver:  Solving for Ux, Initial residual = 0.127975, Final residual = 0.127975, No Iterations 0
smoothSolver:  Solving for Uy, Initial residual = 0.409637, Final residual = 0.409637, No Iterations 0
smoothSolver:  Solving for Uz, Initial residual = 0.430695, Final residual = 0.430695, No Iterations 0
GAMG:  Solving for p, Initial residual = 0.673153, Final residual = 9.50366e-11, No Iterations 23
time step continuity errors : sum local = 5.38987e-09, global = -1.66219e-09, cumulative = -7.29042e-08
smoothSolver:  Solving for epsilon, Initial residual = 0.00945746, Final residual = 8.8564e-09, No Iterations 7
smoothSolver:  Solving for k, Initial residual = 0.0371067, Final residual = 3.39071e-09, No Iterations 9
ExecutionTime = 34.53 s  ClockTime = 35 s

Time = 590

smoothSolver:  Solving for Ux, Initial residual = 0.130946, Final residual = 0.130946, No Iterations 0
smoothSolver:  Solving for Uy, Initial residual = 0.41023, Final residual = 0.41023, No Iterations 0
smoothSolver:  Solving for Uz, Initial residual = 0.430037, Final residual = 0.430037, No Iterations 0
GAMG:  Solving for p, Initial residual = 0.657695, Final residual = 8.5138e-11, No Iterations 23
time step continuity errors : sum local = 4.96427e-09, global = 1.25906e-09, cumulative = -7.16451e-08
smoothSolver:  Solving for epsilon, Initial residual = 0.010388, Final residual = 7.99949e-09, No Iterations 7
smoothSolver:  Solving for k, Initial residual = 0.0372772, Final residual = 2.54206e-09, No Iterations 9
ExecutionTime = 35.04 s  ClockTime = 35 s

Time = 600

smoothSolver:  Solving for Ux, Initial residual = 0.133825, Final residual = 0.133825, No Iterations 0
smoothSolver:  Solving for Uy, Initial residual = 0.413402, Final residual = 0.413402, No Iterations 0
smoothSolver:  Solving for Uz, Initial residual = 0.431033, Final residual = 0.431033, No Iterations 0
GAMG:  Solving for p, Initial residual = 0.666935, Final residual = 5.90815e-11, No Iterations 22
time step continuity errors : sum local = 3.46158e-09, global = 7.81557e-10, cumulative = -7.08636e-08
smoothSolver:  Solving for epsilon, Initial residual = 0.0108765, Final residual = 7.17921e-09, No Iterations 7
smoothSolver:  Solving for k, Initial residual = 0.0364848, Final residual = 1.91495e-09, No Iterations 9
ExecutionTime = 35.56 s  ClockTime = 36 s

Time = 610

smoothSolver:  Solving for Ux, Initial residual = 0.136479, Final residual = 0.136479, No Iterations 0
smoothSolver:  Solving for Uy, Initial residual = 0.416466, Final residual = 0.416466, No Iterations 0
smoothSolver:  Solving for Uz, Initial residual = 0.428713, Final residual = 0.428713, No Iterations 0
GAMG:  Solving for p, Initial residual = 0.655581, Final residual = 7.05776e-11, No Iterations 23
time step continuity errors : sum local = 4.11641e-09, global = -8.15066e-10, cumulative = -7.16787e-08
smoothSolver:  Solving for epsilon, Initial residual = 0.0115903, Final residual = 6.34641e-09, No Iterations 7
smoothSolver:  Solving for k, Initial residual = 0.0361233, Final residual = 8.1928e-09, No Iterations 8
ExecutionTime = 36.08 s  ClockTime = 36 s

Time = 620

smoothSolver:  Solving for Ux, Initial residual = 0.139346, Final residual = 0.139346, No Iterations 0
smoothSolver:  Solving for Uy, Initial residual = 0.416081, Final residual = 0.416081, No Iterations 0
smoothSolver:  Solving for Uz, Initial residual = 0.42624, Final residual = 0.42624, No Iterations 0
GAMG:  Solving for p, Initial residual = 0.655294, Final residual = 6.41062e-11, No Iterations 23
time step continuity errors : sum local = 3.84334e-09, global = -1.34885e-09, cumulative = -7.30275e-08
smoothSolver:  Solving for epsilon, Initial residual = 0.012145, Final residual = 5.59835e-09, No Iterations 7
smoothSolver:  Solving for k, Initial residual = 0.0353794, Final residual = 6.72617e-09, No Iterations 8
ExecutionTime = 36.6 s  ClockTime = 37 s

Time = 630

smoothSolver:  Solving for Ux, Initial residual = 0.141664, Final residual = 0.141664, No Iterations 0
smoothSolver:  Solving for Uy, Initial residual = 0.419732, Final residual = 0.419732, No Iterations 0
smoothSolver:  Solving for Uz, Initial residual = 0.428962, Final residual = 0.428962, No Iterations 0
GAMG:  Solving for p, Initial residual = 0.660993, Final residual = 6.30354e-11, No Iterations 23
time step continuity errors : sum local = 3.72561e-09, global = 1.09833e-09, cumulative = -7.19292e-08
smoothSolver:  Solving for epsilon, Initial residual = 0.0129103, Final residual = 4.86177e-09, No Iterations 7
smoothSolver:  Solving for k, Initial residual = 0.0352438, Final residual = 5.70964e-09, No Iterations 8
ExecutionTime = 37.11 s  ClockTime = 37 s

Time = 640

smoothSolver:  Solving for Ux, Initial residual = 0.144016, Final residual = 0.144016, No Iterations 0
smoothSolver:  Solving for Uy, Initial residual = 0.418794, Final residual = 0.418794, No Iterations 0
smoothSolver:  Solving for Uz, Initial residual = 0.423371, Final residual = 0.423371, No Iterations 0
GAMG:  Solving for p, Initial residual = 0.642191, Final residual = 8.06132e-11, No Iterations 23
time step continuity errors : sum local = 4.86137e-09, global = 1.3573e-09, cumulative = -7.05719e-08
smoothSolver:  Solving for epsilon, Initial residual = 0.013135, Final residual = 4.26013e-09, No Iterations 7
smoothSolver:  Solving for k, Initial residual = 0.0343428, Final residual = 5.26091e-09, No Iterations 8
ExecutionTime = 37.63 s  ClockTime = 38 s

Time = 650

smoothSolver:  Solving for Ux, Initial residual = 0.146032, Final residual = 0.146032, No Iterations 0
smoothSolver:  Solving for Uy, Initial residual = 0.422702, Final residual = 0.422702, No Iterations 0
smoothSolver:  Solving for Uz, Initial residual = 0.42487, Final residual = 0.42487, No Iterations 0
GAMG:  Solving for p, Initial residual = 0.650215, Final residual = 6.88603e-11, No Iterations 23
time step continuity errors : sum local = 4.15698e-09, global = 1.35426e-09, cumulative = -6.92176e-08
smoothSolver:  Solving for epsilon, Initial residual = 0.0140514, Final residual = 3.63795e-09, No Iterations 7
smoothSolver:  Solving for k, Initial residual = 0.0343831, Final residual = 4.98563e-09, No Iterations 8
ExecutionTime = 38.14 s  ClockTime = 39 s

Time = 660

smoothSolver:  Solving for Ux, Initial residual = 0.148318, Final residual = 0.148318, No Iterations 0
smoothSolver:  Solving for Uy, Initial residual = 0.422023, Final residual = 0.422023, No Iterations 0
smoothSolver:  Solving for Uz, Initial residual = 0.423102, Final residual = 0.423102, No Iterations 0
GAMG:  Solving for p, Initial residual = 0.640669, Final residual = 7.17467e-11, No Iterations 23
time step continuity errors : sum local = 4.3158e-09, global = -7.7217e-10, cumulative = -6.99898e-08
smoothSolver:  Solving for epsilon, Initial residual = 0.0140807, Final residual = 3.27799e-09, No Iterations 7
smoothSolver:  Solving for k, Initial residual = 0.0335197, Final residual = 4.97595e-09, No Iterations 8
ExecutionTime = 38.67 s  ClockTime = 39 s

Time = 670

smoothSolver:  Solving for Ux, Initial residual = 0.149757, Final residual = 0.149757, No Iterations 0
smoothSolver:  Solving for Uy, Initial residual = 0.425613, Final residual = 0.425613, No Iterations 0
smoothSolver:  Solving for Uz, Initial residual = 0.420826, Final residual = 0.420826, No Iterations 0
GAMG:  Solving for p, Initial residual = 0.639822, Final residual = 7.60872e-11, No Iterations 23
time step continuity errors : sum local = 4.61999e-09, global = 1.33567e-09, cumulative = -6.86541e-08
smoothSolver:  Solving for epsilon, Initial residual = 0.0148387, Final residual = 3.05794e-09, No Iterations 7
smoothSolver:  Solving for k, Initial residual = 0.0335105, Final residual = 5.02191e-09, No Iterations 8
ExecutionTime = 39.19 s  ClockTime = 40 s

Time = 680

smoothSolver:  Solving for Ux, Initial residual = 0.15166, Final residual = 0.15166, No Iterations 0
smoothSolver:  Solving for Uy, Initial residual = 0.424414, Final residual = 0.424414, No Iterations 0
smoothSolver:  Solving for Uz, Initial residual = 0.422396, Final residual = 0.422396, No Iterations 0
GAMG:  Solving for p, Initial residual = 0.640361, Final residual = 6.5273e-11, No Iterations 24
time step continuity errors : sum local = 3.93014e-09, global = 1.00966e-09, cumulative = -6.76445e-08
smoothSolver:  Solving for epsilon, Initial residual = 0.0149102, Final residual = 3.11007e-09, No Iterations 7
smoothSolver:  Solving for k, Initial residual = 0.0329773, Final residual = 5.1052e-09, No Iterations 8
ExecutionTime = 39.71 s  ClockTime = 40 s

Time = 690

smoothSolver:  Solving for Ux, Initial residual = 0.151963, Final residual = 0.151963, No Iterations 0
smoothSolver:  Solving for Uy, Initial residual = 0.425988, Final residual = 0.425988, No Iterations 0
smoothSolver:  Solving for Uz, Initial residual = 0.417983, Final residual = 0.417983, No Iterations 0
GAMG:  Solving for p, Initial residual = 0.630005, Final residual = 5.20965e-11, No Iterations 24
time step continuity errors : sum local = 3.15493e-09, global = 8.41056e-10, cumulative = -6.68034e-08
smoothSolver:  Solving for epsilon, Initial residual = 0.0152723, Final residual = 3.31897e-09, No Iterations 7
smoothSolver:  Solving for k, Initial residual = 0.0326555, Final residual = 5.27788e-09, No Iterations 8
ExecutionTime = 40.24 s  ClockTime = 41 s

Time = 700

smoothSolver:  Solving for Ux, Initial residual = 0.153651, Final residual = 0.153651, No Iterations 0
smoothSolver:  Solving for Uy, Initial residual = 0.426065, Final residual = 0.426065, No Iterations 0
smoothSolver:  Solving for Uz, Initial residual = 0.419091, Final residual = 0.419091, No Iterations 0
GAMG:  Solving for p, Initial residual = 0.633394, Final residual = 8.37361e-11, No Iterations 21
time step continuity errors : sum local = 5.03332e-09, global = 1.37269e-09, cumulative = -6.54307e-08
smoothSolver:  Solving for epsilon, Initial residual = 0.0155652, Final residual = 3.51344e-09, No Iterations 7
smoothSolver:  Solving for k, Initial residual = 0.0327038, Final residual = 5.32178e-09, No Iterations 8
ExecutionTime = 40.72 s  ClockTime = 41 s

Time = 710

smoothSolver:  Solving for Ux, Initial residual = 0.153879, Final residual = 0.153879, No Iterations 0
smoothSolver:  Solving for Uy, Initial residual = 0.425729, Final residual = 0.425729, No Iterations 0
smoothSolver:  Solving for Uz, Initial residual = 0.41707, Final residual = 0.41707, No Iterations 0
GAMG:  Solving for p, Initial residual = 0.625005, Final residual = 9.84136e-11, No Iterations 20
time step continuity errors : sum local = 5.90311e-09, global = 2.01363e-09, cumulative = -6.34171e-08
smoothSolver:  Solving for epsilon, Initial residual = 0.0156779, Final residual = 3.86436e-09, No Iterations 7
smoothSolver:  Solving for k, Initial residual = 0.032036, Final residual = 5.50882e-09, No Iterations 8
ExecutionTime = 41.21 s  ClockTime = 42 s

Time = 720

smoothSolver:  Solving for Ux, Initial residual = 0.155165, Final residual = 0.155165, No Iterations 0
smoothSolver:  Solving for Uy, Initial residual = 0.428042, Final residual = 0.428042, No Iterations 0
smoothSolver:  Solving for Uz, Initial residual = 0.413417, Final residual = 0.413417, No Iterations 0
GAMG:  Solving for p, Initial residual = 0.623577, Final residual = 9.79647e-11, No Iterations 22
time step continuity errors : sum local = 5.8487e-09, global = -1.4084e-09, cumulative = -6.48255e-08
smoothSolver:  Solving for epsilon, Initial residual = 0.0160203, Final residual = 4.01467e-09, No Iterations 7
smoothSolver:  Solving for k, Initial residual = 0.0323086, Final residual = 5.50983e-09, No Iterations 8
ExecutionTime = 41.72 s  ClockTime = 42 s

Time = 730

smoothSolver:  Solving for Ux, Initial residual = 0.154534, Final residual = 0.154534, No Iterations 0
smoothSolver:  Solving for Uy, Initial residual = 0.424599, Final residual = 0.424599, No Iterations 0
smoothSolver:  Solving for Uz, Initial residual = 0.416061, Final residual = 0.416061, No Iterations 0
GAMG:  Solving for p, Initial residual = 0.617652, Final residual = 9.26888e-11, No Iterations 22
time step continuity errors : sum local = 5.48666e-09, global = -1.48705e-09, cumulative = -6.63125e-08
smoothSolver:  Solving for epsilon, Initial residual = 0.0158879, Final residual = 4.28292e-09, No Iterations 7
smoothSolver:  Solving for k, Initial residual = 0.0313941, Final residual = 5.62475e-09, No Iterations 8
ExecutionTime = 42.22 s  ClockTime = 43 s

Time = 740

smoothSolver:  Solving for Ux, Initial residual = 0.155889, Final residual = 0.155889, No Iterations 0
smoothSolver:  Solving for Uy, Initial residual = 0.429438, Final residual = 0.429438, No Iterations 0
smoothSolver:  Solving for Uz, Initial residual = 0.412154, Final residual = 0.412154, No Iterations 0
GAMG:  Solving for p, Initial residual = 0.615656, Final residual = 9.24879e-11, No Iterations 23
time step continuity errors : sum local = 5.45238e-09, global = -1.0162e-09, cumulative = -6.73287e-08
smoothSolver:  Solving for epsilon, Initial residual = 0.0164802, Final residual = 4.32913e-09, No Iterations 7
smoothSolver:  Solving for k, Initial residual = 0.0320919, Final residual = 5.64482e-09, No Iterations 8
ExecutionTime = 42.74 s  ClockTime = 43 s

Time = 750

smoothSolver:  Solving for Ux, Initial residual = 0.155717, Final residual = 0.155717, No Iterations 0
smoothSolver:  Solving for Uy, Initial residual = 0.42484, Final residual = 0.42484, No Iterations 0
smoothSolver:  Solving for Uz, Initial residual = 0.416741, Final residual = 0.416741, No Iterations 0
GAMG:  Solving for p, Initial residual = 0.61607, Final residual = 7.31921e-11, No Iterations 24
time step continuity errors : sum local = 4.2978e-09, global = 1.16198e-09, cumulative = -6.61668e-08
smoothSolver:  Solving for epsilon, Initial residual = 0.016123, Final residual = 4.38412e-09, No Iterations 7
smoothSolver:  Solving for k, Initial residual = 0.0311628, Final residual = 5.65648e-09, No Iterations 8
ExecutionTime = 43.26 s  ClockTime = 44 s

Time = 760

smoothSolver:  Solving for Ux, Initial residual = 0.156676, Final residual = 0.156676, No Iterations 0
smoothSolver:  Solving for Uy, Initial residual = 0.429968, Final residual = 0.429968, No Iterations 0
smoothSolver:  Solving for Uz, Initial residual = 0.41018, Final residual = 0.41018, No Iterations 0
GAMG:  Solving for p, Initial residual = 0.612952, Final residual = 6.57333e-11, No Iterations 24
time step continuity errors : sum local = 3.86608e-09, global = -8.56966e-10, cumulative = -6.70237e-08
smoothSolver:  Solving for epsilon, Initial residual = 0.0167571, Final residual = 4.43818e-09, No Iterations 7
smoothSolver:  Solving for k, Initial residual = 0.0318318, Final residual = 5.74556e-09, No Iterations 8
ExecutionTime = 43.79 s  ClockTime = 44 s

Time = 770

smoothSolver:  Solving for Ux, Initial residual = 0.156626, Final residual = 0.156626, No Iterations 0
smoothSolver:  Solving for Uy, Initial residual = 0.426141, Final residual = 0.426141, No Iterations 0
smoothSolver:  Solving for Uz, Initial residual = 0.414696, Final residual = 0.414696, No Iterations 0
GAMG:  Solving for p, Initial residual = 0.604103, Final residual = 7.39298e-11, No Iterations 24
time step continuity errors : sum local = 4.36124e-09, global = 1.18383e-09, cumulative = -6.58399e-08
smoothSolver:  Solving for epsilon, Initial residual = 0.0164726, Final residual = 4.3414e-09, No Iterations 7
smoothSolver:  Solving for k, Initial residual = 0.0312106, Final residual = 5.67499e-09, No Iterations 8
ExecutionTime = 44.31 s  ClockTime = 45 s

Time = 780

smoothSolver:  Solving for Ux, Initial residual = 0.15741, Final residual = 0.15741, No Iterations 0
smoothSolver:  Solving for Uy, Initial residual = 0.429388, Final residual = 0.429388, No Iterations 0
smoothSolver:  Solving for Uz, Initial residual = 0.410014, Final residual = 0.410014, No Iterations 0
GAMG:  Solving for p, Initial residual = 0.600445, Final residual = 5.11591e-11, No Iterations 23
time step continuity errors : sum local = 3.00744e-09, global = 7.48144e-10, cumulative = -6.50918e-08
smoothSolver:  Solving for epsilon, Initial residual = 0.016725, Final residual = 4.40458e-09, No Iterations 7
smoothSolver:  Solving for k, Initial residual = 0.0313962, Final residual = 5.80062e-09, No Iterations 8
ExecutionTime = 44.83 s  ClockTime = 45 s

Time = 790

smoothSolver:  Solving for Ux, Initial residual = 0.15756, Final residual = 0.15756, No Iterations 0
smoothSolver:  Solving for Uy, Initial residual = 0.42759, Final residual = 0.42759, No Iterations 0
smoothSolver:  Solving for Uz, Initial residual = 0.413472, Final residual = 0.413472, No Iterations 0
GAMG:  Solving for p, Initial residual = 0.594486, Final residual = 7.01029e-11, No Iterations 23
time step continuity errors : sum local = 4.13477e-09, global = 2.39161e-09, cumulative = -6.27002e-08
smoothSolver:  Solving for epsilon, Initial residual = 0.0167788, Final residual = 4.22362e-09, No Iterations 7
smoothSolver:  Solving for k, Initial residual = 0.0312859, Final residual = 5.70724e-09, No Iterations 8
ExecutionTime = 45.35 s  ClockTime = 46 s

Time = 800

smoothSolver:  Solving for Ux, Initial residual = 0.157893, Final residual = 0.157893, No Iterations 0
smoothSolver:  Solving for Uy, Initial residual = 0.428544, Final residual = 0.428544, No Iterations 0
smoothSolver:  Solving for Uz, Initial residual = 0.409843, Final residual = 0.409843, No Iterations 0
GAMG:  Solving for p, Initial residual = 0.593089, Final residual = 5.94792e-11, No Iterations 20
time step continuity errors : sum local = 3.47658e-09, global = -6.68914e-10, cumulative = -6.33691e-08
smoothSolver:  Solving for epsilon, Initial residual = 0.0165761, Final residual = 4.23565e-09, No Iterations 7
smoothSolver:  Solving for k, Initial residual = 0.030966, Final residual = 5.77396e-09, No Iterations 8
ExecutionTime = 45.83 s  ClockTime = 46 s

Time = 810

smoothSolver:  Solving for Ux, Initial residual = 0.159021, Final residual = 0.159021, No Iterations 0
smoothSolver:  Solving for Uy, Initial residual = 0.428011, Final residual = 0.428011, No Iterations 0
smoothSolver:  Solving for Uz, Initial residual = 0.410918, Final residual = 0.410918, No Iterations 0
GAMG:  Solving for p, Initial residual = 0.587684, Final residual = 5.2866e-11, No Iterations 23
time step continuity errors : sum local = 3.09697e-09, global = -1.04756e-09, cumulative = -6.44166e-08
smoothSolver:  Solving for epsilon, Initial residual = 0.0169306, Final residual = 4.11038e-09, No Iterations 7
smoothSolver:  Solving for k, Initial residual = 0.0312534, Final residual = 5.7281e-09, No Iterations 8
ExecutionTime = 46.34 s  ClockTime = 47 s

Time = 820

smoothSolver:  Solving for Ux, Initial residual = 0.158876, Final residual = 0.158876, No Iterations 0
smoothSolver:  Solving for Uy, Initial residual = 0.42532, Final residual = 0.42532, No Iterations 0
smoothSolver:  Solving for Uz, Initial residual = 0.409917, Final residual = 0.409917, No Iterations 0
GAMG:  Solving for p, Initial residual = 0.586268, Final residual = 9.94535e-11, No Iterations 23
time step continuity errors : sum local = 5.7566e-09, global = -1.19575e-09, cumulative = -6.56124e-08
smoothSolver:  Solving for epsilon, Initial residual = 0.0166395, Final residual = 4.04662e-09, No Iterations 7
smoothSolver:  Solving for k, Initial residual = 0.0309186, Final residual = 5.6728e-09, No Iterations 8
ExecutionTime = 46.87 s  ClockTime = 47 s

Time = 830

smoothSolver:  Solving for Ux, Initial residual = 0.160159, Final residual = 0.160159, No Iterations 0
smoothSolver:  Solving for Uy, Initial residual = 0.425827, Final residual = 0.425827, No Iterations 0
smoothSolver:  Solving for Uz, Initial residual = 0.408867, Final residual = 0.408867, No Iterations 0
GAMG:  Solving for p, Initial residual = 0.580036, Final residual = 9.57679e-11, No Iterations 23
time step continuity errors : sum local = 5.5469e-09, global = -9.72918e-10, cumulative = -6.65853e-08
smoothSolver:  Solving for epsilon, Initial residual = 0.0171265, Final residual = 4.03247e-09, No Iterations 7
smoothSolver:  Solving for k, Initial residual = 0.0313408, Final residual = 5.69092e-09, No Iterations 8
ExecutionTime = 47.39 s  ClockTime = 48 s

Time = 840

smoothSolver:  Solving for Ux, Initial residual = 0.15986, Final residual = 0.15986, No Iterations 0
smoothSolver:  Solving for Uy, Initial residual = 0.422665, Final residual = 0.422665, No Iterations 0
smoothSolver:  Solving for Uz, Initial residual = 0.410996, Final residual = 0.410996, No Iterations 0
GAMG:  Solving for p, Initial residual = 0.571644, Final residual = 9.09281e-11, No Iterations 23
time step continuity errors : sum local = 5.23854e-09, global = -1.10998e-09, cumulative = -6.76953e-08
smoothSolver:  Solving for epsilon, Initial residual = 0.0171017, Final residual = 3.87593e-09, No Iterations 7
smoothSolver:  Solving for k, Initial residual = 0.0313115, Final residual = 5.53876e-09, No Iterations 8
ExecutionTime = 47.91 s  ClockTime = 48 s

Time = 850

smoothSolver:  Solving for Ux, Initial residual = 0.161545, Final residual = 0.161545, No Iterations 0
smoothSolver:  Solving for Uy, Initial residual = 0.424492, Final residual = 0.424492, No Iterations 0
smoothSolver:  Solving for Uz, Initial residual = 0.409323, Final residual = 0.409323, No Iterations 0
GAMG:  Solving for p, Initial residual = 0.574006, Final residual = 6.13655e-11, No Iterations 22
time step continuity errors : sum local = 3.51582e-09, global = 8.21679e-10, cumulative = -6.68736e-08
smoothSolver:  Solving for epsilon, Initial residual = 0.0174092, Final residual = 3.82944e-09, No Iterations 7
smoothSolver:  Solving for k, Initial residual = 0.0316844, Final residual = 5.51918e-09, No Iterations 8
ExecutionTime = 48.42 s  ClockTime = 49 s

Time = 860

smoothSolver:  Solving for Ux, Initial residual = 0.16183, Final residual = 0.16183, No Iterations 0
smoothSolver:  Solving for Uy, Initial residual = 0.423072, Final residual = 0.423072, No Iterations 0
smoothSolver:  Solving for Uz, Initial residual = 0.412386, Final residual = 0.412386, No Iterations 0
GAMG:  Solving for p, Initial residual = 0.569182, Final residual = 8.99118e-11, No Iterations 22
time step continuity errors : sum local = 5.13237e-09, global = 2.23075e-09, cumulative = -6.46428e-08
smoothSolver:  Solving for epsilon, Initial residual = 0.0177398, Final residual = 3.66178e-09, No Iterations 7
smoothSolver:  Solving for k, Initial residual = 0.0318878, Final residual = 5.36883e-09, No Iterations 8
ExecutionTime = 48.92 s  ClockTime = 49 s

Time = 870

smoothSolver:  Solving for Ux, Initial residual = 0.163272, Final residual = 0.163272, No Iterations 0
smoothSolver:  Solving for Uy, Initial residual = 0.42239, Final residual = 0.42239, No Iterations 0
smoothSolver:  Solving for Uz, Initial residual = 0.410607, Final residual = 0.410607, No Iterations 0
GAMG:  Solving for p, Initial residual = 0.574879, Final residual = 8.67925e-11, No Iterations 22
time step continuity errors : sum local = 4.91064e-09, global = 1.47013e-09, cumulative = -6.31727e-08
smoothSolver:  Solving for epsilon, Initial residual = 0.0179281, Final residual = 3.54391e-09, No Iterations 7
smoothSolver:  Solving for k, Initial residual = 0.0321797, Final residual = 5.28057e-09, No Iterations 8
ExecutionTime = 49.42 s  ClockTime = 50 s

Time = 880

smoothSolver:  Solving for Ux, Initial residual = 0.163696, Final residual = 0.163696, No Iterations 0
smoothSolver:  Solving for Uy, Initial residual = 0.423938, Final residual = 0.423938, No Iterations 0
smoothSolver:  Solving for Uz, Initial residual = 0.410952, Final residual = 0.410952, No Iterations 0
GAMG:  Solving for p, Initial residual = 0.569817, Final residual = 9.7832e-11, No Iterations 21
time step continuity errors : sum local = 5.52876e-09, global = -2.39282e-09, cumulative = -6.55655e-08
smoothSolver:  Solving for epsilon, Initial residual = 0.0183774, Final residual = 3.43022e-09, No Iterations 7
smoothSolver:  Solving for k, Initial residual = 0.0323789, Final residual = 5.20554e-09, No Iterations 8
ExecutionTime = 49.9 s  ClockTime = 50 s

Time = 890

smoothSolver:  Solving for Ux, Initial residual = 0.164525, Final residual = 0.164525, No Iterations 0
smoothSolver:  Solving for Uy, Initial residual = 0.420336, Final residual = 0.420336, No Iterations 0
smoothSolver:  Solving for Uz, Initial residual = 0.409562, Final residual = 0.409562, No Iterations 0
GAMG:  Solving for p, Initial residual = 0.569922, Final residual = 9.20179e-11, No Iterations 23
time step continuity errors : sum local = 5.15821e-09, global = -2.04833e-09, cumulative = -6.76139e-08
smoothSolver:  Solving for epsilon, Initial residual = 0.0184263, Final residual = 3.29064e-09, No Iterations 7
smoothSolver:  Solving for k, Initial residual = 0.0325195, Final residual = 5.10275e-09, No Iterations 8
ExecutionTime = 50.4 s  ClockTime = 51 s

Time = 900

smoothSolver:  Solving for Ux, Initial residual = 0.165432, Final residual = 0.165432, No Iterations 0
smoothSolver:  Solving for Uy, Initial residual = 0.423177, Final residual = 0.423177, No Iterations 0
smoothSolver:  Solving for Uz, Initial residual = 0.410834, Final residual = 0.410834, No Iterations 0
GAMG:  Solving for p, Initial residual = 0.56521, Final residual = 8.01676e-11, No Iterations 21
time step continuity errors : sum local = 4.4861e-09, global = -1.05444e-09, cumulative = -6.86683e-08
smoothSolver:  Solving for epsilon, Initial residual = 0.0188784, Final residual = 3.21815e-09, No Iterations 7
smoothSolver:  Solving for k, Initial residual = 0.0327514, Final residual = 5.09152e-09, No Iterations 8
ExecutionTime = 50.88 s  ClockTime = 51 s

Time = 910

smoothSolver:  Solving for Ux, Initial residual = 0.16644, Final residual = 0.16644, No Iterations 0
smoothSolver:  Solving for Uy, Initial residual = 0.419115, Final residual = 0.419115, No Iterations 0
smoothSolver:  Solving for Uz, Initial residual = 0.409187, Final residual = 0.409187, No Iterations 0
GAMG:  Solving for p, Initial residual = 0.562392, Final residual = 9.32204e-11, No Iterations 22
time step continuity errors : sum local = 5.18047e-09, global = -2.5506e-09, cumulative = -7.12189e-08
smoothSolver:  Solving for epsilon, Initial residual = 0.018881, Final residual = 3.05734e-09, No Iterations 7
smoothSolver:  Solving for k, Initial residual = 0.032753, Final residual = 5.00427e-09, No Iterations 8
ExecutionTime = 51.38 s  ClockTime = 52 s

Time = 920

smoothSolver:  Solving for Ux, Initial residual = 0.167715, Final residual = 0.167715, No Iterations 0
smoothSolver:  Solving for Uy, Initial residual = 0.420575, Final residual = 0.420575, No Iterations 0
smoothSolver:  Solving for Uz, Initial residual = 0.410679, Final residual = 0.410679, No Iterations 0
GAMG:  Solving for p, Initial residual = 0.564371, Final residual = 9.76567e-11, No Iterations 23
time step continuity errors : sum local = 5.40273e-09, global = -2.2051e-09, cumulative = -7.3424e-08
smoothSolver:  Solving for epsilon, Initial residual = 0.0193514, Final residual = 2.97546e-09, No Iterations 7
smoothSolver:  Solving for k, Initial residual = 0.0331375, Final residual = 5.01223e-09, No Iterations 8
ExecutionTime = 51.89 s  ClockTime = 52 s

Time = 930

smoothSolver:  Solving for Ux, Initial residual = 0.16924, Final residual = 0.16924, No Iterations 0
smoothSolver:  Solving for Uy, Initial residual = 0.419683, Final residual = 0.419683, No Iterations 0
smoothSolver:  Solving for Uz, Initial residual = 0.409098, Final residual = 0.409098, No Iterations 0
GAMG:  Solving for p, Initial residual = 0.563735, Final residual = 8.65036e-11, No Iterations 23
time step continuity errors : sum local = 4.79236e-09, global = -1.48265e-09, cumulative = -7.49066e-08
smoothSolver:  Solving for epsilon, Initial residual = 0.0194248, Final residual = 2.829e-09, No Iterations 7
smoothSolver:  Solving for k, Initial residual = 0.0330686, Final residual = 4.94093e-09, No Iterations 8
ExecutionTime = 52.41 s  ClockTime = 53 s

Time = 940

smoothSolver:  Solving for Ux, Initial residual = 0.170863, Final residual = 0.170863, No Iterations 0
smoothSolver:  Solving for Uy, Initial residual = 0.416797, Final residual = 0.416797, No Iterations 0
smoothSolver:  Solving for Uz, Initial residual = 0.410344, Final residual = 0.410344, No Iterations 0
GAMG:  Solving for p, Initial residual = 0.563374, Final residual = 8.72787e-11, No Iterations 23
time step continuity errors : sum local = 4.83524e-09, global = 1.29406e-09, cumulative = -7.36126e-08
smoothSolver:  Solving for epsilon, Initial residual = 0.019902, Final residual = 2.77191e-09, No Iterations 7
smoothSolver:  Solving for k, Initial residual = 0.0334752, Final residual = 4.97746e-09, No Iterations 8
ExecutionTime = 52.93 s  ClockTime = 53 s

Time = 950

smoothSolver:  Solving for Ux, Initial residual = 0.172574, Final residual = 0.172574, No Iterations 0
smoothSolver:  Solving for Uy, Initial residual = 0.419433, Final residual = 0.419433, No Iterations 0
smoothSolver:  Solving for Uz, Initial residual = 0.408761, Final residual = 0.408761, No Iterations 0
GAMG:  Solving for p, Initial residual = 0.564422, Final residual = 5.35424e-11, No Iterations 23
time step continuity errors : sum local = 2.98194e-09, global = -7.39103e-10, cumulative = -7.43517e-08
smoothSolver:  Solving for epsilon, Initial residual = 0.0200256, Final residual = 2.66427e-09, No Iterations 7
smoothSolver:  Solving for k, Initial residual = 0.0335463, Final residual = 4.92069e-09, No Iterations 8
ExecutionTime = 53.45 s  ClockTime = 54 s

Time = 960

smoothSolver:  Solving for Ux, Initial residual = 0.174263, Final residual = 0.174263, No Iterations 0
smoothSolver:  Solving for Uy, Initial residual = 0.414921, Final residual = 0.414921, No Iterations 0
smoothSolver:  Solving for Uz, Initial residual = 0.408712, Final residual = 0.408712, No Iterations 0
GAMG:  Solving for p, Initial residual = 0.561468, Final residual = 9.19576e-11, No Iterations 22
time step continuity errors : sum local = 5.15195e-09, global = 2.52862e-09, cumulative = -7.18231e-08
smoothSolver:  Solving for epsilon, Initial residual = 0.0202572, Final residual = 2.62023e-09, No Iterations 7
smoothSolver:  Solving for k, Initial residual = 0.0335851, Final residual = 4.97222e-09, No Iterations 8
ExecutionTime = 53.95 s  ClockTime = 54 s

Time = 970

smoothSolver:  Solving for Ux, Initial residual = 0.175322, Final residual = 0.175322, No Iterations 0
smoothSolver:  Solving for Uy, Initial residual = 0.419135, Final residual = 0.419135, No Iterations 0
smoothSolver:  Solving for Uz, Initial residual = 0.409778, Final residual = 0.409778, No Iterations 0
GAMG:  Solving for p, Initial residual = 0.561736, Final residual = 7.19963e-11, No Iterations 23
time step continuity errors : sum local = 4.02574e-09, global = 8.18093e-10, cumulative = -7.1005e-08
smoothSolver:  Solving for epsilon, Initial residual = 0.0207633, Final residual = 2.56555e-09, No Iterations 7
smoothSolver:  Solving for k, Initial residual = 0.0341436, Final residual = 4.93109e-09, No Iterations 8
ExecutionTime = 54.47 s  ClockTime = 55 s

Time = 980

smoothSolver:  Solving for Ux, Initial residual = 0.177095, Final residual = 0.177095, No Iterations 0
smoothSolver:  Solving for Uy, Initial residual = 0.41688, Final residual = 0.41688, No Iterations 0
smoothSolver:  Solving for Uz, Initial residual = 0.408803, Final residual = 0.408803, No Iterations 0
GAMG:  Solving for p, Initial residual = 0.560773, Final residual = 9.10269e-11, No Iterations 24
time step continuity errors : sum local = 5.11707e-09, global = -1.29156e-09, cumulative = -7.22965e-08
smoothSolver:  Solving for epsilon, Initial residual = 0.0206886, Final residual = 2.5385e-09, No Iterations 7
smoothSolver:  Solving for k, Initial residual = 0.0337988, Final residual = 4.97151e-09, No Iterations 8
ExecutionTime = 55 s  ClockTime = 55 s

Time = 990

smoothSolver:  Solving for Ux, Initial residual = 0.178531, Final residual = 0.178531, No Iterations 0
smoothSolver:  Solving for Uy, Initial residual = 0.418806, Final residual = 0.418806, No Iterations 0
smoothSolver:  Solving for Uz, Initial residual = 0.410759, Final residual = 0.410759, No Iterations 0
GAMG:  Solving for p, Initial residual = 0.56772, Final residual = 7.08198e-11, No Iterations 23
time step continuity errors : sum local = 3.96291e-09, global = 1.10756e-09, cumulative = -7.1189e-08
smoothSolver:  Solving for epsilon, Initial residual = 0.0218364, Final residual = 2.51647e-09, No Iterations 7
smoothSolver:  Solving for k, Initial residual = 0.0349049, Final residual = 4.96428e-09, No Iterations 8
ExecutionTime = 55.52 s  ClockTime = 56 s

Time = 1000

smoothSolver:  Solving for Ux, Initial residual = 0.179934, Final residual = 0.179934, No Iterations 0
smoothSolver:  Solving for Uy, Initial residual = 0.419271, Final residual = 0.419271, No Iterations 0
smoothSolver:  Solving for Uz, Initial residual = 0.407901, Final residual = 0.407901, No Iterations 0
GAMG:  Solving for p, Initial residual = 0.569393, Final residual = 8.82385e-11, No Iterations 20
time step continuity errors : sum local = 4.96802e-09, global = -1.82124e-09, cumulative = -7.30102e-08
smoothSolver:  Solving for epsilon, Initial residual = 0.0214849, Final residual = 2.53817e-09, No Iterations 7
smoothSolver:  Solving for k, Initial residual = 0.0343007, Final residual = 4.93346e-09, No Iterations 8
ExecutionTime = 56.44 s  ClockTime = 57 s

End

