/*---------------------------------------------------------------------------*\
| =========                 |                                                 |
| \\      /  F ield         | OpenFOAM: The Open Source CFD Toolbox           |
|  \\    /   O peration     | Version:  2312                                  |
|   \\  /    A nd           | Website:  www.openfoam.com                      |
|    \\/     M anipulation  |                                                 |
\*---------------------------------------------------------------------------*/
Build  : _1d8f0d55f7-20231221 OPENFOAM=2312 version=v2312
Arch   : "LSB;label=32;scalar=64"
Exec   : cartesianMesh
Date   : Jun 17 2025
Time   : 17:19:20
Host   : IC-LIN-001
PID    : 155056
I/O    : uncollated
Case   : /home/CCNT/nataliadenton.denton/CFD_IRP_McLaren_2024-2025/src/Openfoam/AeroSUV_mergedGeom_case_cfMesh
nProcs : 1
trapFpe: Floating point exception trapping enabled (FOAM_SIGFPE).
fileModificationChecking : Monitoring run-time modified files using timeStampMaster (fileModificationSkew 5, maxFileModificationPolls 20)
allowSystemOperations : Allowing user-supplied system call operations

// * * * * * * * * * * * * * * * * * * * * * * * * * * * * * * * * * * * * * //
Create time

--> FOAM Warning : 
    From static Foam::IOstreamOption::compressionType Foam::IOstreamOption::compressionEnum(const Foam::word&, compressionType)
    in file db/options/IOstreamOption.C at line 171
    Unknown compression specifier 'uncompressed' using compression off
--> FOAM Warning : 
    From void Foam::Module::triSurf::topologyCheck()
    in file utilities/meshes/triSurf/triSurf.C at line 213
    Triangle ((805083 805083 805084) 0) has duplicated points. This may cause problems in the meshing process!
--> FOAM Warning : 
    From void Foam::Module::triSurf::topologyCheck()
    in file utilities/meshes/triSurf/triSurf.C at line 213
    Triangle ((805083 805083 805084) 0) has duplicated points. This may cause problems in the meshing process!
--> FOAM Warning : 
    From void Foam::Module::triSurf::topologyCheck()
    in file utilities/meshes/triSurf/triSurf.C at line 213
    Triangle ((805074 805083 805083) 0) has duplicated points. This may cause problems in the meshing process!
--> FOAM Warning : 
    From void Foam::Module::triSurf::topologyCheck()
    in file utilities/meshes/triSurf/triSurf.C at line 213
    Triangle ((805074 805083 805083) 0) has duplicated points. This may cause problems in the meshing process!
--> FOAM Warning : 
    From void Foam::Module::triSurf::topologyCheck()
    in file utilities/meshes/triSurf/triSurf.C at line 213
    Triangle ((808806 808806 808803) 0) has duplicated points. This may cause problems in the meshing process!
--> FOAM Warning : 
    From void Foam::Module::triSurf::topologyCheck()
    in file utilities/meshes/triSurf/triSurf.C at line 213
    Triangle ((808806 808806 808803) 0) has duplicated points. This may cause problems in the meshing process!
--> FOAM Warning : 
    From void Foam::Module::triSurf::topologyCheck()
    in file utilities/meshes/triSurf/triSurf.C at line 213
    Triangle ((808907 808907 808908) 0) has duplicated points. This may cause problems in the meshing process!
--> FOAM Warning : 
    From void Foam::Module::triSurf::topologyCheck()
    in file utilities/meshes/triSurf/triSurf.C at line 213
    Triangle ((808907 808907 808908) 0) has duplicated points. This may cause problems in the meshing process!
--> FOAM Warning : 
    From void Foam::Module::triSurf::topologyCheck()
    in file utilities/meshes/triSurf/triSurf.C at line 213
    Triangle ((808899 808907 808907) 0) has duplicated points. This may cause problems in the meshing process!
--> FOAM Warning : 
    From void Foam::Module::triSurf::topologyCheck()
    in file utilities/meshes/triSurf/triSurf.C at line 213
    Triangle ((808899 808907 808907) 0) has duplicated points. This may cause problems in the meshing process!
--> FOAM Warning : 
    From void Foam::Module::triSurf::topologyCheck()
    in file utilities/meshes/triSurf/triSurf.C at line 213
    Triangle ((808898 808806 808806) 0) has duplicated points. This may cause problems in the meshing process!
--> FOAM Warning : 
    From void Foam::Module::triSurf::topologyCheck()
    in file utilities/meshes/triSurf/triSurf.C at line 213
    Triangle ((808898 808806 808806) 0) has duplicated points. This may cause problems in the meshing process!
--> FOAM Warning : 
    From void Foam::Module::triSurf::topologyCheck()
    in file utilities/meshes/triSurf/triSurf.C at line 213
    Triangle ((1012881 1012882 1012881) 0) has duplicated points. This may cause problems in the meshing process!
--> FOAM Warning : 
    From void Foam::Module::triSurf::topologyCheck()
    in file utilities/meshes/triSurf/triSurf.C at line 213
    Triangle ((1012881 1012882 1012881) 0) has duplicated points. This may cause problems in the meshing process!
--> FOAM Warning : 
    From void Foam::Module::triSurf::topologyCheck()
    in file utilities/meshes/triSurf/triSurf.C at line 213
    Triangle ((1013333 1013330 1013333) 0) has duplicated points. This may cause problems in the meshing process!
--> FOAM Warning : 
    From void Foam::Module::triSurf::topologyCheck()
    in file utilities/meshes/triSurf/triSurf.C at line 213
    Triangle ((1012873 1012881 1012881) 0) has duplicated points. This may cause problems in the meshing process!
--> FOAM Warning : 
    From void Foam::Module::triSurf::topologyCheck()
    in file utilities/meshes/triSurf/triSurf.C at line 213
    Triangle ((1012873 1012881 1012881) 0) has duplicated points. This may cause problems in the meshing process!
--> FOAM Warning : 
    From void Foam::Module::triSurf::topologyCheck()
    in file utilities/meshes/triSurf/triSurf.C at line 213
    Triangle ((1013333 1013330 1013333) 0) has duplicated points. This may cause problems in the meshing process!
--> FOAM Warning : 
    From void Foam::Module::triSurf::topologyCheck()
    in file utilities/meshes/triSurf/triSurf.C at line 213
    Triangle ((1013427 1013428 1013427) 0) has duplicated points. This may cause problems in the meshing process!
--> FOAM Warning : 
    From void Foam::Module::triSurf::topologyCheck()
    in file utilities/meshes/triSurf/triSurf.C at line 213
    Triangle ((1013427 1013428 1013427) 0) has duplicated points. This may cause problems in the meshing process!
--> FOAM Warning : 
    From void Foam::Module::triSurf::topologyCheck()
    in file utilities/meshes/triSurf/triSurf.C at line 213
    Triangle ((1013419 1013427 1013427) 0) has duplicated points. This may cause problems in the meshing process!
--> FOAM Warning : 
    From void Foam::Module::triSurf::topologyCheck()
    in file utilities/meshes/triSurf/triSurf.C at line 213
    Triangle ((1013419 1013427 1013427) 0) has duplicated points. This may cause problems in the meshing process!
--> FOAM Warning : 
    From void Foam::Module::triSurf::topologyCheck()
    in file utilities/meshes/triSurf/triSurf.C at line 213
    Triangle ((1013418 1013333 1013333) 0) has duplicated points. This may cause problems in the meshing process!
--> FOAM Warning : 
    From void Foam::Module::triSurf::topologyCheck()
    in file utilities/meshes/triSurf/triSurf.C at line 213
    Triangle ((1013418 1013333 1013333) 0) has duplicated points. This may cause problems in the meshing process!
Setting root cube size and refinement parameters
Root box (-0.829374 -1.2 -1.00509) (1.57063 1.2 1.39491)
Requested cell size corresponds to octree level 3
Refining boundary
Refining boundary boxes to the given size
Finished refining boundary boxes
Performing automatic refinement
Requested min cell size corresponds to octree level 12
Performing automatic refinement
16 boxes marked by curvature criteria!
86 boxes marked by curvature criteria!
336 boxes marked by curvature criteria!
1160 boxes marked by curvature criteria!
4095 boxes marked by curvature criteria!
10910 boxes marked by curvature criteria!
24552 boxes marked by curvature criteria!
65827 boxes marked by curvature criteria!
188797 boxes marked by curvature criteria!
0 boxes marked by curvature criteria!
0 edge groups found!
0 boxes marked by the corner criteria
0 boxed marked by partitioning criteria
625 boxed marked by proximity criteria
41 boxed marked by proximity criteria
8 boxed marked by proximity criteria
4 boxed marked by proximity criteria
0 boxed marked by proximity criteria
Finished with automatic refinement
Marking inside/outside.
Number of internal boxes is 3978000
Number of outside boxes is 3905618
Number of data boxes is 989688
Number of unknown boxes is 0
Refining boxes near DATA boxes
Marking inside/outside.
Number of internal boxes is 4795688
Number of outside boxes is 4238795
Number of data boxes is 1269098
Number of unknown boxes is 0
Finished refining boxes near DATA boxes
Extracting polyMesh
Creating octree vertices
Octree nodes 7410879
Resizing points!
Finished creating octree vertices
Creating polyMesh from octree
Reordering boundary faces 
Finished reordering boundary faces
Finished creating polyMesh
Mesh has :
6067985 vertices 
14412345 faces
4197130 cells
Finished extracting polyMesh
Checking for irregular surface connections
Checking cells connected to surface vertices
Found 1913037 boundary faces 
Found 690 problematic vertices
Finished checking cells connected to surface vertices
Checking cells connected to surface vertices
Found 1913037 boundary faces 
Found 0 problematic vertices
Finished checking cells connected to surface vertices
Checking for non - manifold surface edges
Found 4 non - manifold edges
Finished checking for non - manifold surface edges
Removing selected cells from the mesh
New cells size 4197122
Reordering boundary faces 
Finished reordering boundary faces
Removing faces
Finished removing faces
Finished removing selected cells from the mesh
Checking for non - manifold surface edges
Found 1913033 boundary faces 
Found 2 non - manifold edges
Finished checking for non - manifold surface edges
Removing selected cells from the mesh
New cells size 4197118
Reordering boundary faces 
Finished reordering boundary faces
Removing faces
Finished removing faces
Finished removing selected cells from the mesh
Checking for non - manifold surface edges
Found 1913029 boundary faces 
Found 2 non - manifold edges
Finished checking for non - manifold surface edges
Removing selected cells from the mesh
New cells size 4197114
Reordering boundary faces 
Finished reordering boundary faces
Removing faces
Finished removing faces
Finished removing selected cells from the mesh
Checking for non - manifold surface edges
Found 1913025 boundary faces 
Found 2 non - manifold edges
Finished checking for non - manifold surface edges
Removing selected cells from the mesh
New cells size 4197110
Reordering boundary faces 
Finished reordering boundary faces
Removing faces
Finished removing faces
Finished removing selected cells from the mesh
Checking for non - manifold surface edges
Found 1913021 boundary faces 
Found 2 non - manifold edges
Finished checking for non - manifold surface edges
Removing selected cells from the mesh
New cells size 4197106
Reordering boundary faces 
Finished reordering boundary faces
Removing faces
Finished removing faces
Finished removing selected cells from the mesh
Checking for non - manifold surface edges
Found 1913013 boundary faces 
Found 0 non - manifold edges
Finished checking for non - manifold surface edges
Checking faces connections to surface vertices
Found 10 invalid connections
Finished checking faces connections to surface vertices
Removing selected cells from the mesh
New cells size 4197050
Reordering boundary faces 
Finished reordering boundary faces
Removing faces
Finished removing faces
Finished removing selected cells from the mesh
Checking cells connected to surface vertices
Found 1912977 boundary faces 
Found 12 problematic vertices
Finished checking cells connected to surface vertices
Checking cells connected to surface vertices
Found 1912977 boundary faces 
Found 0 problematic vertices
Finished checking cells connected to surface vertices
Checking for non - manifold surface edges
Found 0 non - manifold edges
Finished checking for non - manifold surface edges
Checking faces connections to surface vertices
Found 0 invalid connections
Finished checking faces connections to surface vertices
Checking cells connected to surface vertices
Found 0 problematic vertices
Finished checking cells connected to surface vertices
Checking for non - manifold surface edges
Found 0 non - manifold edges
Finished checking for non - manifold surface edges
Checking faces connections to surface vertices
Found 0 invalid connections
Finished checking faces connections to surface vertices
Finished checking for irregular surface connections
Found 1912977 boundary faces 
Found 10802 non - mappable cells
Removing selected cells from the mesh
New cells size 4186248
Reordering boundary faces 
Finished reordering boundary faces
Removing faces
Finished removing faces
Finished removing selected cells from the mesh
Found 1891179 boundary faces 
Found 528 non - mappable cells
Removing selected cells from the mesh
New cells size 4185720
Reordering boundary faces 
Finished reordering boundary faces
Removing faces
Finished removing faces
Finished removing selected cells from the mesh
Found 1889067 boundary faces 
Found 0 non - mappable cells
Checking cell connections
Finished checking cell connections
--> FOAM Warning : Mesh has 13 unconnected regions
Removing selected cells from the mesh
New cells size 1961987
Reordering boundary faces 
Finished reordering boundary faces
Removing faces
Finished removing faces
Finished removing selected cells from the mesh
Checking for irregular surface connections
Checking cells connected to surface vertices
Found 939806 boundary faces 
Found 31 problematic vertices
Finished checking cells connected to surface vertices
Checking cells connected to surface vertices
Found 939806 boundary faces 
Found 0 problematic vertices
Finished checking cells connected to surface vertices
Checking for non - manifold surface edges
Found 0 non - manifold edges
Finished checking for non - manifold surface edges
Checking faces connections to surface vertices
Found 4 invalid connections
Finished checking faces connections to surface vertices
Removing selected cells from the mesh
New cells size 1961963
Reordering boundary faces 
Finished reordering boundary faces
Removing faces
Finished removing faces
Finished removing selected cells from the mesh
Checking cells connected to surface vertices
Found 939798 boundary faces 
Found 6 problematic vertices
Finished checking cells connected to surface vertices
Checking cells connected to surface vertices
Found 939798 boundary faces 
Found 0 problematic vertices
Finished checking cells connected to surface vertices
Checking for non - manifold surface edges
Found 0 non - manifold edges
Finished checking for non - manifold surface edges
Checking faces connections to surface vertices
Found 0 invalid connections
Finished checking faces connections to surface vertices
Checking cells connected to surface vertices
Found 0 problematic vertices
Finished checking cells connected to surface vertices
Checking for non - manifold surface edges
Found 0 non - manifold edges
Finished checking for non - manifold surface edges
Checking faces connections to surface vertices
Found 0 invalid connections
Finished checking faces connections to surface vertices
Finished checking for irregular surface connections
Found 939798 boundary faces 
Found 8 non - mappable cells
Removing selected cells from the mesh
New cells size 1961955
Reordering boundary faces 
Finished reordering boundary faces
Removing faces
Finished removing faces
Finished removing selected cells from the mesh
Found 939782 boundary faces 
Found 0 non - mappable cells
Checking cell connections
Finished checking cell connections
Checking for irregular surface connections
Checking cells connected to surface vertices
Found 939782 boundary faces 
Found 2 problematic vertices
Finished checking cells connected to surface vertices
Checking cells connected to surface vertices
Found 939782 boundary faces 
Found 0 problematic vertices
Finished checking cells connected to surface vertices
Checking for non - manifold surface edges
Found 0 non - manifold edges
Finished checking for non - manifold surface edges
Checking faces connections to surface vertices
Found 0 invalid connections
Finished checking faces connections to surface vertices
Checking cells connected to surface vertices
Found 0 problematic vertices
Finished checking cells connected to surface vertices
Checking for non - manifold surface edges
Found 0 non - manifold edges
Finished checking for non - manifold surface edges
Checking faces connections to surface vertices
Found 0 invalid connections
Finished checking faces connections to surface vertices
Finished checking for irregular surface connections
Found 939782 boundary faces 
Found 0 non - mappable cells
Checking cell connections
Finished checking cell connections
Checking for irregular surface connections
Checking cells connected to surface vertices
Found 939782 boundary faces 
Found 0 problematic vertices
Finished checking cells connected to surface vertices
Checking for non - manifold surface edges
Found 0 non - manifold edges
Finished checking for non - manifold surface edges
Checking faces connections to surface vertices
Found 0 invalid connections
Finished checking faces connections to surface vertices
Finished checking for irregular surface connections
Found 939782 boundary faces 
Found 0 non - mappable cells
Checking cell connections
Finished checking cell connections
Found 939782 boundary faces 
Marked 124 faces for decomposition
Found 940309 boundary faces 
Removing selected cells from the mesh
New cells size 1961955
Reordering boundary faces 
Finished reordering boundary faces
Removing faces
Finished removing faces
Finished removing selected cells from the mesh
Adding new cells 
Adding 0 cells to the mesh
Finished adding cells to the mesh
Reordering bnd faces
Reordering boundary faces 
Finished reordering boundary faces
Finding bnd faces
Found 940309 boundary faces 
Smoothing mesh surface before mapping.
Found 0 corners at the surface of the volume mesh
Found 0 edge points at the surface of the volume mesh
Starting untangling the surface of the volume mesh
Number of inverted boundary faces is 1009
Number of inverted boundary faces is 447
Number of inverted boundary faces is 139
Number of inverted boundary faces is 73
Number of inverted boundary faces is 57
Number of inverted boundary faces is 52
Number of inverted boundary faces is 56
Number of inverted boundary faces is 53
Smoothing remaining inverted vertices 
Number of inverted boundary faces is 33
Number of inverted boundary faces is 39
Number of inverted boundary faces is 42
Smoothing remaining inverted vertices 
Number of inverted boundary faces is 30
Number of inverted boundary faces is 36
Number of inverted boundary faces is 43
Smoothing remaining inverted vertices 
Number of inverted boundary faces is 25
Number of inverted boundary faces is 28
Number of inverted boundary faces is 33
Smoothing remaining inverted vertices 
Number of inverted boundary faces is 24
Number of inverted boundary faces is 28
Number of inverted boundary faces is 30
Smoothing remaining inverted vertices 
Number of inverted boundary faces is 26
Smoothing remaining inverted vertices 
Number of inverted boundary faces is 18
Number of inverted boundary faces is 22
Number of inverted boundary faces is 26
Smoothing remaining inverted vertices 
Number of inverted boundary faces is 26
Smoothing remaining inverted vertices 
Number of inverted boundary faces is 6
Number of inverted boundary faces is 8
Number of inverted boundary faces is 11
Smoothing remaining inverted vertices 
Number of inverted boundary faces is 3
Number of inverted boundary faces is 6
Number of inverted boundary faces is 2
Number of inverted boundary faces is 3
Number of inverted boundary faces is 3
Smoothing remaining inverted vertices 
Finished untangling the surface of the volume mesh
Found 0 corners at the surface of the volume mesh
Found 0 edge points at the surface of the volume mesh
Starting untangling the surface of the volume mesh
Number of inverted boundary faces is 777
Number of inverted boundary faces is 22
Number of inverted boundary faces is 21
Number of inverted boundary faces is 26
Number of inverted boundary faces is 28
Smoothing remaining inverted vertices 
Number of inverted boundary faces is 9
Number of inverted boundary faces is 11
Number of inverted boundary faces is 12
Smoothing remaining inverted vertices 
Number of inverted boundary faces is 11
Smoothing remaining inverted vertices 
Number of inverted boundary faces is 11
Smoothing remaining inverted vertices 
Number of inverted boundary faces is 11
Smoothing remaining inverted vertices 
Number of inverted boundary faces is 11
Smoothing remaining inverted vertices 
Number of inverted boundary faces is 11
Smoothing remaining inverted vertices 
Number of inverted boundary faces is 11
Smoothing remaining inverted vertices 
Number of inverted boundary faces is 3
Number of inverted boundary faces is 4
Number of inverted boundary faces is 4
Smoothing remaining inverted vertices 
Number of inverted boundary faces is 3
Number of inverted boundary faces is 6
Number of inverted boundary faces is 5
Smoothing remaining inverted vertices 
Finished untangling the surface of the volume mesh
Found 0 corners at the surface of the volume mesh
Found 0 edge points at the surface of the volume mesh
Starting untangling the surface of the volume mesh
Number of inverted boundary faces is 737
Number of inverted boundary faces is 29
Number of inverted boundary faces is 28
Number of inverted boundary faces is 29
Number of inverted boundary faces is 27
Number of inverted boundary faces is 28
Number of inverted boundary faces is 29
Smoothing remaining inverted vertices 
Number of inverted boundary faces is 14
Number of inverted boundary faces is 14
Number of inverted boundary faces is 17
Smoothing remaining inverted vertices 
Number of inverted boundary faces is 9
Number of inverted boundary faces is 12
Number of inverted boundary faces is 16
Smoothing remaining inverted vertices 
Number of inverted boundary faces is 12
Smoothing remaining inverted vertices 
Number of inverted boundary faces is 11
Smoothing remaining inverted vertices 
Number of inverted boundary faces is 15
Smoothing remaining inverted vertices 
Number of inverted boundary faces is 10
Smoothing remaining inverted vertices 
Number of inverted boundary faces is 15
Smoothing remaining inverted vertices 
Number of inverted boundary faces is 2
Number of inverted boundary faces is 5
Number of inverted boundary faces is 8
Smoothing remaining inverted vertices 
Number of inverted boundary faces is 2
Number of inverted boundary faces is 4
Number of inverted boundary faces is 5
Smoothing remaining inverted vertices 
Finished untangling the surface of the volume mesh
Finished smoothing mesh surface before mapping.
Mapping vertices onto surface
Finished mapping vertices onto surface
Found 0 corners at the surface of the volume mesh
Found 0 edge points at the surface of the volume mesh
Starting untangling the surface of the volume mesh
Number of inverted boundary faces is 382
Number of inverted boundary faces is 50
Number of inverted boundary faces is 52
Number of inverted boundary faces is 50
Smoothing remaining inverted vertices 
Number of inverted boundary faces is 30
Number of inverted boundary faces is 40
Number of inverted boundary faces is 43
Smoothing remaining inverted vertices 
Number of inverted boundary faces is 28
Number of inverted boundary faces is 38
Number of inverted boundary faces is 44
Smoothing remaining inverted vertices 
Number of inverted boundary faces is 24
Number of inverted boundary faces is 30
Number of inverted boundary faces is 36
Smoothing remaining inverted vertices 
Number of inverted boundary faces is 28
Smoothing remaining inverted vertices 
Number of inverted boundary faces is 26
Smoothing remaining inverted vertices 
Number of inverted boundary faces is 27
Smoothing remaining inverted vertices 
Number of inverted boundary faces is 25
Smoothing remaining inverted vertices 
Number of inverted boundary faces is 4
Number of inverted boundary faces is 7
Number of inverted boundary faces is 5
Smoothing remaining inverted vertices 
Number of inverted boundary faces is 5
Smoothing remaining inverted vertices 
Finished untangling the surface of the volume mesh
Found 940309 boundary faces 
Extracting edges
Starting topological adjustment of patches
No topological adjustment was needed
Starting geometrical adjustment of patches
Found 0 corners at the surface of the volume mesh
Found 0 edge points at the surface of the volume mesh
0 edge groups found!
--> FOAM Warning : 
    From bool Foam::Module::edgeExtractor::checkFacePatchesGeometry()
    in file utilities/surfaceTools/edgeExtraction/edgeExtractor/edgeExtractor.C at line 2138
    Found 38 points with inverted surface normals. Getting rid of them...
Starting untangling the surface of the volume mesh
Number of inverted boundary faces is 38
Number of inverted boundary faces is 27
Number of inverted boundary faces is 26
Number of inverted boundary faces is 23
Number of inverted boundary faces is 20
Number of inverted boundary faces is 20
Number of inverted boundary faces is 22
Smoothing remaining inverted vertices 
Number of inverted boundary faces is 16
Number of inverted boundary faces is 21
Number of inverted boundary faces is 20
Smoothing remaining inverted vertices 
Number of inverted boundary faces is 13
Number of inverted boundary faces is 18
Number of inverted boundary faces is 20
Smoothing remaining inverted vertices 
Number of inverted boundary faces is 15
Smoothing remaining inverted vertices 
Number of inverted boundary faces is 11
Number of inverted boundary faces is 19
Number of inverted boundary faces is 20
Smoothing remaining inverted vertices 
Number of inverted boundary faces is 17
Smoothing remaining inverted vertices 
Number of inverted boundary faces is 14
Smoothing remaining inverted vertices 
Number of inverted boundary faces is 14
Smoothing remaining inverted vertices 
Number of inverted boundary faces is 0
Finished untangling the surface of the volume mesh
No geometrical adjustment was needed
Found 940309 boundary faces 
Found 0 corners at the surface of the volume mesh
Found 0 edge points at the surface of the volume mesh
Performing patch correction
Found 0 corners at the surface of the volume mesh
Found 0 edge points at the surface of the volume mesh
Finished with patch correction
Found 940309 boundary faces 
Mapping vertices with respect to surface patches
Found 0 corners at the surface of the volume mesh
Found 0 edge points at the surface of the volume mesh
0 edge groups found!
Finished mapping vertices with respect to surface patches
Found 940309 boundary faces 
Found 0 corners at the surface of the volume mesh
Found 0 edge points at the surface of the volume mesh
Optimizing edges. Iteration:.....
Optimizing surface vertices. Iteration:.....
Starting untangling the surface of the volume mesh
Number of inverted boundary faces is 6
Number of inverted boundary faces is 6
Number of inverted boundary faces is 6
Smoothing remaining inverted vertices 
Number of inverted boundary faces is 6
Number of inverted boundary faces is 6
Number of inverted boundary faces is 6
Smoothing remaining inverted vertices 
Number of inverted boundary faces is 6
Number of inverted boundary faces is 6
Number of inverted boundary faces is 6
Smoothing remaining inverted vertices 
Number of inverted boundary faces is 6
Number of inverted boundary faces is 6
Number of inverted boundary faces is 6
Smoothing remaining inverted vertices 
Number of inverted boundary faces is 6
Number of inverted boundary faces is 6
Number of inverted boundary faces is 6
Smoothing remaining inverted vertices 
Number of inverted boundary faces is 6
Number of inverted boundary faces is 6
Number of inverted boundary faces is 6
Smoothing remaining inverted vertices 
Number of inverted boundary faces is 6
Number of inverted boundary faces is 6
Number of inverted boundary faces is 6
Smoothing remaining inverted vertices 
Number of inverted boundary faces is 6
Number of inverted boundary faces is 6
Number of inverted boundary faces is 6
Smoothing remaining inverted vertices 
Number of inverted boundary faces is 3
Number of inverted boundary faces is 3
Number of inverted boundary faces is 3
Smoothing remaining inverted vertices 
Number of inverted boundary faces is 3
Number of inverted boundary faces is 3
Number of inverted boundary faces is 3
Smoothing remaining inverted vertices 
Finished untangling the surface of the volume mesh
Found 940309 boundary faces 
Found 0 corners at the surface of the volume mesh
Found 0 edge points at the surface of the volume mesh
Found 0 corners at the surface of the volume mesh
Found 0 edge points at the surface of the volume mesh
Starting creating layer cells
Adding 940309 cells to the mesh
Finished adding cells to the mesh
Reordering boundary faces 
Finished reordering boundary faces
Finished creating layer cells
Found 940309 boundary faces 
Found 0 corners at the surface of the volume mesh
Found 0 edge points at the surface of the volume mesh
Optimizing edges. Iteration:.....
Optimizing surface vertices. Iteration:.....
Starting untangling the surface of the volume mesh
Number of inverted boundary faces is 9
Number of inverted boundary faces is 8
Number of inverted boundary faces is 7
Number of inverted boundary faces is 7
Number of inverted boundary faces is 7
Smoothing remaining inverted vertices 
Number of inverted boundary faces is 7
Number of inverted boundary faces is 7
Number of inverted boundary faces is 7
Smoothing remaining inverted vertices 
Number of inverted boundary faces is 7
Number of inverted boundary faces is 7
Number of inverted boundary faces is 7
Smoothing remaining inverted vertices 
Number of inverted boundary faces is 7
Number of inverted boundary faces is 7
Number of inverted boundary faces is 7
Smoothing remaining inverted vertices 
Number of inverted boundary faces is 7
Number of inverted boundary faces is 7
Number of inverted boundary faces is 7
Smoothing remaining inverted vertices 
Number of inverted boundary faces is 7
Number of inverted boundary faces is 7
Number of inverted boundary faces is 7
Smoothing remaining inverted vertices 
Number of inverted boundary faces is 7
Number of inverted boundary faces is 7
Number of inverted boundary faces is 7
Smoothing remaining inverted vertices 
Number of inverted boundary faces is 7
Number of inverted boundary faces is 5
Number of inverted boundary faces is 5
Number of inverted boundary faces is 5
Smoothing remaining inverted vertices 
Number of inverted boundary faces is 4
Number of inverted boundary faces is 4
Number of inverted boundary faces is 4
Smoothing remaining inverted vertices 
Number of inverted boundary faces is 4
Number of inverted boundary faces is 4
Number of inverted boundary faces is 4
Smoothing remaining inverted vertices 
Finished untangling the surface of the volume mesh
Found 940309 boundary faces 
Found 0 corners at the surface of the volume mesh
Found 0 edge points at the surface of the volume mesh
Starting smoothing the mesh
Starting untangling the mesh
--> FOAM Warning : 
    From bool Foam::Module::polyMeshGenChecks::checkFacePyramids(const Foam::Module::polyMeshGen&, bool, Foam::scalar, Foam::labelHashSet*, const Foam::boolList*)
    in file utilities/meshes/polyMeshGenChecks/polyMeshGenChecksGeometry.C at line 2103
    Error in face pyramids: 4 faces pointing the wrong way!
--> FOAM Warning : 
    From bool Foam::Module::polyMeshGenChecks::checkFaceFlatness(const Foam::Module::polyMeshGen&, bool, Foam::scalar, Foam::labelHashSet*, const Foam::boolList*)
    in file utilities/meshes/polyMeshGenChecks/polyMeshGenChecksGeometry.C at line 3004
    8 faces with severe warpage(flatness < 0.8) found.

--> FOAM Warning : 
    From bool Foam::Module::polyMeshGenChecks::checkCellPartTetrahedra(const Foam::Module::polyMeshGen&, bool, Foam::scalar, Foam::labelHashSet*, const Foam::boolList*)
    in file utilities/meshes/polyMeshGenChecks/polyMeshGenChecksGeometry.C at line 1582
    73 zero or negative part tetrahedra detected.
Iteration 0. Number of bad faces is 78
--> FOAM Warning : 
    From bool Foam::Module::polyMeshGenChecks::checkFaceFlatness(const Foam::Module::polyMeshGen&, bool, Foam::scalar, Foam::labelHashSet*, const Foam::boolList*)
    in file utilities/meshes/polyMeshGenChecks/polyMeshGenChecksGeometry.C at line 3004
    7 faces with severe warpage(flatness < 0.8) found.

--> FOAM Warning : 
    From bool Foam::Module::polyMeshGenChecks::checkCellPartTetrahedra(const Foam::Module::polyMeshGen&, bool, Foam::scalar, Foam::labelHashSet*, const Foam::boolList*)
    in file utilities/meshes/polyMeshGenChecks/polyMeshGenChecksGeometry.C at line 1582
    1 zero or negative part tetrahedra detected.
Iteration 1. Number of bad faces is 7
--> FOAM Warning : 
    From bool Foam::Module::polyMeshGenChecks::checkFaceFlatness(const Foam::Module::polyMeshGen&, bool, Foam::scalar, Foam::labelHashSet*, const Foam::boolList*)
    in file utilities/meshes/polyMeshGenChecks/polyMeshGenChecksGeometry.C at line 3004
    7 faces with severe warpage(flatness < 0.8) found.

--> FOAM Warning : 
    From bool Foam::Module::polyMeshGenChecks::checkCellPartTetrahedra(const Foam::Module::polyMeshGen&, bool, Foam::scalar, Foam::labelHashSet*, const Foam::boolList*)
    in file utilities/meshes/polyMeshGenChecks/polyMeshGenChecksGeometry.C at line 1582
    1 zero or negative part tetrahedra detected.
Iteration 2. Number of bad faces is 7
--> FOAM Warning : 
    From bool Foam::Module::polyMeshGenChecks::checkFaceFlatness(const Foam::Module::polyMeshGen&, bool, Foam::scalar, Foam::labelHashSet*, const Foam::boolList*)
    in file utilities/meshes/polyMeshGenChecks/polyMeshGenChecksGeometry.C at line 3004
    7 faces with severe warpage(flatness < 0.8) found.

--> FOAM Warning : 
    From bool Foam::Module::polyMeshGenChecks::checkCellPartTetrahedra(const Foam::Module::polyMeshGen&, bool, Foam::scalar, Foam::labelHashSet*, const Foam::boolList*)
    in file utilities/meshes/polyMeshGenChecks/polyMeshGenChecksGeometry.C at line 1582
    1 zero or negative part tetrahedra detected.
Iteration 3. Number of bad faces is 7
--> FOAM Warning : 
    From bool Foam::Module::polyMeshGenChecks::checkFaceFlatness(const Foam::Module::polyMeshGen&, bool, Foam::scalar, Foam::labelHashSet*, const Foam::boolList*)
    in file utilities/meshes/polyMeshGenChecks/polyMeshGenChecksGeometry.C at line 3004
    7 faces with severe warpage(flatness < 0.8) found.

--> FOAM Warning : 
    From bool Foam::Module::polyMeshGenChecks::checkCellPartTetrahedra(const Foam::Module::polyMeshGen&, bool, Foam::scalar, Foam::labelHashSet*, const Foam::boolList*)
    in file utilities/meshes/polyMeshGenChecks/polyMeshGenChecksGeometry.C at line 1582
    1 zero or negative part tetrahedra detected.
Iteration 4. Number of bad faces is 7
--> FOAM Warning : 
    From bool Foam::Module::polyMeshGenChecks::checkFaceFlatness(const Foam::Module::polyMeshGen&, bool, Foam::scalar, Foam::labelHashSet*, const Foam::boolList*)
    in file utilities/meshes/polyMeshGenChecks/polyMeshGenChecksGeometry.C at line 3004
    7 faces with severe warpage(flatness < 0.8) found.

--> FOAM Warning : 
    From bool Foam::Module::polyMeshGenChecks::checkCellPartTetrahedra(const Foam::Module::polyMeshGen&, bool, Foam::scalar, Foam::labelHashSet*, const Foam::boolList*)
    in file utilities/meshes/polyMeshGenChecks/polyMeshGenChecksGeometry.C at line 1582
    1 zero or negative part tetrahedra detected.
Iteration 5. Number of bad faces is 7
--> FOAM Warning : 
    From bool Foam::Module::polyMeshGenChecks::checkFaceFlatness(const Foam::Module::polyMeshGen&, bool, Foam::scalar, Foam::labelHashSet*, const Foam::boolList*)
    in file utilities/meshes/polyMeshGenChecks/polyMeshGenChecksGeometry.C at line 3004
    7 faces with severe warpage(flatness < 0.8) found.

--> FOAM Warning : 
    From bool Foam::Module::polyMeshGenChecks::checkCellPartTetrahedra(const Foam::Module::polyMeshGen&, bool, Foam::scalar, Foam::labelHashSet*, const Foam::boolList*)
    in file utilities/meshes/polyMeshGenChecks/polyMeshGenChecksGeometry.C at line 1582
    1 zero or negative part tetrahedra detected.
Iteration 6. Number of bad faces is 7
--> FOAM Warning : 
    From bool Foam::Module::polyMeshGenChecks::checkFaceFlatness(const Foam::Module::polyMeshGen&, bool, Foam::scalar, Foam::labelHashSet*, const Foam::boolList*)
    in file utilities/meshes/polyMeshGenChecks/polyMeshGenChecksGeometry.C at line 3004
    7 faces with severe warpage(flatness < 0.8) found.

--> FOAM Warning : 
    From bool Foam::Module::polyMeshGenChecks::checkCellPartTetrahedra(const Foam::Module::polyMeshGen&, bool, Foam::scalar, Foam::labelHashSet*, const Foam::boolList*)
    in file utilities/meshes/polyMeshGenChecks/polyMeshGenChecksGeometry.C at line 1582
    1 zero or negative part tetrahedra detected.
Iteration 1. Number of bad faces is 7
Iteration 2. Number of bad faces is 0
Finished untangling the mesh
Finished smoothing the mesh
Iteration 0. Number of bad faces is 0
Starting untangling the mesh
Iteration 0. Number of bad faces is 0
Finished untangling the mesh
--> FOAM Warning : 
    From void Foam::Module::refineBoundaryLayers::setGlobalThicknessRatio(Foam::scalar)
    in file utilities/boundaryLayers/refineBoundaryLayers/refineBoundaryLayers.C at line 147
    The specified global thickness ratio is less than 1.0
Starting refining boundary layers
Found 940309 boundary faces 
Found 0 corners at the surface of the volume mesh
Found 0 edge points at the surface of the volume mesh
Detecting layers
Analysing mesh for bnd layer existence
Generating hair edges
Finished with bnd layer detection
Resizing points!
Finished refining boundary - layer faces 
Number of newly generated cells 8462781
Resizing cells!
Resizing faces!
Finished generating new cells 
Finished refining boundary layers
Found 940309 boundary faces 
Found 0 corners at the surface of the volume mesh
Found 0 edge points at the surface of the volume mesh
--> FOAM Warning : 
    From bool Foam::Module::polyMeshGenChecks::checkFaceSkewness(const Foam::Module::polyMeshGen&, bool, Foam::scalar, Foam::labelHashSet*, const Foam::boolList*)
    in file utilities/meshes/polyMeshGenChecks/polyMeshGenChecksGeometry.C at line 2351
    Large face skewness detected.  Max skewness = 3.26451 Average skewness = 0.132363.
This may impair the quality of the result.
782 highly skew faces detected.
Iteration 0. Number of bad faces is 875
--> FOAM Warning : 
    From bool Foam::Module::polyMeshGenChecks::checkFaceSkewness(const Foam::Module::polyMeshGen&, bool, Foam::scalar, Foam::labelHashSet*, const Foam::boolList*)
    in file utilities/meshes/polyMeshGenChecks/polyMeshGenChecksGeometry.C at line 2351
    Large face skewness detected.  Max skewness = 3.26451 Average skewness = 0.00115536.
This may impair the quality of the result.
782 highly skew faces detected.
Iteration 1. Number of bad faces is 875
--> FOAM Warning : 
    From bool Foam::Module::polyMeshGenChecks::checkFaceSkewness(const Foam::Module::polyMeshGen&, bool, Foam::scalar, Foam::labelHashSet*, const Foam::boolList*)
    in file utilities/meshes/polyMeshGenChecks/polyMeshGenChecksGeometry.C at line 2351
    Large face skewness detected.  Max skewness = 3.26451 Average skewness = 0.00115536.
This may impair the quality of the result.
782 highly skew faces detected.
Iteration 2. Number of bad faces is 875
--> FOAM Warning : 
    From bool Foam::Module::polyMeshGenChecks::checkFaceSkewness(const Foam::Module::polyMeshGen&, bool, Foam::scalar, Foam::labelHashSet*, const Foam::boolList*)
    in file utilities/meshes/polyMeshGenChecks/polyMeshGenChecksGeometry.C at line 2351
    Large face skewness detected.  Max skewness = 3.26451 Average skewness = 0.00115536.
This may impair the quality of the result.
782 highly skew faces detected.
Iteration 3. Number of bad faces is 875
--> FOAM Warning : 
    From bool Foam::Module::polyMeshGenChecks::checkFaceSkewness(const Foam::Module::polyMeshGen&, bool, Foam::scalar, Foam::labelHashSet*, const Foam::boolList*)
    in file utilities/meshes/polyMeshGenChecks/polyMeshGenChecksGeometry.C at line 2351
    Large face skewness detected.  Max skewness = 3.26451 Average skewness = 0.00115536.
This may impair the quality of the result.
782 highly skew faces detected.
Iteration 4. Number of bad faces is 875
--> FOAM Warning : 
    From bool Foam::Module::polyMeshGenChecks::checkFaceSkewness(const Foam::Module::polyMeshGen&, bool, Foam::scalar, Foam::labelHashSet*, const Foam::boolList*)
    in file utilities/meshes/polyMeshGenChecks/polyMeshGenChecksGeometry.C at line 2351
    Large face skewness detected.  Max skewness = 3.26451 Average skewness = 0.00115536.
This may impair the quality of the result.
782 highly skew faces detected.
Iteration 5. Number of bad faces is 875
--> FOAM Warning : 
    From bool Foam::Module::polyMeshGenChecks::checkFaceSkewness(const Foam::Module::polyMeshGen&, bool, Foam::scalar, Foam::labelHashSet*, const Foam::boolList*)
    in file utilities/meshes/polyMeshGenChecks/polyMeshGenChecksGeometry.C at line 2351
    Large face skewness detected.  Max skewness = 3.26451 Average skewness = 0.00115536.
This may impair the quality of the result.
782 highly skew faces detected.
Iteration 6. Number of bad faces is 875
--> FOAM Warning : 
    From bool Foam::Module::polyMeshGenChecks::checkFaceSkewness(const Foam::Module::polyMeshGen&, bool, Foam::scalar, Foam::labelHashSet*, const Foam::boolList*)
    in file utilities/meshes/polyMeshGenChecks/polyMeshGenChecksGeometry.C at line 2351
    Large face skewness detected.  Max skewness = 3.26451 Average skewness = 0.00115536.
This may impair the quality of the result.
782 highly skew faces detected.
Iteration 7. Number of bad faces is 875
--> FOAM Warning : 
    From bool Foam::Module::polyMeshGenChecks::checkFaceSkewness(const Foam::Module::polyMeshGen&, bool, Foam::scalar, Foam::labelHashSet*, const Foam::boolList*)
    in file utilities/meshes/polyMeshGenChecks/polyMeshGenChecksGeometry.C at line 2351
    Large face skewness detected.  Max skewness = 3.26451 Average skewness = 0.00115536.
This may impair the quality of the result.
782 highly skew faces detected.
Iteration 8. Number of bad faces is 875
--> FOAM Warning : 
    From bool Foam::Module::polyMeshGenChecks::checkFaceSkewness(const Foam::Module::polyMeshGen&, bool, Foam::scalar, Foam::labelHashSet*, const Foam::boolList*)
    in file utilities/meshes/polyMeshGenChecks/polyMeshGenChecksGeometry.C at line 2351
    Large face skewness detected.  Max skewness = 3.26451 Average skewness = 0.00115536.
This may impair the quality of the result.
782 highly skew faces detected.
Iteration 9. Number of bad faces is 875
Starting untangling the mesh
--> FOAM Warning : 
    From bool Foam::Module::polyMeshGenChecks::checkFacePyramids(const Foam::Module::polyMeshGen&, bool, Foam::scalar, Foam::labelHashSet*, const Foam::boolList*)
    in file utilities/meshes/polyMeshGenChecks/polyMeshGenChecksGeometry.C at line 2103
    Error in face pyramids: 70 faces pointing the wrong way!
Iteration 0. Number of bad faces is 70
--> FOAM Warning : 
    From bool Foam::Module::polyMeshGenChecks::checkFacePyramids(const Foam::Module::polyMeshGen&, bool, Foam::scalar, Foam::labelHashSet*, const Foam::boolList*)
    in file utilities/meshes/polyMeshGenChecks/polyMeshGenChecksGeometry.C at line 2103
    Error in face pyramids: 13 faces pointing the wrong way!
Iteration 1. Number of bad faces is 13
--> FOAM Warning : 
    From bool Foam::Module::polyMeshGenChecks::checkFacePyramids(const Foam::Module::polyMeshGen&, bool, Foam::scalar, Foam::labelHashSet*, const Foam::boolList*)
    in file utilities/meshes/polyMeshGenChecks/polyMeshGenChecksGeometry.C at line 2103
    Error in face pyramids: 13 faces pointing the wrong way!
Iteration 2. Number of bad faces is 13
--> FOAM Warning : 
    From bool Foam::Module::polyMeshGenChecks::checkFacePyramids(const Foam::Module::polyMeshGen&, bool, Foam::scalar, Foam::labelHashSet*, const Foam::boolList*)
    in file utilities/meshes/polyMeshGenChecks/polyMeshGenChecksGeometry.C at line 2103
    Error in face pyramids: 9 faces pointing the wrong way!
Iteration 3. Number of bad faces is 9
--> FOAM Warning : 
    From bool Foam::Module::polyMeshGenChecks::checkFacePyramids(const Foam::Module::polyMeshGen&, bool, Foam::scalar, Foam::labelHashSet*, const Foam::boolList*)
    in file utilities/meshes/polyMeshGenChecks/polyMeshGenChecksGeometry.C at line 2103
    Error in face pyramids: 8 faces pointing the wrong way!
Iteration 4. Number of bad faces is 8
--> FOAM Warning : 
    From bool Foam::Module::polyMeshGenChecks::checkFacePyramids(const Foam::Module::polyMeshGen&, bool, Foam::scalar, Foam::labelHashSet*, const Foam::boolList*)
    in file utilities/meshes/polyMeshGenChecks/polyMeshGenChecksGeometry.C at line 2103
    Error in face pyramids: 6 faces pointing the wrong way!
Iteration 5. Number of bad faces is 6
--> FOAM Warning : 
    From bool Foam::Module::polyMeshGenChecks::checkFacePyramids(const Foam::Module::polyMeshGen&, bool, Foam::scalar, Foam::labelHashSet*, const Foam::boolList*)
    in file utilities/meshes/polyMeshGenChecks/polyMeshGenChecksGeometry.C at line 2103
    Error in face pyramids: 10 faces pointing the wrong way!
Iteration 6. Number of bad faces is 10
--> FOAM Warning : 
    From bool Foam::Module::polyMeshGenChecks::checkFacePyramids(const Foam::Module::polyMeshGen&, bool, Foam::scalar, Foam::labelHashSet*, const Foam::boolList*)
    in file utilities/meshes/polyMeshGenChecks/polyMeshGenChecksGeometry.C at line 2103
    Error in face pyramids: 2 faces pointing the wrong way!
Iteration 7. Number of bad faces is 2
--> FOAM Warning : 
    From bool Foam::Module::polyMeshGenChecks::checkFacePyramids(const Foam::Module::polyMeshGen&, bool, Foam::scalar, Foam::labelHashSet*, const Foam::boolList*)
    in file utilities/meshes/polyMeshGenChecks/polyMeshGenChecksGeometry.C at line 2103
    Error in face pyramids: 4 faces pointing the wrong way!
Iteration 8. Number of bad faces is 4
--> FOAM Warning : 
    From bool Foam::Module::polyMeshGenChecks::checkFacePyramids(const Foam::Module::polyMeshGen&, bool, Foam::scalar, Foam::labelHashSet*, const Foam::boolList*)
    in file utilities/meshes/polyMeshGenChecks/polyMeshGenChecksGeometry.C at line 2103
    Error in face pyramids: 4 faces pointing the wrong way!
Iteration 9. Number of bad faces is 4
--> FOAM Warning : 
    From bool Foam::Module::polyMeshGenChecks::checkFacePyramids(const Foam::Module::polyMeshGen&, bool, Foam::scalar, Foam::labelHashSet*, const Foam::boolList*)
    in file utilities/meshes/polyMeshGenChecks/polyMeshGenChecksGeometry.C at line 2103
    Error in face pyramids: 3 faces pointing the wrong way!
Iteration 10. Number of bad faces is 3
--> FOAM Warning : 
    From bool Foam::Module::polyMeshGenChecks::checkFacePyramids(const Foam::Module::polyMeshGen&, bool, Foam::scalar, Foam::labelHashSet*, const Foam::boolList*)
    in file utilities/meshes/polyMeshGenChecks/polyMeshGenChecksGeometry.C at line 2103
    Error in face pyramids: 4 faces pointing the wrong way!
Iteration 11. Number of bad faces is 4
--> FOAM Warning : 
    From bool Foam::Module::polyMeshGenChecks::checkFacePyramids(const Foam::Module::polyMeshGen&, bool, Foam::scalar, Foam::labelHashSet*, const Foam::boolList*)
    in file utilities/meshes/polyMeshGenChecks/polyMeshGenChecksGeometry.C at line 2103
    Error in face pyramids: 2 faces pointing the wrong way!
Iteration 12. Number of bad faces is 2
--> FOAM Warning : 
    From bool Foam::Module::polyMeshGenChecks::checkFacePyramids(const Foam::Module::polyMeshGen&, bool, Foam::scalar, Foam::labelHashSet*, const Foam::boolList*)
    in file utilities/meshes/polyMeshGenChecks/polyMeshGenChecksGeometry.C at line 2103
    Error in face pyramids: 1 faces pointing the wrong way!
Iteration 1. Number of bad faces is 1
--> FOAM Warning : 
    From bool Foam::Module::polyMeshGenChecks::checkFacePyramids(const Foam::Module::polyMeshGen&, bool, Foam::scalar, Foam::labelHashSet*, const Foam::boolList*)
    in file utilities/meshes/polyMeshGenChecks/polyMeshGenChecksGeometry.C at line 2103
    Error in face pyramids: 1 faces pointing the wrong way!
Iteration 0. Number of bad faces is 1
Iteration 1. Number of bad faces is 0
Finished untangling the mesh
Renumbering the mesh
Finished renumbering the mesh
ExecutionTime = 1021.25 s  ClockTime = 230 s

End

